10:16:13 | INFO  | ======================================================================
10:16:13 | INFO  | ETL PIPELINE START
10:16:13 | INFO  | ======================================================================
10:16:13 | INFO  | 
📋 PIPELINE PLAN:
10:16:13 | INFO  |    HTML Files: 47 new / 47 total
10:16:13 | INFO  |    Master needs propagation: False
10:16:13 | INFO  | 
======================================================================
10:16:13 | INFO  | STAGE 1: HTML PARSING
10:16:13 | INFO  | ======================================================================
10:16:13 | INFO  | 
Processing: JULY 23, 2026.html
10:16:13 | INFO  |   ✅ Saved: RR_07-23-2026.csv (38 rows)
10:16:13 | INFO  | 
Processing: AUGUST 4, 2026.html
10:16:13 | INFO  |   ✅ Saved: RR_08-04-2026.csv (37 rows)
10:16:13 | INFO  | 
Processing: JUNE 8, 2026.html
10:16:13 | INFO  |   ✅ Saved: RR_06-08-2026.csv (37 rows)
10:16:13 | INFO  | 
Processing: JULY 15, 2026.html
10:16:13 | INFO  |   ✅ Saved: RR_07-15-2026.csv (37 rows)
10:16:13 | INFO  | 
Processing: AUGUST 7, 2026.html
10:16:13 | INFO  |   ✅ Saved: RR_08-07-2026.csv (37 rows)
10:16:13 | INFO  | 
Processing: JUNE 22, 2026.html
10:16:13 | INFO  |   ✅ Saved: RR_06-22-2026.csv (37 rows)
10:16:13 | INFO  | 
Processing: JUNE 10, 2026.html
10:16:13 | INFO  |   ✅ Saved: RR_06-10-2026.csv (36 rows)
10:16:13 | INFO  | 
Processing: JULY 30, 2026.html
10:16:13 | INFO  |   ✅ Saved: RR_07-30-2026.csv (38 rows)
10:16:13 | INFO  | 
Processing: JULY 28, 2026.html
10:16:13 | INFO  |   ✅ Saved: RR_07-28-2026.csv (38 rows)
10:16:13 | INFO  | 
Processing: JULY 17, 2026.html
10:16:13 | INFO  |   ✅ Saved: RR_07-17-2026.csv (38 rows)
10:16:13 | INFO  | 
Processing: JULY 14, 2026.html
10:16:13 | INFO  |   ✅ Saved: RR_07-14-2026.csv (37 rows)
10:16:13 | INFO  | 
Processing: JUNE 23, 2026.html
10:16:14 | INFO  |   ✅ Saved: RR_06-23-2026.csv (37 rows)
10:16:14 | INFO  | 
Processing: JULY 21, 2026.html
10:16:14 | INFO  |   ✅ Saved: RR_07-21-2026.csv (38 rows)
10:16:14 | INFO  | 
Processing: JULY 29, 2026.html
10:16:14 | INFO  |   ✅ Saved: RR_07-29-2026.csv (38 rows)
10:16:14 | INFO  | 
Processing: JULY 7, 2026.html
10:16:14 | INFO  |   ✅ Saved: RR_07-07-2026.csv (37 rows)
10:16:14 | INFO  | 
Processing: JUNE 9, 2026.html
10:16:14 | INFO  |   ✅ Saved: RR_06-09-2026.csv (36 rows)
10:16:14 | INFO  | 
Processing: JULY 20, 2026.html
10:16:14 | INFO  |   ✅ Saved: RR_07-20-2026.csv (38 rows)
10:16:14 | INFO  | 
Processing: AUGUST 6, 2026.html
10:16:14 | INFO  |   ✅ Saved: RR_08-06-2026.csv (37 rows)
10:16:14 | INFO  | 
Processing: JULY 2, 2026.html
10:16:14 | INFO  |   ✅ Saved: RR_07-02-2026.csv (38 rows)
10:16:14 | INFO  | 
Processing: JUNE 5, 2026.html
10:16:14 | INFO  |   ✅ Saved: RR_06-05-2026.csv (37 rows)
10:16:14 | INFO  | 
Processing: JULY 22, 2026.html
10:16:14 | INFO  |   ✅ Saved: RR_07-22-2026.csv (38 rows)
10:16:14 | INFO  | 
Processing: JUNE 11, 2026.html
10:16:14 | INFO  |   ✅ Saved: RR_06-11-2026.csv (36 rows)
10:16:14 | INFO  | 
Processing: AUGUST 3, 2026.html
10:16:14 | INFO  |   ✅ Saved: RR_08-03-2026.csv (37 rows)
10:16:14 | INFO  | 
Processing: JULY 10, 2026.html
10:16:14 | INFO  |   ✅ Saved: RR_07-10-2026.csv (37 rows)
10:16:14 | INFO  | 
Processing: JULY 9, 2026.html
10:16:15 | INFO  |   ✅ Saved: RR_07-09-2026.csv (37 rows)
10:16:15 | INFO  | 
Processing: JUNE 4, 2026.html
10:16:15 | INFO  |   ✅ Saved: RR_06-04-2026.csv (37 rows)
10:16:15 | INFO  | 
Processing: JUNE 15, 2026.html
10:16:15 | INFO  |   ✅ Saved: RR_06-15-2026.csv (36 rows)
10:16:15 | INFO  | 
Processing: JULY 27, 2026.html
10:16:15 | INFO  |   ✅ Saved: RR_07-27-2026.csv (38 rows)
10:16:15 | INFO  | 
Processing: JUNE 16, 2026.html
10:16:15 | INFO  |   ✅ Saved: RR_06-16-2026.csv (36 rows)
10:16:15 | INFO  | 
Processing: JUNE 29, 2026.html
10:16:15 | INFO  |   ✅ Saved: RR_06-29-2026.csv (38 rows)
10:16:15 | INFO  | 
Processing: JULY 31, 2026.html
10:16:15 | INFO  |   ✅ Saved: RR_07-31-2026.csv (37 rows)
10:16:15 | INFO  | 
Processing: JUNE 12, 2026.html
10:16:15 | INFO  |   ✅ Saved: RR_06-12-2026.csv (36 rows)
10:16:15 | INFO  | 
Processing: JULY 24, 2026.html
10:16:15 | INFO  |   ✅ Saved: RR_07-24-2026.csv (38 rows)
10:16:15 | INFO  | 
Processing: JUNE 30, 2026.html
10:16:15 | INFO  |   ✅ Saved: RR_06-30-2026.csv (38 rows)
10:16:15 | INFO  | 
Processing: JULY 16, 2026.html
10:16:15 | INFO  |   ✅ Saved: RR_07-16-2026.csv (37 rows)
10:16:15 | INFO  | 
Processing: JULY 6, 2026.html
10:16:15 | INFO  |   ✅ Saved: RR_07-06-2026.csv (37 rows)
10:16:15 | INFO  | 
Processing: JUNE 24, 2026.html
10:16:16 | INFO  |   ✅ Saved: RR_06-24-2026.csv (37 rows)
10:16:16 | INFO  | 
Processing: JUNE 17, 2026.html
10:16:16 | INFO  |   ✅ Saved: RR_06-17-2026.csv (36 rows)
10:16:16 | INFO  | 
Processing: AUGUST 5, 2026.html
10:16:16 | INFO  |   ✅ Saved: RR_08-05-2026.csv (37 rows)
10:16:16 | INFO  | 
Processing: JULY 13, 2026.html
10:16:16 | INFO  |   ✅ Saved: RR_07-13-2026.csv (37 rows)
10:16:16 | INFO  | 
Processing: AUGUST 10, 2026.html
10:16:16 | INFO  |   ✅ Saved: RR_08-10-2026.csv (37 rows)
10:16:16 | INFO  | 
Processing: JUNE 26, 2026.html
10:16:16 | INFO  |   ✅ Saved: RR_06-26-2026.csv (38 rows)
10:16:16 | INFO  | 
Processing: JUNE 18, 2026.html
10:16:16 | INFO  |   ✅ Saved: RR_06-18-2026.csv (37 rows)
10:16:16 | INFO  | 
Processing: JUNE 25, 2026.html
10:16:16 | INFO  |   ✅ Saved: RR_06-25-2026.csv (38 rows)
10:16:16 | INFO  | 
Processing: JULY 8, 2026.html
10:16:16 | INFO  |   ✅ Saved: RR_07-08-2026.csv (37 rows)
10:16:16 | INFO  | 
Processing: JULY 1, 2026.html
10:16:16 | INFO  |   ✅ Saved: RR_07-01-2026.csv (38 rows)
10:16:16 | INFO  | 
Processing: AUGUST 11, 2026.html
10:16:16 | INFO  |   ✅ Saved: RR_08-11-2026.csv (37 rows)
10:16:16 | INFO  | 
✅ HTML parsing complete: 47 success, 0 errors
10:16:16 | INFO  | 
======================================================================
10:16:16 | INFO  | STAGE 2: MASTER AGGREGATION
10:16:16 | INFO  | ======================================================================
10:16:16 | INFO  | ✅ Backed up master to: risk_ranges_master_backup_20260811_101616.csv
10:16:16 | INFO  | Loaded existing master: 74,690 rows
10:16:16 | INFO  |   Loaded: RR_07-23-2026.csv (38 rows)
10:16:16 | INFO  |   Loaded: RR_08-04-2026.csv (37 rows)
10:16:16 | INFO  |   Loaded: RR_06-08-2026.csv (37 rows)
10:16:16 | INFO  |   Loaded: RR_07-15-2026.csv (37 rows)
10:16:16 | INFO  |   Loaded: RR_08-07-2026.csv (37 rows)
10:16:16 | INFO  |   Loaded: RR_06-22-2026.csv (37 rows)
10:16:16 | INFO  |   Loaded: RR_06-10-2026.csv (36 rows)
10:16:16 | INFO  |   Loaded: RR_07-30-2026.csv (38 rows)
10:16:16 | INFO  |   Loaded: RR_07-28-2026.csv (38 rows)
10:16:16 | INFO  |   Loaded: RR_07-17-2026.csv (38 rows)
10:16:16 | INFO  |   Loaded: RR_07-14-2026.csv (37 rows)
10:16:16 | INFO  |   Loaded: RR_06-23-2026.csv (37 rows)
10:16:16 | INFO  |   Loaded: RR_07-21-2026.csv (38 rows)
10:16:16 | INFO  |   Loaded: RR_07-29-2026.csv (38 rows)
10:16:16 | INFO  |   Loaded: RR_07-07-2026.csv (37 rows)
10:16:16 | INFO  |   Loaded: RR_06-09-2026.csv (36 rows)
10:16:16 | INFO  |   Loaded: RR_07-20-2026.csv (38 rows)
10:16:16 | INFO  |   Loaded: RR_08-06-2026.csv (37 rows)
10:16:16 | INFO  |   Loaded: RR_07-02-2026.csv (38 rows)
10:16:16 | INFO  |   Loaded: RR_06-05-2026.csv (37 rows)
10:16:16 | INFO  |   Loaded: RR_07-22-2026.csv (38 rows)
10:16:16 | INFO  |   Loaded: RR_06-11-2026.csv (36 rows)
10:16:16 | INFO  |   Loaded: RR_08-03-2026.csv (37 rows)
10:16:16 | INFO  |   Loaded: RR_07-10-2026.csv (37 rows)
10:16:16 | INFO  |   Loaded: RR_07-09-2026.csv (37 rows)
10:16:16 | INFO  |   Loaded: RR_06-04-2026.csv (37 rows)
10:16:16 | INFO  |   Loaded: RR_06-15-2026.csv (36 rows)
10:16:16 | INFO  |   Loaded: RR_07-27-2026.csv (38 rows)
10:16:16 | INFO  |   Loaded: RR_06-16-2026.csv (36 rows)
10:16:16 | INFO  |   Loaded: RR_06-29-2026.csv (38 rows)
10:16:16 | INFO  |   Loaded: RR_07-31-2026.csv (37 rows)
10:16:16 | INFO  |   Loaded: RR_06-12-2026.csv (36 rows)
10:16:16 | INFO  |   Loaded: RR_07-24-2026.csv (38 rows)
10:16:16 | INFO  |   Loaded: RR_06-30-2026.csv (38 rows)
10:16:16 | INFO  |   Loaded: RR_07-16-2026.csv (37 rows)
10:16:16 | INFO  |   Loaded: RR_07-06-2026.csv (37 rows)
10:16:16 | INFO  |   Loaded: RR_06-24-2026.csv (37 rows)
10:16:16 | INFO  |   Loaded: RR_06-17-2026.csv (36 rows)
10:16:16 | INFO  |   Loaded: RR_08-05-2026.csv (37 rows)
10:16:16 | INFO  |   Loaded: RR_07-13-2026.csv (37 rows)
10:16:16 | INFO  |   Loaded: RR_08-10-2026.csv (37 rows)
10:16:16 | INFO  |   Loaded: RR_06-26-2026.csv (38 rows)
10:16:16 | INFO  |   Loaded: RR_06-18-2026.csv (37 rows)
10:16:16 | INFO  |   Loaded: RR_06-25-2026.csv (38 rows)
10:16:16 | INFO  |   Loaded: RR_07-08-2026.csv (37 rows)
10:16:16 | INFO  |   Loaded: RR_07-01-2026.csv (38 rows)
10:16:16 | INFO  |   Loaded: RR_08-11-2026.csv (37 rows)
10:16:16 | INFO  | Combined new data: 1748 rows
10:16:16 | INFO  | Removed 1748 duplicate entries
10:16:17 | INFO  | ✅ Saved master CSV: 74,690 total rows
10:16:17 | INFO  |    Date range: 2017-01-03 to 2026-08-11
10:16:17 | INFO  | 
======================================================================
10:16:17 | INFO  | STAGE 3: TICKER SUBSETTING
10:16:17 | INFO  | ======================================================================
10:16:17 | INFO  | Loaded master: 74,690 rows
10:16:17 | INFO  | Creating subsets for 9 tickers
10:16:17 | INFO  |   ✅ UST10Y: 2386 rows | 2017-01-03 to 2026-08-11
10:16:17 | INFO  |   ✅ SPX: 2386 rows | 2017-01-03 to 2026-08-11
10:16:17 | INFO  |   ✅ COMPQ: 2386 rows | 2017-01-03 to 2026-08-11
10:16:17 | INFO  |   ✅ RUT: 2385 rows | 2017-01-03 to 2026-08-11
10:16:17 | INFO  |   ✅ VIX: 2386 rows | 2017-01-03 to 2026-08-11
10:16:17 | INFO  |   ✅ USD: 2386 rows | 2017-01-03 to 2026-08-11
10:16:17 | INFO  |   ✅ GOLD: 2384 rows | 2017-01-03 to 2026-08-11
10:16:17 | INFO  |   ✅ AAPL: 2384 rows | 2017-01-03 to 2026-08-11
10:16:17 | INFO  |   ✅ BITCOIN: 755 rows | 2023-08-01 to 2026-08-11
10:16:17 | INFO  | ✅ Ticker subsetting complete
10:16:17 | INFO  | 
======================================================================
10:16:17 | INFO  | STAGE 4: ENRICHMENT
10:16:17 | INFO  | ======================================================================
10:16:17 | INFO  | Enriching 9 tickers
10:16:17 | INFO  | 
──────────────────────────────────────────────────────────────────────
10:16:17 | INFO  | Enriching: SPX
10:16:17 | INFO  | ──────────────────────────────────────────────────────────────────────
10:16:17 | INFO  |   Loaded 2386 rows from SPX.csv
10:16:17 | INFO  |   Yahoo ticker: ^GSPC
10:16:17 | INFO  |   OHLC prefix: GSPC
10:16:17 | INFO  |   Vol prefix: VIX
10:16:17 | INFO  |   Downloading ^GSPC OHLC...
10:16:17 | INFO  |     Downloaded 2414 days (2017-01-03 to 2026-08-11)
10:16:17 | INFO  |   Downloading ^VIX volatility...
10:16:17 | INFO  |     Downloaded 2415 days (2017-01-03 to 2026-08-11)
10:16:17 | WARNING |   ⚠️  28 trading days missing from original CSV
10:16:17 | INFO  |   ✓ Enrichment complete: 2414 rows
10:16:17 | INFO  |   ✅ Saved: SPX_enriched.csv (2414 rows)
10:16:17 | WARNING |   ⚠️  28 rows need manual update
10:16:17 | INFO  | 
──────────────────────────────────────────────────────────────────────
10:16:17 | INFO  | Enriching: GOLD
10:16:17 | INFO  | ──────────────────────────────────────────────────────────────────────
10:16:17 | INFO  |   Loaded 2384 rows from GOLD.csv
10:16:17 | INFO  |   Yahoo ticker: GC=F
10:16:17 | INFO  |   OHLC prefix: GC
10:16:17 | INFO  |   Vol prefix: GVZ
10:16:17 | INFO  |   Downloading GC=F OHLC...
10:16:18 | INFO  |     Downloaded 2415 days (2017-01-03 to 2026-08-11)
10:16:18 | INFO  |   Downloading ^GVZ volatility...
10:16:18 | INFO  |     Downloaded 2414 days (2017-01-03 to 2026-08-11)
10:16:18 | WARNING |   ⚠️  32 trading days missing from original CSV
10:16:18 | INFO  |   ✓ Enrichment complete: 2415 rows
10:16:18 | INFO  |   ✅ Saved: GOLD_enriched.csv (2415 rows)
10:16:18 | WARNING |   ⚠️  32 rows need manual update
10:16:18 | INFO  | 
──────────────────────────────────────────────────────────────────────
10:16:18 | INFO  | Enriching: UST10Y
10:16:18 | INFO  | ──────────────────────────────────────────────────────────────────────
10:16:18 | INFO  |   Loaded 2386 rows from UST10Y.csv
10:16:18 | INFO  |   Yahoo ticker: ^TNX
10:16:18 | INFO  |   OHLC prefix: TNX
10:16:18 | INFO  |   Vol prefix: VIX
10:16:18 | INFO  |   Downloading ^TNX OHLC...
10:16:18 | INFO  |     Downloaded 2414 days (2017-01-03 to 2026-08-11)
10:16:18 | INFO  |   Downloading ^VIX volatility...
10:16:18 | INFO  |     Downloaded 2415 days (2017-01-03 to 2026-08-11)
10:16:18 | WARNING |   ⚠️  28 trading days missing from original CSV
10:16:18 | INFO  |   ✓ Enrichment complete: 2414 rows
10:16:18 | INFO  |   ✅ Saved: UST10Y_enriched.csv (2414 rows)
10:16:18 | WARNING |   ⚠️  28 rows need manual update
10:16:18 | INFO  | 
──────────────────────────────────────────────────────────────────────
10:16:18 | INFO  | Enriching: COMPQ
10:16:18 | INFO  | ──────────────────────────────────────────────────────────────────────
10:16:18 | INFO  |   Loaded 2386 rows from COMPQ.csv
10:16:18 | INFO  |   Yahoo ticker: ^IXIC
10:16:18 | INFO  |   OHLC prefix: IXIC
10:16:18 | INFO  |   Vol prefix: VIX
10:16:18 | INFO  |   Downloading ^IXIC OHLC...
10:16:19 | INFO  |     Downloaded 2414 days (2017-01-03 to 2026-08-11)
10:16:19 | INFO  |   Downloading ^VIX volatility...
10:16:19 | INFO  |     Downloaded 2415 days (2017-01-03 to 2026-08-11)
10:16:19 | WARNING |   ⚠️  28 trading days missing from original CSV
10:16:19 | INFO  |   ✓ Enrichment complete: 2414 rows
10:16:19 | INFO  |   ✅ Saved: COMPQ_enriched.csv (2414 rows)
10:16:19 | WARNING |   ⚠️  28 rows need manual update
10:16:19 | INFO  | 
──────────────────────────────────────────────────────────────────────
10:16:19 | INFO  | Enriching: RUT
10:16:19 | INFO  | ──────────────────────────────────────────────────────────────────────
10:16:19 | INFO  |   Loaded 2385 rows from RUT.csv
10:16:19 | INFO  |   Yahoo ticker: ^RUT
10:16:19 | INFO  |   OHLC prefix: RUT
10:16:19 | INFO  |   Vol prefix: VIX
10:16:19 | INFO  |   Downloading ^RUT OHLC...
10:16:19 | INFO  |     Downloaded 2414 days (2017-01-03 to 2026-08-11)
10:16:19 | INFO  |   Downloading ^VIX volatility...
10:16:19 | INFO  |     Downloaded 2415 days (2017-01-03 to 2026-08-11)
10:16:19 | WARNING |   ⚠️  29 trading days missing from original CSV
10:16:19 | INFO  |   ✓ Enrichment complete: 2414 rows
10:16:19 | INFO  |   ✅ Saved: RUT_enriched.csv (2414 rows)
10:16:19 | WARNING |   ⚠️  29 rows need manual update
10:16:19 | INFO  | 
──────────────────────────────────────────────────────────────────────
10:16:19 | INFO  | Enriching: VIX
10:16:19 | INFO  | ──────────────────────────────────────────────────────────────────────
10:16:19 | INFO  |   Loaded 2386 rows from VIX.csv
10:16:19 | INFO  |   Yahoo ticker: ^VIX
10:16:19 | INFO  |   OHLC prefix: VIX
10:16:19 | INFO  |   Vol prefix: VIXI
10:16:19 | INFO  |   Downloading ^VIX OHLC...
10:16:19 | INFO  |     Downloaded 2415 days (2017-01-03 to 2026-08-11)
10:16:19 | INFO  |   Downloading ^VIX volatility...
10:16:19 | INFO  |     Downloaded 2415 days (2017-01-03 to 2026-08-11)
10:16:19 | WARNING |   ⚠️  29 trading days missing from original CSV
10:16:19 | INFO  |   ✓ Enrichment complete: 2415 rows
10:16:19 | INFO  |   ✅ Saved: VIX_enriched.csv (2415 rows)
10:16:19 | WARNING |   ⚠️  29 rows need manual update
10:16:19 | INFO  | 
──────────────────────────────────────────────────────────────────────
10:16:19 | INFO  | Enriching: USD
10:16:19 | INFO  | ──────────────────────────────────────────────────────────────────────
10:16:19 | INFO  |   Loaded 2386 rows from USD.csv
10:16:19 | INFO  |   Yahoo ticker: DX-Y.NYB
10:16:19 | INFO  |   OHLC prefix: DX
10:16:19 | INFO  |   Vol prefix: VIX
10:16:19 | INFO  |   Downloading DX-Y.NYB OHLC...
10:16:20 | INFO  |     Downloaded 2416 days (2017-01-03 to 2026-08-11)
10:16:20 | INFO  |   Downloading ^VIX volatility...
10:16:20 | INFO  |     Downloaded 2415 days (2017-01-03 to 2026-08-11)
10:16:20 | WARNING |   ⚠️  30 trading days missing from original CSV
10:16:20 | INFO  |   ✓ Enrichment complete: 2416 rows
10:16:20 | INFO  |   ✅ Saved: USD_enriched.csv (2416 rows)
10:16:20 | WARNING |   ⚠️  30 rows need manual update
10:16:20 | INFO  | 
──────────────────────────────────────────────────────────────────────
10:16:20 | INFO  | Enriching: AAPL
10:16:20 | INFO  | ──────────────────────────────────────────────────────────────────────
10:16:20 | INFO  |   Loaded 2384 rows from AAPL.csv
10:16:20 | INFO  |   Yahoo ticker: AAPL
10:16:20 | INFO  |   OHLC prefix: AAPL
10:16:20 | INFO  |   Vol prefix: VIX
10:16:20 | INFO  |   Downloading AAPL OHLC...
10:16:20 | INFO  |     Downloaded 2414 days (2017-01-03 to 2026-08-11)
10:16:20 | INFO  |   Downloading ^VIX volatility...
10:16:21 | INFO  |     Downloaded 2415 days (2017-01-03 to 2026-08-11)
10:16:21 | WARNING |   ⚠️  30 trading days missing from original CSV
10:16:21 | INFO  |   ✓ Enrichment complete: 2414 rows
10:16:21 | INFO  |   ✅ Saved: AAPL_enriched.csv (2414 rows)
10:16:21 | WARNING |   ⚠️  30 rows need manual update
10:16:21 | INFO  | 
──────────────────────────────────────────────────────────────────────
10:16:21 | INFO  | Enriching: BITCOIN
10:16:21 | INFO  | ──────────────────────────────────────────────────────────────────────
10:16:21 | INFO  |   Loaded 755 rows from BITCOIN.csv
10:16:21 | INFO  |   ⚠️  Row count changed (3509 → 755) - re-enriching
10:16:21 | INFO  |   Yahoo ticker: BTC-USD
10:16:21 | INFO  |   OHLC prefix: BTC
10:16:21 | INFO  |   Vol prefix: VIX
10:16:21 | INFO  |   Downloading BTC-USD OHLC...
10:16:21 | INFO  |     Downloaded 3509 days (2017-01-02 to 2026-08-11)
10:16:21 | INFO  |   Downloading ^VIX volatility...
10:16:21 | INFO  |     Downloaded 2415 days (2017-01-03 to 2026-08-11)
10:16:21 | WARNING |   ⚠️  2754 trading days missing from original CSV
10:16:21 | INFO  |   ✓ Enrichment complete: 3509 rows
10:16:21 | INFO  |   ✅ Saved: BITCOIN_enriched.csv (3509 rows)
10:16:21 | WARNING |   ⚠️  2754 rows need manual update
10:16:21 | INFO  | 
======================================================================
10:16:21 | INFO  | ✅ Enrichment complete:
10:16:21 | INFO  |    Success: 9
10:16:21 | INFO  |    Skipped (up-to-date): 0
10:16:21 | INFO  |    Errors:  0
10:16:21 | INFO  | ======================================================================
10:16:21 | INFO  | 
======================================================================
10:16:21 | INFO  | ✅ PIPELINE COMPLETE
10:16:21 | INFO  | ======================================================================
