11:39:28 | INFO  | ======================================================================
11:39:28 | INFO  | ETL PIPELINE START
11:39:28 | INFO  | ======================================================================
11:39:28 | INFO  | 
📋 PIPELINE PLAN:
11:39:28 | INFO  |    HTML Files: 27 new / 27 total
11:39:28 | INFO  |    Master needs propagation: False
11:39:28 | INFO  | 
======================================================================
11:39:28 | INFO  | STAGE 1: HTML PARSING
11:39:28 | INFO  | ======================================================================
11:39:28 | INFO  | 
Processing: SEPTEMBER 03, 2026.html
11:39:29 | INFO  |   ✅ Saved: RR_09-03-2026.csv (36 rows)
11:39:29 | INFO  | 
Processing: AUGUST 20, 2026.html
11:39:29 | INFO  |   ✅ Saved: RR_08-20-2026.csv (37 rows)
11:39:29 | INFO  | 
Processing: SEPTEMBER 9, 2026.html
11:39:29 | INFO  |   ✅ Saved: RR_09-09-2026.csv (37 rows)
11:39:29 | INFO  | 
Processing: AUGUST 25, 2026.html
11:39:29 | INFO  |   ✅ Saved: RR_08-25-2026.csv (37 rows)
11:39:29 | INFO  | 
Processing: SEPTEMBER 02, 2026.html
11:39:29 | INFO  |   ✅ Saved: RR_09-02-2026.csv (37 rows)
11:39:29 | INFO  | 
Processing: AUGUST 6, 2026.html
11:39:29 | INFO  |   ✅ Saved: RR_08-06-2026.csv (37 rows)
11:39:29 | INFO  | 
Processing: AUGUST 17, 2026.html
11:39:29 | INFO  |   ✅ Saved: RR_08-17-2026.csv (37 rows)
11:39:29 | INFO  | 
Processing: AUGUST 18, 2026.html
11:39:29 | INFO  |   ✅ Saved: RR_08-18-2026.csv (37 rows)
11:39:29 | INFO  | 
Processing: AUGUST 11, 2026.html
11:39:29 | INFO  |   ✅ Saved: RR_08-11-2026.csv (37 rows)
11:39:29 | INFO  | 
Processing: AUGUST 14, 2026.html
11:39:30 | INFO  |   ✅ Saved: RR_08-14-2026.csv (37 rows)
11:39:30 | INFO  | 
Processing: AUGUST 7, 2026.html
11:39:30 | INFO  |   ✅ Saved: RR_08-07-2026.csv (37 rows)
11:39:30 | INFO  | 
Processing: AUGUST 10, 2026.html
11:39:30 | INFO  |   ✅ Saved: RR_08-10-2026.csv (37 rows)
11:39:30 | INFO  | 
Processing: AUGUST 24, 2026.html
11:39:30 | INFO  |   ✅ Saved: RR_08-24-2026.csv (37 rows)
11:39:30 | INFO  | 
Processing: AUGUST 19, 2026.html
11:39:30 | INFO  |   ✅ Saved: RR_08-19-2026.csv (37 rows)
11:39:30 | INFO  | 
Processing: AUGUST 13, 2026.html
11:39:30 | INFO  |   ✅ Saved: RR_08-13-2026.csv (37 rows)
11:39:30 | INFO  | 
Processing: AUGUST 3, 2026.html
11:39:30 | INFO  |   ✅ Saved: RR_08-03-2026.csv (37 rows)
11:39:30 | INFO  | 
Processing: SEPTEMBER 04, 2026.html
11:39:30 | INFO  |   ✅ Saved: RR_09-04-2026.csv (37 rows)
11:39:30 | INFO  | 
Processing: AUGUST 21, 2026.html
11:39:30 | INFO  |   ✅ Saved: RR_08-21-2026.csv (37 rows)
11:39:30 | INFO  | 
Processing: AUGUST 4, 2026.html
11:39:30 | INFO  |   ✅ Saved: RR_08-04-2026.csv (37 rows)
11:39:30 | INFO  | 
Processing: AUGUST 27, 2026.html
11:39:31 | INFO  |   ✅ Saved: RR_08-27-2026.csv (37 rows)
11:39:31 | INFO  | 
Processing: AUGUST 5, 2026.html
11:39:31 | INFO  |   ✅ Saved: RR_08-05-2026.csv (37 rows)
11:39:31 | INFO  | 
Processing: AUGUST 12, 2026.html
11:39:31 | INFO  |   ✅ Saved: RR_08-12-2026.csv (37 rows)
11:39:31 | INFO  | 
Processing: SEPTEMBER 01, 2026.html
11:39:31 | INFO  |   ✅ Saved: RR_09-01-2026.csv (37 rows)
11:39:31 | INFO  | 
Processing: SEPTEMBER 8, 2026.html
11:39:31 | INFO  |   ✅ Saved: RR_09-08-2026.csv (37 rows)
11:39:31 | INFO  | 
Processing: AUGUST 26, 2026.html
11:39:31 | INFO  |   ✅ Saved: RR_08-26-2026.csv (37 rows)
11:39:31 | INFO  | 
Processing: AUGUST 31, 2026.html
11:39:31 | INFO  |   ✅ Saved: RR_08-31-2026.csv (37 rows)
11:39:31 | INFO  | 
Processing: AUGUST 28, 2026.html
11:39:31 | INFO  |   ✅ Saved: RR_08-28-2026.csv (37 rows)
11:39:31 | INFO  | 
✅ HTML parsing complete: 27 success, 0 errors
11:39:31 | INFO  | 
======================================================================
11:39:31 | INFO  | STAGE 2: MASTER AGGREGATION
11:39:31 | INFO  | ======================================================================
11:39:31 | INFO  | ✅ Backed up master to: risk_ranges_master_backup_20260909_113931.csv
11:39:31 | INFO  | Loaded existing master: 75,392 rows
11:39:31 | INFO  |   Loaded: RR_09-03-2026.csv (36 rows)
11:39:31 | INFO  |   Loaded: RR_08-20-2026.csv (37 rows)
11:39:31 | INFO  |   Loaded: RR_09-09-2026.csv (37 rows)
11:39:31 | INFO  |   Loaded: RR_08-25-2026.csv (37 rows)
11:39:31 | INFO  |   Loaded: RR_09-02-2026.csv (37 rows)
11:39:31 | INFO  |   Loaded: RR_08-06-2026.csv (37 rows)
11:39:31 | INFO  |   Loaded: RR_08-17-2026.csv (37 rows)
11:39:31 | INFO  |   Loaded: RR_08-18-2026.csv (37 rows)
11:39:31 | INFO  |   Loaded: RR_08-11-2026.csv (37 rows)
11:39:31 | INFO  |   Loaded: RR_08-14-2026.csv (37 rows)
11:39:31 | INFO  |   Loaded: RR_08-07-2026.csv (37 rows)
11:39:31 | INFO  |   Loaded: RR_08-10-2026.csv (37 rows)
11:39:31 | INFO  |   Loaded: RR_08-24-2026.csv (37 rows)
11:39:31 | INFO  |   Loaded: RR_08-19-2026.csv (37 rows)
11:39:31 | INFO  |   Loaded: RR_08-13-2026.csv (37 rows)
11:39:31 | INFO  |   Loaded: RR_08-03-2026.csv (37 rows)
11:39:31 | INFO  |   Loaded: RR_09-04-2026.csv (37 rows)
11:39:31 | INFO  |   Loaded: RR_08-21-2026.csv (37 rows)
11:39:31 | INFO  |   Loaded: RR_08-04-2026.csv (37 rows)
11:39:31 | INFO  |   Loaded: RR_08-27-2026.csv (37 rows)
11:39:31 | INFO  |   Loaded: RR_08-05-2026.csv (37 rows)
11:39:31 | INFO  |   Loaded: RR_08-12-2026.csv (37 rows)
11:39:31 | INFO  |   Loaded: RR_09-01-2026.csv (37 rows)
11:39:31 | INFO  |   Loaded: RR_09-08-2026.csv (37 rows)
11:39:31 | INFO  |   Loaded: RR_08-26-2026.csv (37 rows)
11:39:31 | INFO  |   Loaded: RR_08-31-2026.csv (37 rows)
11:39:31 | INFO  |   Loaded: RR_08-28-2026.csv (37 rows)
11:39:31 | INFO  | Combined new data: 998 rows
11:39:31 | INFO  | Removed 961 duplicate entries
11:39:32 | INFO  | ✅ Saved master CSV: 75,429 total rows
11:39:32 | INFO  |    Date range: 2017-01-03 to 2026-09-09
11:39:32 | INFO  | 
======================================================================
11:39:32 | INFO  | STAGE 3: TICKER SUBSETTING
11:39:32 | INFO  | ======================================================================
11:39:32 | INFO  | Loaded master: 75,429 rows
11:39:32 | INFO  | Creating subsets for 9 tickers
11:39:32 | INFO  |   ✅ UST10Y: 2406 rows | 2017-01-03 to 2026-09-09
11:39:32 | INFO  |   ✅ SPX: 2406 rows | 2017-01-03 to 2026-09-09
11:39:32 | INFO  |   ✅ COMPQ: 2406 rows | 2017-01-03 to 2026-09-09
11:39:32 | INFO  |   ✅ RUT: 2405 rows | 2017-01-03 to 2026-09-09
11:39:32 | INFO  |   ✅ VIX: 2406 rows | 2017-01-03 to 2026-09-09
11:39:32 | INFO  |   ✅ USD: 2406 rows | 2017-01-03 to 2026-09-09
11:39:32 | INFO  |   ✅ GOLD: 2404 rows | 2017-01-03 to 2026-09-09
11:39:32 | INFO  |   ✅ AAPL: 2404 rows | 2017-01-03 to 2026-09-09
11:39:32 | INFO  |   ✅ BITCOIN: 775 rows | 2023-08-01 to 2026-09-09
11:39:32 | INFO  | ✅ Ticker subsetting complete
11:39:32 | INFO  | 
======================================================================
11:39:32 | INFO  | STAGE 4: ENRICHMENT
11:39:32 | INFO  | ======================================================================
11:39:32 | INFO  | Enriching 9 tickers
11:39:32 | INFO  | 
──────────────────────────────────────────────────────────────────────
11:39:32 | INFO  | Enriching: SPX
11:39:32 | INFO  | ──────────────────────────────────────────────────────────────────────
11:39:32 | INFO  |   Loaded 2406 rows from SPX.csv
11:39:32 | INFO  |   Yahoo ticker: ^GSPC
11:39:32 | INFO  |   OHLC prefix: GSPC
11:39:32 | INFO  |   Vol prefix: VIX
11:39:32 | INFO  |   Downloading ^GSPC OHLC...
11:39:32 | INFO  |     Downloaded 2434 days (2017-01-03 to 2026-09-09)
11:39:32 | INFO  |   Downloading ^VIX volatility...
11:39:32 | INFO  |     Downloaded 2436 days (2017-01-03 to 2026-09-09)
11:39:32 | WARNING |   ⚠️  28 trading days missing from original CSV
11:39:32 | INFO  |   ✓ Enrichment complete: 2434 rows
11:39:32 | INFO  |   ✅ Saved: SPX_enriched.csv (2434 rows)
11:39:32 | WARNING |   ⚠️  28 rows need manual update
11:39:32 | INFO  | 
──────────────────────────────────────────────────────────────────────
11:39:32 | INFO  | Enriching: GOLD
11:39:32 | INFO  | ──────────────────────────────────────────────────────────────────────
11:39:32 | INFO  |   Loaded 2404 rows from GOLD.csv
11:39:32 | INFO  |   Yahoo ticker: GC=F
11:39:32 | INFO  |   OHLC prefix: GC
11:39:32 | INFO  |   Vol prefix: GVZ
11:39:32 | INFO  |   Downloading GC=F OHLC...
11:39:33 | INFO  |     Downloaded 2435 days (2017-01-03 to 2026-09-09)
11:39:33 | INFO  |   Downloading ^GVZ volatility...
11:39:33 | INFO  |     Downloaded 2434 days (2017-01-03 to 2026-09-09)
11:39:33 | WARNING |   ⚠️  32 trading days missing from original CSV
11:39:33 | INFO  |   ✓ Enrichment complete: 2435 rows
11:39:33 | INFO  |   ✅ Saved: GOLD_enriched.csv (2435 rows)
11:39:33 | WARNING |   ⚠️  32 rows need manual update
11:39:33 | INFO  | 
──────────────────────────────────────────────────────────────────────
11:39:33 | INFO  | Enriching: UST10Y
11:39:33 | INFO  | ──────────────────────────────────────────────────────────────────────
11:39:33 | INFO  |   Loaded 2406 rows from UST10Y.csv
11:39:33 | INFO  |   Yahoo ticker: ^TNX
11:39:33 | INFO  |   OHLC prefix: TNX
11:39:33 | INFO  |   Vol prefix: VIX
11:39:33 | INFO  |   Downloading ^TNX OHLC...
11:39:33 | INFO  |     Downloaded 2434 days (2017-01-03 to 2026-09-09)
11:39:33 | INFO  |   Downloading ^VIX volatility...
11:39:33 | INFO  |     Downloaded 2436 days (2017-01-03 to 2026-09-09)
11:39:33 | WARNING |   ⚠️  28 trading days missing from original CSV
11:39:33 | INFO  |   ✓ Enrichment complete: 2434 rows
11:39:33 | INFO  |   ✅ Saved: UST10Y_enriched.csv (2434 rows)
11:39:33 | WARNING |   ⚠️  28 rows need manual update
11:39:33 | INFO  | 
──────────────────────────────────────────────────────────────────────
11:39:33 | INFO  | Enriching: COMPQ
11:39:33 | INFO  | ──────────────────────────────────────────────────────────────────────
11:39:33 | INFO  |   Loaded 2406 rows from COMPQ.csv
11:39:33 | INFO  |   Yahoo ticker: ^IXIC
11:39:33 | INFO  |   OHLC prefix: IXIC
11:39:33 | INFO  |   Vol prefix: VIX
11:39:33 | INFO  |   Downloading ^IXIC OHLC...
11:39:33 | INFO  |     Downloaded 2434 days (2017-01-03 to 2026-09-09)
11:39:33 | INFO  |   Downloading ^VIX volatility...
11:39:33 | INFO  |     Downloaded 2436 days (2017-01-03 to 2026-09-09)
11:39:33 | WARNING |   ⚠️  28 trading days missing from original CSV
11:39:33 | INFO  |   ✓ Enrichment complete: 2434 rows
11:39:34 | INFO  |   ✅ Saved: COMPQ_enriched.csv (2434 rows)
11:39:34 | WARNING |   ⚠️  28 rows need manual update
11:39:34 | INFO  | 
──────────────────────────────────────────────────────────────────────
11:39:34 | INFO  | Enriching: RUT
11:39:34 | INFO  | ──────────────────────────────────────────────────────────────────────
11:39:34 | INFO  |   Loaded 2405 rows from RUT.csv
11:39:34 | INFO  |   Yahoo ticker: ^RUT
11:39:34 | INFO  |   OHLC prefix: RUT
11:39:34 | INFO  |   Vol prefix: VIX
11:39:34 | INFO  |   Downloading ^RUT OHLC...
11:39:34 | INFO  |     Downloaded 2434 days (2017-01-03 to 2026-09-09)
11:39:34 | INFO  |   Downloading ^VIX volatility...
11:39:34 | INFO  |     Downloaded 2436 days (2017-01-03 to 2026-09-09)
11:39:34 | WARNING |   ⚠️  29 trading days missing from original CSV
11:39:34 | INFO  |   ✓ Enrichment complete: 2434 rows
11:39:34 | INFO  |   ✅ Saved: RUT_enriched.csv (2434 rows)
11:39:34 | WARNING |   ⚠️  29 rows need manual update
11:39:34 | INFO  | 
──────────────────────────────────────────────────────────────────────
11:39:34 | INFO  | Enriching: VIX
11:39:34 | INFO  | ──────────────────────────────────────────────────────────────────────
11:39:34 | INFO  |   Loaded 2406 rows from VIX.csv
11:39:34 | INFO  |   Yahoo ticker: ^VIX
11:39:34 | INFO  |   OHLC prefix: VIX
11:39:34 | INFO  |   Vol prefix: VIXI
11:39:34 | INFO  |   Downloading ^VIX OHLC...
11:39:34 | INFO  |     Downloaded 2436 days (2017-01-03 to 2026-09-09)
11:39:34 | INFO  |   Downloading ^VIX volatility...
11:39:34 | INFO  |     Downloaded 2436 days (2017-01-03 to 2026-09-09)
11:39:34 | WARNING |   ⚠️  30 trading days missing from original CSV
11:39:34 | INFO  |   ✓ Enrichment complete: 2436 rows
11:39:34 | INFO  |   ✅ Saved: VIX_enriched.csv (2436 rows)
11:39:34 | WARNING |   ⚠️  30 rows need manual update
11:39:34 | INFO  | 
──────────────────────────────────────────────────────────────────────
11:39:34 | INFO  | Enriching: USD
11:39:34 | INFO  | ──────────────────────────────────────────────────────────────────────
11:39:34 | INFO  |   Loaded 2406 rows from USD.csv
11:39:34 | INFO  |   Yahoo ticker: DX-Y.NYB
11:39:34 | INFO  |   OHLC prefix: DX
11:39:34 | INFO  |   Vol prefix: VIX
11:39:34 | INFO  |   Downloading DX-Y.NYB OHLC...
11:39:34 | INFO  |     Downloaded 2436 days (2017-01-03 to 2026-09-09)
11:39:34 | INFO  |   Downloading ^VIX volatility...
11:39:35 | INFO  |     Downloaded 2436 days (2017-01-03 to 2026-09-09)
11:39:35 | WARNING |   ⚠️  30 trading days missing from original CSV
11:39:35 | INFO  |   ✓ Enrichment complete: 2436 rows
11:39:35 | INFO  |   ✅ Saved: USD_enriched.csv (2436 rows)
11:39:35 | WARNING |   ⚠️  30 rows need manual update
11:39:35 | INFO  | 
──────────────────────────────────────────────────────────────────────
11:39:35 | INFO  | Enriching: AAPL
11:39:35 | INFO  | ──────────────────────────────────────────────────────────────────────
11:39:35 | INFO  |   Loaded 2404 rows from AAPL.csv
11:39:35 | INFO  |   Yahoo ticker: AAPL
11:39:35 | INFO  |   OHLC prefix: AAPL
11:39:35 | INFO  |   Vol prefix: VIX
11:39:35 | INFO  |   Downloading AAPL OHLC...
11:39:35 | INFO  |     Downloaded 2434 days (2017-01-03 to 2026-09-09)
11:39:35 | INFO  |   Downloading ^VIX volatility...
11:39:35 | INFO  |     Downloaded 2436 days (2017-01-03 to 2026-09-09)
11:39:35 | WARNING |   ⚠️  30 trading days missing from original CSV
11:39:35 | INFO  |   ✓ Enrichment complete: 2434 rows
11:39:35 | INFO  |   ✅ Saved: AAPL_enriched.csv (2434 rows)
11:39:35 | WARNING |   ⚠️  30 rows need manual update
11:39:35 | INFO  | 
──────────────────────────────────────────────────────────────────────
11:39:35 | INFO  | Enriching: BITCOIN
11:39:35 | INFO  | ──────────────────────────────────────────────────────────────────────
11:39:35 | INFO  |   Loaded 775 rows from BITCOIN.csv
11:39:35 | INFO  |   ⚠️  Row count changed (3537 → 775) - re-enriching
11:39:35 | INFO  |   Yahoo ticker: BTC-USD
11:39:35 | INFO  |   OHLC prefix: BTC
11:39:35 | INFO  |   Vol prefix: VIX
11:39:35 | INFO  |   Downloading BTC-USD OHLC...
11:39:35 | INFO  |     Downloaded 3538 days (2017-01-02 to 2026-09-09)
11:39:35 | INFO  |   Downloading ^VIX volatility...
11:39:35 | INFO  |     Downloaded 2436 days (2017-01-03 to 2026-09-09)
11:39:35 | WARNING |   ⚠️  2763 trading days missing from original CSV
11:39:35 | INFO  |   ✓ Enrichment complete: 3538 rows
11:39:35 | INFO  |   ✅ Saved: BITCOIN_enriched.csv (3538 rows)
11:39:35 | WARNING |   ⚠️  2763 rows need manual update
11:39:35 | INFO  | 
======================================================================
11:39:35 | INFO  | ✅ Enrichment complete:
11:39:35 | INFO  |    Success: 9
11:39:35 | INFO  |    Skipped (up-to-date): 0
11:39:35 | INFO  |    Errors:  0
11:39:35 | INFO  | ======================================================================
11:39:35 | INFO  | 
======================================================================
11:39:35 | INFO  | ✅ PIPELINE COMPLETE
11:39:35 | INFO  | ======================================================================
