11:40:09 | INFO  | ======================================================================
11:40:09 | INFO  | ETL PIPELINE START
11:40:09 | INFO  | ======================================================================
11:40:09 | INFO  | 
📋 PIPELINE PLAN:
11:40:09 | INFO  |    HTML Files: 41 new / 41 total
11:40:09 | INFO  |    Master needs propagation: False
11:40:09 | INFO  | 
======================================================================
11:40:09 | INFO  | STAGE 1: HTML PARSING
11:40:09 | INFO  | ======================================================================
11:40:09 | INFO  | 
Processing: JULY 23, 2026.html
11:40:09 | INFO  |   ✅ Saved: RR_07-23-2026.csv (38 rows)
11:40:09 | INFO  | 
Processing: JUNE 8, 2026.html
11:40:09 | INFO  |   ✅ Saved: RR_06-08-2026.csv (37 rows)
11:40:09 | INFO  | 
Processing: JULY 15, 2026.html
11:40:09 | INFO  |   ✅ Saved: RR_07-15-2026.csv (37 rows)
11:40:09 | INFO  | 
Processing: JUNE 22, 2026.html
11:40:09 | INFO  |   ✅ Saved: RR_06-22-2026.csv (37 rows)
11:40:09 | INFO  | 
Processing: JUNE 10, 2026.html
11:40:09 | INFO  |   ✅ Saved: RR_06-10-2026.csv (36 rows)
11:40:09 | INFO  | 
Processing: JULY 30, 2026.html
11:40:10 | INFO  |   ✅ Saved: RR_07-30-2026.csv (38 rows)
11:40:10 | INFO  | 
Processing: JULY 28, 2026.html
11:40:10 | INFO  |   ✅ Saved: RR_07-28-2026.csv (38 rows)
11:40:10 | INFO  | 
Processing: JULY 17, 2026.html
11:40:10 | INFO  |   ✅ Saved: RR_07-17-2026.csv (38 rows)
11:40:10 | INFO  | 
Processing: JULY 14, 2026.html
11:40:10 | INFO  |   ✅ Saved: RR_07-14-2026.csv (37 rows)
11:40:10 | INFO  | 
Processing: JUNE 23, 2026.html
11:40:10 | INFO  |   ✅ Saved: RR_06-23-2026.csv (37 rows)
11:40:10 | INFO  | 
Processing: JULY 21, 2026.html
11:40:10 | INFO  |   ✅ Saved: RR_07-21-2026.csv (38 rows)
11:40:10 | INFO  | 
Processing: JULY 29, 2026.html
11:40:10 | INFO  |   ✅ Saved: RR_07-29-2026.csv (38 rows)
11:40:10 | INFO  | 
Processing: JULY 7, 2026.html
11:40:10 | INFO  |   ✅ Saved: RR_07-07-2026.csv (37 rows)
11:40:10 | INFO  | 
Processing: JUNE 9, 2026.html
11:40:10 | INFO  |   ✅ Saved: RR_06-09-2026.csv (36 rows)
11:40:10 | INFO  | 
Processing: JULY 20, 2026.html
11:40:10 | INFO  |   ✅ Saved: RR_07-20-2026.csv (38 rows)
11:40:10 | INFO  | 
Processing: JULY 2, 2026.html
11:40:10 | INFO  |   ✅ Saved: RR_07-02-2026.csv (38 rows)
11:40:10 | INFO  | 
Processing: JUNE 5, 2026.html
11:40:10 | INFO  |   ✅ Saved: RR_06-05-2026.csv (37 rows)
11:40:10 | INFO  | 
Processing: JULY 22, 2026.html
11:40:11 | INFO  |   ✅ Saved: RR_07-22-2026.csv (38 rows)
11:40:11 | INFO  | 
Processing: JUNE 11, 2026.html
11:40:11 | INFO  |   ✅ Saved: RR_06-11-2026.csv (36 rows)
11:40:11 | INFO  | 
Processing: AUGUST 3, 2026.html
11:40:11 | INFO  |   ✅ Saved: RR_08-03-2026.csv (37 rows)
11:40:11 | INFO  | 
Processing: JULY 10, 2026.html
11:40:11 | INFO  |   ✅ Saved: RR_07-10-2026.csv (37 rows)
11:40:11 | INFO  | 
Processing: JULY 9, 2026.html
11:40:11 | INFO  |   ✅ Saved: RR_07-09-2026.csv (37 rows)
11:40:11 | INFO  | 
Processing: JUNE 4, 2026.html
11:40:11 | INFO  |   ✅ Saved: RR_06-04-2026.csv (37 rows)
11:40:11 | INFO  | 
Processing: JUNE 15, 2026.html
11:40:11 | INFO  |   ✅ Saved: RR_06-15-2026.csv (36 rows)
11:40:11 | INFO  | 
Processing: JULY 27, 2026.html
11:40:11 | INFO  |   ✅ Saved: RR_07-27-2026.csv (38 rows)
11:40:11 | INFO  | 
Processing: JUNE 16, 2026.html
11:40:11 | INFO  |   ✅ Saved: RR_06-16-2026.csv (36 rows)
11:40:11 | INFO  | 
Processing: JUNE 29, 2026.html
11:40:11 | INFO  |   ✅ Saved: RR_06-29-2026.csv (38 rows)
11:40:11 | INFO  | 
Processing: JULY 31, 2026.html
11:40:11 | INFO  |   ✅ Saved: RR_07-31-2026.csv (37 rows)
11:40:11 | INFO  | 
Processing: JUNE 12, 2026.html
11:40:11 | INFO  |   ✅ Saved: RR_06-12-2026.csv (36 rows)
11:40:11 | INFO  | 
Processing: JULY 24, 2026.html
11:40:12 | INFO  |   ✅ Saved: RR_07-24-2026.csv (38 rows)
11:40:12 | INFO  | 
Processing: JUNE 30, 2026.html
11:40:12 | INFO  |   ✅ Saved: RR_06-30-2026.csv (38 rows)
11:40:12 | INFO  | 
Processing: JULY 16, 2026.html
11:40:12 | INFO  |   ✅ Saved: RR_07-16-2026.csv (37 rows)
11:40:12 | INFO  | 
Processing: JULY 6, 2026.html
11:40:12 | INFO  |   ✅ Saved: RR_07-06-2026.csv (37 rows)
11:40:12 | INFO  | 
Processing: JUNE 24, 2026.html
11:40:12 | INFO  |   ✅ Saved: RR_06-24-2026.csv (37 rows)
11:40:12 | INFO  | 
Processing: JUNE 17, 2026.html
11:40:12 | INFO  |   ✅ Saved: RR_06-17-2026.csv (36 rows)
11:40:12 | INFO  | 
Processing: JULY 13, 2026.html
11:40:12 | INFO  |   ✅ Saved: RR_07-13-2026.csv (37 rows)
11:40:12 | INFO  | 
Processing: JUNE 26, 2026.html
11:40:12 | INFO  |   ✅ Saved: RR_06-26-2026.csv (38 rows)
11:40:12 | INFO  | 
Processing: JUNE 18, 2026.html
11:40:12 | INFO  |   ✅ Saved: RR_06-18-2026.csv (37 rows)
11:40:12 | INFO  | 
Processing: JUNE 25, 2026.html
11:40:12 | INFO  |   ✅ Saved: RR_06-25-2026.csv (38 rows)
11:40:12 | INFO  | 
Processing: JULY 8, 2026.html
11:40:12 | INFO  |   ✅ Saved: RR_07-08-2026.csv (37 rows)
11:40:12 | INFO  | 
Processing: JULY 1, 2026.html
11:40:12 | INFO  |   ✅ Saved: RR_07-01-2026.csv (38 rows)
11:40:12 | INFO  | 
✅ HTML parsing complete: 41 success, 0 errors
11:40:12 | INFO  | 
======================================================================
11:40:12 | INFO  | STAGE 2: MASTER AGGREGATION
11:40:12 | INFO  | ======================================================================
11:40:12 | INFO  | ✅ Backed up master to: risk_ranges_master_backup_20260803_114012.csv
11:40:12 | INFO  | Loaded existing master: 74,468 rows
11:40:12 | INFO  |   Loaded: RR_07-23-2026.csv (38 rows)
11:40:12 | INFO  |   Loaded: RR_06-08-2026.csv (37 rows)
11:40:12 | INFO  |   Loaded: RR_07-15-2026.csv (37 rows)
11:40:12 | INFO  |   Loaded: RR_06-22-2026.csv (37 rows)
11:40:12 | INFO  |   Loaded: RR_06-10-2026.csv (36 rows)
11:40:12 | INFO  |   Loaded: RR_07-30-2026.csv (38 rows)
11:40:12 | INFO  |   Loaded: RR_07-28-2026.csv (38 rows)
11:40:12 | INFO  |   Loaded: RR_07-17-2026.csv (38 rows)
11:40:12 | INFO  |   Loaded: RR_07-14-2026.csv (37 rows)
11:40:12 | INFO  |   Loaded: RR_06-23-2026.csv (37 rows)
11:40:12 | INFO  |   Loaded: RR_07-21-2026.csv (38 rows)
11:40:12 | INFO  |   Loaded: RR_07-29-2026.csv (38 rows)
11:40:12 | INFO  |   Loaded: RR_07-07-2026.csv (37 rows)
11:40:12 | INFO  |   Loaded: RR_06-09-2026.csv (36 rows)
11:40:12 | INFO  |   Loaded: RR_07-20-2026.csv (38 rows)
11:40:12 | INFO  |   Loaded: RR_07-02-2026.csv (38 rows)
11:40:12 | INFO  |   Loaded: RR_06-05-2026.csv (37 rows)
11:40:12 | INFO  |   Loaded: RR_07-22-2026.csv (38 rows)
11:40:12 | INFO  |   Loaded: RR_06-11-2026.csv (36 rows)
11:40:13 | INFO  |   Loaded: RR_08-03-2026.csv (37 rows)
11:40:13 | INFO  |   Loaded: RR_07-10-2026.csv (37 rows)
11:40:13 | INFO  |   Loaded: RR_07-09-2026.csv (37 rows)
11:40:13 | INFO  |   Loaded: RR_06-04-2026.csv (37 rows)
11:40:13 | INFO  |   Loaded: RR_06-15-2026.csv (36 rows)
11:40:13 | INFO  |   Loaded: RR_07-27-2026.csv (38 rows)
11:40:13 | INFO  |   Loaded: RR_06-16-2026.csv (36 rows)
11:40:13 | INFO  |   Loaded: RR_06-29-2026.csv (38 rows)
11:40:13 | INFO  |   Loaded: RR_07-31-2026.csv (37 rows)
11:40:13 | INFO  |   Loaded: RR_06-12-2026.csv (36 rows)
11:40:13 | INFO  |   Loaded: RR_07-24-2026.csv (38 rows)
11:40:13 | INFO  |   Loaded: RR_06-30-2026.csv (38 rows)
11:40:13 | INFO  |   Loaded: RR_07-16-2026.csv (37 rows)
11:40:13 | INFO  |   Loaded: RR_07-06-2026.csv (37 rows)
11:40:13 | INFO  |   Loaded: RR_06-24-2026.csv (37 rows)
11:40:13 | INFO  |   Loaded: RR_06-17-2026.csv (36 rows)
11:40:13 | INFO  |   Loaded: RR_07-13-2026.csv (37 rows)
11:40:13 | INFO  |   Loaded: RR_06-26-2026.csv (38 rows)
11:40:13 | INFO  |   Loaded: RR_06-18-2026.csv (37 rows)
11:40:13 | INFO  |   Loaded: RR_06-25-2026.csv (38 rows)
11:40:13 | INFO  |   Loaded: RR_07-08-2026.csv (37 rows)
11:40:13 | INFO  |   Loaded: RR_07-01-2026.csv (38 rows)
11:40:13 | INFO  | Combined new data: 1526 rows
11:40:13 | INFO  | Removed 1526 duplicate entries
11:40:13 | INFO  | ✅ Saved master CSV: 74,468 total rows
11:40:13 | INFO  |    Date range: 2017-01-03 to 2026-08-03
11:40:13 | INFO  | 
======================================================================
11:40:13 | INFO  | STAGE 3: TICKER SUBSETTING
11:40:13 | INFO  | ======================================================================
11:40:13 | INFO  | Loaded master: 74,468 rows
11:40:13 | INFO  | Creating subsets for 9 tickers
11:40:13 | INFO  |   ✅ UST10Y: 2380 rows | 2017-01-03 to 2026-08-03
11:40:13 | INFO  |   ✅ SPX: 2380 rows | 2017-01-03 to 2026-08-03
11:40:13 | INFO  |   ✅ COMPQ: 2380 rows | 2017-01-03 to 2026-08-03
11:40:13 | INFO  |   ✅ RUT: 2379 rows | 2017-01-03 to 2026-08-03
11:40:13 | INFO  |   ✅ VIX: 2380 rows | 2017-01-03 to 2026-08-03
11:40:13 | INFO  |   ✅ USD: 2380 rows | 2017-01-03 to 2026-08-03
11:40:13 | INFO  |   ✅ GOLD: 2378 rows | 2017-01-03 to 2026-08-03
11:40:13 | INFO  |   ✅ AAPL: 2378 rows | 2017-01-03 to 2026-08-03
11:40:13 | INFO  |   ✅ BITCOIN: 749 rows | 2023-08-01 to 2026-08-03
11:40:13 | INFO  | ✅ Ticker subsetting complete
11:40:13 | INFO  | 
======================================================================
11:40:13 | INFO  | STAGE 4: ENRICHMENT
11:40:13 | INFO  | ======================================================================
11:40:13 | INFO  | Enriching 9 tickers
11:40:13 | INFO  | 
──────────────────────────────────────────────────────────────────────
11:40:13 | INFO  | Enriching: SPX
11:40:13 | INFO  | ──────────────────────────────────────────────────────────────────────
11:40:13 | INFO  |   Loaded 2380 rows from SPX.csv
11:40:13 | INFO  |   Yahoo ticker: ^GSPC
11:40:13 | INFO  |   OHLC prefix: GSPC
11:40:13 | INFO  |   Vol prefix: VIX
11:40:13 | INFO  |   Downloading ^GSPC OHLC...
11:40:14 | INFO  |     Downloaded 2408 days (2017-01-03 to 2026-08-03)
11:40:14 | INFO  |   Downloading ^VIX volatility...
11:40:14 | INFO  |     Downloaded 2409 days (2017-01-03 to 2026-08-03)
11:40:14 | WARNING |   ⚠️  28 trading days missing from original CSV
11:40:14 | INFO  |   ✓ Enrichment complete: 2408 rows
11:40:15 | INFO  |   ✅ Saved: SPX_enriched.csv (2408 rows)
11:40:15 | WARNING |   ⚠️  28 rows need manual update
11:40:15 | INFO  | 
──────────────────────────────────────────────────────────────────────
11:40:15 | INFO  | Enriching: GOLD
11:40:15 | INFO  | ──────────────────────────────────────────────────────────────────────
11:40:15 | INFO  |   Loaded 2378 rows from GOLD.csv
11:40:15 | INFO  |   Yahoo ticker: GC=F
11:40:15 | INFO  |   OHLC prefix: GC
11:40:15 | INFO  |   Vol prefix: GVZ
11:40:15 | INFO  |   Downloading GC=F OHLC...
11:40:15 | INFO  |     Downloaded 2409 days (2017-01-03 to 2026-08-03)
11:40:15 | INFO  |   Downloading ^GVZ volatility...
11:40:15 | INFO  |     Downloaded 2408 days (2017-01-03 to 2026-08-03)
11:40:15 | WARNING |   ⚠️  32 trading days missing from original CSV
11:40:15 | INFO  |   ✓ Enrichment complete: 2409 rows
11:40:15 | INFO  |   ✅ Saved: GOLD_enriched.csv (2409 rows)
11:40:15 | WARNING |   ⚠️  32 rows need manual update
11:40:15 | INFO  | 
──────────────────────────────────────────────────────────────────────
11:40:15 | INFO  | Enriching: UST10Y
11:40:15 | INFO  | ──────────────────────────────────────────────────────────────────────
11:40:15 | INFO  |   Loaded 2380 rows from UST10Y.csv
11:40:15 | INFO  |   Yahoo ticker: ^TNX
11:40:15 | INFO  |   OHLC prefix: TNX
11:40:15 | INFO  |   Vol prefix: VIX
11:40:15 | INFO  |   Downloading ^TNX OHLC...
11:40:15 | INFO  |     Downloaded 2408 days (2017-01-03 to 2026-08-03)
11:40:15 | INFO  |   Downloading ^VIX volatility...
11:40:16 | INFO  |     Downloaded 2409 days (2017-01-03 to 2026-08-03)
11:40:16 | WARNING |   ⚠️  28 trading days missing from original CSV
11:40:16 | INFO  |   ✓ Enrichment complete: 2408 rows
11:40:16 | INFO  |   ✅ Saved: UST10Y_enriched.csv (2408 rows)
11:40:16 | WARNING |   ⚠️  28 rows need manual update
11:40:16 | INFO  | 
──────────────────────────────────────────────────────────────────────
11:40:16 | INFO  | Enriching: COMPQ
11:40:16 | INFO  | ──────────────────────────────────────────────────────────────────────
11:40:16 | INFO  |   Loaded 2380 rows from COMPQ.csv
11:40:16 | INFO  |   Yahoo ticker: ^IXIC
11:40:16 | INFO  |   OHLC prefix: IXIC
11:40:16 | INFO  |   Vol prefix: VIX
11:40:16 | INFO  |   Downloading ^IXIC OHLC...
11:40:16 | INFO  |     Downloaded 2408 days (2017-01-03 to 2026-08-03)
11:40:16 | INFO  |   Downloading ^VIX volatility...
11:40:16 | INFO  |     Downloaded 2409 days (2017-01-03 to 2026-08-03)
11:40:16 | WARNING |   ⚠️  28 trading days missing from original CSV
11:40:16 | INFO  |   ✓ Enrichment complete: 2408 rows
11:40:16 | INFO  |   ✅ Saved: COMPQ_enriched.csv (2408 rows)
11:40:16 | WARNING |   ⚠️  28 rows need manual update
11:40:16 | INFO  | 
──────────────────────────────────────────────────────────────────────
11:40:16 | INFO  | Enriching: RUT
11:40:16 | INFO  | ──────────────────────────────────────────────────────────────────────
11:40:16 | INFO  |   Loaded 2379 rows from RUT.csv
11:40:16 | INFO  |   Yahoo ticker: ^RUT
11:40:16 | INFO  |   OHLC prefix: RUT
11:40:16 | INFO  |   Vol prefix: VIX
11:40:16 | INFO  |   Downloading ^RUT OHLC...
11:40:16 | INFO  |     Downloaded 2408 days (2017-01-03 to 2026-08-03)
11:40:16 | INFO  |   Downloading ^VIX volatility...
11:40:17 | INFO  |     Downloaded 2409 days (2017-01-03 to 2026-08-03)
11:40:17 | WARNING |   ⚠️  29 trading days missing from original CSV
11:40:17 | INFO  |   ✓ Enrichment complete: 2408 rows
11:40:17 | INFO  |   ✅ Saved: RUT_enriched.csv (2408 rows)
11:40:17 | WARNING |   ⚠️  29 rows need manual update
11:40:17 | INFO  | 
──────────────────────────────────────────────────────────────────────
11:40:17 | INFO  | Enriching: VIX
11:40:17 | INFO  | ──────────────────────────────────────────────────────────────────────
11:40:17 | INFO  |   Loaded 2380 rows from VIX.csv
11:40:17 | INFO  |   Yahoo ticker: ^VIX
11:40:17 | INFO  |   OHLC prefix: VIX
11:40:17 | INFO  |   Vol prefix: VIXI
11:40:17 | INFO  |   Downloading ^VIX OHLC...
11:40:17 | INFO  |     Downloaded 2409 days (2017-01-03 to 2026-08-03)
11:40:17 | INFO  |   Downloading ^VIX volatility...
11:40:17 | INFO  |     Downloaded 2409 days (2017-01-03 to 2026-08-03)
11:40:17 | WARNING |   ⚠️  29 trading days missing from original CSV
11:40:17 | INFO  |   ✓ Enrichment complete: 2409 rows
11:40:17 | INFO  |   ✅ Saved: VIX_enriched.csv (2409 rows)
11:40:17 | WARNING |   ⚠️  29 rows need manual update
11:40:17 | INFO  | 
──────────────────────────────────────────────────────────────────────
11:40:17 | INFO  | Enriching: USD
11:40:17 | INFO  | ──────────────────────────────────────────────────────────────────────
11:40:17 | INFO  |   Loaded 2380 rows from USD.csv
11:40:17 | INFO  |   Yahoo ticker: DX-Y.NYB
11:40:17 | INFO  |   OHLC prefix: DX
11:40:17 | INFO  |   Vol prefix: VIX
11:40:17 | INFO  |   Downloading DX-Y.NYB OHLC...
11:40:18 | INFO  |     Downloaded 2410 days (2017-01-03 to 2026-08-03)
11:40:18 | INFO  |   Downloading ^VIX volatility...
11:40:18 | INFO  |     Downloaded 2409 days (2017-01-03 to 2026-08-03)
11:40:18 | WARNING |   ⚠️  30 trading days missing from original CSV
11:40:18 | INFO  |   ✓ Enrichment complete: 2410 rows
11:40:18 | INFO  |   ✅ Saved: USD_enriched.csv (2410 rows)
11:40:18 | WARNING |   ⚠️  30 rows need manual update
11:40:18 | INFO  | 
──────────────────────────────────────────────────────────────────────
11:40:18 | INFO  | Enriching: AAPL
11:40:18 | INFO  | ──────────────────────────────────────────────────────────────────────
11:40:18 | INFO  |   Loaded 2378 rows from AAPL.csv
11:40:18 | INFO  |   Yahoo ticker: AAPL
11:40:18 | INFO  |   OHLC prefix: AAPL
11:40:18 | INFO  |   Vol prefix: VIX
11:40:18 | INFO  |   Downloading AAPL OHLC...
11:40:19 | INFO  |     Downloaded 2408 days (2017-01-03 to 2026-08-03)
11:40:19 | INFO  |   Downloading ^VIX volatility...
11:40:19 | INFO  |     Downloaded 2409 days (2017-01-03 to 2026-08-03)
11:40:19 | WARNING |   ⚠️  30 trading days missing from original CSV
11:40:19 | INFO  |   ✓ Enrichment complete: 2408 rows
11:40:19 | INFO  |   ✅ Saved: AAPL_enriched.csv (2408 rows)
11:40:19 | WARNING |   ⚠️  30 rows need manual update
11:40:19 | INFO  | 
──────────────────────────────────────────────────────────────────────
11:40:19 | INFO  | Enriching: BITCOIN
11:40:19 | INFO  | ──────────────────────────────────────────────────────────────────────
11:40:19 | INFO  |   Loaded 749 rows from BITCOIN.csv
11:40:19 | INFO  |   ⚠️  Row count changed (3501 → 749) - re-enriching
11:40:19 | INFO  |   Yahoo ticker: BTC-USD
11:40:19 | INFO  |   OHLC prefix: BTC
11:40:19 | INFO  |   Vol prefix: VIX
11:40:19 | INFO  |   Downloading BTC-USD OHLC...
11:40:19 | INFO  |     Downloaded 3501 days (2017-01-02 to 2026-08-03)
11:40:19 | INFO  |   Downloading ^VIX volatility...
11:40:20 | INFO  |     Downloaded 2409 days (2017-01-03 to 2026-08-03)
11:40:20 | WARNING |   ⚠️  2752 trading days missing from original CSV
11:40:20 | INFO  |   ✓ Enrichment complete: 3501 rows
11:40:20 | INFO  |   ✅ Saved: BITCOIN_enriched.csv (3501 rows)
11:40:20 | WARNING |   ⚠️  2752 rows need manual update
11:40:20 | INFO  | 
======================================================================
11:40:20 | INFO  | ✅ Enrichment complete:
11:40:20 | INFO  |    Success: 9
11:40:20 | INFO  |    Skipped (up-to-date): 0
11:40:20 | INFO  |    Errors:  0
11:40:20 | INFO  | ======================================================================
11:40:20 | INFO  | 
======================================================================
11:40:20 | INFO  | ✅ PIPELINE COMPLETE
11:40:20 | INFO  | ======================================================================
