10:07:23 | INFO  | ======================================================================
10:07:23 | INFO  | ETL PIPELINE START
10:07:23 | INFO  | ======================================================================
10:07:23 | INFO  | 
📋 PIPELINE PLAN:
10:07:23 | INFO  |    HTML Files: 64 new / 64 total
10:07:23 | INFO  |    Master needs propagation: False
10:07:23 | INFO  | 
======================================================================
10:07:23 | INFO  | STAGE 1: HTML PARSING
10:07:23 | INFO  | ======================================================================
10:07:23 | INFO  | 
Processing: SEPTEMBER 03, 2026.html
10:07:23 | INFO  |   ✅ Saved: RR_09-03-2026.csv (36 rows)
10:07:23 | INFO  | 
Processing: AUGUST 20, 2026.html
10:07:23 | INFO  |   ✅ Saved: RR_08-20-2026.csv (37 rows)
10:07:23 | INFO  | 
Processing: JULY 13, 2026.html
10:07:23 | INFO  |   ✅ Saved: RR_07-13-2026.csv (37 rows)
10:07:23 | INFO  | 
Processing: JULY 10, 2026.html
10:07:23 | INFO  |   ✅ Saved: RR_07-10-2026.csv (37 rows)
10:07:23 | INFO  | 
Processing: JULY 8, 2026.html
10:07:23 | INFO  |   ✅ Saved: RR_07-08-2026.csv (37 rows)
10:07:23 | INFO  | 
Processing: JULY 28, 2026.html
10:07:23 | INFO  |   ✅ Saved: RR_07-28-2026.csv (38 rows)
10:07:23 | INFO  | 
Processing: AUGUST 25, 2026.html
10:07:23 | INFO  |   ✅ Saved: RR_08-25-2026.csv (37 rows)
10:07:23 | INFO  | 
Processing: SEPTEMBER 02, 2026.html
10:07:24 | INFO  |   ✅ Saved: RR_09-02-2026.csv (37 rows)
10:07:24 | INFO  | 
Processing: AUGUST 6, 2026.html
10:07:24 | INFO  |   ✅ Saved: RR_08-06-2026.csv (37 rows)
10:07:24 | INFO  | 
Processing: JULY 9, 2026.html
10:07:24 | INFO  |   ✅ Saved: RR_07-09-2026.csv (37 rows)
10:07:24 | INFO  | 
Processing: JUNE 17, 2026.html
10:07:24 | INFO  |   ✅ Saved: RR_06-17-2026.csv (36 rows)
10:07:24 | INFO  | 
Processing: AUGUST 17, 2026.html
10:07:24 | INFO  |   ✅ Saved: RR_08-17-2026.csv (37 rows)
10:07:24 | INFO  | 
Processing: JULY 22, 2026.html
10:07:24 | INFO  |   ✅ Saved: RR_07-22-2026.csv (38 rows)
10:07:24 | INFO  | 
Processing: AUGUST 18, 2026.html
10:07:24 | INFO  |   ✅ Saved: RR_08-18-2026.csv (37 rows)
10:07:24 | INFO  | 
Processing: JULY 31, 2026.html
10:07:24 | INFO  |   ✅ Saved: RR_07-31-2026.csv (37 rows)
10:07:24 | INFO  | 
Processing: AUGUST 11, 2026.html
10:07:24 | INFO  |   ✅ Saved: RR_08-11-2026.csv (37 rows)
10:07:24 | INFO  | 
Processing: JUNE 29, 2026.html
10:07:24 | INFO  |   ✅ Saved: RR_06-29-2026.csv (38 rows)
10:07:24 | INFO  | 
Processing: JULY 7, 2026.html
10:07:25 | INFO  |   ✅ Saved: RR_07-07-2026.csv (37 rows)
10:07:25 | INFO  | 
Processing: AUGUST 14, 2026.html
10:07:25 | INFO  |   ✅ Saved: RR_08-14-2026.csv (37 rows)
10:07:25 | INFO  | 
Processing: JUNE 23, 2026.html
10:07:25 | INFO  |   ✅ Saved: RR_06-23-2026.csv (37 rows)
10:07:25 | INFO  | 
Processing: JUNE 16, 2026.html
10:07:25 | INFO  |   ✅ Saved: RR_06-16-2026.csv (36 rows)
10:07:25 | INFO  | 
Processing: JULY 21, 2026.html
10:07:25 | INFO  |   ✅ Saved: RR_07-21-2026.csv (38 rows)
10:07:25 | INFO  | 
Processing: AUGUST 7, 2026.html
10:07:25 | INFO  |   ✅ Saved: RR_08-07-2026.csv (37 rows)
10:07:25 | INFO  | 
Processing: JUNE 26, 2026.html
10:07:25 | INFO  |   ✅ Saved: RR_06-26-2026.csv (38 rows)
10:07:25 | INFO  | 
Processing: JUNE 8, 2026.html
10:07:25 | INFO  |   ✅ Saved: RR_06-08-2026.csv (37 rows)
10:07:25 | INFO  | 
Processing: JUNE 25, 2026.html
10:07:25 | INFO  |   ✅ Saved: RR_06-25-2026.csv (38 rows)
10:07:25 | INFO  | 
Processing: AUGUST 10, 2026.html
10:07:25 | INFO  |   ✅ Saved: RR_08-10-2026.csv (37 rows)
10:07:25 | INFO  | 
Processing: JUNE 18, 2026.html
10:07:25 | INFO  |   ✅ Saved: RR_06-18-2026.csv (37 rows)
10:07:25 | INFO  | 
Processing: JULY 1, 2026.html
10:07:25 | INFO  |   ✅ Saved: RR_07-01-2026.csv (38 rows)
10:07:25 | INFO  | 
Processing: AUGUST 24, 2026.html
10:07:26 | INFO  |   ✅ Saved: RR_08-24-2026.csv (37 rows)
10:07:26 | INFO  | 
Processing: JULY 27, 2026.html
10:07:26 | INFO  |   ✅ Saved: RR_07-27-2026.csv (38 rows)
10:07:26 | INFO  | 
Processing: AUGUST 19, 2026.html
10:07:26 | INFO  |   ✅ Saved: RR_08-19-2026.csv (37 rows)
10:07:26 | INFO  | 
Processing: JUNE 10, 2026.html
10:07:26 | INFO  |   ✅ Saved: RR_06-10-2026.csv (36 rows)
10:07:26 | INFO  | 
Processing: JUNE 11, 2026.html
10:07:26 | INFO  |   ✅ Saved: RR_06-11-2026.csv (36 rows)
10:07:26 | INFO  | 
Processing: JUNE 9, 2026.html
10:07:26 | INFO  |   ✅ Saved: RR_06-09-2026.csv (36 rows)
10:07:26 | INFO  | 
Processing: AUGUST 13, 2026.html
10:07:26 | INFO  |   ✅ Saved: RR_08-13-2026.csv (37 rows)
10:07:26 | INFO  | 
Processing: JULY 30, 2026.html
10:07:26 | INFO  |   ✅ Saved: RR_07-30-2026.csv (38 rows)
10:07:26 | INFO  | 
Processing: JUNE 22, 2026.html
10:07:26 | INFO  |   ✅ Saved: RR_06-22-2026.csv (37 rows)
10:07:26 | INFO  | 
Processing: JULY 15, 2026.html
10:07:26 | INFO  |   ✅ Saved: RR_07-15-2026.csv (37 rows)
10:07:26 | INFO  | 
Processing: AUGUST 3, 2026.html
10:07:26 | INFO  |   ✅ Saved: RR_08-03-2026.csv (37 rows)
10:07:26 | INFO  | 
Processing: JUNE 4, 2026.html
10:07:26 | INFO  |   ✅ Saved: RR_06-04-2026.csv (37 rows)
10:07:26 | INFO  | 
Processing: JULY 16, 2026.html
10:07:26 | INFO  |   ✅ Saved: RR_07-16-2026.csv (37 rows)
10:07:26 | INFO  | 
Processing: AUGUST 21, 2026.html
10:07:26 | INFO  |   ✅ Saved: RR_08-21-2026.csv (37 rows)
10:07:26 | INFO  | 
Processing: AUGUST 4, 2026.html
10:07:26 | INFO  |   ✅ Saved: RR_08-04-2026.csv (37 rows)
10:07:26 | INFO  | 
Processing: JULY 2, 2026.html
10:07:27 | INFO  |   ✅ Saved: RR_07-02-2026.csv (38 rows)
10:07:27 | INFO  | 
Processing: JUNE 5, 2026.html
10:07:27 | INFO  |   ✅ Saved: RR_06-05-2026.csv (37 rows)
10:07:27 | INFO  | 
Processing: AUGUST 27, 2026.html
10:07:27 | INFO  |   ✅ Saved: RR_08-27-2026.csv (37 rows)
10:07:27 | INFO  | 
Processing: AUGUST 5, 2026.html
10:07:27 | INFO  |   ✅ Saved: RR_08-05-2026.csv (37 rows)
10:07:27 | INFO  | 
Processing: JUNE 12, 2026.html
10:07:27 | INFO  |   ✅ Saved: RR_06-12-2026.csv (36 rows)
10:07:27 | INFO  | 
Processing: JULY 6, 2026.html
10:07:27 | INFO  |   ✅ Saved: RR_07-06-2026.csv (37 rows)
10:07:27 | INFO  | 
Processing: JULY 29, 2026.html
10:07:27 | INFO  |   ✅ Saved: RR_07-29-2026.csv (38 rows)
10:07:27 | INFO  | 
Processing: AUGUST 12, 2026.html
10:07:27 | INFO  |   ✅ Saved: RR_08-12-2026.csv (37 rows)
10:07:27 | INFO  | 
Processing: SEPTEMBER 01, 2026.html
10:07:27 | INFO  |   ✅ Saved: RR_09-01-2026.csv (37 rows)
10:07:27 | INFO  | 
Processing: JUNE 24, 2026.html
10:07:27 | INFO  |   ✅ Saved: RR_06-24-2026.csv (37 rows)
10:07:27 | INFO  | 
Processing: JULY 23, 2026.html
10:07:27 | INFO  |   ✅ Saved: RR_07-23-2026.csv (38 rows)
10:07:27 | INFO  | 
Processing: JULY 20, 2026.html
10:07:27 | INFO  |   ✅ Saved: RR_07-20-2026.csv (38 rows)
10:07:27 | INFO  | 
Processing: JUNE 30, 2026.html
10:07:27 | INFO  |   ✅ Saved: RR_06-30-2026.csv (38 rows)
10:07:27 | INFO  | 
Processing: AUGUST 26, 2026.html
10:07:27 | INFO  |   ✅ Saved: RR_08-26-2026.csv (37 rows)
10:07:27 | INFO  | 
Processing: JULY 24, 2026.html
10:07:28 | INFO  |   ✅ Saved: RR_07-24-2026.csv (38 rows)
10:07:28 | INFO  | 
Processing: JULY 14, 2026.html
10:07:28 | INFO  |   ✅ Saved: RR_07-14-2026.csv (37 rows)
10:07:28 | INFO  | 
Processing: AUGUST 31, 2026.html
10:07:28 | INFO  |   ✅ Saved: RR_08-31-2026.csv (37 rows)
10:07:28 | INFO  | 
Processing: JUNE 15, 2026.html
10:07:28 | INFO  |   ✅ Saved: RR_06-15-2026.csv (36 rows)
10:07:28 | INFO  | 
Processing: JULY 17, 2026.html
10:07:28 | INFO  |   ✅ Saved: RR_07-17-2026.csv (38 rows)
10:07:28 | INFO  | 
Processing: AUGUST 28, 2026.html
10:07:28 | INFO  |   ✅ Saved: RR_08-28-2026.csv (37 rows)
10:07:28 | INFO  | 
✅ HTML parsing complete: 64 success, 0 errors
10:07:28 | INFO  | 
======================================================================
10:07:28 | INFO  | STAGE 2: MASTER AGGREGATION
10:07:28 | INFO  | ======================================================================
10:07:28 | INFO  | ✅ Backed up master to: risk_ranges_master_backup_20260903_100728.csv
10:07:28 | INFO  | Loaded existing master: 75,282 rows
10:07:28 | INFO  |   Loaded: RR_09-03-2026.csv (36 rows)
10:07:28 | INFO  |   Loaded: RR_08-20-2026.csv (37 rows)
10:07:28 | INFO  |   Loaded: RR_07-13-2026.csv (37 rows)
10:07:28 | INFO  |   Loaded: RR_07-10-2026.csv (37 rows)
10:07:28 | INFO  |   Loaded: RR_07-08-2026.csv (37 rows)
10:07:28 | INFO  |   Loaded: RR_07-28-2026.csv (38 rows)
10:07:28 | INFO  |   Loaded: RR_08-25-2026.csv (37 rows)
10:07:28 | INFO  |   Loaded: RR_09-02-2026.csv (37 rows)
10:07:28 | INFO  |   Loaded: RR_08-06-2026.csv (37 rows)
10:07:28 | INFO  |   Loaded: RR_07-09-2026.csv (37 rows)
10:07:28 | INFO  |   Loaded: RR_06-17-2026.csv (36 rows)
10:07:28 | INFO  |   Loaded: RR_08-17-2026.csv (37 rows)
10:07:28 | INFO  |   Loaded: RR_07-22-2026.csv (38 rows)
10:07:28 | INFO  |   Loaded: RR_08-18-2026.csv (37 rows)
10:07:28 | INFO  |   Loaded: RR_07-31-2026.csv (37 rows)
10:07:28 | INFO  |   Loaded: RR_08-11-2026.csv (37 rows)
10:07:28 | INFO  |   Loaded: RR_06-29-2026.csv (38 rows)
10:07:28 | INFO  |   Loaded: RR_07-07-2026.csv (37 rows)
10:07:28 | INFO  |   Loaded: RR_08-14-2026.csv (37 rows)
10:07:28 | INFO  |   Loaded: RR_06-23-2026.csv (37 rows)
10:07:28 | INFO  |   Loaded: RR_06-16-2026.csv (36 rows)
10:07:28 | INFO  |   Loaded: RR_07-21-2026.csv (38 rows)
10:07:28 | INFO  |   Loaded: RR_08-07-2026.csv (37 rows)
10:07:28 | INFO  |   Loaded: RR_06-26-2026.csv (38 rows)
10:07:28 | INFO  |   Loaded: RR_06-08-2026.csv (37 rows)
10:07:28 | INFO  |   Loaded: RR_06-25-2026.csv (38 rows)
10:07:28 | INFO  |   Loaded: RR_08-10-2026.csv (37 rows)
10:07:28 | INFO  |   Loaded: RR_06-18-2026.csv (37 rows)
10:07:28 | INFO  |   Loaded: RR_07-01-2026.csv (38 rows)
10:07:28 | INFO  |   Loaded: RR_08-24-2026.csv (37 rows)
10:07:28 | INFO  |   Loaded: RR_07-27-2026.csv (38 rows)
10:07:28 | INFO  |   Loaded: RR_08-19-2026.csv (37 rows)
10:07:28 | INFO  |   Loaded: RR_06-10-2026.csv (36 rows)
10:07:28 | INFO  |   Loaded: RR_06-11-2026.csv (36 rows)
10:07:28 | INFO  |   Loaded: RR_06-09-2026.csv (36 rows)
10:07:28 | INFO  |   Loaded: RR_08-13-2026.csv (37 rows)
10:07:28 | INFO  |   Loaded: RR_07-30-2026.csv (38 rows)
10:07:28 | INFO  |   Loaded: RR_06-22-2026.csv (37 rows)
10:07:28 | INFO  |   Loaded: RR_07-15-2026.csv (37 rows)
10:07:28 | INFO  |   Loaded: RR_08-03-2026.csv (37 rows)
10:07:28 | INFO  |   Loaded: RR_06-04-2026.csv (37 rows)
10:07:28 | INFO  |   Loaded: RR_07-16-2026.csv (37 rows)
10:07:28 | INFO  |   Loaded: RR_08-21-2026.csv (37 rows)
10:07:28 | INFO  |   Loaded: RR_08-04-2026.csv (37 rows)
10:07:28 | INFO  |   Loaded: RR_07-02-2026.csv (38 rows)
10:07:28 | INFO  |   Loaded: RR_06-05-2026.csv (37 rows)
10:07:28 | INFO  |   Loaded: RR_08-27-2026.csv (37 rows)
10:07:28 | INFO  |   Loaded: RR_08-05-2026.csv (37 rows)
10:07:28 | INFO  |   Loaded: RR_06-12-2026.csv (36 rows)
10:07:28 | INFO  |   Loaded: RR_07-06-2026.csv (37 rows)
10:07:28 | INFO  |   Loaded: RR_07-29-2026.csv (38 rows)
10:07:28 | INFO  |   Loaded: RR_08-12-2026.csv (37 rows)
10:07:28 | INFO  |   Loaded: RR_09-01-2026.csv (37 rows)
10:07:28 | INFO  |   Loaded: RR_06-24-2026.csv (37 rows)
10:07:28 | INFO  |   Loaded: RR_07-23-2026.csv (38 rows)
10:07:28 | INFO  |   Loaded: RR_07-20-2026.csv (38 rows)
10:07:28 | INFO  |   Loaded: RR_06-30-2026.csv (38 rows)
10:07:28 | INFO  |   Loaded: RR_08-26-2026.csv (37 rows)
10:07:28 | INFO  |   Loaded: RR_07-24-2026.csv (38 rows)
10:07:28 | INFO  |   Loaded: RR_07-14-2026.csv (37 rows)
10:07:28 | INFO  |   Loaded: RR_08-31-2026.csv (37 rows)
10:07:28 | INFO  |   Loaded: RR_06-15-2026.csv (36 rows)
10:07:28 | INFO  |   Loaded: RR_07-17-2026.csv (38 rows)
10:07:28 | INFO  |   Loaded: RR_08-28-2026.csv (37 rows)
10:07:28 | INFO  | Combined new data: 2376 rows
10:07:28 | INFO  | Removed 2340 duplicate entries
10:07:28 | INFO  | ✅ Saved master CSV: 75,318 total rows
10:07:28 | INFO  |    Date range: 2017-01-03 to 2026-09-03
10:07:28 | INFO  | 
======================================================================
10:07:28 | INFO  | STAGE 3: TICKER SUBSETTING
10:07:28 | INFO  | ======================================================================
10:07:28 | INFO  | Loaded master: 75,318 rows
10:07:28 | INFO  | Creating subsets for 9 tickers
10:07:28 | INFO  |   ✅ UST10Y: 2403 rows | 2017-01-03 to 2026-09-03
10:07:28 | INFO  |   ✅ SPX: 2403 rows | 2017-01-03 to 2026-09-03
10:07:28 | INFO  |   ✅ COMPQ: 2403 rows | 2017-01-03 to 2026-09-03
10:07:28 | INFO  |   ✅ RUT: 2402 rows | 2017-01-03 to 2026-09-03
10:07:28 | INFO  |   ✅ VIX: 2403 rows | 2017-01-03 to 2026-09-03
10:07:28 | INFO  |   ✅ USD: 2403 rows | 2017-01-03 to 2026-09-03
10:07:28 | INFO  |   ✅ GOLD: 2401 rows | 2017-01-03 to 2026-09-03
10:07:28 | INFO  |   ✅ AAPL: 2401 rows | 2017-01-03 to 2026-09-03
10:07:28 | INFO  |   ✅ BITCOIN: 772 rows | 2023-08-01 to 2026-09-03
10:07:28 | INFO  | ✅ Ticker subsetting complete
10:07:28 | INFO  | 
======================================================================
10:07:28 | INFO  | STAGE 4: ENRICHMENT
10:07:28 | INFO  | ======================================================================
10:07:28 | INFO  | Enriching 9 tickers
10:07:28 | INFO  | 
──────────────────────────────────────────────────────────────────────
10:07:28 | INFO  | Enriching: SPX
10:07:28 | INFO  | ──────────────────────────────────────────────────────────────────────
10:07:28 | INFO  |   Loaded 2403 rows from SPX.csv
10:07:28 | INFO  |   Yahoo ticker: ^GSPC
10:07:28 | INFO  |   OHLC prefix: GSPC
10:07:28 | INFO  |   Vol prefix: VIX
10:07:28 | INFO  |   Downloading ^GSPC OHLC...
10:07:29 | INFO  |     Downloaded 2431 days (2017-01-03 to 2026-09-03)
10:07:29 | INFO  |   Downloading ^VIX volatility...
10:07:29 | INFO  |     Downloaded 2432 days (2017-01-03 to 2026-09-03)
10:07:29 | WARNING |   ⚠️  28 trading days missing from original CSV
10:07:30 | INFO  |   ✓ Enrichment complete: 2431 rows
10:07:30 | INFO  |   ✅ Saved: SPX_enriched.csv (2431 rows)
10:07:30 | WARNING |   ⚠️  28 rows need manual update
10:07:30 | INFO  | 
──────────────────────────────────────────────────────────────────────
10:07:30 | INFO  | Enriching: GOLD
10:07:30 | INFO  | ──────────────────────────────────────────────────────────────────────
10:07:30 | INFO  |   Loaded 2401 rows from GOLD.csv
10:07:30 | INFO  |   Yahoo ticker: GC=F
10:07:30 | INFO  |   OHLC prefix: GC
10:07:30 | INFO  |   Vol prefix: GVZ
10:07:30 | INFO  |   Downloading GC=F OHLC...
10:07:30 | INFO  |     Downloaded 2432 days (2017-01-03 to 2026-09-03)
10:07:30 | INFO  |   Downloading ^GVZ volatility...
10:07:30 | INFO  |     Downloaded 2431 days (2017-01-03 to 2026-09-03)
10:07:30 | WARNING |   ⚠️  32 trading days missing from original CSV
10:07:30 | INFO  |   ✓ Enrichment complete: 2432 rows
10:07:30 | INFO  |   ✅ Saved: GOLD_enriched.csv (2432 rows)
10:07:30 | WARNING |   ⚠️  32 rows need manual update
10:07:30 | INFO  | 
──────────────────────────────────────────────────────────────────────
10:07:30 | INFO  | Enriching: UST10Y
10:07:30 | INFO  | ──────────────────────────────────────────────────────────────────────
10:07:30 | INFO  |   Loaded 2403 rows from UST10Y.csv
10:07:30 | INFO  |   Yahoo ticker: ^TNX
10:07:30 | INFO  |   OHLC prefix: TNX
10:07:30 | INFO  |   Vol prefix: VIX
10:07:30 | INFO  |   Downloading ^TNX OHLC...
10:07:31 | INFO  |     Downloaded 2431 days (2017-01-03 to 2026-09-03)
10:07:31 | INFO  |   Downloading ^VIX volatility...
10:07:31 | INFO  |     Downloaded 2432 days (2017-01-03 to 2026-09-03)
10:07:31 | WARNING |   ⚠️  28 trading days missing from original CSV
10:07:31 | INFO  |   ✓ Enrichment complete: 2431 rows
10:07:31 | INFO  |   ✅ Saved: UST10Y_enriched.csv (2431 rows)
10:07:31 | WARNING |   ⚠️  28 rows need manual update
10:07:31 | INFO  | 
──────────────────────────────────────────────────────────────────────
10:07:31 | INFO  | Enriching: COMPQ
10:07:31 | INFO  | ──────────────────────────────────────────────────────────────────────
10:07:31 | INFO  |   Loaded 2403 rows from COMPQ.csv
10:07:31 | INFO  |   Yahoo ticker: ^IXIC
10:07:31 | INFO  |   OHLC prefix: IXIC
10:07:31 | INFO  |   Vol prefix: VIX
10:07:31 | INFO  |   Downloading ^IXIC OHLC...
10:07:31 | INFO  |     Downloaded 2431 days (2017-01-03 to 2026-09-03)
10:07:31 | INFO  |   Downloading ^VIX volatility...
10:07:32 | INFO  |     Downloaded 2432 days (2017-01-03 to 2026-09-03)
10:07:32 | WARNING |   ⚠️  28 trading days missing from original CSV
10:07:32 | INFO  |   ✓ Enrichment complete: 2431 rows
10:07:32 | INFO  |   ✅ Saved: COMPQ_enriched.csv (2431 rows)
10:07:32 | WARNING |   ⚠️  28 rows need manual update
10:07:32 | INFO  | 
──────────────────────────────────────────────────────────────────────
10:07:32 | INFO  | Enriching: RUT
10:07:32 | INFO  | ──────────────────────────────────────────────────────────────────────
10:07:32 | INFO  |   Loaded 2402 rows from RUT.csv
10:07:32 | INFO  |   Yahoo ticker: ^RUT
10:07:32 | INFO  |   OHLC prefix: RUT
10:07:32 | INFO  |   Vol prefix: VIX
10:07:32 | INFO  |   Downloading ^RUT OHLC...
10:07:32 | INFO  |     Downloaded 2431 days (2017-01-03 to 2026-09-03)
10:07:32 | INFO  |   Downloading ^VIX volatility...
10:07:32 | INFO  |     Downloaded 2432 days (2017-01-03 to 2026-09-03)
10:07:32 | WARNING |   ⚠️  29 trading days missing from original CSV
10:07:32 | INFO  |   ✓ Enrichment complete: 2431 rows
10:07:32 | INFO  |   ✅ Saved: RUT_enriched.csv (2431 rows)
10:07:32 | WARNING |   ⚠️  29 rows need manual update
10:07:32 | INFO  | 
──────────────────────────────────────────────────────────────────────
10:07:32 | INFO  | Enriching: VIX
10:07:32 | INFO  | ──────────────────────────────────────────────────────────────────────
10:07:32 | INFO  |   Loaded 2403 rows from VIX.csv
10:07:32 | INFO  |   Yahoo ticker: ^VIX
10:07:32 | INFO  |   OHLC prefix: VIX
10:07:32 | INFO  |   Vol prefix: VIXI
10:07:32 | INFO  |   Downloading ^VIX OHLC...
10:07:32 | INFO  |     Downloaded 2432 days (2017-01-03 to 2026-09-03)
10:07:32 | INFO  |   Downloading ^VIX volatility...
10:07:32 | INFO  |     Downloaded 2432 days (2017-01-03 to 2026-09-03)
10:07:32 | WARNING |   ⚠️  29 trading days missing from original CSV
10:07:32 | INFO  |   ✓ Enrichment complete: 2432 rows
10:07:32 | INFO  |   ✅ Saved: VIX_enriched.csv (2432 rows)
10:07:32 | WARNING |   ⚠️  29 rows need manual update
10:07:32 | INFO  | 
──────────────────────────────────────────────────────────────────────
10:07:32 | INFO  | Enriching: USD
10:07:32 | INFO  | ──────────────────────────────────────────────────────────────────────
10:07:32 | INFO  |   Loaded 2403 rows from USD.csv
10:07:32 | INFO  |   Yahoo ticker: DX-Y.NYB
10:07:32 | INFO  |   OHLC prefix: DX
10:07:32 | INFO  |   Vol prefix: VIX
10:07:32 | INFO  |   Downloading DX-Y.NYB OHLC...
10:07:33 | INFO  |     Downloaded 2433 days (2017-01-03 to 2026-09-03)
10:07:33 | INFO  |   Downloading ^VIX volatility...
10:07:33 | INFO  |     Downloaded 2432 days (2017-01-03 to 2026-09-03)
10:07:33 | WARNING |   ⚠️  30 trading days missing from original CSV
10:07:33 | INFO  |   ✓ Enrichment complete: 2433 rows
10:07:33 | INFO  |   ✅ Saved: USD_enriched.csv (2433 rows)
10:07:33 | WARNING |   ⚠️  30 rows need manual update
10:07:33 | INFO  | 
──────────────────────────────────────────────────────────────────────
10:07:33 | INFO  | Enriching: AAPL
10:07:33 | INFO  | ──────────────────────────────────────────────────────────────────────
10:07:33 | INFO  |   Loaded 2401 rows from AAPL.csv
10:07:33 | INFO  |   Yahoo ticker: AAPL
10:07:33 | INFO  |   OHLC prefix: AAPL
10:07:33 | INFO  |   Vol prefix: VIX
10:07:33 | INFO  |   Downloading AAPL OHLC...
10:07:33 | INFO  |     Downloaded 2431 days (2017-01-03 to 2026-09-03)
10:07:33 | INFO  |   Downloading ^VIX volatility...
10:07:33 | INFO  |     Downloaded 2432 days (2017-01-03 to 2026-09-03)
10:07:33 | WARNING |   ⚠️  30 trading days missing from original CSV
10:07:33 | INFO  |   ✓ Enrichment complete: 2431 rows
10:07:33 | INFO  |   ✅ Saved: AAPL_enriched.csv (2431 rows)
10:07:33 | WARNING |   ⚠️  30 rows need manual update
10:07:33 | INFO  | 
──────────────────────────────────────────────────────────────────────
10:07:33 | INFO  | Enriching: BITCOIN
10:07:33 | INFO  | ──────────────────────────────────────────────────────────────────────
10:07:33 | INFO  |   Loaded 772 rows from BITCOIN.csv
10:07:33 | INFO  |   ⚠️  Row count changed (3531 → 772) - re-enriching
10:07:33 | INFO  |   Yahoo ticker: BTC-USD
10:07:33 | INFO  |   OHLC prefix: BTC
10:07:33 | INFO  |   Vol prefix: VIX
10:07:33 | INFO  |   Downloading BTC-USD OHLC...
10:07:34 | INFO  |     Downloaded 3532 days (2017-01-02 to 2026-09-03)
10:07:34 | INFO  |   Downloading ^VIX volatility...
10:07:34 | INFO  |     Downloaded 2432 days (2017-01-03 to 2026-09-03)
10:07:34 | WARNING |   ⚠️  2760 trading days missing from original CSV
10:07:34 | INFO  |   ✓ Enrichment complete: 3532 rows
10:07:34 | INFO  |   ✅ Saved: BITCOIN_enriched.csv (3532 rows)
10:07:34 | WARNING |   ⚠️  2760 rows need manual update
10:07:34 | INFO  | 
======================================================================
10:07:34 | INFO  | ✅ Enrichment complete:
10:07:34 | INFO  |    Success: 9
10:07:34 | INFO  |    Skipped (up-to-date): 0
10:07:34 | INFO  |    Errors:  0
10:07:34 | INFO  | ======================================================================
10:07:34 | INFO  | 
======================================================================
10:07:34 | INFO  | ✅ PIPELINE COMPLETE
10:07:34 | INFO  | ======================================================================
