09:37:08 | INFO  | ======================================================================
09:37:08 | INFO  | ETL PIPELINE START
09:37:08 | INFO  | ======================================================================
09:37:08 | INFO  | 
📋 PIPELINE PLAN:
09:37:08 | INFO  |    HTML Files: 65 new / 65 total
09:37:08 | INFO  |    Master needs propagation: False
09:37:08 | INFO  | 
======================================================================
09:37:08 | INFO  | STAGE 1: HTML PARSING
09:37:08 | INFO  | ======================================================================
09:37:08 | INFO  | 
Processing: SEPTEMBER 03, 2026.html
09:37:08 | INFO  |   ✅ Saved: RR_09-03-2026.csv (36 rows)
09:37:08 | INFO  | 
Processing: AUGUST 20, 2026.html
09:37:08 | INFO  |   ✅ Saved: RR_08-20-2026.csv (37 rows)
09:37:08 | INFO  | 
Processing: JULY 13, 2026.html
09:37:08 | INFO  |   ✅ Saved: RR_07-13-2026.csv (37 rows)
09:37:08 | INFO  | 
Processing: JULY 10, 2026.html
09:37:08 | INFO  |   ✅ Saved: RR_07-10-2026.csv (37 rows)
09:37:08 | INFO  | 
Processing: JULY 8, 2026.html
09:37:08 | INFO  |   ✅ Saved: RR_07-08-2026.csv (37 rows)
09:37:08 | INFO  | 
Processing: JULY 28, 2026.html
09:37:08 | INFO  |   ✅ Saved: RR_07-28-2026.csv (38 rows)
09:37:08 | INFO  | 
Processing: AUGUST 25, 2026.html
09:37:09 | INFO  |   ✅ Saved: RR_08-25-2026.csv (37 rows)
09:37:09 | INFO  | 
Processing: SEPTEMBER 02, 2026.html
09:37:09 | INFO  |   ✅ Saved: RR_09-02-2026.csv (37 rows)
09:37:09 | INFO  | 
Processing: AUGUST 6, 2026.html
09:37:09 | INFO  |   ✅ Saved: RR_08-06-2026.csv (37 rows)
09:37:09 | INFO  | 
Processing: JULY 9, 2026.html
09:37:09 | INFO  |   ✅ Saved: RR_07-09-2026.csv (37 rows)
09:37:09 | INFO  | 
Processing: JUNE 17, 2026.html
09:37:09 | INFO  |   ✅ Saved: RR_06-17-2026.csv (36 rows)
09:37:09 | INFO  | 
Processing: AUGUST 17, 2026.html
09:37:09 | INFO  |   ✅ Saved: RR_08-17-2026.csv (37 rows)
09:37:09 | INFO  | 
Processing: JULY 22, 2026.html
09:37:09 | INFO  |   ✅ Saved: RR_07-22-2026.csv (38 rows)
09:37:09 | INFO  | 
Processing: AUGUST 18, 2026.html
09:37:09 | INFO  |   ✅ Saved: RR_08-18-2026.csv (37 rows)
09:37:09 | INFO  | 
Processing: JULY 31, 2026.html
09:37:09 | INFO  |   ✅ Saved: RR_07-31-2026.csv (37 rows)
09:37:09 | INFO  | 
Processing: AUGUST 11, 2026.html
09:37:09 | INFO  |   ✅ Saved: RR_08-11-2026.csv (37 rows)
09:37:09 | INFO  | 
Processing: JUNE 29, 2026.html
09:37:09 | INFO  |   ✅ Saved: RR_06-29-2026.csv (38 rows)
09:37:09 | INFO  | 
Processing: JULY 7, 2026.html
09:37:09 | INFO  |   ✅ Saved: RR_07-07-2026.csv (37 rows)
09:37:09 | INFO  | 
Processing: AUGUST 14, 2026.html
09:37:09 | INFO  |   ✅ Saved: RR_08-14-2026.csv (37 rows)
09:37:09 | INFO  | 
Processing: JUNE 23, 2026.html
09:37:09 | INFO  |   ✅ Saved: RR_06-23-2026.csv (37 rows)
09:37:09 | INFO  | 
Processing: JUNE 16, 2026.html
09:37:10 | INFO  |   ✅ Saved: RR_06-16-2026.csv (36 rows)
09:37:10 | INFO  | 
Processing: JULY 21, 2026.html
09:37:10 | INFO  |   ✅ Saved: RR_07-21-2026.csv (38 rows)
09:37:10 | INFO  | 
Processing: AUGUST 7, 2026.html
09:37:10 | INFO  |   ✅ Saved: RR_08-07-2026.csv (37 rows)
09:37:10 | INFO  | 
Processing: JUNE 26, 2026.html
09:37:10 | INFO  |   ✅ Saved: RR_06-26-2026.csv (38 rows)
09:37:10 | INFO  | 
Processing: JUNE 8, 2026.html
09:37:10 | INFO  |   ✅ Saved: RR_06-08-2026.csv (37 rows)
09:37:10 | INFO  | 
Processing: JUNE 25, 2026.html
09:37:10 | INFO  |   ✅ Saved: RR_06-25-2026.csv (38 rows)
09:37:10 | INFO  | 
Processing: AUGUST 10, 2026.html
09:37:10 | INFO  |   ✅ Saved: RR_08-10-2026.csv (37 rows)
09:37:10 | INFO  | 
Processing: JUNE 18, 2026.html
09:37:10 | INFO  |   ✅ Saved: RR_06-18-2026.csv (37 rows)
09:37:10 | INFO  | 
Processing: JULY 1, 2026.html
09:37:10 | INFO  |   ✅ Saved: RR_07-01-2026.csv (38 rows)
09:37:10 | INFO  | 
Processing: AUGUST 24, 2026.html
09:37:10 | INFO  |   ✅ Saved: RR_08-24-2026.csv (37 rows)
09:37:10 | INFO  | 
Processing: JULY 27, 2026.html
09:37:10 | INFO  |   ✅ Saved: RR_07-27-2026.csv (38 rows)
09:37:10 | INFO  | 
Processing: AUGUST 19, 2026.html
09:37:10 | INFO  |   ✅ Saved: RR_08-19-2026.csv (37 rows)
09:37:10 | INFO  | 
Processing: JUNE 10, 2026.html
09:37:10 | INFO  |   ✅ Saved: RR_06-10-2026.csv (36 rows)
09:37:10 | INFO  | 
Processing: JUNE 11, 2026.html
09:37:11 | INFO  |   ✅ Saved: RR_06-11-2026.csv (36 rows)
09:37:11 | INFO  | 
Processing: JUNE 9, 2026.html
09:37:11 | INFO  |   ✅ Saved: RR_06-09-2026.csv (36 rows)
09:37:11 | INFO  | 
Processing: AUGUST 13, 2026.html
09:37:11 | INFO  |   ✅ Saved: RR_08-13-2026.csv (37 rows)
09:37:11 | INFO  | 
Processing: JULY 30, 2026.html
09:37:11 | INFO  |   ✅ Saved: RR_07-30-2026.csv (38 rows)
09:37:11 | INFO  | 
Processing: JUNE 22, 2026.html
09:37:11 | INFO  |   ✅ Saved: RR_06-22-2026.csv (37 rows)
09:37:11 | INFO  | 
Processing: JULY 15, 2026.html
09:37:11 | INFO  |   ✅ Saved: RR_07-15-2026.csv (37 rows)
09:37:11 | INFO  | 
Processing: AUGUST 3, 2026.html
09:37:11 | INFO  |   ✅ Saved: RR_08-03-2026.csv (37 rows)
09:37:11 | INFO  | 
Processing: SEPTEMBER 04, 2026.html
09:37:11 | INFO  |   ✅ Saved: RR_09-04-2026.csv (37 rows)
09:37:11 | INFO  | 
Processing: JUNE 4, 2026.html
09:37:11 | INFO  |   ✅ Saved: RR_06-04-2026.csv (37 rows)
09:37:11 | INFO  | 
Processing: JULY 16, 2026.html
09:37:11 | INFO  |   ✅ Saved: RR_07-16-2026.csv (37 rows)
09:37:11 | INFO  | 
Processing: AUGUST 21, 2026.html
09:37:11 | INFO  |   ✅ Saved: RR_08-21-2026.csv (37 rows)
09:37:11 | INFO  | 
Processing: AUGUST 4, 2026.html
09:37:11 | INFO  |   ✅ Saved: RR_08-04-2026.csv (37 rows)
09:37:11 | INFO  | 
Processing: JULY 2, 2026.html
09:37:11 | INFO  |   ✅ Saved: RR_07-02-2026.csv (38 rows)
09:37:11 | INFO  | 
Processing: JUNE 5, 2026.html
09:37:12 | INFO  |   ✅ Saved: RR_06-05-2026.csv (37 rows)
09:37:12 | INFO  | 
Processing: AUGUST 27, 2026.html
09:37:12 | INFO  |   ✅ Saved: RR_08-27-2026.csv (37 rows)
09:37:12 | INFO  | 
Processing: AUGUST 5, 2026.html
09:37:12 | INFO  |   ✅ Saved: RR_08-05-2026.csv (37 rows)
09:37:12 | INFO  | 
Processing: JUNE 12, 2026.html
09:37:12 | INFO  |   ✅ Saved: RR_06-12-2026.csv (36 rows)
09:37:12 | INFO  | 
Processing: JULY 6, 2026.html
09:37:12 | INFO  |   ✅ Saved: RR_07-06-2026.csv (37 rows)
09:37:12 | INFO  | 
Processing: JULY 29, 2026.html
09:37:12 | INFO  |   ✅ Saved: RR_07-29-2026.csv (38 rows)
09:37:12 | INFO  | 
Processing: AUGUST 12, 2026.html
09:37:12 | INFO  |   ✅ Saved: RR_08-12-2026.csv (37 rows)
09:37:12 | INFO  | 
Processing: SEPTEMBER 01, 2026.html
09:37:12 | INFO  |   ✅ Saved: RR_09-01-2026.csv (37 rows)
09:37:12 | INFO  | 
Processing: JUNE 24, 2026.html
09:37:12 | INFO  |   ✅ Saved: RR_06-24-2026.csv (37 rows)
09:37:12 | INFO  | 
Processing: JULY 23, 2026.html
09:37:12 | INFO  |   ✅ Saved: RR_07-23-2026.csv (38 rows)
09:37:12 | INFO  | 
Processing: JULY 20, 2026.html
09:37:12 | INFO  |   ✅ Saved: RR_07-20-2026.csv (38 rows)
09:37:12 | INFO  | 
Processing: JUNE 30, 2026.html
09:37:12 | INFO  |   ✅ Saved: RR_06-30-2026.csv (38 rows)
09:37:12 | INFO  | 
Processing: AUGUST 26, 2026.html
09:37:12 | INFO  |   ✅ Saved: RR_08-26-2026.csv (37 rows)
09:37:12 | INFO  | 
Processing: JULY 24, 2026.html
09:37:13 | INFO  |   ✅ Saved: RR_07-24-2026.csv (38 rows)
09:37:13 | INFO  | 
Processing: JULY 14, 2026.html
09:37:13 | INFO  |   ✅ Saved: RR_07-14-2026.csv (37 rows)
09:37:13 | INFO  | 
Processing: AUGUST 31, 2026.html
09:37:13 | INFO  |   ✅ Saved: RR_08-31-2026.csv (37 rows)
09:37:13 | INFO  | 
Processing: JUNE 15, 2026.html
09:37:13 | INFO  |   ✅ Saved: RR_06-15-2026.csv (36 rows)
09:37:13 | INFO  | 
Processing: JULY 17, 2026.html
09:37:13 | INFO  |   ✅ Saved: RR_07-17-2026.csv (38 rows)
09:37:13 | INFO  | 
Processing: AUGUST 28, 2026.html
09:37:13 | INFO  |   ✅ Saved: RR_08-28-2026.csv (37 rows)
09:37:13 | INFO  | 
✅ HTML parsing complete: 65 success, 0 errors
09:37:13 | INFO  | 
======================================================================
09:37:13 | INFO  | STAGE 2: MASTER AGGREGATION
09:37:13 | INFO  | ======================================================================
09:37:13 | INFO  | ✅ Backed up master to: risk_ranges_master_backup_20260904_093713.csv
09:37:13 | INFO  | Loaded existing master: 75,318 rows
09:37:13 | INFO  |   Loaded: RR_09-03-2026.csv (36 rows)
09:37:13 | INFO  |   Loaded: RR_08-20-2026.csv (37 rows)
09:37:13 | INFO  |   Loaded: RR_07-13-2026.csv (37 rows)
09:37:13 | INFO  |   Loaded: RR_07-10-2026.csv (37 rows)
09:37:13 | INFO  |   Loaded: RR_07-08-2026.csv (37 rows)
09:37:13 | INFO  |   Loaded: RR_07-28-2026.csv (38 rows)
09:37:13 | INFO  |   Loaded: RR_08-25-2026.csv (37 rows)
09:37:13 | INFO  |   Loaded: RR_09-02-2026.csv (37 rows)
09:37:13 | INFO  |   Loaded: RR_08-06-2026.csv (37 rows)
09:37:13 | INFO  |   Loaded: RR_07-09-2026.csv (37 rows)
09:37:13 | INFO  |   Loaded: RR_06-17-2026.csv (36 rows)
09:37:13 | INFO  |   Loaded: RR_08-17-2026.csv (37 rows)
09:37:13 | INFO  |   Loaded: RR_07-22-2026.csv (38 rows)
09:37:13 | INFO  |   Loaded: RR_08-18-2026.csv (37 rows)
09:37:13 | INFO  |   Loaded: RR_07-31-2026.csv (37 rows)
09:37:13 | INFO  |   Loaded: RR_08-11-2026.csv (37 rows)
09:37:13 | INFO  |   Loaded: RR_06-29-2026.csv (38 rows)
09:37:13 | INFO  |   Loaded: RR_07-07-2026.csv (37 rows)
09:37:13 | INFO  |   Loaded: RR_08-14-2026.csv (37 rows)
09:37:13 | INFO  |   Loaded: RR_06-23-2026.csv (37 rows)
09:37:13 | INFO  |   Loaded: RR_06-16-2026.csv (36 rows)
09:37:13 | INFO  |   Loaded: RR_07-21-2026.csv (38 rows)
09:37:13 | INFO  |   Loaded: RR_08-07-2026.csv (37 rows)
09:37:13 | INFO  |   Loaded: RR_06-26-2026.csv (38 rows)
09:37:13 | INFO  |   Loaded: RR_06-08-2026.csv (37 rows)
09:37:13 | INFO  |   Loaded: RR_06-25-2026.csv (38 rows)
09:37:13 | INFO  |   Loaded: RR_08-10-2026.csv (37 rows)
09:37:13 | INFO  |   Loaded: RR_06-18-2026.csv (37 rows)
09:37:13 | INFO  |   Loaded: RR_07-01-2026.csv (38 rows)
09:37:13 | INFO  |   Loaded: RR_08-24-2026.csv (37 rows)
09:37:13 | INFO  |   Loaded: RR_07-27-2026.csv (38 rows)
09:37:13 | INFO  |   Loaded: RR_08-19-2026.csv (37 rows)
09:37:13 | INFO  |   Loaded: RR_06-10-2026.csv (36 rows)
09:37:13 | INFO  |   Loaded: RR_06-11-2026.csv (36 rows)
09:37:13 | INFO  |   Loaded: RR_06-09-2026.csv (36 rows)
09:37:13 | INFO  |   Loaded: RR_08-13-2026.csv (37 rows)
09:37:13 | INFO  |   Loaded: RR_07-30-2026.csv (38 rows)
09:37:13 | INFO  |   Loaded: RR_06-22-2026.csv (37 rows)
09:37:13 | INFO  |   Loaded: RR_07-15-2026.csv (37 rows)
09:37:13 | INFO  |   Loaded: RR_08-03-2026.csv (37 rows)
09:37:13 | INFO  |   Loaded: RR_09-04-2026.csv (37 rows)
09:37:13 | INFO  |   Loaded: RR_06-04-2026.csv (37 rows)
09:37:13 | INFO  |   Loaded: RR_07-16-2026.csv (37 rows)
09:37:13 | INFO  |   Loaded: RR_08-21-2026.csv (37 rows)
09:37:13 | INFO  |   Loaded: RR_08-04-2026.csv (37 rows)
09:37:13 | INFO  |   Loaded: RR_07-02-2026.csv (38 rows)
09:37:13 | INFO  |   Loaded: RR_06-05-2026.csv (37 rows)
09:37:13 | INFO  |   Loaded: RR_08-27-2026.csv (37 rows)
09:37:13 | INFO  |   Loaded: RR_08-05-2026.csv (37 rows)
09:37:13 | INFO  |   Loaded: RR_06-12-2026.csv (36 rows)
09:37:13 | INFO  |   Loaded: RR_07-06-2026.csv (37 rows)
09:37:13 | INFO  |   Loaded: RR_07-29-2026.csv (38 rows)
09:37:13 | INFO  |   Loaded: RR_08-12-2026.csv (37 rows)
09:37:13 | INFO  |   Loaded: RR_09-01-2026.csv (37 rows)
09:37:13 | INFO  |   Loaded: RR_06-24-2026.csv (37 rows)
09:37:13 | INFO  |   Loaded: RR_07-23-2026.csv (38 rows)
09:37:13 | INFO  |   Loaded: RR_07-20-2026.csv (38 rows)
09:37:13 | INFO  |   Loaded: RR_06-30-2026.csv (38 rows)
09:37:13 | INFO  |   Loaded: RR_08-26-2026.csv (37 rows)
09:37:13 | INFO  |   Loaded: RR_07-24-2026.csv (38 rows)
09:37:13 | INFO  |   Loaded: RR_07-14-2026.csv (37 rows)
09:37:13 | INFO  |   Loaded: RR_08-31-2026.csv (37 rows)
09:37:13 | INFO  |   Loaded: RR_06-15-2026.csv (36 rows)
09:37:13 | INFO  |   Loaded: RR_07-17-2026.csv (38 rows)
09:37:13 | INFO  |   Loaded: RR_08-28-2026.csv (37 rows)
09:37:13 | INFO  | Combined new data: 2413 rows
09:37:13 | INFO  | Removed 2376 duplicate entries
09:37:13 | INFO  | ✅ Saved master CSV: 75,355 total rows
09:37:13 | INFO  |    Date range: 2017-01-03 to 2026-09-04
09:37:13 | INFO  | 
======================================================================
09:37:13 | INFO  | STAGE 3: TICKER SUBSETTING
09:37:13 | INFO  | ======================================================================
09:37:13 | INFO  | Loaded master: 75,355 rows
09:37:13 | INFO  | Creating subsets for 9 tickers
09:37:13 | INFO  |   ✅ UST10Y: 2404 rows | 2017-01-03 to 2026-09-04
09:37:13 | INFO  |   ✅ SPX: 2404 rows | 2017-01-03 to 2026-09-04
09:37:13 | INFO  |   ✅ COMPQ: 2404 rows | 2017-01-03 to 2026-09-04
09:37:14 | INFO  |   ✅ RUT: 2403 rows | 2017-01-03 to 2026-09-04
09:37:14 | INFO  |   ✅ VIX: 2404 rows | 2017-01-03 to 2026-09-04
09:37:14 | INFO  |   ✅ USD: 2404 rows | 2017-01-03 to 2026-09-04
09:37:14 | INFO  |   ✅ GOLD: 2402 rows | 2017-01-03 to 2026-09-04
09:37:14 | INFO  |   ✅ AAPL: 2402 rows | 2017-01-03 to 2026-09-04
09:37:14 | INFO  |   ✅ BITCOIN: 773 rows | 2023-08-01 to 2026-09-04
09:37:14 | INFO  | ✅ Ticker subsetting complete
09:37:14 | INFO  | 
======================================================================
09:37:14 | INFO  | STAGE 4: ENRICHMENT
09:37:14 | INFO  | ======================================================================
09:37:14 | INFO  | Enriching 9 tickers
09:37:14 | INFO  | 
──────────────────────────────────────────────────────────────────────
09:37:14 | INFO  | Enriching: SPX
09:37:14 | INFO  | ──────────────────────────────────────────────────────────────────────
09:37:14 | INFO  |   Loaded 2404 rows from SPX.csv
09:37:14 | INFO  |   Yahoo ticker: ^GSPC
09:37:14 | INFO  |   OHLC prefix: GSPC
09:37:14 | INFO  |   Vol prefix: VIX
09:37:14 | INFO  |   Downloading ^GSPC OHLC...
09:37:14 | INFO  |     Downloaded 2432 days (2017-01-03 to 2026-09-04)
09:37:14 | INFO  |   Downloading ^VIX volatility...
09:37:14 | INFO  |     Downloaded 2433 days (2017-01-03 to 2026-09-04)
09:37:14 | WARNING |   ⚠️  28 trading days missing from original CSV
09:37:14 | INFO  |   ✓ Enrichment complete: 2432 rows
09:37:14 | INFO  |   ✅ Saved: SPX_enriched.csv (2432 rows)
09:37:14 | WARNING |   ⚠️  28 rows need manual update
09:37:14 | INFO  | 
──────────────────────────────────────────────────────────────────────
09:37:14 | INFO  | Enriching: GOLD
09:37:14 | INFO  | ──────────────────────────────────────────────────────────────────────
09:37:15 | INFO  |   Loaded 2402 rows from GOLD.csv
09:37:15 | INFO  |   Yahoo ticker: GC=F
09:37:15 | INFO  |   OHLC prefix: GC
09:37:15 | INFO  |   Vol prefix: GVZ
09:37:15 | INFO  |   Downloading GC=F OHLC...
09:37:15 | INFO  |     Downloaded 2433 days (2017-01-03 to 2026-09-04)
09:37:15 | INFO  |   Downloading ^GVZ volatility...
09:37:15 | INFO  |     Downloaded 2431 days (2017-01-03 to 2026-09-03)
09:37:15 | WARNING |   ⚠️  32 trading days missing from original CSV
09:37:15 | INFO  |   ✓ Enrichment complete: 2433 rows
09:37:15 | INFO  |   ✅ Saved: GOLD_enriched.csv (2433 rows)
09:37:15 | WARNING |   ⚠️  32 rows need manual update
09:37:15 | INFO  | 
──────────────────────────────────────────────────────────────────────
09:37:15 | INFO  | Enriching: UST10Y
09:37:15 | INFO  | ──────────────────────────────────────────────────────────────────────
09:37:15 | INFO  |   Loaded 2404 rows from UST10Y.csv
09:37:15 | INFO  |   Yahoo ticker: ^TNX
09:37:15 | INFO  |   OHLC prefix: TNX
09:37:15 | INFO  |   Vol prefix: VIX
09:37:15 | INFO  |   Downloading ^TNX OHLC...
09:37:16 | INFO  |     Downloaded 2432 days (2017-01-03 to 2026-09-04)
09:37:16 | INFO  |   Downloading ^VIX volatility...
09:37:16 | INFO  |     Downloaded 2433 days (2017-01-03 to 2026-09-04)
09:37:16 | WARNING |   ⚠️  28 trading days missing from original CSV
09:37:16 | INFO  |   ✓ Enrichment complete: 2432 rows
09:37:16 | INFO  |   ✅ Saved: UST10Y_enriched.csv (2432 rows)
09:37:16 | WARNING |   ⚠️  28 rows need manual update
09:37:16 | INFO  | 
──────────────────────────────────────────────────────────────────────
09:37:16 | INFO  | Enriching: COMPQ
09:37:16 | INFO  | ──────────────────────────────────────────────────────────────────────
09:37:16 | INFO  |   Loaded 2404 rows from COMPQ.csv
09:37:16 | INFO  |   Yahoo ticker: ^IXIC
09:37:16 | INFO  |   OHLC prefix: IXIC
09:37:16 | INFO  |   Vol prefix: VIX
09:37:16 | INFO  |   Downloading ^IXIC OHLC...
09:37:16 | INFO  |     Downloaded 2432 days (2017-01-03 to 2026-09-04)
09:37:16 | INFO  |   Downloading ^VIX volatility...
09:37:16 | INFO  |     Downloaded 2433 days (2017-01-03 to 2026-09-04)
09:37:16 | WARNING |   ⚠️  28 trading days missing from original CSV
09:37:16 | INFO  |   ✓ Enrichment complete: 2432 rows
09:37:16 | INFO  |   ✅ Saved: COMPQ_enriched.csv (2432 rows)
09:37:16 | WARNING |   ⚠️  28 rows need manual update
09:37:16 | INFO  | 
──────────────────────────────────────────────────────────────────────
09:37:16 | INFO  | Enriching: RUT
09:37:16 | INFO  | ──────────────────────────────────────────────────────────────────────
09:37:16 | INFO  |   Loaded 2403 rows from RUT.csv
09:37:16 | INFO  |   Yahoo ticker: ^RUT
09:37:16 | INFO  |   OHLC prefix: RUT
09:37:16 | INFO  |   Vol prefix: VIX
09:37:16 | INFO  |   Downloading ^RUT OHLC...
09:37:17 | INFO  |     Downloaded 2431 days (2017-01-03 to 2026-09-03)
09:37:17 | INFO  |   Downloading ^VIX volatility...
09:37:17 | INFO  |     Downloaded 2433 days (2017-01-03 to 2026-09-04)
09:37:17 | WARNING |   ⚠️  29 trading days missing from original CSV
09:37:17 | INFO  |   ✓ Enrichment complete: 2431 rows
09:37:17 | INFO  |   ✅ Saved: RUT_enriched.csv (2431 rows)
09:37:17 | WARNING |   ⚠️  29 rows need manual update
09:37:17 | INFO  | 
──────────────────────────────────────────────────────────────────────
09:37:17 | INFO  | Enriching: VIX
09:37:17 | INFO  | ──────────────────────────────────────────────────────────────────────
09:37:17 | INFO  |   Loaded 2404 rows from VIX.csv
09:37:17 | INFO  |   Yahoo ticker: ^VIX
09:37:17 | INFO  |   OHLC prefix: VIX
09:37:17 | INFO  |   Vol prefix: VIXI
09:37:17 | INFO  |   Downloading ^VIX OHLC...
09:37:17 | INFO  |     Downloaded 2433 days (2017-01-03 to 2026-09-04)
09:37:17 | INFO  |   Downloading ^VIX volatility...
09:37:17 | INFO  |     Downloaded 2433 days (2017-01-03 to 2026-09-04)
09:37:17 | WARNING |   ⚠️  29 trading days missing from original CSV
09:37:17 | INFO  |   ✓ Enrichment complete: 2433 rows
09:37:17 | INFO  |   ✅ Saved: VIX_enriched.csv (2433 rows)
09:37:17 | WARNING |   ⚠️  29 rows need manual update
09:37:17 | INFO  | 
──────────────────────────────────────────────────────────────────────
09:37:17 | INFO  | Enriching: USD
09:37:17 | INFO  | ──────────────────────────────────────────────────────────────────────
09:37:17 | INFO  |   Loaded 2404 rows from USD.csv
09:37:17 | INFO  |   Yahoo ticker: DX-Y.NYB
09:37:17 | INFO  |   OHLC prefix: DX
09:37:17 | INFO  |   Vol prefix: VIX
09:37:17 | INFO  |   Downloading DX-Y.NYB OHLC...
09:37:17 | INFO  |     Downloaded 2434 days (2017-01-03 to 2026-09-04)
09:37:17 | INFO  |   Downloading ^VIX volatility...
09:37:18 | INFO  |     Downloaded 2433 days (2017-01-03 to 2026-09-04)
09:37:18 | WARNING |   ⚠️  30 trading days missing from original CSV
09:37:18 | INFO  |   ✓ Enrichment complete: 2434 rows
09:37:18 | INFO  |   ✅ Saved: USD_enriched.csv (2434 rows)
09:37:18 | WARNING |   ⚠️  30 rows need manual update
09:37:18 | INFO  | 
──────────────────────────────────────────────────────────────────────
09:37:18 | INFO  | Enriching: AAPL
09:37:18 | INFO  | ──────────────────────────────────────────────────────────────────────
09:37:18 | INFO  |   Loaded 2402 rows from AAPL.csv
09:37:18 | INFO  |   Yahoo ticker: AAPL
09:37:18 | INFO  |   OHLC prefix: AAPL
09:37:18 | INFO  |   Vol prefix: VIX
09:37:18 | INFO  |   Downloading AAPL OHLC...
09:37:18 | INFO  |     Downloaded 2432 days (2017-01-03 to 2026-09-04)
09:37:18 | INFO  |   Downloading ^VIX volatility...
09:37:18 | INFO  |     Downloaded 2433 days (2017-01-03 to 2026-09-04)
09:37:18 | WARNING |   ⚠️  30 trading days missing from original CSV
09:37:18 | INFO  |   ✓ Enrichment complete: 2432 rows
09:37:18 | INFO  |   ✅ Saved: AAPL_enriched.csv (2432 rows)
09:37:18 | WARNING |   ⚠️  30 rows need manual update
09:37:18 | INFO  | 
──────────────────────────────────────────────────────────────────────
09:37:18 | INFO  | Enriching: BITCOIN
09:37:18 | INFO  | ──────────────────────────────────────────────────────────────────────
09:37:18 | INFO  |   Loaded 773 rows from BITCOIN.csv
09:37:18 | INFO  |   ⚠️  Row count changed (3532 → 773) - re-enriching
09:37:18 | INFO  |   Yahoo ticker: BTC-USD
09:37:18 | INFO  |   OHLC prefix: BTC
09:37:18 | INFO  |   Vol prefix: VIX
09:37:18 | INFO  |   Downloading BTC-USD OHLC...
09:37:19 | INFO  |     Downloaded 3533 days (2017-01-02 to 2026-09-04)
09:37:19 | INFO  |   Downloading ^VIX volatility...
09:37:19 | INFO  |     Downloaded 2433 days (2017-01-03 to 2026-09-04)
09:37:19 | WARNING |   ⚠️  2760 trading days missing from original CSV
09:37:19 | INFO  |   ✓ Enrichment complete: 3533 rows
09:37:19 | INFO  |   ✅ Saved: BITCOIN_enriched.csv (3533 rows)
09:37:19 | WARNING |   ⚠️  2760 rows need manual update
09:37:19 | INFO  | 
======================================================================
09:37:19 | INFO  | ✅ Enrichment complete:
09:37:19 | INFO  |    Success: 9
09:37:19 | INFO  |    Skipped (up-to-date): 0
09:37:19 | INFO  |    Errors:  0
09:37:19 | INFO  | ======================================================================
09:37:19 | INFO  | 
======================================================================
09:37:19 | INFO  | ✅ PIPELINE COMPLETE
09:37:19 | INFO  | ======================================================================
