23:00:47 | INFO  | ======================================================================
23:00:47 | INFO  | ETL PIPELINE START
23:00:47 | INFO  | ======================================================================
23:00:47 | INFO  | 
📋 PIPELINE PLAN:
23:00:47 | INFO  |    HTML Files: 55 new / 55 total
23:00:47 | INFO  |    Master needs propagation: False
23:00:47 | INFO  | 
======================================================================
23:00:47 | INFO  | STAGE 1: HTML PARSING
23:00:47 | INFO  | ======================================================================
23:00:47 | INFO  | 
Processing: AUGUST 19, 2026.html
23:00:47 | INFO  |   ✅ Saved: RR_08-19-2026.csv (37 rows)
23:00:47 | INFO  | 
Processing: JULY 1, 2026.html
23:00:47 | INFO  |   ✅ Saved: RR_07-01-2026.csv (38 rows)
23:00:47 | INFO  | 
Processing: AUGUST 10, 2026.html
23:00:48 | INFO  |   ✅ Saved: RR_08-10-2026.csv (37 rows)
23:00:48 | INFO  | 
Processing: JULY 22, 2026.html
23:00:48 | INFO  |   ✅ Saved: RR_07-22-2026.csv (38 rows)
23:00:48 | INFO  | 
Processing: AUGUST 21, 2026.html
23:00:48 | INFO  |   ✅ Saved: RR_08-21-2026.csv (37 rows)
23:00:48 | INFO  | 
Processing: JUNE 9, 2026.html
23:00:48 | INFO  |   ✅ Saved: RR_06-09-2026.csv (36 rows)
23:00:48 | INFO  | 
Processing: JUNE 4, 2026.html
23:00:48 | INFO  |   ✅ Saved: RR_06-04-2026.csv (37 rows)
23:00:48 | INFO  | 
Processing: JUNE 11, 2026.html
23:00:48 | INFO  |   ✅ Saved: RR_06-11-2026.csv (36 rows)
23:00:48 | INFO  | 
Processing: JUNE 25, 2026.html
23:00:48 | INFO  |   ✅ Saved: RR_06-25-2026.csv (38 rows)
23:00:48 | INFO  | 
Processing: AUGUST 7, 2026.html
23:00:48 | INFO  |   ✅ Saved: RR_08-07-2026.csv (37 rows)
23:00:48 | INFO  | 
Processing: JUNE 17, 2026.html
23:00:48 | INFO  |   ✅ Saved: RR_06-17-2026.csv (36 rows)
23:00:48 | INFO  | 
Processing: JULY 24, 2026.html
23:00:48 | INFO  |   ✅ Saved: RR_07-24-2026.csv (38 rows)
23:00:48 | INFO  | 
Processing: JULY 21, 2026.html
23:00:49 | INFO  |   ✅ Saved: RR_07-21-2026.csv (38 rows)
23:00:49 | INFO  | 
Processing: AUGUST 17, 2026.html
23:00:49 | INFO  |   ✅ Saved: RR_08-17-2026.csv (37 rows)
23:00:49 | INFO  | 
Processing: AUGUST 20, 2026.html
23:00:49 | INFO  |   ✅ Saved: RR_08-20-2026.csv (37 rows)
23:00:49 | INFO  | 
Processing: JUNE 16, 2026.html
23:00:49 | INFO  |   ✅ Saved: RR_06-16-2026.csv (36 rows)
23:00:49 | INFO  | 
Processing: JULY 23, 2026.html
23:00:49 | INFO  |   ✅ Saved: RR_07-23-2026.csv (38 rows)
23:00:49 | INFO  | 
Processing: AUGUST 13, 2026.html
23:00:49 | INFO  |   ✅ Saved: RR_08-13-2026.csv (37 rows)
23:00:49 | INFO  | 
Processing: JUNE 23, 2026.html
23:00:49 | INFO  |   ✅ Saved: RR_06-23-2026.csv (37 rows)
23:00:49 | INFO  | 
Processing: JUNE 12, 2026.html
23:00:49 | INFO  |   ✅ Saved: RR_06-12-2026.csv (36 rows)
23:00:49 | INFO  | 
Processing: JUNE 8, 2026.html
23:00:49 | INFO  |   ✅ Saved: RR_06-08-2026.csv (37 rows)
23:00:49 | INFO  | 
Processing: JULY 6, 2026.html
23:00:49 | INFO  |   ✅ Saved: RR_07-06-2026.csv (37 rows)
23:00:49 | INFO  | 
Processing: JUNE 22, 2026.html
23:00:49 | INFO  |   ✅ Saved: RR_06-22-2026.csv (37 rows)
23:00:49 | INFO  | 
Processing: JUNE 15, 2026.html
23:00:50 | INFO  |   ✅ Saved: RR_06-15-2026.csv (36 rows)
23:00:50 | INFO  | 
Processing: AUGUST 6, 2026.html
23:00:50 | INFO  |   ✅ Saved: RR_08-06-2026.csv (37 rows)
23:00:50 | INFO  | 
Processing: JULY 13, 2026.html
23:00:50 | INFO  |   ✅ Saved: RR_07-13-2026.csv (37 rows)
23:00:50 | INFO  | 
Processing: JUNE 5, 2026.html
23:00:50 | INFO  |   ✅ Saved: RR_06-05-2026.csv (37 rows)
23:00:50 | INFO  | 
Processing: AUGUST 11, 2026.html
23:00:50 | INFO  |   ✅ Saved: RR_08-11-2026.csv (37 rows)
23:00:50 | INFO  | 
Processing: JULY 8, 2026.html
23:00:50 | INFO  |   ✅ Saved: RR_07-08-2026.csv (37 rows)
23:00:50 | INFO  | 
Processing: JUNE 26, 2026.html
23:00:50 | INFO  |   ✅ Saved: RR_06-26-2026.csv (38 rows)
23:00:50 | INFO  | 
Processing: JULY 16, 2026.html
23:00:50 | INFO  |   ✅ Saved: RR_07-16-2026.csv (37 rows)
23:00:50 | INFO  | 
Processing: JULY 31, 2026.html
23:00:50 | INFO  |   ✅ Saved: RR_07-31-2026.csv (37 rows)
23:00:50 | INFO  | 
Processing: JUNE 10, 2026.html
23:00:50 | INFO  |   ✅ Saved: RR_06-10-2026.csv (36 rows)
23:00:50 | INFO  | 
Processing: JULY 2, 2026.html
23:00:51 | INFO  |   ✅ Saved: RR_07-02-2026.csv (38 rows)
23:00:51 | INFO  | 
Processing: AUGUST 3, 2026.html
23:00:51 | INFO  |   ✅ Saved: RR_08-03-2026.csv (37 rows)
23:00:51 | INFO  | 
Processing: JULY 7, 2026.html
23:00:51 | INFO  |   ✅ Saved: RR_07-07-2026.csv (37 rows)
23:00:51 | INFO  | 
Processing: AUGUST 18, 2026.html
23:00:51 | INFO  |   ✅ Saved: RR_08-18-2026.csv (37 rows)
23:00:51 | INFO  | 
Processing: JULY 17, 2026.html
23:00:51 | INFO  |   ✅ Saved: RR_07-17-2026.csv (38 rows)
23:00:51 | INFO  | 
Processing: JULY 20, 2026.html
23:00:51 | INFO  |   ✅ Saved: RR_07-20-2026.csv (38 rows)
23:00:51 | INFO  | 
Processing: JUNE 29, 2026.html
23:00:51 | INFO  |   ✅ Saved: RR_06-29-2026.csv (38 rows)
23:00:51 | INFO  | 
Processing: JULY 30, 2026.html
23:00:51 | INFO  |   ✅ Saved: RR_07-30-2026.csv (38 rows)
23:00:51 | INFO  | 
Processing: AUGUST 4, 2026.html
23:00:51 | INFO  |   ✅ Saved: RR_08-04-2026.csv (37 rows)
23:00:51 | INFO  | 
Processing: JUNE 30, 2026.html
23:00:51 | INFO  |   ✅ Saved: RR_06-30-2026.csv (38 rows)
23:00:51 | INFO  | 
Processing: AUGUST 14, 2026.html
23:00:52 | INFO  |   ✅ Saved: RR_08-14-2026.csv (37 rows)
23:00:52 | INFO  | 
Processing: JUNE 24, 2026.html
23:00:52 | INFO  |   ✅ Saved: RR_06-24-2026.csv (37 rows)
23:00:52 | INFO  | 
Processing: JULY 9, 2026.html
23:00:52 | INFO  |   ✅ Saved: RR_07-09-2026.csv (37 rows)
23:00:52 | INFO  | 
Processing: AUGUST 12, 2026.html
23:00:52 | INFO  |   ✅ Saved: RR_08-12-2026.csv (37 rows)
23:00:52 | INFO  | 
Processing: JUNE 18, 2026.html
23:00:52 | INFO  |   ✅ Saved: RR_06-18-2026.csv (37 rows)
23:00:52 | INFO  | 
Processing: JULY 10, 2026.html
23:00:52 | INFO  |   ✅ Saved: RR_07-10-2026.csv (37 rows)
23:00:52 | INFO  | 
Processing: JULY 29, 2026.html
23:00:52 | INFO  |   ✅ Saved: RR_07-29-2026.csv (38 rows)
23:00:52 | INFO  | 
Processing: JULY 15, 2026.html
23:00:52 | INFO  |   ✅ Saved: RR_07-15-2026.csv (37 rows)
23:00:52 | INFO  | 
Processing: JULY 28, 2026.html
23:00:52 | INFO  |   ✅ Saved: RR_07-28-2026.csv (38 rows)
23:00:52 | INFO  | 
Processing: AUGUST 5, 2026.html
23:00:52 | INFO  |   ✅ Saved: RR_08-05-2026.csv (37 rows)
23:00:52 | INFO  | 
Processing: JULY 14, 2026.html
23:00:52 | INFO  |   ✅ Saved: RR_07-14-2026.csv (37 rows)
23:00:52 | INFO  | 
Processing: JULY 27, 2026.html
23:00:53 | INFO  |   ✅ Saved: RR_07-27-2026.csv (38 rows)
23:00:53 | INFO  | 
✅ HTML parsing complete: 55 success, 0 errors
23:00:53 | INFO  | 
======================================================================
23:00:53 | INFO  | STAGE 2: MASTER AGGREGATION
23:00:53 | INFO  | ======================================================================
23:00:53 | INFO  | ✅ Backed up master to: risk_ranges_master_backup_20260821_230053.csv
23:00:53 | INFO  | Loaded existing master: 74,949 rows
23:00:53 | INFO  |   Loaded: RR_08-19-2026.csv (37 rows)
23:00:53 | INFO  |   Loaded: RR_07-01-2026.csv (38 rows)
23:00:53 | INFO  |   Loaded: RR_08-10-2026.csv (37 rows)
23:00:53 | INFO  |   Loaded: RR_07-22-2026.csv (38 rows)
23:00:53 | INFO  |   Loaded: RR_08-21-2026.csv (37 rows)
23:00:53 | INFO  |   Loaded: RR_06-09-2026.csv (36 rows)
23:00:53 | INFO  |   Loaded: RR_06-04-2026.csv (37 rows)
23:00:53 | INFO  |   Loaded: RR_06-11-2026.csv (36 rows)
23:00:53 | INFO  |   Loaded: RR_06-25-2026.csv (38 rows)
23:00:53 | INFO  |   Loaded: RR_08-07-2026.csv (37 rows)
23:00:53 | INFO  |   Loaded: RR_06-17-2026.csv (36 rows)
23:00:53 | INFO  |   Loaded: RR_07-24-2026.csv (38 rows)
23:00:53 | INFO  |   Loaded: RR_07-21-2026.csv (38 rows)
23:00:53 | INFO  |   Loaded: RR_08-17-2026.csv (37 rows)
23:00:53 | INFO  |   Loaded: RR_08-20-2026.csv (37 rows)
23:00:53 | INFO  |   Loaded: RR_06-16-2026.csv (36 rows)
23:00:53 | INFO  |   Loaded: RR_07-23-2026.csv (38 rows)
23:00:53 | INFO  |   Loaded: RR_08-13-2026.csv (37 rows)
23:00:53 | INFO  |   Loaded: RR_06-23-2026.csv (37 rows)
23:00:53 | INFO  |   Loaded: RR_06-12-2026.csv (36 rows)
23:00:53 | INFO  |   Loaded: RR_06-08-2026.csv (37 rows)
23:00:53 | INFO  |   Loaded: RR_07-06-2026.csv (37 rows)
23:00:53 | INFO  |   Loaded: RR_06-22-2026.csv (37 rows)
23:00:53 | INFO  |   Loaded: RR_06-15-2026.csv (36 rows)
23:00:53 | INFO  |   Loaded: RR_08-06-2026.csv (37 rows)
23:00:53 | INFO  |   Loaded: RR_07-13-2026.csv (37 rows)
23:00:53 | INFO  |   Loaded: RR_06-05-2026.csv (37 rows)
23:00:53 | INFO  |   Loaded: RR_08-11-2026.csv (37 rows)
23:00:53 | INFO  |   Loaded: RR_07-08-2026.csv (37 rows)
23:00:53 | INFO  |   Loaded: RR_06-26-2026.csv (38 rows)
23:00:53 | INFO  |   Loaded: RR_07-16-2026.csv (37 rows)
23:00:53 | INFO  |   Loaded: RR_07-31-2026.csv (37 rows)
23:00:53 | INFO  |   Loaded: RR_06-10-2026.csv (36 rows)
23:00:53 | INFO  |   Loaded: RR_07-02-2026.csv (38 rows)
23:00:53 | INFO  |   Loaded: RR_08-03-2026.csv (37 rows)
23:00:53 | INFO  |   Loaded: RR_07-07-2026.csv (37 rows)
23:00:53 | INFO  |   Loaded: RR_08-18-2026.csv (37 rows)
23:00:53 | INFO  |   Loaded: RR_07-17-2026.csv (38 rows)
23:00:53 | INFO  |   Loaded: RR_07-20-2026.csv (38 rows)
23:00:53 | INFO  |   Loaded: RR_06-29-2026.csv (38 rows)
23:00:53 | INFO  |   Loaded: RR_07-30-2026.csv (38 rows)
23:00:53 | INFO  |   Loaded: RR_08-04-2026.csv (37 rows)
23:00:53 | INFO  |   Loaded: RR_06-30-2026.csv (38 rows)
23:00:53 | INFO  |   Loaded: RR_08-14-2026.csv (37 rows)
23:00:53 | INFO  |   Loaded: RR_06-24-2026.csv (37 rows)
23:00:53 | INFO  |   Loaded: RR_07-09-2026.csv (37 rows)
23:00:53 | INFO  |   Loaded: RR_08-12-2026.csv (37 rows)
23:00:53 | INFO  |   Loaded: RR_06-18-2026.csv (37 rows)
23:00:53 | INFO  |   Loaded: RR_07-10-2026.csv (37 rows)
23:00:53 | INFO  |   Loaded: RR_07-29-2026.csv (38 rows)
23:00:53 | INFO  |   Loaded: RR_07-15-2026.csv (37 rows)
23:00:53 | INFO  |   Loaded: RR_07-28-2026.csv (38 rows)
23:00:53 | INFO  |   Loaded: RR_08-05-2026.csv (37 rows)
23:00:53 | INFO  |   Loaded: RR_07-14-2026.csv (37 rows)
23:00:53 | INFO  |   Loaded: RR_07-27-2026.csv (38 rows)
23:00:53 | INFO  | Combined new data: 2044 rows
23:00:53 | INFO  | Removed 2007 duplicate entries
23:00:53 | INFO  | ✅ Saved master CSV: 74,986 total rows
23:00:53 | INFO  |    Date range: 2017-01-03 to 2026-08-21
23:00:53 | INFO  | 
======================================================================
23:00:53 | INFO  | STAGE 3: TICKER SUBSETTING
23:00:53 | INFO  | ======================================================================
23:00:53 | INFO  | Loaded master: 74,986 rows
23:00:53 | INFO  | Creating subsets for 9 tickers
23:00:53 | INFO  |   ✅ UST10Y: 2394 rows | 2017-01-03 to 2026-08-21
23:00:53 | INFO  |   ✅ SPX: 2394 rows | 2017-01-03 to 2026-08-21
23:00:53 | INFO  |   ✅ COMPQ: 2394 rows | 2017-01-03 to 2026-08-21
23:00:53 | INFO  |   ✅ RUT: 2393 rows | 2017-01-03 to 2026-08-21
23:00:53 | INFO  |   ✅ VIX: 2394 rows | 2017-01-03 to 2026-08-21
23:00:53 | INFO  |   ✅ USD: 2394 rows | 2017-01-03 to 2026-08-21
23:00:53 | INFO  |   ✅ GOLD: 2392 rows | 2017-01-03 to 2026-08-21
23:00:53 | INFO  |   ✅ AAPL: 2392 rows | 2017-01-03 to 2026-08-21
23:00:53 | INFO  |   ✅ BITCOIN: 763 rows | 2023-08-01 to 2026-08-21
23:00:53 | INFO  | ✅ Ticker subsetting complete
23:00:53 | INFO  | 
======================================================================
23:00:53 | INFO  | STAGE 4: ENRICHMENT
23:00:53 | INFO  | ======================================================================
23:00:53 | INFO  | Enriching 9 tickers
23:00:53 | INFO  | 
──────────────────────────────────────────────────────────────────────
23:00:53 | INFO  | Enriching: SPX
23:00:53 | INFO  | ──────────────────────────────────────────────────────────────────────
23:00:53 | INFO  |   Loaded 2394 rows from SPX.csv
23:00:53 | INFO  |   Yahoo ticker: ^GSPC
23:00:53 | INFO  |   OHLC prefix: GSPC
23:00:53 | INFO  |   Vol prefix: VIX
23:00:53 | INFO  |   Downloading ^GSPC OHLC...
23:00:54 | INFO  |     Downloaded 2422 days (2017-01-03 to 2026-08-21)
23:00:54 | INFO  |   Downloading ^VIX volatility...
23:00:54 | INFO  |     Downloaded 2423 days (2017-01-03 to 2026-08-21)
23:00:54 | WARNING |   ⚠️  28 trading days missing from original CSV
23:00:54 | INFO  |   ✓ Enrichment complete: 2422 rows
23:00:54 | INFO  |   ✅ Saved: SPX_enriched.csv (2422 rows)
23:00:54 | WARNING |   ⚠️  28 rows need manual update
23:00:54 | INFO  | 
──────────────────────────────────────────────────────────────────────
23:00:54 | INFO  | Enriching: GOLD
23:00:54 | INFO  | ──────────────────────────────────────────────────────────────────────
23:00:54 | INFO  |   Loaded 2392 rows from GOLD.csv
23:00:54 | INFO  |   Yahoo ticker: GC=F
23:00:54 | INFO  |   OHLC prefix: GC
23:00:54 | INFO  |   Vol prefix: GVZ
23:00:54 | INFO  |   Downloading GC=F OHLC...
23:00:55 | INFO  |     Downloaded 2423 days (2017-01-03 to 2026-08-21)
23:00:55 | INFO  |   Downloading ^GVZ volatility...
23:00:55 | INFO  |     Downloaded 2422 days (2017-01-03 to 2026-08-21)
23:00:55 | WARNING |   ⚠️  32 trading days missing from original CSV
23:00:55 | INFO  |   ✓ Enrichment complete: 2423 rows
23:00:55 | INFO  |   ✅ Saved: GOLD_enriched.csv (2423 rows)
23:00:55 | WARNING |   ⚠️  32 rows need manual update
23:00:55 | INFO  | 
──────────────────────────────────────────────────────────────────────
23:00:55 | INFO  | Enriching: UST10Y
23:00:55 | INFO  | ──────────────────────────────────────────────────────────────────────
23:00:55 | INFO  |   Loaded 2394 rows from UST10Y.csv
23:00:55 | INFO  |   Yahoo ticker: ^TNX
23:00:55 | INFO  |   OHLC prefix: TNX
23:00:55 | INFO  |   Vol prefix: VIX
23:00:55 | INFO  |   Downloading ^TNX OHLC...
23:00:56 | INFO  |     Downloaded 2422 days (2017-01-03 to 2026-08-21)
23:00:56 | INFO  |   Downloading ^VIX volatility...
23:00:56 | INFO  |     Downloaded 2423 days (2017-01-03 to 2026-08-21)
23:00:56 | WARNING |   ⚠️  28 trading days missing from original CSV
23:00:56 | INFO  |   ✓ Enrichment complete: 2422 rows
23:00:56 | INFO  |   ✅ Saved: UST10Y_enriched.csv (2422 rows)
23:00:56 | WARNING |   ⚠️  28 rows need manual update
23:00:56 | INFO  | 
──────────────────────────────────────────────────────────────────────
23:00:56 | INFO  | Enriching: COMPQ
23:00:56 | INFO  | ──────────────────────────────────────────────────────────────────────
23:00:56 | INFO  |   Loaded 2394 rows from COMPQ.csv
23:00:56 | INFO  |   Yahoo ticker: ^IXIC
23:00:56 | INFO  |   OHLC prefix: IXIC
23:00:56 | INFO  |   Vol prefix: VIX
23:00:56 | INFO  |   Downloading ^IXIC OHLC...
23:00:56 | INFO  |     Downloaded 2422 days (2017-01-03 to 2026-08-21)
23:00:56 | INFO  |   Downloading ^VIX volatility...
23:00:57 | INFO  |     Downloaded 2423 days (2017-01-03 to 2026-08-21)
23:00:57 | WARNING |   ⚠️  28 trading days missing from original CSV
23:00:57 | INFO  |   ✓ Enrichment complete: 2422 rows
23:00:57 | INFO  |   ✅ Saved: COMPQ_enriched.csv (2422 rows)
23:00:57 | WARNING |   ⚠️  28 rows need manual update
23:00:57 | INFO  | 
──────────────────────────────────────────────────────────────────────
23:00:57 | INFO  | Enriching: RUT
23:00:57 | INFO  | ──────────────────────────────────────────────────────────────────────
23:00:57 | INFO  |   Loaded 2393 rows from RUT.csv
23:00:57 | INFO  |   Yahoo ticker: ^RUT
23:00:57 | INFO  |   OHLC prefix: RUT
23:00:57 | INFO  |   Vol prefix: VIX
23:00:57 | INFO  |   Downloading ^RUT OHLC...
23:00:57 | INFO  |     Downloaded 2422 days (2017-01-03 to 2026-08-21)
23:00:57 | INFO  |   Downloading ^VIX volatility...
23:00:57 | INFO  |     Downloaded 2423 days (2017-01-03 to 2026-08-21)
23:00:57 | WARNING |   ⚠️  29 trading days missing from original CSV
23:00:57 | INFO  |   ✓ Enrichment complete: 2422 rows
23:00:57 | INFO  |   ✅ Saved: RUT_enriched.csv (2422 rows)
23:00:57 | WARNING |   ⚠️  29 rows need manual update
23:00:57 | INFO  | 
──────────────────────────────────────────────────────────────────────
23:00:57 | INFO  | Enriching: VIX
23:00:57 | INFO  | ──────────────────────────────────────────────────────────────────────
23:00:57 | INFO  |   Loaded 2394 rows from VIX.csv
23:00:57 | INFO  |   Yahoo ticker: ^VIX
23:00:57 | INFO  |   OHLC prefix: VIX
23:00:57 | INFO  |   Vol prefix: VIXI
23:00:57 | INFO  |   Downloading ^VIX OHLC...
23:00:57 | INFO  |     Downloaded 2423 days (2017-01-03 to 2026-08-21)
23:00:57 | INFO  |   Downloading ^VIX volatility...
23:00:58 | INFO  |     Downloaded 2423 days (2017-01-03 to 2026-08-21)
23:00:58 | WARNING |   ⚠️  29 trading days missing from original CSV
23:00:58 | INFO  |   ✓ Enrichment complete: 2423 rows
23:00:58 | INFO  |   ✅ Saved: VIX_enriched.csv (2423 rows)
23:00:58 | WARNING |   ⚠️  29 rows need manual update
23:00:58 | INFO  | 
──────────────────────────────────────────────────────────────────────
23:00:58 | INFO  | Enriching: USD
23:00:58 | INFO  | ──────────────────────────────────────────────────────────────────────
23:00:58 | INFO  |   Loaded 2394 rows from USD.csv
23:00:58 | INFO  |   Yahoo ticker: DX-Y.NYB
23:00:58 | INFO  |   OHLC prefix: DX
23:00:58 | INFO  |   Vol prefix: VIX
23:00:58 | INFO  |   Downloading DX-Y.NYB OHLC...
23:00:58 | INFO  |     Downloaded 2424 days (2017-01-03 to 2026-08-21)
23:00:58 | INFO  |   Downloading ^VIX volatility...
23:00:58 | INFO  |     Downloaded 2423 days (2017-01-03 to 2026-08-21)
23:00:58 | WARNING |   ⚠️  30 trading days missing from original CSV
23:00:58 | INFO  |   ✓ Enrichment complete: 2424 rows
23:00:58 | INFO  |   ✅ Saved: USD_enriched.csv (2424 rows)
23:00:58 | WARNING |   ⚠️  30 rows need manual update
23:00:58 | INFO  | 
──────────────────────────────────────────────────────────────────────
23:00:58 | INFO  | Enriching: AAPL
23:00:58 | INFO  | ──────────────────────────────────────────────────────────────────────
23:00:58 | INFO  |   Loaded 2392 rows from AAPL.csv
23:00:58 | INFO  |   Yahoo ticker: AAPL
23:00:58 | INFO  |   OHLC prefix: AAPL
23:00:58 | INFO  |   Vol prefix: VIX
23:00:58 | INFO  |   Downloading AAPL OHLC...
23:00:59 | INFO  |     Downloaded 2422 days (2017-01-03 to 2026-08-21)
23:00:59 | INFO  |   Downloading ^VIX volatility...
23:00:59 | INFO  |     Downloaded 2423 days (2017-01-03 to 2026-08-21)
23:00:59 | WARNING |   ⚠️  30 trading days missing from original CSV
23:00:59 | INFO  |   ✓ Enrichment complete: 2422 rows
23:00:59 | INFO  |   ✅ Saved: AAPL_enriched.csv (2422 rows)
23:00:59 | WARNING |   ⚠️  30 rows need manual update
23:00:59 | INFO  | 
──────────────────────────────────────────────────────────────────────
23:00:59 | INFO  | Enriching: BITCOIN
23:00:59 | INFO  | ──────────────────────────────────────────────────────────────────────
23:00:59 | INFO  |   Loaded 763 rows from BITCOIN.csv
23:00:59 | INFO  |   ⚠️  Row count changed (3519 → 763) - re-enriching
23:00:59 | INFO  |   Yahoo ticker: BTC-USD
23:00:59 | INFO  |   OHLC prefix: BTC
23:00:59 | INFO  |   Vol prefix: VIX
23:00:59 | INFO  |   Downloading BTC-USD OHLC...
23:00:59 | INFO  |     Downloaded 3518 days (2017-01-02 to 2026-08-20)
23:00:59 | INFO  |   Downloading ^VIX volatility...
23:01:00 | INFO  |     Downloaded 2423 days (2017-01-03 to 2026-08-21)
23:01:00 | WARNING |   ⚠️  2756 trading days missing from original CSV
23:01:00 | INFO  |   ✓ Enrichment complete: 3518 rows
23:01:00 | INFO  |   ✅ Saved: BITCOIN_enriched.csv (3518 rows)
23:01:00 | WARNING |   ⚠️  2756 rows need manual update
23:01:00 | INFO  | 
======================================================================
23:01:00 | INFO  | ✅ Enrichment complete:
23:01:00 | INFO  |    Success: 9
23:01:00 | INFO  |    Skipped (up-to-date): 0
23:01:00 | INFO  |    Errors:  0
23:01:00 | INFO  | ======================================================================
23:01:00 | INFO  | 
======================================================================
23:01:00 | INFO  | ✅ PIPELINE COMPLETE
23:01:00 | INFO  | ======================================================================
