09:40:51 | INFO  | ======================================================================
09:40:51 | INFO  | ETL PIPELINE START
09:40:51 | INFO  | ======================================================================
09:40:51 | INFO  | 
📋 PIPELINE PLAN:
09:40:51 | INFO  |    HTML Files: 54 new / 54 total
09:40:51 | INFO  |    Master needs propagation: False
09:40:51 | INFO  | 
======================================================================
09:40:51 | INFO  | STAGE 1: HTML PARSING
09:40:51 | INFO  | ======================================================================
09:40:51 | INFO  | 
Processing: AUGUST 19, 2026.html
09:40:51 | INFO  |   ✅ Saved: RR_08-19-2026.csv (37 rows)
09:40:51 | INFO  | 
Processing: JULY 1, 2026.html
09:40:51 | INFO  |   ✅ Saved: RR_07-01-2026.csv (38 rows)
09:40:51 | INFO  | 
Processing: AUGUST 10, 2026.html
09:40:52 | INFO  |   ✅ Saved: RR_08-10-2026.csv (37 rows)
09:40:52 | INFO  | 
Processing: JULY 22, 2026.html
09:40:52 | INFO  |   ✅ Saved: RR_07-22-2026.csv (38 rows)
09:40:52 | INFO  | 
Processing: JUNE 9, 2026.html
09:40:52 | INFO  |   ✅ Saved: RR_06-09-2026.csv (36 rows)
09:40:52 | INFO  | 
Processing: JUNE 4, 2026.html
09:40:52 | INFO  |   ✅ Saved: RR_06-04-2026.csv (37 rows)
09:40:52 | INFO  | 
Processing: JUNE 11, 2026.html
09:40:52 | INFO  |   ✅ Saved: RR_06-11-2026.csv (36 rows)
09:40:52 | INFO  | 
Processing: JUNE 25, 2026.html
09:40:52 | INFO  |   ✅ Saved: RR_06-25-2026.csv (38 rows)
09:40:52 | INFO  | 
Processing: AUGUST 7, 2026.html
09:40:52 | INFO  |   ✅ Saved: RR_08-07-2026.csv (37 rows)
09:40:52 | INFO  | 
Processing: JUNE 17, 2026.html
09:40:52 | INFO  |   ✅ Saved: RR_06-17-2026.csv (36 rows)
09:40:52 | INFO  | 
Processing: JULY 24, 2026.html
09:40:52 | INFO  |   ✅ Saved: RR_07-24-2026.csv (38 rows)
09:40:52 | INFO  | 
Processing: JULY 21, 2026.html
09:40:52 | INFO  |   ✅ Saved: RR_07-21-2026.csv (38 rows)
09:40:52 | INFO  | 
Processing: AUGUST 17, 2026.html
09:40:53 | INFO  |   ✅ Saved: RR_08-17-2026.csv (37 rows)
09:40:53 | INFO  | 
Processing: AUGUST 20, 2026.html
09:40:53 | INFO  |   ✅ Saved: RR_08-20-2026.csv (37 rows)
09:40:53 | INFO  | 
Processing: JUNE 16, 2026.html
09:40:53 | INFO  |   ✅ Saved: RR_06-16-2026.csv (36 rows)
09:40:53 | INFO  | 
Processing: JULY 23, 2026.html
09:40:53 | INFO  |   ✅ Saved: RR_07-23-2026.csv (38 rows)
09:40:53 | INFO  | 
Processing: AUGUST 13, 2026.html
09:40:53 | INFO  |   ✅ Saved: RR_08-13-2026.csv (37 rows)
09:40:53 | INFO  | 
Processing: JUNE 23, 2026.html
09:40:53 | INFO  |   ✅ Saved: RR_06-23-2026.csv (37 rows)
09:40:53 | INFO  | 
Processing: JUNE 12, 2026.html
09:40:53 | INFO  |   ✅ Saved: RR_06-12-2026.csv (36 rows)
09:40:53 | INFO  | 
Processing: JUNE 8, 2026.html
09:40:53 | INFO  |   ✅ Saved: RR_06-08-2026.csv (37 rows)
09:40:53 | INFO  | 
Processing: JULY 6, 2026.html
09:40:53 | INFO  |   ✅ Saved: RR_07-06-2026.csv (37 rows)
09:40:53 | INFO  | 
Processing: JUNE 22, 2026.html
09:40:53 | INFO  |   ✅ Saved: RR_06-22-2026.csv (37 rows)
09:40:53 | INFO  | 
Processing: JUNE 15, 2026.html
09:40:54 | INFO  |   ✅ Saved: RR_06-15-2026.csv (36 rows)
09:40:54 | INFO  | 
Processing: AUGUST 6, 2026.html
09:40:54 | INFO  |   ✅ Saved: RR_08-06-2026.csv (37 rows)
09:40:54 | INFO  | 
Processing: JULY 13, 2026.html
09:40:54 | INFO  |   ✅ Saved: RR_07-13-2026.csv (37 rows)
09:40:54 | INFO  | 
Processing: JUNE 5, 2026.html
09:40:54 | INFO  |   ✅ Saved: RR_06-05-2026.csv (37 rows)
09:40:54 | INFO  | 
Processing: AUGUST 11, 2026.html
09:40:54 | INFO  |   ✅ Saved: RR_08-11-2026.csv (37 rows)
09:40:54 | INFO  | 
Processing: JULY 8, 2026.html
09:40:54 | INFO  |   ✅ Saved: RR_07-08-2026.csv (37 rows)
09:40:54 | INFO  | 
Processing: JUNE 26, 2026.html
09:40:54 | INFO  |   ✅ Saved: RR_06-26-2026.csv (38 rows)
09:40:54 | INFO  | 
Processing: JULY 16, 2026.html
09:40:54 | INFO  |   ✅ Saved: RR_07-16-2026.csv (37 rows)
09:40:54 | INFO  | 
Processing: JULY 31, 2026.html
09:40:54 | INFO  |   ✅ Saved: RR_07-31-2026.csv (37 rows)
09:40:54 | INFO  | 
Processing: JUNE 10, 2026.html
09:40:54 | INFO  |   ✅ Saved: RR_06-10-2026.csv (36 rows)
09:40:54 | INFO  | 
Processing: JULY 2, 2026.html
09:40:54 | INFO  |   ✅ Saved: RR_07-02-2026.csv (38 rows)
09:40:54 | INFO  | 
Processing: AUGUST 3, 2026.html
09:40:55 | INFO  |   ✅ Saved: RR_08-03-2026.csv (37 rows)
09:40:55 | INFO  | 
Processing: JULY 7, 2026.html
09:40:55 | INFO  |   ✅ Saved: RR_07-07-2026.csv (37 rows)
09:40:55 | INFO  | 
Processing: AUGUST 18, 2026.html
09:40:55 | INFO  |   ✅ Saved: RR_08-18-2026.csv (37 rows)
09:40:55 | INFO  | 
Processing: JULY 17, 2026.html
09:40:55 | INFO  |   ✅ Saved: RR_07-17-2026.csv (38 rows)
09:40:55 | INFO  | 
Processing: JULY 20, 2026.html
09:40:55 | INFO  |   ✅ Saved: RR_07-20-2026.csv (38 rows)
09:40:55 | INFO  | 
Processing: JUNE 29, 2026.html
09:40:55 | INFO  |   ✅ Saved: RR_06-29-2026.csv (38 rows)
09:40:55 | INFO  | 
Processing: JULY 30, 2026.html
09:40:55 | INFO  |   ✅ Saved: RR_07-30-2026.csv (38 rows)
09:40:55 | INFO  | 
Processing: AUGUST 4, 2026.html
09:40:55 | INFO  |   ✅ Saved: RR_08-04-2026.csv (37 rows)
09:40:55 | INFO  | 
Processing: JUNE 30, 2026.html
09:40:55 | INFO  |   ✅ Saved: RR_06-30-2026.csv (38 rows)
09:40:55 | INFO  | 
Processing: AUGUST 14, 2026.html
09:40:55 | INFO  |   ✅ Saved: RR_08-14-2026.csv (37 rows)
09:40:55 | INFO  | 
Processing: JUNE 24, 2026.html
09:40:56 | INFO  |   ✅ Saved: RR_06-24-2026.csv (37 rows)
09:40:56 | INFO  | 
Processing: JULY 9, 2026.html
09:40:56 | INFO  |   ✅ Saved: RR_07-09-2026.csv (37 rows)
09:40:56 | INFO  | 
Processing: AUGUST 12, 2026.html
09:40:56 | INFO  |   ✅ Saved: RR_08-12-2026.csv (37 rows)
09:40:56 | INFO  | 
Processing: JUNE 18, 2026.html
09:40:56 | INFO  |   ✅ Saved: RR_06-18-2026.csv (37 rows)
09:40:56 | INFO  | 
Processing: JULY 10, 2026.html
09:40:56 | INFO  |   ✅ Saved: RR_07-10-2026.csv (37 rows)
09:40:56 | INFO  | 
Processing: JULY 29, 2026.html
09:40:56 | INFO  |   ✅ Saved: RR_07-29-2026.csv (38 rows)
09:40:56 | INFO  | 
Processing: JULY 15, 2026.html
09:40:56 | INFO  |   ✅ Saved: RR_07-15-2026.csv (37 rows)
09:40:56 | INFO  | 
Processing: JULY 28, 2026.html
09:40:56 | INFO  |   ✅ Saved: RR_07-28-2026.csv (38 rows)
09:40:56 | INFO  | 
Processing: AUGUST 5, 2026.html
09:40:56 | INFO  |   ✅ Saved: RR_08-05-2026.csv (37 rows)
09:40:56 | INFO  | 
Processing: JULY 14, 2026.html
09:40:56 | INFO  |   ✅ Saved: RR_07-14-2026.csv (37 rows)
09:40:56 | INFO  | 
Processing: JULY 27, 2026.html
09:40:57 | INFO  |   ✅ Saved: RR_07-27-2026.csv (38 rows)
09:40:57 | INFO  | 
✅ HTML parsing complete: 54 success, 0 errors
09:40:57 | INFO  | 
======================================================================
09:40:57 | INFO  | STAGE 2: MASTER AGGREGATION
09:40:57 | INFO  | ======================================================================
09:40:57 | INFO  | ✅ Backed up master to: risk_ranges_master_backup_20260820_094057.csv
09:40:57 | INFO  | Loaded existing master: 74,949 rows
09:40:57 | INFO  |   Loaded: RR_08-19-2026.csv (37 rows)
09:40:57 | INFO  |   Loaded: RR_07-01-2026.csv (38 rows)
09:40:57 | INFO  |   Loaded: RR_08-10-2026.csv (37 rows)
09:40:57 | INFO  |   Loaded: RR_07-22-2026.csv (38 rows)
09:40:57 | INFO  |   Loaded: RR_06-09-2026.csv (36 rows)
09:40:57 | INFO  |   Loaded: RR_06-04-2026.csv (37 rows)
09:40:57 | INFO  |   Loaded: RR_06-11-2026.csv (36 rows)
09:40:57 | INFO  |   Loaded: RR_06-25-2026.csv (38 rows)
09:40:57 | INFO  |   Loaded: RR_08-07-2026.csv (37 rows)
09:40:57 | INFO  |   Loaded: RR_06-17-2026.csv (36 rows)
09:40:57 | INFO  |   Loaded: RR_07-24-2026.csv (38 rows)
09:40:57 | INFO  |   Loaded: RR_07-21-2026.csv (38 rows)
09:40:57 | INFO  |   Loaded: RR_08-17-2026.csv (37 rows)
09:40:57 | INFO  |   Loaded: RR_08-20-2026.csv (37 rows)
09:40:57 | INFO  |   Loaded: RR_06-16-2026.csv (36 rows)
09:40:57 | INFO  |   Loaded: RR_07-23-2026.csv (38 rows)
09:40:57 | INFO  |   Loaded: RR_08-13-2026.csv (37 rows)
09:40:57 | INFO  |   Loaded: RR_06-23-2026.csv (37 rows)
09:40:57 | INFO  |   Loaded: RR_06-12-2026.csv (36 rows)
09:40:57 | INFO  |   Loaded: RR_06-08-2026.csv (37 rows)
09:40:57 | INFO  |   Loaded: RR_07-06-2026.csv (37 rows)
09:40:57 | INFO  |   Loaded: RR_06-22-2026.csv (37 rows)
09:40:57 | INFO  |   Loaded: RR_06-15-2026.csv (36 rows)
09:40:57 | INFO  |   Loaded: RR_08-06-2026.csv (37 rows)
09:40:57 | INFO  |   Loaded: RR_07-13-2026.csv (37 rows)
09:40:57 | INFO  |   Loaded: RR_06-05-2026.csv (37 rows)
09:40:57 | INFO  |   Loaded: RR_08-11-2026.csv (37 rows)
09:40:57 | INFO  |   Loaded: RR_07-08-2026.csv (37 rows)
09:40:57 | INFO  |   Loaded: RR_06-26-2026.csv (38 rows)
09:40:57 | INFO  |   Loaded: RR_07-16-2026.csv (37 rows)
09:40:57 | INFO  |   Loaded: RR_07-31-2026.csv (37 rows)
09:40:57 | INFO  |   Loaded: RR_06-10-2026.csv (36 rows)
09:40:57 | INFO  |   Loaded: RR_07-02-2026.csv (38 rows)
09:40:57 | INFO  |   Loaded: RR_08-03-2026.csv (37 rows)
09:40:57 | INFO  |   Loaded: RR_07-07-2026.csv (37 rows)
09:40:57 | INFO  |   Loaded: RR_08-18-2026.csv (37 rows)
09:40:57 | INFO  |   Loaded: RR_07-17-2026.csv (38 rows)
09:40:57 | INFO  |   Loaded: RR_07-20-2026.csv (38 rows)
09:40:57 | INFO  |   Loaded: RR_06-29-2026.csv (38 rows)
09:40:57 | INFO  |   Loaded: RR_07-30-2026.csv (38 rows)
09:40:57 | INFO  |   Loaded: RR_08-04-2026.csv (37 rows)
09:40:57 | INFO  |   Loaded: RR_06-30-2026.csv (38 rows)
09:40:57 | INFO  |   Loaded: RR_08-14-2026.csv (37 rows)
09:40:57 | INFO  |   Loaded: RR_06-24-2026.csv (37 rows)
09:40:57 | INFO  |   Loaded: RR_07-09-2026.csv (37 rows)
09:40:57 | INFO  |   Loaded: RR_08-12-2026.csv (37 rows)
09:40:57 | INFO  |   Loaded: RR_06-18-2026.csv (37 rows)
09:40:57 | INFO  |   Loaded: RR_07-10-2026.csv (37 rows)
09:40:57 | INFO  |   Loaded: RR_07-29-2026.csv (38 rows)
09:40:57 | INFO  |   Loaded: RR_07-15-2026.csv (37 rows)
09:40:57 | INFO  |   Loaded: RR_07-28-2026.csv (38 rows)
09:40:57 | INFO  |   Loaded: RR_08-05-2026.csv (37 rows)
09:40:57 | INFO  |   Loaded: RR_07-14-2026.csv (37 rows)
09:40:57 | INFO  |   Loaded: RR_07-27-2026.csv (38 rows)
09:40:57 | INFO  | Combined new data: 2007 rows
09:40:57 | INFO  | Removed 2007 duplicate entries
09:40:57 | INFO  | ✅ Saved master CSV: 74,949 total rows
09:40:57 | INFO  |    Date range: 2017-01-03 to 2026-08-20
09:40:57 | INFO  | 
======================================================================
09:40:57 | INFO  | STAGE 3: TICKER SUBSETTING
09:40:57 | INFO  | ======================================================================
09:40:57 | INFO  | Loaded master: 74,949 rows
09:40:57 | INFO  | Creating subsets for 9 tickers
09:40:57 | INFO  |   ✅ UST10Y: 2393 rows | 2017-01-03 to 2026-08-20
09:40:57 | INFO  |   ✅ SPX: 2393 rows | 2017-01-03 to 2026-08-20
09:40:57 | INFO  |   ✅ COMPQ: 2393 rows | 2017-01-03 to 2026-08-20
09:40:57 | INFO  |   ✅ RUT: 2392 rows | 2017-01-03 to 2026-08-20
09:40:57 | INFO  |   ✅ VIX: 2393 rows | 2017-01-03 to 2026-08-20
09:40:57 | INFO  |   ✅ USD: 2393 rows | 2017-01-03 to 2026-08-20
09:40:57 | INFO  |   ✅ GOLD: 2391 rows | 2017-01-03 to 2026-08-20
09:40:57 | INFO  |   ✅ AAPL: 2391 rows | 2017-01-03 to 2026-08-20
09:40:57 | INFO  |   ✅ BITCOIN: 762 rows | 2023-08-01 to 2026-08-20
09:40:57 | INFO  | ✅ Ticker subsetting complete
09:40:57 | INFO  | 
======================================================================
09:40:57 | INFO  | STAGE 4: ENRICHMENT
09:40:57 | INFO  | ======================================================================
09:40:57 | INFO  | Enriching 9 tickers
09:40:57 | INFO  | 
──────────────────────────────────────────────────────────────────────
09:40:57 | INFO  | Enriching: SPX
09:40:57 | INFO  | ──────────────────────────────────────────────────────────────────────
09:40:57 | INFO  |   Loaded 2393 rows from SPX.csv
09:40:57 | INFO  |   Yahoo ticker: ^GSPC
09:40:57 | INFO  |   OHLC prefix: GSPC
09:40:57 | INFO  |   Vol prefix: VIX
09:40:57 | INFO  |   Downloading ^GSPC OHLC...
09:40:57 | INFO  |     Downloaded 2421 days (2017-01-03 to 2026-08-20)
09:40:57 | INFO  |   Downloading ^VIX volatility...
09:40:58 | INFO  |     Downloaded 2422 days (2017-01-03 to 2026-08-20)
09:40:58 | WARNING |   ⚠️  28 trading days missing from original CSV
09:40:58 | INFO  |   ✓ Enrichment complete: 2421 rows
09:40:58 | INFO  |   ✅ Saved: SPX_enriched.csv (2421 rows)
09:40:58 | WARNING |   ⚠️  28 rows need manual update
09:40:58 | INFO  | 
──────────────────────────────────────────────────────────────────────
09:40:58 | INFO  | Enriching: GOLD
09:40:58 | INFO  | ──────────────────────────────────────────────────────────────────────
09:40:58 | INFO  |   Loaded 2391 rows from GOLD.csv
09:40:58 | INFO  |   Yahoo ticker: GC=F
09:40:58 | INFO  |   OHLC prefix: GC
09:40:58 | INFO  |   Vol prefix: GVZ
09:40:58 | INFO  |   Downloading GC=F OHLC...
09:40:58 | INFO  |     Downloaded 2422 days (2017-01-03 to 2026-08-20)
09:40:58 | INFO  |   Downloading ^GVZ volatility...
09:40:58 | INFO  |     Downloaded 2420 days (2017-01-03 to 2026-08-19)
09:40:58 | WARNING |   ⚠️  32 trading days missing from original CSV
09:40:58 | INFO  |   ✓ Enrichment complete: 2422 rows
09:40:58 | INFO  |   ✅ Saved: GOLD_enriched.csv (2422 rows)
09:40:58 | WARNING |   ⚠️  32 rows need manual update
09:40:58 | INFO  | 
──────────────────────────────────────────────────────────────────────
09:40:58 | INFO  | Enriching: UST10Y
09:40:58 | INFO  | ──────────────────────────────────────────────────────────────────────
09:40:58 | INFO  |   Loaded 2393 rows from UST10Y.csv
09:40:58 | INFO  |   ⚠️  Row count changed (19 → 2393) - re-enriching
09:40:58 | INFO  |   Yahoo ticker: ^TNX
09:40:58 | INFO  |   OHLC prefix: TNX
09:40:58 | INFO  |   Vol prefix: VIX
09:40:58 | INFO  |   Downloading ^TNX OHLC...
09:40:58 | INFO  |     Downloaded 2421 days (2017-01-03 to 2026-08-20)
09:40:58 | INFO  |   Downloading ^VIX volatility...
09:40:58 | INFO  |     Downloaded 2422 days (2017-01-03 to 2026-08-20)
09:40:58 | WARNING |   ⚠️  28 trading days missing from original CSV
09:40:58 | INFO  |   ✓ Enrichment complete: 2421 rows
09:40:58 | INFO  |   ✅ Saved: UST10Y_enriched.csv (2421 rows)
09:40:58 | WARNING |   ⚠️  28 rows need manual update
09:40:58 | INFO  | 
──────────────────────────────────────────────────────────────────────
09:40:58 | INFO  | Enriching: COMPQ
09:40:58 | INFO  | ──────────────────────────────────────────────────────────────────────
09:40:58 | INFO  |   Loaded 2393 rows from COMPQ.csv
09:40:58 | INFO  |   Yahoo ticker: ^IXIC
09:40:58 | INFO  |   OHLC prefix: IXIC
09:40:58 | INFO  |   Vol prefix: VIX
09:40:58 | INFO  |   Downloading ^IXIC OHLC...
09:40:59 | INFO  |     Downloaded 2421 days (2017-01-03 to 2026-08-20)
09:40:59 | INFO  |   Downloading ^VIX volatility...
09:40:59 | INFO  |     Downloaded 2422 days (2017-01-03 to 2026-08-20)
09:40:59 | WARNING |   ⚠️  28 trading days missing from original CSV
09:40:59 | INFO  |   ✓ Enrichment complete: 2421 rows
09:40:59 | INFO  |   ✅ Saved: COMPQ_enriched.csv (2421 rows)
09:40:59 | WARNING |   ⚠️  28 rows need manual update
09:40:59 | INFO  | 
──────────────────────────────────────────────────────────────────────
09:40:59 | INFO  | Enriching: RUT
09:40:59 | INFO  | ──────────────────────────────────────────────────────────────────────
09:40:59 | INFO  |   Loaded 2392 rows from RUT.csv
09:40:59 | INFO  |   Yahoo ticker: ^RUT
09:40:59 | INFO  |   OHLC prefix: RUT
09:40:59 | INFO  |   Vol prefix: VIX
09:40:59 | INFO  |   Downloading ^RUT OHLC...
09:40:59 | INFO  |     Downloaded 2420 days (2017-01-03 to 2026-08-19)
09:40:59 | INFO  |   Downloading ^VIX volatility...
09:40:59 | INFO  |     Downloaded 2422 days (2017-01-03 to 2026-08-20)
09:40:59 | WARNING |   ⚠️  29 trading days missing from original CSV
09:40:59 | INFO  |   ✓ Enrichment complete: 2420 rows
09:40:59 | INFO  |   ✅ Saved: RUT_enriched.csv (2420 rows)
09:40:59 | WARNING |   ⚠️  29 rows need manual update
09:40:59 | INFO  | 
──────────────────────────────────────────────────────────────────────
09:40:59 | INFO  | Enriching: VIX
09:40:59 | INFO  | ──────────────────────────────────────────────────────────────────────
09:40:59 | INFO  |   Loaded 2393 rows from VIX.csv
09:40:59 | INFO  |   Yahoo ticker: ^VIX
09:40:59 | INFO  |   OHLC prefix: VIX
09:40:59 | INFO  |   Vol prefix: VIXI
09:40:59 | INFO  |   Downloading ^VIX OHLC...
09:41:00 | INFO  |     Downloaded 2422 days (2017-01-03 to 2026-08-20)
09:41:00 | INFO  |   Downloading ^VIX volatility...
09:41:00 | INFO  |     Downloaded 2422 days (2017-01-03 to 2026-08-20)
09:41:00 | WARNING |   ⚠️  29 trading days missing from original CSV
09:41:00 | INFO  |   ✓ Enrichment complete: 2422 rows
09:41:00 | INFO  |   ✅ Saved: VIX_enriched.csv (2422 rows)
09:41:00 | WARNING |   ⚠️  29 rows need manual update
09:41:00 | INFO  | 
──────────────────────────────────────────────────────────────────────
09:41:00 | INFO  | Enriching: USD
09:41:00 | INFO  | ──────────────────────────────────────────────────────────────────────
09:41:00 | INFO  |   Loaded 2393 rows from USD.csv
09:41:00 | INFO  |   Yahoo ticker: DX-Y.NYB
09:41:00 | INFO  |   OHLC prefix: DX
09:41:00 | INFO  |   Vol prefix: VIX
09:41:00 | INFO  |   Downloading DX-Y.NYB OHLC...
09:41:00 | INFO  |     Downloaded 2423 days (2017-01-03 to 2026-08-20)
09:41:00 | INFO  |   Downloading ^VIX volatility...
09:41:00 | INFO  |     Downloaded 2422 days (2017-01-03 to 2026-08-20)
09:41:00 | WARNING |   ⚠️  30 trading days missing from original CSV
09:41:00 | INFO  |   ✓ Enrichment complete: 2423 rows
09:41:00 | INFO  |   ✅ Saved: USD_enriched.csv (2423 rows)
09:41:00 | WARNING |   ⚠️  30 rows need manual update
09:41:00 | INFO  | 
──────────────────────────────────────────────────────────────────────
09:41:00 | INFO  | Enriching: AAPL
09:41:00 | INFO  | ──────────────────────────────────────────────────────────────────────
09:41:00 | INFO  |   Loaded 2391 rows from AAPL.csv
09:41:00 | INFO  |   Yahoo ticker: AAPL
09:41:00 | INFO  |   OHLC prefix: AAPL
09:41:00 | INFO  |   Vol prefix: VIX
09:41:00 | INFO  |   Downloading AAPL OHLC...
09:41:00 | INFO  |     Downloaded 2421 days (2017-01-03 to 2026-08-20)
09:41:00 | INFO  |   Downloading ^VIX volatility...
09:41:00 | INFO  |     Downloaded 2422 days (2017-01-03 to 2026-08-20)
09:41:00 | WARNING |   ⚠️  30 trading days missing from original CSV
09:41:00 | INFO  |   ✓ Enrichment complete: 2421 rows
09:41:00 | INFO  |   ✅ Saved: AAPL_enriched.csv (2421 rows)
09:41:00 | WARNING |   ⚠️  30 rows need manual update
09:41:00 | INFO  | 
──────────────────────────────────────────────────────────────────────
09:41:00 | INFO  | Enriching: BITCOIN
09:41:00 | INFO  | ──────────────────────────────────────────────────────────────────────
09:41:01 | INFO  |   Loaded 762 rows from BITCOIN.csv
09:41:01 | INFO  |   ⚠️  Row count changed (3518 → 762) - re-enriching
09:41:01 | INFO  |   Yahoo ticker: BTC-USD
09:41:01 | INFO  |   OHLC prefix: BTC
09:41:01 | INFO  |   Vol prefix: VIX
09:41:01 | INFO  |   Downloading BTC-USD OHLC...
09:41:01 | INFO  |     Downloaded 3518 days (2017-01-02 to 2026-08-20)
09:41:01 | INFO  |   Downloading ^VIX volatility...
09:41:01 | INFO  |     Downloaded 2422 days (2017-01-03 to 2026-08-20)
09:41:01 | WARNING |   ⚠️  2756 trading days missing from original CSV
09:41:01 | INFO  |   ✓ Enrichment complete: 3518 rows
09:41:01 | INFO  |   ✅ Saved: BITCOIN_enriched.csv (3518 rows)
09:41:01 | WARNING |   ⚠️  2756 rows need manual update
09:41:01 | INFO  | 
======================================================================
09:41:01 | INFO  | ✅ Enrichment complete:
09:41:01 | INFO  |    Success: 9
09:41:01 | INFO  |    Skipped (up-to-date): 0
09:41:01 | INFO  |    Errors:  0
09:41:01 | INFO  | ======================================================================
09:41:01 | INFO  | 
======================================================================
09:41:01 | INFO  | ✅ PIPELINE COMPLETE
09:41:01 | INFO  | ======================================================================
