09:20:13 | INFO  | ======================================================================
09:20:13 | INFO  | ETL PIPELINE START
09:20:13 | INFO  | ======================================================================
09:20:13 | INFO  | 
📋 PIPELINE PLAN:
09:20:13 | INFO  |    HTML Files: 60 new / 60 total
09:20:13 | INFO  |    Master needs propagation: False
09:20:13 | INFO  | 
======================================================================
09:20:13 | INFO  | STAGE 1: HTML PARSING
09:20:13 | INFO  | ======================================================================
09:20:13 | INFO  | 
Processing: AUGUST 19, 2026.html
09:20:13 | INFO  |   ✅ Saved: RR_08-19-2026.csv (37 rows)
09:20:13 | INFO  | 
Processing: JULY 1, 2026.html
09:20:13 | INFO  |   ✅ Saved: RR_07-01-2026.csv (38 rows)
09:20:13 | INFO  | 
Processing: AUGUST 24, 2026.html
09:20:13 | INFO  |   ✅ Saved: RR_08-24-2026.csv (37 rows)
09:20:13 | INFO  | 
Processing: AUGUST 10, 2026.html
09:20:13 | INFO  |   ✅ Saved: RR_08-10-2026.csv (37 rows)
09:20:13 | INFO  | 
Processing: JULY 22, 2026.html
09:20:13 | INFO  |   ✅ Saved: RR_07-22-2026.csv (38 rows)
09:20:13 | INFO  | 
Processing: AUGUST 21, 2026.html
09:20:13 | INFO  |   ✅ Saved: RR_08-21-2026.csv (37 rows)
09:20:13 | INFO  | 
Processing: JUNE 9, 2026.html
09:20:13 | INFO  |   ✅ Saved: RR_06-09-2026.csv (36 rows)
09:20:13 | INFO  | 
Processing: JUNE 4, 2026.html
09:20:13 | INFO  |   ✅ Saved: RR_06-04-2026.csv (37 rows)
09:20:13 | INFO  | 
Processing: JUNE 11, 2026.html
09:20:13 | INFO  |   ✅ Saved: RR_06-11-2026.csv (36 rows)
09:20:13 | INFO  | 
Processing: JUNE 25, 2026.html
09:20:14 | INFO  |   ✅ Saved: RR_06-25-2026.csv (38 rows)
09:20:14 | INFO  | 
Processing: AUGUST 7, 2026.html
09:20:14 | INFO  |   ✅ Saved: RR_08-07-2026.csv (37 rows)
09:20:14 | INFO  | 
Processing: JUNE 17, 2026.html
09:20:14 | INFO  |   ✅ Saved: RR_06-17-2026.csv (36 rows)
09:20:14 | INFO  | 
Processing: AUGUST 27, 2026.html
09:20:14 | INFO  |   ✅ Saved: RR_08-27-2026.csv (37 rows)
09:20:14 | INFO  | 
Processing: JULY 24, 2026.html
09:20:14 | INFO  |   ✅ Saved: RR_07-24-2026.csv (38 rows)
09:20:14 | INFO  | 
Processing: JULY 21, 2026.html
09:20:14 | INFO  |   ✅ Saved: RR_07-21-2026.csv (38 rows)
09:20:14 | INFO  | 
Processing: AUGUST 17, 2026.html
09:20:14 | INFO  |   ✅ Saved: RR_08-17-2026.csv (37 rows)
09:20:14 | INFO  | 
Processing: AUGUST 28, 2026.html
09:20:14 | INFO  |   ✅ Saved: RR_08-28-2026.csv (37 rows)
09:20:14 | INFO  | 
Processing: AUGUST 20, 2026.html
09:20:14 | INFO  |   ✅ Saved: RR_08-20-2026.csv (37 rows)
09:20:14 | INFO  | 
Processing: AUGUST 25, 2026.html
09:20:14 | INFO  |   ✅ Saved: RR_08-25-2026.csv (37 rows)
09:20:14 | INFO  | 
Processing: JUNE 16, 2026.html
09:20:15 | INFO  |   ✅ Saved: RR_06-16-2026.csv (36 rows)
09:20:15 | INFO  | 
Processing: JULY 23, 2026.html
09:20:15 | INFO  |   ✅ Saved: RR_07-23-2026.csv (38 rows)
09:20:15 | INFO  | 
Processing: AUGUST 13, 2026.html
09:20:15 | INFO  |   ✅ Saved: RR_08-13-2026.csv (37 rows)
09:20:15 | INFO  | 
Processing: JUNE 23, 2026.html
09:20:15 | INFO  |   ✅ Saved: RR_06-23-2026.csv (37 rows)
09:20:15 | INFO  | 
Processing: JUNE 12, 2026.html
09:20:15 | INFO  |   ✅ Saved: RR_06-12-2026.csv (36 rows)
09:20:15 | INFO  | 
Processing: JUNE 8, 2026.html
09:20:15 | INFO  |   ✅ Saved: RR_06-08-2026.csv (37 rows)
09:20:15 | INFO  | 
Processing: JULY 6, 2026.html
09:20:15 | INFO  |   ✅ Saved: RR_07-06-2026.csv (37 rows)
09:20:15 | INFO  | 
Processing: JUNE 22, 2026.html
09:20:15 | INFO  |   ✅ Saved: RR_06-22-2026.csv (37 rows)
09:20:15 | INFO  | 
Processing: JUNE 15, 2026.html
09:20:15 | INFO  |   ✅ Saved: RR_06-15-2026.csv (36 rows)
09:20:15 | INFO  | 
Processing: AUGUST 6, 2026.html
09:20:15 | INFO  |   ✅ Saved: RR_08-06-2026.csv (37 rows)
09:20:15 | INFO  | 
Processing: JULY 13, 2026.html
09:20:16 | INFO  |   ✅ Saved: RR_07-13-2026.csv (37 rows)
09:20:16 | INFO  | 
Processing: JUNE 5, 2026.html
09:20:16 | INFO  |   ✅ Saved: RR_06-05-2026.csv (37 rows)
09:20:16 | INFO  | 
Processing: AUGUST 11, 2026.html
09:20:16 | INFO  |   ✅ Saved: RR_08-11-2026.csv (37 rows)
09:20:16 | INFO  | 
Processing: JULY 8, 2026.html
09:20:16 | INFO  |   ✅ Saved: RR_07-08-2026.csv (37 rows)
09:20:16 | INFO  | 
Processing: JUNE 26, 2026.html
09:20:16 | INFO  |   ✅ Saved: RR_06-26-2026.csv (38 rows)
09:20:16 | INFO  | 
Processing: JULY 16, 2026.html
09:20:16 | INFO  |   ✅ Saved: RR_07-16-2026.csv (37 rows)
09:20:16 | INFO  | 
Processing: JULY 31, 2026.html
09:20:16 | INFO  |   ✅ Saved: RR_07-31-2026.csv (37 rows)
09:20:16 | INFO  | 
Processing: JUNE 10, 2026.html
09:20:16 | INFO  |   ✅ Saved: RR_06-10-2026.csv (36 rows)
09:20:16 | INFO  | 
Processing: JULY 2, 2026.html
09:20:16 | INFO  |   ✅ Saved: RR_07-02-2026.csv (38 rows)
09:20:16 | INFO  | 
Processing: AUGUST 3, 2026.html
09:20:16 | INFO  |   ✅ Saved: RR_08-03-2026.csv (37 rows)
09:20:16 | INFO  | 
Processing: JULY 7, 2026.html
09:20:17 | INFO  |   ✅ Saved: RR_07-07-2026.csv (37 rows)
09:20:17 | INFO  | 
Processing: AUGUST 18, 2026.html
09:20:17 | INFO  |   ✅ Saved: RR_08-18-2026.csv (37 rows)
09:20:17 | INFO  | 
Processing: JULY 17, 2026.html
09:20:17 | INFO  |   ✅ Saved: RR_07-17-2026.csv (38 rows)
09:20:17 | INFO  | 
Processing: JULY 20, 2026.html
09:20:17 | INFO  |   ✅ Saved: RR_07-20-2026.csv (38 rows)
09:20:17 | INFO  | 
Processing: JUNE 29, 2026.html
09:20:17 | INFO  |   ✅ Saved: RR_06-29-2026.csv (38 rows)
09:20:17 | INFO  | 
Processing: JULY 30, 2026.html
09:20:17 | INFO  |   ✅ Saved: RR_07-30-2026.csv (38 rows)
09:20:17 | INFO  | 
Processing: AUGUST 4, 2026.html
09:20:17 | INFO  |   ✅ Saved: RR_08-04-2026.csv (37 rows)
09:20:17 | INFO  | 
Processing: AUGUST 26, 2026.html
09:20:17 | INFO  |   ✅ Saved: RR_08-26-2026.csv (37 rows)
09:20:17 | INFO  | 
Processing: JUNE 30, 2026.html
09:20:17 | INFO  |   ✅ Saved: RR_06-30-2026.csv (38 rows)
09:20:17 | INFO  | 
Processing: AUGUST 14, 2026.html
09:20:17 | INFO  |   ✅ Saved: RR_08-14-2026.csv (37 rows)
09:20:17 | INFO  | 
Processing: JUNE 24, 2026.html
09:20:17 | INFO  |   ✅ Saved: RR_06-24-2026.csv (37 rows)
09:20:17 | INFO  | 
Processing: JULY 9, 2026.html
09:20:18 | INFO  |   ✅ Saved: RR_07-09-2026.csv (37 rows)
09:20:18 | INFO  | 
Processing: AUGUST 12, 2026.html
09:20:18 | INFO  |   ✅ Saved: RR_08-12-2026.csv (37 rows)
09:20:18 | INFO  | 
Processing: JUNE 18, 2026.html
09:20:18 | INFO  |   ✅ Saved: RR_06-18-2026.csv (37 rows)
09:20:18 | INFO  | 
Processing: JULY 10, 2026.html
09:20:18 | INFO  |   ✅ Saved: RR_07-10-2026.csv (37 rows)
09:20:18 | INFO  | 
Processing: JULY 29, 2026.html
09:20:18 | INFO  |   ✅ Saved: RR_07-29-2026.csv (38 rows)
09:20:18 | INFO  | 
Processing: JULY 15, 2026.html
09:20:18 | INFO  |   ✅ Saved: RR_07-15-2026.csv (37 rows)
09:20:18 | INFO  | 
Processing: JULY 28, 2026.html
09:20:18 | INFO  |   ✅ Saved: RR_07-28-2026.csv (38 rows)
09:20:18 | INFO  | 
Processing: AUGUST 5, 2026.html
09:20:18 | INFO  |   ✅ Saved: RR_08-05-2026.csv (37 rows)
09:20:18 | INFO  | 
Processing: JULY 14, 2026.html
09:20:18 | INFO  |   ✅ Saved: RR_07-14-2026.csv (37 rows)
09:20:18 | INFO  | 
Processing: JULY 27, 2026.html
09:20:18 | INFO  |   ✅ Saved: RR_07-27-2026.csv (38 rows)
09:20:18 | INFO  | 
✅ HTML parsing complete: 60 success, 0 errors
09:20:18 | INFO  | 
======================================================================
09:20:18 | INFO  | STAGE 2: MASTER AGGREGATION
09:20:18 | INFO  | ======================================================================
09:20:18 | INFO  | ✅ Backed up master to: risk_ranges_master_backup_20260828_092018.csv
09:20:19 | INFO  | Loaded existing master: 75,134 rows
09:20:19 | INFO  |   Loaded: RR_08-19-2026.csv (37 rows)
09:20:19 | INFO  |   Loaded: RR_07-01-2026.csv (38 rows)
09:20:19 | INFO  |   Loaded: RR_08-24-2026.csv (37 rows)
09:20:19 | INFO  |   Loaded: RR_08-10-2026.csv (37 rows)
09:20:19 | INFO  |   Loaded: RR_07-22-2026.csv (38 rows)
09:20:19 | INFO  |   Loaded: RR_08-21-2026.csv (37 rows)
09:20:19 | INFO  |   Loaded: RR_06-09-2026.csv (36 rows)
09:20:19 | INFO  |   Loaded: RR_06-04-2026.csv (37 rows)
09:20:19 | INFO  |   Loaded: RR_06-11-2026.csv (36 rows)
09:20:19 | INFO  |   Loaded: RR_06-25-2026.csv (38 rows)
09:20:19 | INFO  |   Loaded: RR_08-07-2026.csv (37 rows)
09:20:19 | INFO  |   Loaded: RR_06-17-2026.csv (36 rows)
09:20:19 | INFO  |   Loaded: RR_08-27-2026.csv (37 rows)
09:20:19 | INFO  |   Loaded: RR_07-24-2026.csv (38 rows)
09:20:19 | INFO  |   Loaded: RR_07-21-2026.csv (38 rows)
09:20:19 | INFO  |   Loaded: RR_08-17-2026.csv (37 rows)
09:20:19 | INFO  |   Loaded: RR_08-28-2026.csv (37 rows)
09:20:19 | INFO  |   Loaded: RR_08-20-2026.csv (37 rows)
09:20:19 | INFO  |   Loaded: RR_08-25-2026.csv (37 rows)
09:20:19 | INFO  |   Loaded: RR_06-16-2026.csv (36 rows)
09:20:19 | INFO  |   Loaded: RR_07-23-2026.csv (38 rows)
09:20:19 | INFO  |   Loaded: RR_08-13-2026.csv (37 rows)
09:20:19 | INFO  |   Loaded: RR_06-23-2026.csv (37 rows)
09:20:19 | INFO  |   Loaded: RR_06-12-2026.csv (36 rows)
09:20:19 | INFO  |   Loaded: RR_06-08-2026.csv (37 rows)
09:20:19 | INFO  |   Loaded: RR_07-06-2026.csv (37 rows)
09:20:19 | INFO  |   Loaded: RR_06-22-2026.csv (37 rows)
09:20:19 | INFO  |   Loaded: RR_06-15-2026.csv (36 rows)
09:20:19 | INFO  |   Loaded: RR_08-06-2026.csv (37 rows)
09:20:19 | INFO  |   Loaded: RR_07-13-2026.csv (37 rows)
09:20:19 | INFO  |   Loaded: RR_06-05-2026.csv (37 rows)
09:20:19 | INFO  |   Loaded: RR_08-11-2026.csv (37 rows)
09:20:19 | INFO  |   Loaded: RR_07-08-2026.csv (37 rows)
09:20:19 | INFO  |   Loaded: RR_06-26-2026.csv (38 rows)
09:20:19 | INFO  |   Loaded: RR_07-16-2026.csv (37 rows)
09:20:19 | INFO  |   Loaded: RR_07-31-2026.csv (37 rows)
09:20:19 | INFO  |   Loaded: RR_06-10-2026.csv (36 rows)
09:20:19 | INFO  |   Loaded: RR_07-02-2026.csv (38 rows)
09:20:19 | INFO  |   Loaded: RR_08-03-2026.csv (37 rows)
09:20:19 | INFO  |   Loaded: RR_07-07-2026.csv (37 rows)
09:20:19 | INFO  |   Loaded: RR_08-18-2026.csv (37 rows)
09:20:19 | INFO  |   Loaded: RR_07-17-2026.csv (38 rows)
09:20:19 | INFO  |   Loaded: RR_07-20-2026.csv (38 rows)
09:20:19 | INFO  |   Loaded: RR_06-29-2026.csv (38 rows)
09:20:19 | INFO  |   Loaded: RR_07-30-2026.csv (38 rows)
09:20:19 | INFO  |   Loaded: RR_08-04-2026.csv (37 rows)
09:20:19 | INFO  |   Loaded: RR_08-26-2026.csv (37 rows)
09:20:19 | INFO  |   Loaded: RR_06-30-2026.csv (38 rows)
09:20:19 | INFO  |   Loaded: RR_08-14-2026.csv (37 rows)
09:20:19 | INFO  |   Loaded: RR_06-24-2026.csv (37 rows)
09:20:19 | INFO  |   Loaded: RR_07-09-2026.csv (37 rows)
09:20:19 | INFO  |   Loaded: RR_08-12-2026.csv (37 rows)
09:20:19 | INFO  |   Loaded: RR_06-18-2026.csv (37 rows)
09:20:19 | INFO  |   Loaded: RR_07-10-2026.csv (37 rows)
09:20:19 | INFO  |   Loaded: RR_07-29-2026.csv (38 rows)
09:20:19 | INFO  |   Loaded: RR_07-15-2026.csv (37 rows)
09:20:19 | INFO  |   Loaded: RR_07-28-2026.csv (38 rows)
09:20:19 | INFO  |   Loaded: RR_08-05-2026.csv (37 rows)
09:20:19 | INFO  |   Loaded: RR_07-14-2026.csv (37 rows)
09:20:19 | INFO  |   Loaded: RR_07-27-2026.csv (38 rows)
09:20:19 | INFO  | Combined new data: 2229 rows
09:20:19 | INFO  | Removed 2192 duplicate entries
09:20:19 | INFO  | ✅ Saved master CSV: 75,171 total rows
09:20:19 | INFO  |    Date range: 2017-01-03 to 2026-08-28
09:20:19 | INFO  | 
======================================================================
09:20:19 | INFO  | STAGE 3: TICKER SUBSETTING
09:20:19 | INFO  | ======================================================================
09:20:19 | INFO  | Loaded master: 75,171 rows
09:20:19 | INFO  | Creating subsets for 9 tickers
09:20:19 | INFO  |   ✅ UST10Y: 2399 rows | 2017-01-03 to 2026-08-28
09:20:19 | INFO  |   ✅ SPX: 2399 rows | 2017-01-03 to 2026-08-28
09:20:19 | INFO  |   ✅ COMPQ: 2399 rows | 2017-01-03 to 2026-08-28
09:20:19 | INFO  |   ✅ RUT: 2398 rows | 2017-01-03 to 2026-08-28
09:20:19 | INFO  |   ✅ VIX: 2399 rows | 2017-01-03 to 2026-08-28
09:20:19 | INFO  |   ✅ USD: 2399 rows | 2017-01-03 to 2026-08-28
09:20:19 | INFO  |   ✅ GOLD: 2397 rows | 2017-01-03 to 2026-08-28
09:20:19 | INFO  |   ✅ AAPL: 2397 rows | 2017-01-03 to 2026-08-28
09:20:19 | INFO  |   ✅ BITCOIN: 768 rows | 2023-08-01 to 2026-08-28
09:20:19 | INFO  | ✅ Ticker subsetting complete
09:20:19 | INFO  | 
======================================================================
09:20:19 | INFO  | STAGE 4: ENRICHMENT
09:20:19 | INFO  | ======================================================================
09:20:19 | INFO  | Enriching 9 tickers
09:20:19 | INFO  | 
──────────────────────────────────────────────────────────────────────
09:20:19 | INFO  | Enriching: SPX
09:20:19 | INFO  | ──────────────────────────────────────────────────────────────────────
09:20:19 | INFO  |   Loaded 2399 rows from SPX.csv
09:20:19 | INFO  |   Yahoo ticker: ^GSPC
09:20:19 | INFO  |   OHLC prefix: GSPC
09:20:19 | INFO  |   Vol prefix: VIX
09:20:19 | INFO  |   Downloading ^GSPC OHLC...
09:20:20 | INFO  |     Downloaded 2426 days (2017-01-03 to 2026-08-27)
09:20:20 | INFO  |   Downloading ^VIX volatility...
09:20:20 | INFO  |     Downloaded 2428 days (2017-01-03 to 2026-08-28)
09:20:20 | WARNING |   ⚠️  28 trading days missing from original CSV
09:20:20 | INFO  |   ✓ Enrichment complete: 2426 rows
09:20:20 | INFO  |   ✅ Saved: SPX_enriched.csv (2426 rows)
09:20:20 | WARNING |   ⚠️  28 rows need manual update
09:20:20 | INFO  | 
──────────────────────────────────────────────────────────────────────
09:20:20 | INFO  | Enriching: GOLD
09:20:20 | INFO  | ──────────────────────────────────────────────────────────────────────
09:20:20 | INFO  |   Loaded 2397 rows from GOLD.csv
09:20:20 | INFO  |   Yahoo ticker: GC=F
09:20:20 | INFO  |   OHLC prefix: GC
09:20:20 | INFO  |   Vol prefix: GVZ
09:20:20 | INFO  |   Downloading GC=F OHLC...
09:20:21 | INFO  |     Downloaded 2428 days (2017-01-03 to 2026-08-28)
09:20:21 | INFO  |   Downloading ^GVZ volatility...
09:20:21 | INFO  |     Downloaded 2426 days (2017-01-03 to 2026-08-27)
09:20:21 | WARNING |   ⚠️  32 trading days missing from original CSV
09:20:21 | INFO  |   ✓ Enrichment complete: 2428 rows
09:20:21 | INFO  |   ✅ Saved: GOLD_enriched.csv (2428 rows)
09:20:21 | WARNING |   ⚠️  32 rows need manual update
09:20:21 | INFO  | 
──────────────────────────────────────────────────────────────────────
09:20:21 | INFO  | Enriching: UST10Y
09:20:21 | INFO  | ──────────────────────────────────────────────────────────────────────
09:20:21 | INFO  |   Loaded 2399 rows from UST10Y.csv
09:20:21 | INFO  |   Yahoo ticker: ^TNX
09:20:21 | INFO  |   OHLC prefix: TNX
09:20:21 | INFO  |   Vol prefix: VIX
09:20:21 | INFO  |   Downloading ^TNX OHLC...
09:20:21 | INFO  |     Downloaded 2427 days (2017-01-03 to 2026-08-28)
09:20:21 | INFO  |   Downloading ^VIX volatility...
09:20:21 | INFO  |     Downloaded 2428 days (2017-01-03 to 2026-08-28)
09:20:21 | WARNING |   ⚠️  28 trading days missing from original CSV
09:20:21 | INFO  |   ✓ Enrichment complete: 2427 rows
09:20:21 | INFO  |   ✅ Saved: UST10Y_enriched.csv (2427 rows)
09:20:21 | WARNING |   ⚠️  28 rows need manual update
09:20:21 | INFO  | 
──────────────────────────────────────────────────────────────────────
09:20:21 | INFO  | Enriching: COMPQ
09:20:21 | INFO  | ──────────────────────────────────────────────────────────────────────
09:20:21 | INFO  |   Loaded 2399 rows from COMPQ.csv
09:20:21 | INFO  |   Yahoo ticker: ^IXIC
09:20:21 | INFO  |   OHLC prefix: IXIC
09:20:21 | INFO  |   Vol prefix: VIX
09:20:21 | INFO  |   Downloading ^IXIC OHLC...
09:20:22 | INFO  |     Downloaded 2426 days (2017-01-03 to 2026-08-27)
09:20:22 | INFO  |   Downloading ^VIX volatility...
09:20:22 | INFO  |     Downloaded 2428 days (2017-01-03 to 2026-08-28)
09:20:22 | WARNING |   ⚠️  28 trading days missing from original CSV
09:20:22 | INFO  |   ✓ Enrichment complete: 2426 rows
09:20:22 | INFO  |   ✅ Saved: COMPQ_enriched.csv (2426 rows)
09:20:22 | WARNING |   ⚠️  28 rows need manual update
09:20:22 | INFO  | 
──────────────────────────────────────────────────────────────────────
09:20:22 | INFO  | Enriching: RUT
09:20:22 | INFO  | ──────────────────────────────────────────────────────────────────────
09:20:22 | INFO  |   Loaded 2398 rows from RUT.csv
09:20:22 | INFO  |   Yahoo ticker: ^RUT
09:20:22 | INFO  |   OHLC prefix: RUT
09:20:22 | INFO  |   Vol prefix: VIX
09:20:22 | INFO  |   Downloading ^RUT OHLC...
09:20:22 | INFO  |     Downloaded 2426 days (2017-01-03 to 2026-08-27)
09:20:22 | INFO  |   Downloading ^VIX volatility...
09:20:23 | INFO  |     Downloaded 2428 days (2017-01-03 to 2026-08-28)
09:20:23 | WARNING |   ⚠️  29 trading days missing from original CSV
09:20:23 | INFO  |   ✓ Enrichment complete: 2426 rows
09:20:23 | INFO  |   ✅ Saved: RUT_enriched.csv (2426 rows)
09:20:23 | WARNING |   ⚠️  29 rows need manual update
09:20:23 | INFO  | 
──────────────────────────────────────────────────────────────────────
09:20:23 | INFO  | Enriching: VIX
09:20:23 | INFO  | ──────────────────────────────────────────────────────────────────────
09:20:23 | INFO  |   Loaded 2399 rows from VIX.csv
09:20:23 | INFO  |   Yahoo ticker: ^VIX
09:20:23 | INFO  |   OHLC prefix: VIX
09:20:23 | INFO  |   Vol prefix: VIXI
09:20:23 | INFO  |   Downloading ^VIX OHLC...
09:20:23 | INFO  |     Downloaded 2428 days (2017-01-03 to 2026-08-28)
09:20:23 | INFO  |   Downloading ^VIX volatility...
09:20:23 | INFO  |     Downloaded 2428 days (2017-01-03 to 2026-08-28)
09:20:23 | WARNING |   ⚠️  29 trading days missing from original CSV
09:20:23 | INFO  |   ✓ Enrichment complete: 2428 rows
09:20:23 | INFO  |   ✅ Saved: VIX_enriched.csv (2428 rows)
09:20:23 | WARNING |   ⚠️  29 rows need manual update
09:20:23 | INFO  | 
──────────────────────────────────────────────────────────────────────
09:20:23 | INFO  | Enriching: USD
09:20:23 | INFO  | ──────────────────────────────────────────────────────────────────────
09:20:23 | INFO  |   Loaded 2399 rows from USD.csv
09:20:23 | INFO  |   Yahoo ticker: DX-Y.NYB
09:20:23 | INFO  |   OHLC prefix: DX
09:20:23 | INFO  |   Vol prefix: VIX
09:20:23 | INFO  |   Downloading DX-Y.NYB OHLC...
09:20:23 | INFO  |     Downloaded 2429 days (2017-01-03 to 2026-08-28)
09:20:23 | INFO  |   Downloading ^VIX volatility...
09:20:24 | INFO  |     Downloaded 2428 days (2017-01-03 to 2026-08-28)
09:20:24 | WARNING |   ⚠️  30 trading days missing from original CSV
09:20:24 | INFO  |   ✓ Enrichment complete: 2429 rows
09:20:24 | INFO  |   ✅ Saved: USD_enriched.csv (2429 rows)
09:20:24 | WARNING |   ⚠️  30 rows need manual update
09:20:24 | INFO  | 
──────────────────────────────────────────────────────────────────────
09:20:24 | INFO  | Enriching: AAPL
09:20:24 | INFO  | ──────────────────────────────────────────────────────────────────────
09:20:24 | INFO  |   Loaded 2397 rows from AAPL.csv
09:20:24 | INFO  |   Yahoo ticker: AAPL
09:20:24 | INFO  |   OHLC prefix: AAPL
09:20:24 | INFO  |   Vol prefix: VIX
09:20:24 | INFO  |   Downloading AAPL OHLC...
09:20:24 | INFO  |     Downloaded 2426 days (2017-01-03 to 2026-08-27)
09:20:24 | INFO  |   Downloading ^VIX volatility...
09:20:24 | INFO  |     Downloaded 2428 days (2017-01-03 to 2026-08-28)
09:20:24 | WARNING |   ⚠️  30 trading days missing from original CSV
09:20:24 | INFO  |   ✓ Enrichment complete: 2426 rows
09:20:24 | INFO  |   ✅ Saved: AAPL_enriched.csv (2426 rows)
09:20:24 | WARNING |   ⚠️  30 rows need manual update
09:20:24 | INFO  | 
──────────────────────────────────────────────────────────────────────
09:20:24 | INFO  | Enriching: BITCOIN
09:20:24 | INFO  | ──────────────────────────────────────────────────────────────────────
09:20:24 | INFO  |   Loaded 768 rows from BITCOIN.csv
09:20:24 | INFO  |   ⚠️  Row count changed (3525 → 768) - re-enriching
09:20:24 | INFO  |   Yahoo ticker: BTC-USD
09:20:24 | INFO  |   OHLC prefix: BTC
09:20:24 | INFO  |   Vol prefix: VIX
09:20:24 | INFO  |   Downloading BTC-USD OHLC...
09:20:25 | INFO  |     Downloaded 3526 days (2017-01-02 to 2026-08-28)
09:20:25 | INFO  |   Downloading ^VIX volatility...
09:20:25 | INFO  |     Downloaded 2428 days (2017-01-03 to 2026-08-28)
09:20:25 | WARNING |   ⚠️  2758 trading days missing from original CSV
09:20:25 | INFO  |   ✓ Enrichment complete: 3526 rows
09:20:25 | INFO  |   ✅ Saved: BITCOIN_enriched.csv (3526 rows)
09:20:25 | WARNING |   ⚠️  2758 rows need manual update
09:20:25 | INFO  | 
======================================================================
09:20:25 | INFO  | ✅ Enrichment complete:
09:20:25 | INFO  |    Success: 9
09:20:25 | INFO  |    Skipped (up-to-date): 0
09:20:25 | INFO  |    Errors:  0
09:20:25 | INFO  | ======================================================================
09:20:25 | INFO  | 
======================================================================
09:20:25 | INFO  | ✅ PIPELINE COMPLETE
09:20:25 | INFO  | ======================================================================
