11:30:03 | INFO  | ======================================================================
11:30:03 | INFO  | ETL PIPELINE START
11:30:03 | INFO  | ======================================================================
11:30:03 | INFO  | 
📋 PIPELINE PLAN:
11:30:03 | INFO  |    HTML Files: 31 new / 31 total
11:30:03 | INFO  |    Master needs propagation: False
11:30:03 | INFO  | 
======================================================================
11:30:03 | INFO  | STAGE 1: HTML PARSING
11:30:03 | INFO  | ======================================================================
11:30:03 | INFO  | 
Processing: SEPTEMBER 03, 2026.html
11:30:03 | INFO  |   ✅ Saved: RR_09-03-2026.csv (36 rows)
11:30:03 | INFO  | 
Processing: AUGUST 20, 2026.html
11:30:03 | INFO  |   ✅ Saved: RR_08-20-2026.csv (37 rows)
11:30:03 | INFO  | 
Processing: SEPTEMBER 9, 2026.html
11:30:03 | INFO  |   ✅ Saved: RR_09-09-2026.csv (37 rows)
11:30:03 | INFO  | 
Processing: AUGUST 25, 2026.html
11:30:03 | INFO  |   ✅ Saved: RR_08-25-2026.csv (37 rows)
11:30:03 | INFO  | 
Processing: SEPTEMBER 02, 2026.html
11:30:04 | INFO  |   ✅ Saved: RR_09-02-2026.csv (37 rows)
11:30:04 | INFO  | 
Processing: SEPTEMBER 15, 2026.html
11:30:04 | INFO  |   ✅ Saved: RR_09-15-2026.csv (37 rows)
11:30:04 | INFO  | 
Processing: AUGUST 6, 2026.html
11:30:04 | INFO  |   ✅ Saved: RR_08-06-2026.csv (37 rows)
11:30:04 | INFO  | 
Processing: AUGUST 17, 2026.html
11:30:04 | INFO  |   ✅ Saved: RR_08-17-2026.csv (37 rows)
11:30:04 | INFO  | 
Processing: AUGUST 18, 2026.html
11:30:04 | INFO  |   ✅ Saved: RR_08-18-2026.csv (37 rows)
11:30:04 | INFO  | 
Processing: AUGUST 11, 2026.html
11:30:04 | INFO  |   ✅ Saved: RR_08-11-2026.csv (37 rows)
11:30:04 | INFO  | 
Processing: AUGUST 14, 2026.html
11:30:04 | INFO  |   ✅ Saved: RR_08-14-2026.csv (37 rows)
11:30:04 | INFO  | 
Processing: AUGUST 7, 2026.html
11:30:04 | INFO  |   ✅ Saved: RR_08-07-2026.csv (37 rows)
11:30:04 | INFO  | 
Processing: AUGUST 10, 2026.html
11:30:04 | INFO  |   ✅ Saved: RR_08-10-2026.csv (37 rows)
11:30:04 | INFO  | 
Processing: AUGUST 24, 2026.html
11:30:04 | INFO  |   ✅ Saved: RR_08-24-2026.csv (37 rows)
11:30:04 | INFO  | 
Processing: SEPTEMBER 14, 2026.html
11:30:05 | INFO  |   ✅ Saved: RR_09-14-2026.csv (37 rows)
11:30:05 | INFO  | 
Processing: AUGUST 19, 2026.html
11:30:05 | INFO  |   ✅ Saved: RR_08-19-2026.csv (37 rows)
11:30:05 | INFO  | 
Processing: AUGUST 13, 2026.html
11:30:05 | INFO  |   ✅ Saved: RR_08-13-2026.csv (37 rows)
11:30:05 | INFO  | 
Processing: AUGUST 3, 2026.html
11:30:05 | INFO  |   ✅ Saved: RR_08-03-2026.csv (37 rows)
11:30:05 | INFO  | 
Processing: SEPTEMBER 04, 2026.html
11:30:05 | INFO  |   ✅ Saved: RR_09-04-2026.csv (37 rows)
11:30:05 | INFO  | 
Processing: SEPTEMBER 11, 2026.html
11:30:05 | INFO  |   ✅ Saved: RR_09-11-2026.csv (37 rows)
11:30:05 | INFO  | 
Processing: SEPTEMBER 10, 2026.html
11:30:05 | INFO  |   ✅ Saved: RR_09-10-2026.csv (37 rows)
11:30:05 | INFO  | 
Processing: AUGUST 21, 2026.html
11:30:05 | INFO  |   ✅ Saved: RR_08-21-2026.csv (37 rows)
11:30:05 | INFO  | 
Processing: AUGUST 4, 2026.html
11:30:05 | INFO  |   ✅ Saved: RR_08-04-2026.csv (37 rows)
11:30:05 | INFO  | 
Processing: AUGUST 27, 2026.html
11:30:05 | INFO  |   ✅ Saved: RR_08-27-2026.csv (37 rows)
11:30:05 | INFO  | 
Processing: AUGUST 5, 2026.html
11:30:06 | INFO  |   ✅ Saved: RR_08-05-2026.csv (37 rows)
11:30:06 | INFO  | 
Processing: AUGUST 12, 2026.html
11:30:06 | INFO  |   ✅ Saved: RR_08-12-2026.csv (37 rows)
11:30:06 | INFO  | 
Processing: SEPTEMBER 01, 2026.html
11:30:06 | INFO  |   ✅ Saved: RR_09-01-2026.csv (37 rows)
11:30:06 | INFO  | 
Processing: SEPTEMBER 8, 2026.html
11:30:06 | INFO  |   ✅ Saved: RR_09-08-2026.csv (37 rows)
11:30:06 | INFO  | 
Processing: AUGUST 26, 2026.html
11:30:06 | INFO  |   ✅ Saved: RR_08-26-2026.csv (37 rows)
11:30:06 | INFO  | 
Processing: AUGUST 31, 2026.html
11:30:06 | INFO  |   ✅ Saved: RR_08-31-2026.csv (37 rows)
11:30:06 | INFO  | 
Processing: AUGUST 28, 2026.html
11:30:06 | INFO  |   ✅ Saved: RR_08-28-2026.csv (37 rows)
11:30:06 | INFO  | 
✅ HTML parsing complete: 31 success, 0 errors
11:30:06 | INFO  | 
======================================================================
11:30:06 | INFO  | STAGE 2: MASTER AGGREGATION
11:30:06 | INFO  | ======================================================================
11:30:06 | INFO  | ✅ Backed up master to: risk_ranges_master_backup_20260915_113006.csv
11:30:06 | INFO  | Loaded existing master: 75,466 rows
11:30:06 | INFO  |   Loaded: RR_09-03-2026.csv (36 rows)
11:30:06 | INFO  |   Loaded: RR_08-20-2026.csv (37 rows)
11:30:06 | INFO  |   Loaded: RR_09-09-2026.csv (37 rows)
11:30:06 | INFO  |   Loaded: RR_08-25-2026.csv (37 rows)
11:30:06 | INFO  |   Loaded: RR_09-02-2026.csv (37 rows)
11:30:06 | INFO  |   Loaded: RR_09-15-2026.csv (37 rows)
11:30:06 | INFO  |   Loaded: RR_08-06-2026.csv (37 rows)
11:30:06 | INFO  |   Loaded: RR_08-17-2026.csv (37 rows)
11:30:06 | INFO  |   Loaded: RR_08-18-2026.csv (37 rows)
11:30:06 | INFO  |   Loaded: RR_08-11-2026.csv (37 rows)
11:30:06 | INFO  |   Loaded: RR_08-14-2026.csv (37 rows)
11:30:06 | INFO  |   Loaded: RR_08-07-2026.csv (37 rows)
11:30:06 | INFO  |   Loaded: RR_08-10-2026.csv (37 rows)
11:30:06 | INFO  |   Loaded: RR_08-24-2026.csv (37 rows)
11:30:06 | INFO  |   Loaded: RR_09-14-2026.csv (37 rows)
11:30:06 | INFO  |   Loaded: RR_08-19-2026.csv (37 rows)
11:30:06 | INFO  |   Loaded: RR_08-13-2026.csv (37 rows)
11:30:06 | INFO  |   Loaded: RR_08-03-2026.csv (37 rows)
11:30:06 | INFO  |   Loaded: RR_09-04-2026.csv (37 rows)
11:30:06 | INFO  |   Loaded: RR_09-11-2026.csv (37 rows)
11:30:06 | INFO  |   Loaded: RR_09-10-2026.csv (37 rows)
11:30:06 | INFO  |   Loaded: RR_08-21-2026.csv (37 rows)
11:30:06 | INFO  |   Loaded: RR_08-04-2026.csv (37 rows)
11:30:06 | INFO  |   Loaded: RR_08-27-2026.csv (37 rows)
11:30:06 | INFO  |   Loaded: RR_08-05-2026.csv (37 rows)
11:30:06 | INFO  |   Loaded: RR_08-12-2026.csv (37 rows)
11:30:06 | INFO  |   Loaded: RR_09-01-2026.csv (37 rows)
11:30:06 | INFO  |   Loaded: RR_09-08-2026.csv (37 rows)
11:30:06 | INFO  |   Loaded: RR_08-26-2026.csv (37 rows)
11:30:06 | INFO  |   Loaded: RR_08-31-2026.csv (37 rows)
11:30:06 | INFO  |   Loaded: RR_08-28-2026.csv (37 rows)
11:30:06 | INFO  | Combined new data: 1146 rows
11:30:06 | INFO  | Removed 1035 duplicate entries
11:30:06 | INFO  | ✅ Saved master CSV: 75,577 total rows
11:30:06 | INFO  |    Date range: 2017-01-03 to 2026-09-15
11:30:06 | INFO  | 
======================================================================
11:30:06 | INFO  | STAGE 3: TICKER SUBSETTING
11:30:06 | INFO  | ======================================================================
11:30:07 | INFO  | Loaded master: 75,577 rows
11:30:07 | INFO  | Creating subsets for 9 tickers
11:30:07 | INFO  |   ✅ UST10Y: 2410 rows | 2017-01-03 to 2026-09-15
11:30:07 | INFO  |   ✅ SPX: 2410 rows | 2017-01-03 to 2026-09-15
11:30:07 | INFO  |   ✅ COMPQ: 2410 rows | 2017-01-03 to 2026-09-15
11:30:07 | INFO  |   ✅ RUT: 2409 rows | 2017-01-03 to 2026-09-15
11:30:07 | INFO  |   ✅ VIX: 2410 rows | 2017-01-03 to 2026-09-15
11:30:07 | INFO  |   ✅ USD: 2410 rows | 2017-01-03 to 2026-09-15
11:30:07 | INFO  |   ✅ GOLD: 2408 rows | 2017-01-03 to 2026-09-15
11:30:07 | INFO  |   ✅ AAPL: 2408 rows | 2017-01-03 to 2026-09-15
11:30:07 | INFO  |   ✅ BITCOIN: 779 rows | 2023-08-01 to 2026-09-15
11:30:07 | INFO  | ✅ Ticker subsetting complete
11:30:07 | INFO  | 
======================================================================
11:30:07 | INFO  | STAGE 4: ENRICHMENT
11:30:07 | INFO  | ======================================================================
11:30:07 | INFO  | Enriching 9 tickers
11:30:07 | INFO  | 
──────────────────────────────────────────────────────────────────────
11:30:07 | INFO  | Enriching: SPX
11:30:07 | INFO  | ──────────────────────────────────────────────────────────────────────
11:30:07 | INFO  |   Loaded 2410 rows from SPX.csv
11:30:07 | INFO  |   Yahoo ticker: ^GSPC
11:30:07 | INFO  |   OHLC prefix: GSPC
11:30:07 | INFO  |   Vol prefix: VIX
11:30:07 | INFO  |   Downloading ^GSPC OHLC...
11:30:07 | INFO  |     Downloaded 2438 days (2017-01-03 to 2026-09-15)
11:30:07 | INFO  |   Downloading ^VIX volatility...
11:30:07 | INFO  |     Downloaded 2440 days (2017-01-03 to 2026-09-15)
11:30:07 | WARNING |   ⚠️  28 trading days missing from original CSV
11:30:07 | INFO  |   ✓ Enrichment complete: 2438 rows
11:30:07 | INFO  |   ✅ Saved: SPX_enriched.csv (2438 rows)
11:30:07 | WARNING |   ⚠️  28 rows need manual update
11:30:07 | INFO  | 
──────────────────────────────────────────────────────────────────────
11:30:07 | INFO  | Enriching: GOLD
11:30:07 | INFO  | ──────────────────────────────────────────────────────────────────────
11:30:07 | INFO  |   Loaded 2408 rows from GOLD.csv
11:30:07 | INFO  |   Yahoo ticker: GC=F
11:30:07 | INFO  |   OHLC prefix: GC
11:30:07 | INFO  |   Vol prefix: GVZ
11:30:07 | INFO  |   Downloading GC=F OHLC...
11:30:07 | INFO  |     Downloaded 2440 days (2017-01-03 to 2026-09-15)
11:30:07 | INFO  |   Downloading ^GVZ volatility...
11:30:08 | INFO  |     Downloaded 2438 days (2017-01-03 to 2026-09-15)
11:30:08 | WARNING |   ⚠️  33 trading days missing from original CSV
11:30:08 | INFO  |   ✓ Enrichment complete: 2440 rows
11:30:08 | INFO  |   ✅ Saved: GOLD_enriched.csv (2440 rows)
11:30:08 | WARNING |   ⚠️  33 rows need manual update
11:30:08 | INFO  | 
──────────────────────────────────────────────────────────────────────
11:30:08 | INFO  | Enriching: UST10Y
11:30:08 | INFO  | ──────────────────────────────────────────────────────────────────────
11:30:08 | INFO  |   Loaded 2410 rows from UST10Y.csv
11:30:08 | INFO  |   Yahoo ticker: ^TNX
11:30:08 | INFO  |   OHLC prefix: TNX
11:30:08 | INFO  |   Vol prefix: VIX
11:30:08 | INFO  |   Downloading ^TNX OHLC...
11:30:08 | INFO  |     Downloaded 2438 days (2017-01-03 to 2026-09-15)
11:30:08 | INFO  |   Downloading ^VIX volatility...
11:30:08 | INFO  |     Downloaded 2440 days (2017-01-03 to 2026-09-15)
11:30:08 | WARNING |   ⚠️  28 trading days missing from original CSV
11:30:08 | INFO  |   ✓ Enrichment complete: 2438 rows
11:30:08 | INFO  |   ✅ Saved: UST10Y_enriched.csv (2438 rows)
11:30:08 | WARNING |   ⚠️  28 rows need manual update
11:30:08 | INFO  | 
──────────────────────────────────────────────────────────────────────
11:30:08 | INFO  | Enriching: COMPQ
11:30:08 | INFO  | ──────────────────────────────────────────────────────────────────────
11:30:08 | INFO  |   Loaded 2410 rows from COMPQ.csv
11:30:08 | INFO  |   Yahoo ticker: ^IXIC
11:30:08 | INFO  |   OHLC prefix: IXIC
11:30:08 | INFO  |   Vol prefix: VIX
11:30:08 | INFO  |   Downloading ^IXIC OHLC...
11:30:08 | INFO  |     Downloaded 2438 days (2017-01-03 to 2026-09-15)
11:30:08 | INFO  |   Downloading ^VIX volatility...
11:30:08 | INFO  |     Downloaded 2440 days (2017-01-03 to 2026-09-15)
11:30:08 | WARNING |   ⚠️  28 trading days missing from original CSV
11:30:08 | INFO  |   ✓ Enrichment complete: 2438 rows
11:30:08 | INFO  |   ✅ Saved: COMPQ_enriched.csv (2438 rows)
11:30:08 | WARNING |   ⚠️  28 rows need manual update
11:30:08 | INFO  | 
──────────────────────────────────────────────────────────────────────
11:30:08 | INFO  | Enriching: RUT
11:30:08 | INFO  | ──────────────────────────────────────────────────────────────────────
11:30:08 | INFO  |   Loaded 2409 rows from RUT.csv
11:30:08 | INFO  |   Yahoo ticker: ^RUT
11:30:08 | INFO  |   OHLC prefix: RUT
11:30:08 | INFO  |   Vol prefix: VIX
11:30:08 | INFO  |   Downloading ^RUT OHLC...
11:30:08 | INFO  |     Downloaded 2438 days (2017-01-03 to 2026-09-15)
11:30:08 | INFO  |   Downloading ^VIX volatility...
11:30:09 | INFO  |     Downloaded 2440 days (2017-01-03 to 2026-09-15)
11:30:09 | WARNING |   ⚠️  29 trading days missing from original CSV
11:30:09 | INFO  |   ✓ Enrichment complete: 2438 rows
11:30:09 | INFO  |   ✅ Saved: RUT_enriched.csv (2438 rows)
11:30:09 | WARNING |   ⚠️  29 rows need manual update
11:30:09 | INFO  | 
──────────────────────────────────────────────────────────────────────
11:30:09 | INFO  | Enriching: VIX
11:30:09 | INFO  | ──────────────────────────────────────────────────────────────────────
11:30:09 | INFO  |   Loaded 2410 rows from VIX.csv
11:30:09 | INFO  |   Yahoo ticker: ^VIX
11:30:09 | INFO  |   OHLC prefix: VIX
11:30:09 | INFO  |   Vol prefix: VIXI
11:30:09 | INFO  |   Downloading ^VIX OHLC...
11:30:09 | INFO  |     Downloaded 2440 days (2017-01-03 to 2026-09-15)
11:30:09 | INFO  |   Downloading ^VIX volatility...
11:30:09 | INFO  |     Downloaded 2440 days (2017-01-03 to 2026-09-15)
11:30:09 | WARNING |   ⚠️  30 trading days missing from original CSV
11:30:09 | INFO  |   ✓ Enrichment complete: 2440 rows
11:30:09 | INFO  |   ✅ Saved: VIX_enriched.csv (2440 rows)
11:30:09 | WARNING |   ⚠️  30 rows need manual update
11:30:09 | INFO  | 
──────────────────────────────────────────────────────────────────────
11:30:09 | INFO  | Enriching: USD
11:30:09 | INFO  | ──────────────────────────────────────────────────────────────────────
11:30:09 | INFO  |   Loaded 2410 rows from USD.csv
11:30:09 | INFO  |   Yahoo ticker: DX-Y.NYB
11:30:09 | INFO  |   OHLC prefix: DX
11:30:09 | INFO  |   Vol prefix: VIX
11:30:09 | INFO  |   Downloading DX-Y.NYB OHLC...
11:30:09 | INFO  |     Downloaded 2440 days (2017-01-03 to 2026-09-15)
11:30:09 | INFO  |   Downloading ^VIX volatility...
11:30:09 | INFO  |     Downloaded 2440 days (2017-01-03 to 2026-09-15)
11:30:09 | WARNING |   ⚠️  30 trading days missing from original CSV
11:30:09 | INFO  |   ✓ Enrichment complete: 2440 rows
11:30:09 | INFO  |   ✅ Saved: USD_enriched.csv (2440 rows)
11:30:09 | WARNING |   ⚠️  30 rows need manual update
11:30:09 | INFO  | 
──────────────────────────────────────────────────────────────────────
11:30:09 | INFO  | Enriching: AAPL
11:30:09 | INFO  | ──────────────────────────────────────────────────────────────────────
11:30:09 | INFO  |   Loaded 2408 rows from AAPL.csv
11:30:09 | INFO  |   Yahoo ticker: AAPL
11:30:09 | INFO  |   OHLC prefix: AAPL
11:30:09 | INFO  |   Vol prefix: VIX
11:30:09 | INFO  |   Downloading AAPL OHLC...
11:30:09 | INFO  |     Downloaded 2438 days (2017-01-03 to 2026-09-15)
11:30:09 | INFO  |   Downloading ^VIX volatility...
11:30:10 | INFO  |     Downloaded 2440 days (2017-01-03 to 2026-09-15)
11:30:10 | WARNING |   ⚠️  30 trading days missing from original CSV
11:30:10 | INFO  |   ✓ Enrichment complete: 2438 rows
11:30:10 | INFO  |   ✅ Saved: AAPL_enriched.csv (2438 rows)
11:30:10 | WARNING |   ⚠️  30 rows need manual update
11:30:10 | INFO  | 
──────────────────────────────────────────────────────────────────────
11:30:10 | INFO  | Enriching: BITCOIN
11:30:10 | INFO  | ──────────────────────────────────────────────────────────────────────
11:30:10 | INFO  |   Loaded 779 rows from BITCOIN.csv
11:30:10 | INFO  |   ⚠️  Row count changed (3543 → 779) - re-enriching
11:30:10 | INFO  |   Yahoo ticker: BTC-USD
11:30:10 | INFO  |   OHLC prefix: BTC
11:30:10 | INFO  |   Vol prefix: VIX
11:30:10 | INFO  |   Downloading BTC-USD OHLC...
11:30:10 | INFO  |     Downloaded 3544 days (2017-01-02 to 2026-09-15)
11:30:10 | INFO  |   Downloading ^VIX volatility...
11:30:10 | INFO  |     Downloaded 2440 days (2017-01-03 to 2026-09-15)
11:30:10 | WARNING |   ⚠️  2765 trading days missing from original CSV
11:30:10 | INFO  |   ✓ Enrichment complete: 3544 rows
11:30:10 | INFO  |   ✅ Saved: BITCOIN_enriched.csv (3544 rows)
11:30:10 | WARNING |   ⚠️  2765 rows need manual update
11:30:10 | INFO  | 
======================================================================
11:30:10 | INFO  | ✅ Enrichment complete:
11:30:10 | INFO  |    Success: 9
11:30:10 | INFO  |    Skipped (up-to-date): 0
11:30:10 | INFO  |    Errors:  0
11:30:10 | INFO  | ======================================================================
11:30:10 | INFO  | 
======================================================================
11:30:10 | INFO  | ✅ PIPELINE COMPLETE
11:30:10 | INFO  | ======================================================================
