09:22:24 | INFO  | ======================================================================
09:22:24 | INFO  | ETL PIPELINE START
09:22:24 | INFO  | ======================================================================
09:22:24 | INFO  | 
📋 PIPELINE PLAN:
09:22:24 | INFO  |    HTML Files: 48 new / 48 total
09:22:24 | INFO  |    Master needs propagation: False
09:22:24 | INFO  | 
======================================================================
09:22:24 | INFO  | STAGE 1: HTML PARSING
09:22:24 | INFO  | ======================================================================
09:22:24 | INFO  | 
Processing: JULY 23, 2026.html
09:22:24 | INFO  |   ✅ Saved: RR_07-23-2026.csv (38 rows)
09:22:24 | INFO  | 
Processing: AUGUST 4, 2026.html
09:22:24 | INFO  |   ✅ Saved: RR_08-04-2026.csv (37 rows)
09:22:24 | INFO  | 
Processing: JUNE 8, 2026.html
09:22:24 | INFO  |   ✅ Saved: RR_06-08-2026.csv (37 rows)
09:22:24 | INFO  | 
Processing: JULY 15, 2026.html
09:22:24 | INFO  |   ✅ Saved: RR_07-15-2026.csv (37 rows)
09:22:24 | INFO  | 
Processing: AUGUST 7, 2026.html
09:22:24 | INFO  |   ✅ Saved: RR_08-07-2026.csv (37 rows)
09:22:24 | INFO  | 
Processing: JUNE 22, 2026.html
09:22:24 | INFO  |   ✅ Saved: RR_06-22-2026.csv (37 rows)
09:22:24 | INFO  | 
Processing: JUNE 10, 2026.html
09:22:25 | INFO  |   ✅ Saved: RR_06-10-2026.csv (36 rows)
09:22:25 | INFO  | 
Processing: AUGUST 12, 2026.html
09:22:25 | INFO  |   ✅ Saved: RR_08-12-2026.csv (37 rows)
09:22:25 | INFO  | 
Processing: JULY 30, 2026.html
09:22:25 | INFO  |   ✅ Saved: RR_07-30-2026.csv (38 rows)
09:22:25 | INFO  | 
Processing: JULY 28, 2026.html
09:22:25 | INFO  |   ✅ Saved: RR_07-28-2026.csv (38 rows)
09:22:25 | INFO  | 
Processing: JULY 17, 2026.html
09:22:25 | INFO  |   ✅ Saved: RR_07-17-2026.csv (38 rows)
09:22:25 | INFO  | 
Processing: JULY 14, 2026.html
09:22:25 | INFO  |   ✅ Saved: RR_07-14-2026.csv (37 rows)
09:22:25 | INFO  | 
Processing: JUNE 23, 2026.html
09:22:25 | INFO  |   ✅ Saved: RR_06-23-2026.csv (37 rows)
09:22:25 | INFO  | 
Processing: JULY 21, 2026.html
09:22:25 | INFO  |   ✅ Saved: RR_07-21-2026.csv (38 rows)
09:22:25 | INFO  | 
Processing: JULY 29, 2026.html
09:22:25 | INFO  |   ✅ Saved: RR_07-29-2026.csv (38 rows)
09:22:25 | INFO  | 
Processing: JULY 7, 2026.html
09:22:25 | INFO  |   ✅ Saved: RR_07-07-2026.csv (37 rows)
09:22:25 | INFO  | 
Processing: JUNE 9, 2026.html
09:22:25 | INFO  |   ✅ Saved: RR_06-09-2026.csv (36 rows)
09:22:25 | INFO  | 
Processing: JULY 20, 2026.html
09:22:25 | INFO  |   ✅ Saved: RR_07-20-2026.csv (38 rows)
09:22:25 | INFO  | 
Processing: AUGUST 6, 2026.html
09:22:25 | INFO  |   ✅ Saved: RR_08-06-2026.csv (37 rows)
09:22:25 | INFO  | 
Processing: JULY 2, 2026.html
09:22:26 | INFO  |   ✅ Saved: RR_07-02-2026.csv (38 rows)
09:22:26 | INFO  | 
Processing: JUNE 5, 2026.html
09:22:26 | INFO  |   ✅ Saved: RR_06-05-2026.csv (37 rows)
09:22:26 | INFO  | 
Processing: JULY 22, 2026.html
09:22:26 | INFO  |   ✅ Saved: RR_07-22-2026.csv (38 rows)
09:22:26 | INFO  | 
Processing: JUNE 11, 2026.html
09:22:26 | INFO  |   ✅ Saved: RR_06-11-2026.csv (36 rows)
09:22:26 | INFO  | 
Processing: AUGUST 3, 2026.html
09:22:26 | INFO  |   ✅ Saved: RR_08-03-2026.csv (37 rows)
09:22:26 | INFO  | 
Processing: JULY 10, 2026.html
09:22:26 | INFO  |   ✅ Saved: RR_07-10-2026.csv (37 rows)
09:22:26 | INFO  | 
Processing: JULY 9, 2026.html
09:22:26 | INFO  |   ✅ Saved: RR_07-09-2026.csv (37 rows)
09:22:26 | INFO  | 
Processing: JUNE 4, 2026.html
09:22:26 | INFO  |   ✅ Saved: RR_06-04-2026.csv (37 rows)
09:22:26 | INFO  | 
Processing: JUNE 15, 2026.html
09:22:26 | INFO  |   ✅ Saved: RR_06-15-2026.csv (36 rows)
09:22:26 | INFO  | 
Processing: JULY 27, 2026.html
09:22:26 | INFO  |   ✅ Saved: RR_07-27-2026.csv (38 rows)
09:22:26 | INFO  | 
Processing: JUNE 16, 2026.html
09:22:26 | INFO  |   ✅ Saved: RR_06-16-2026.csv (36 rows)
09:22:26 | INFO  | 
Processing: JUNE 29, 2026.html
09:22:26 | INFO  |   ✅ Saved: RR_06-29-2026.csv (38 rows)
09:22:26 | INFO  | 
Processing: JULY 31, 2026.html
09:22:27 | INFO  |   ✅ Saved: RR_07-31-2026.csv (37 rows)
09:22:27 | INFO  | 
Processing: JUNE 12, 2026.html
09:22:27 | INFO  |   ✅ Saved: RR_06-12-2026.csv (36 rows)
09:22:27 | INFO  | 
Processing: JULY 24, 2026.html
09:22:27 | INFO  |   ✅ Saved: RR_07-24-2026.csv (38 rows)
09:22:27 | INFO  | 
Processing: JUNE 30, 2026.html
09:22:27 | INFO  |   ✅ Saved: RR_06-30-2026.csv (38 rows)
09:22:27 | INFO  | 
Processing: JULY 16, 2026.html
09:22:27 | INFO  |   ✅ Saved: RR_07-16-2026.csv (37 rows)
09:22:27 | INFO  | 
Processing: JULY 6, 2026.html
09:22:27 | INFO  |   ✅ Saved: RR_07-06-2026.csv (37 rows)
09:22:27 | INFO  | 
Processing: JUNE 24, 2026.html
09:22:27 | INFO  |   ✅ Saved: RR_06-24-2026.csv (37 rows)
09:22:27 | INFO  | 
Processing: JUNE 17, 2026.html
09:22:27 | INFO  |   ✅ Saved: RR_06-17-2026.csv (36 rows)
09:22:27 | INFO  | 
Processing: AUGUST 5, 2026.html
09:22:27 | INFO  |   ✅ Saved: RR_08-05-2026.csv (37 rows)
09:22:27 | INFO  | 
Processing: JULY 13, 2026.html
09:22:27 | INFO  |   ✅ Saved: RR_07-13-2026.csv (37 rows)
09:22:27 | INFO  | 
Processing: AUGUST 10, 2026.html
09:22:27 | INFO  |   ✅ Saved: RR_08-10-2026.csv (37 rows)
09:22:27 | INFO  | 
Processing: JUNE 26, 2026.html
09:22:27 | INFO  |   ✅ Saved: RR_06-26-2026.csv (38 rows)
09:22:27 | INFO  | 
Processing: JUNE 18, 2026.html
09:22:28 | INFO  |   ✅ Saved: RR_06-18-2026.csv (37 rows)
09:22:28 | INFO  | 
Processing: JUNE 25, 2026.html
09:22:28 | INFO  |   ✅ Saved: RR_06-25-2026.csv (38 rows)
09:22:28 | INFO  | 
Processing: JULY 8, 2026.html
09:22:28 | INFO  |   ✅ Saved: RR_07-08-2026.csv (37 rows)
09:22:28 | INFO  | 
Processing: JULY 1, 2026.html
09:22:28 | INFO  |   ✅ Saved: RR_07-01-2026.csv (38 rows)
09:22:28 | INFO  | 
Processing: AUGUST 11, 2026.html
09:22:28 | INFO  |   ✅ Saved: RR_08-11-2026.csv (37 rows)
09:22:28 | INFO  | 
✅ HTML parsing complete: 48 success, 0 errors
09:22:28 | INFO  | 
======================================================================
09:22:28 | INFO  | STAGE 2: MASTER AGGREGATION
09:22:28 | INFO  | ======================================================================
09:22:28 | INFO  | ✅ Backed up master to: risk_ranges_master_backup_20260812_092228.csv
09:22:28 | INFO  | Loaded existing master: 74,690 rows
09:22:28 | INFO  |   Loaded: RR_07-23-2026.csv (38 rows)
09:22:28 | INFO  |   Loaded: RR_08-04-2026.csv (37 rows)
09:22:28 | INFO  |   Loaded: RR_06-08-2026.csv (37 rows)
09:22:28 | INFO  |   Loaded: RR_07-15-2026.csv (37 rows)
09:22:28 | INFO  |   Loaded: RR_08-07-2026.csv (37 rows)
09:22:28 | INFO  |   Loaded: RR_06-22-2026.csv (37 rows)
09:22:28 | INFO  |   Loaded: RR_06-10-2026.csv (36 rows)
09:22:28 | INFO  |   Loaded: RR_08-12-2026.csv (37 rows)
09:22:28 | INFO  |   Loaded: RR_07-30-2026.csv (38 rows)
09:22:28 | INFO  |   Loaded: RR_07-28-2026.csv (38 rows)
09:22:28 | INFO  |   Loaded: RR_07-17-2026.csv (38 rows)
09:22:28 | INFO  |   Loaded: RR_07-14-2026.csv (37 rows)
09:22:28 | INFO  |   Loaded: RR_06-23-2026.csv (37 rows)
09:22:28 | INFO  |   Loaded: RR_07-21-2026.csv (38 rows)
09:22:28 | INFO  |   Loaded: RR_07-29-2026.csv (38 rows)
09:22:28 | INFO  |   Loaded: RR_07-07-2026.csv (37 rows)
09:22:28 | INFO  |   Loaded: RR_06-09-2026.csv (36 rows)
09:22:28 | INFO  |   Loaded: RR_07-20-2026.csv (38 rows)
09:22:28 | INFO  |   Loaded: RR_08-06-2026.csv (37 rows)
09:22:28 | INFO  |   Loaded: RR_07-02-2026.csv (38 rows)
09:22:28 | INFO  |   Loaded: RR_06-05-2026.csv (37 rows)
09:22:28 | INFO  |   Loaded: RR_07-22-2026.csv (38 rows)
09:22:28 | INFO  |   Loaded: RR_06-11-2026.csv (36 rows)
09:22:28 | INFO  |   Loaded: RR_08-03-2026.csv (37 rows)
09:22:28 | INFO  |   Loaded: RR_07-10-2026.csv (37 rows)
09:22:28 | INFO  |   Loaded: RR_07-09-2026.csv (37 rows)
09:22:28 | INFO  |   Loaded: RR_06-04-2026.csv (37 rows)
09:22:28 | INFO  |   Loaded: RR_06-15-2026.csv (36 rows)
09:22:28 | INFO  |   Loaded: RR_07-27-2026.csv (38 rows)
09:22:28 | INFO  |   Loaded: RR_06-16-2026.csv (36 rows)
09:22:28 | INFO  |   Loaded: RR_06-29-2026.csv (38 rows)
09:22:28 | INFO  |   Loaded: RR_07-31-2026.csv (37 rows)
09:22:28 | INFO  |   Loaded: RR_06-12-2026.csv (36 rows)
09:22:28 | INFO  |   Loaded: RR_07-24-2026.csv (38 rows)
09:22:28 | INFO  |   Loaded: RR_06-30-2026.csv (38 rows)
09:22:28 | INFO  |   Loaded: RR_07-16-2026.csv (37 rows)
09:22:28 | INFO  |   Loaded: RR_07-06-2026.csv (37 rows)
09:22:28 | INFO  |   Loaded: RR_06-24-2026.csv (37 rows)
09:22:28 | INFO  |   Loaded: RR_06-17-2026.csv (36 rows)
09:22:28 | INFO  |   Loaded: RR_08-05-2026.csv (37 rows)
09:22:28 | INFO  |   Loaded: RR_07-13-2026.csv (37 rows)
09:22:28 | INFO  |   Loaded: RR_08-10-2026.csv (37 rows)
09:22:28 | INFO  |   Loaded: RR_06-26-2026.csv (38 rows)
09:22:28 | INFO  |   Loaded: RR_06-18-2026.csv (37 rows)
09:22:28 | INFO  |   Loaded: RR_06-25-2026.csv (38 rows)
09:22:28 | INFO  |   Loaded: RR_07-08-2026.csv (37 rows)
09:22:28 | INFO  |   Loaded: RR_07-01-2026.csv (38 rows)
09:22:28 | INFO  |   Loaded: RR_08-11-2026.csv (37 rows)
09:22:28 | INFO  | Combined new data: 1785 rows
09:22:28 | INFO  | Removed 1748 duplicate entries
09:22:28 | INFO  | ✅ Saved master CSV: 74,727 total rows
09:22:28 | INFO  |    Date range: 2017-01-03 to 2026-08-12
09:22:28 | INFO  | 
======================================================================
09:22:28 | INFO  | STAGE 3: TICKER SUBSETTING
09:22:28 | INFO  | ======================================================================
09:22:28 | INFO  | Loaded master: 74,727 rows
09:22:28 | INFO  | Creating subsets for 9 tickers
09:22:28 | INFO  |   ✅ UST10Y: 2387 rows | 2017-01-03 to 2026-08-12
09:22:28 | INFO  |   ✅ SPX: 2387 rows | 2017-01-03 to 2026-08-12
09:22:28 | INFO  |   ✅ COMPQ: 2387 rows | 2017-01-03 to 2026-08-12
09:22:28 | INFO  |   ✅ RUT: 2386 rows | 2017-01-03 to 2026-08-12
09:22:28 | INFO  |   ✅ VIX: 2387 rows | 2017-01-03 to 2026-08-12
09:22:28 | INFO  |   ✅ USD: 2387 rows | 2017-01-03 to 2026-08-12
09:22:28 | INFO  |   ✅ GOLD: 2385 rows | 2017-01-03 to 2026-08-12
09:22:29 | INFO  |   ✅ AAPL: 2385 rows | 2017-01-03 to 2026-08-12
09:22:29 | INFO  |   ✅ BITCOIN: 756 rows | 2023-08-01 to 2026-08-12
09:22:29 | INFO  | ✅ Ticker subsetting complete
09:22:29 | INFO  | 
======================================================================
09:22:29 | INFO  | STAGE 4: ENRICHMENT
09:22:29 | INFO  | ======================================================================
09:22:29 | INFO  | Enriching 9 tickers
09:22:29 | INFO  | 
──────────────────────────────────────────────────────────────────────
09:22:29 | INFO  | Enriching: SPX
09:22:29 | INFO  | ──────────────────────────────────────────────────────────────────────
09:22:29 | INFO  |   Loaded 2387 rows from SPX.csv
09:22:29 | INFO  |   Yahoo ticker: ^GSPC
09:22:29 | INFO  |   OHLC prefix: GSPC
09:22:29 | INFO  |   Vol prefix: VIX
09:22:29 | INFO  |   Downloading ^GSPC OHLC...
09:22:29 | INFO  |     Downloaded 2414 days (2017-01-03 to 2026-08-11)
09:22:29 | INFO  |   Downloading ^VIX volatility...
09:22:29 | INFO  |     Downloaded 2416 days (2017-01-03 to 2026-08-12)
09:22:29 | WARNING |   ⚠️  28 trading days missing from original CSV
09:22:29 | INFO  |   ✓ Enrichment complete: 2414 rows
09:22:29 | INFO  |   ✅ Saved: SPX_enriched.csv (2414 rows)
09:22:29 | WARNING |   ⚠️  28 rows need manual update
09:22:29 | INFO  | 
──────────────────────────────────────────────────────────────────────
09:22:29 | INFO  | Enriching: GOLD
09:22:29 | INFO  | ──────────────────────────────────────────────────────────────────────
09:22:29 | INFO  |   Loaded 2385 rows from GOLD.csv
09:22:29 | INFO  |   Yahoo ticker: GC=F
09:22:29 | INFO  |   OHLC prefix: GC
09:22:29 | INFO  |   Vol prefix: GVZ
09:22:29 | INFO  |   Downloading GC=F OHLC...
09:22:30 | INFO  |     Downloaded 2416 days (2017-01-03 to 2026-08-12)
09:22:30 | INFO  |   Downloading ^GVZ volatility...
09:22:30 | INFO  |     Downloaded 2411 days (2017-01-03 to 2026-08-11)
09:22:30 | WARNING |   ⚠️  32 trading days missing from original CSV
09:22:30 | INFO  |   ✓ Enrichment complete: 2416 rows
09:22:30 | INFO  |   ✅ Saved: GOLD_enriched.csv (2416 rows)
09:22:30 | WARNING |   ⚠️  32 rows need manual update
09:22:30 | INFO  | 
──────────────────────────────────────────────────────────────────────
09:22:30 | INFO  | Enriching: UST10Y
09:22:30 | INFO  | ──────────────────────────────────────────────────────────────────────
09:22:30 | INFO  |   Loaded 2387 rows from UST10Y.csv
09:22:30 | INFO  |   Yahoo ticker: ^TNX
09:22:30 | INFO  |   OHLC prefix: TNX
09:22:30 | INFO  |   Vol prefix: VIX
09:22:30 | INFO  |   Downloading ^TNX OHLC...
09:22:30 | INFO  |     Downloaded 2415 days (2017-01-03 to 2026-08-12)
09:22:30 | INFO  |   Downloading ^VIX volatility...
09:22:30 | INFO  |     Downloaded 2413 days (2017-01-03 to 2026-08-12)
09:22:30 | WARNING |   ⚠️  28 trading days missing from original CSV
09:22:30 | INFO  |   ✓ Enrichment complete: 2415 rows
09:22:30 | INFO  |   ✅ Saved: UST10Y_enriched.csv (2415 rows)
09:22:30 | WARNING |   ⚠️  28 rows need manual update
09:22:30 | INFO  | 
──────────────────────────────────────────────────────────────────────
09:22:30 | INFO  | Enriching: COMPQ
09:22:30 | INFO  | ──────────────────────────────────────────────────────────────────────
09:22:30 | INFO  |   Loaded 2387 rows from COMPQ.csv
09:22:30 | INFO  |   Yahoo ticker: ^IXIC
09:22:30 | INFO  |   OHLC prefix: IXIC
09:22:30 | INFO  |   Vol prefix: VIX
09:22:30 | INFO  |   Downloading ^IXIC OHLC...
09:22:30 | INFO  |     Downloaded 2411 days (2017-01-03 to 2026-08-11)
09:22:30 | INFO  |   Downloading ^VIX volatility...
09:22:31 | INFO  |     Downloaded 2416 days (2017-01-03 to 2026-08-12)
09:22:31 | WARNING |   ⚠️  28 trading days missing from original CSV
09:22:31 | INFO  |   ✓ Enrichment complete: 2411 rows
09:22:31 | INFO  |   ✅ Saved: COMPQ_enriched.csv (2411 rows)
09:22:31 | WARNING |   ⚠️  28 rows need manual update
09:22:31 | INFO  | 
──────────────────────────────────────────────────────────────────────
09:22:31 | INFO  | Enriching: RUT
09:22:31 | INFO  | ──────────────────────────────────────────────────────────────────────
09:22:31 | INFO  |   Loaded 2386 rows from RUT.csv
09:22:31 | INFO  |   Yahoo ticker: ^RUT
09:22:31 | INFO  |   OHLC prefix: RUT
09:22:31 | INFO  |   Vol prefix: VIX
09:22:31 | INFO  |   Downloading ^RUT OHLC...
09:22:31 | INFO  |     Downloaded 2411 days (2017-01-03 to 2026-08-11)
09:22:31 | INFO  |   Downloading ^VIX volatility...
09:22:31 | INFO  |     Downloaded 2416 days (2017-01-03 to 2026-08-12)
09:22:31 | WARNING |   ⚠️  29 trading days missing from original CSV
09:22:31 | INFO  |   ✓ Enrichment complete: 2411 rows
09:22:31 | INFO  |   ✅ Saved: RUT_enriched.csv (2411 rows)
09:22:31 | WARNING |   ⚠️  29 rows need manual update
09:22:31 | INFO  | 
──────────────────────────────────────────────────────────────────────
09:22:31 | INFO  | Enriching: VIX
09:22:31 | INFO  | ──────────────────────────────────────────────────────────────────────
09:22:31 | INFO  |   Loaded 2387 rows from VIX.csv
09:22:31 | INFO  |   Yahoo ticker: ^VIX
09:22:31 | INFO  |   OHLC prefix: VIX
09:22:31 | INFO  |   Vol prefix: VIXI
09:22:31 | INFO  |   Downloading ^VIX OHLC...
09:22:31 | INFO  |     Downloaded 2416 days (2017-01-03 to 2026-08-12)
09:22:31 | INFO  |   Downloading ^VIX volatility...
09:22:31 | INFO  |     Downloaded 2416 days (2017-01-03 to 2026-08-12)
09:22:31 | WARNING |   ⚠️  29 trading days missing from original CSV
09:22:31 | INFO  |   ✓ Enrichment complete: 2416 rows
09:22:31 | INFO  |   ✅ Saved: VIX_enriched.csv (2416 rows)
09:22:31 | WARNING |   ⚠️  29 rows need manual update
09:22:31 | INFO  | 
──────────────────────────────────────────────────────────────────────
09:22:31 | INFO  | Enriching: USD
09:22:31 | INFO  | ──────────────────────────────────────────────────────────────────────
09:22:31 | INFO  |   Loaded 2387 rows from USD.csv
09:22:31 | INFO  |   Yahoo ticker: DX-Y.NYB
09:22:31 | INFO  |   OHLC prefix: DX
09:22:31 | INFO  |   Vol prefix: VIX
09:22:31 | INFO  |   Downloading DX-Y.NYB OHLC...
09:22:31 | INFO  |     Downloaded 2417 days (2017-01-03 to 2026-08-12)
09:22:31 | INFO  |   Downloading ^VIX volatility...
09:22:32 | INFO  |     Downloaded 2413 days (2017-01-03 to 2026-08-12)
09:22:32 | WARNING |   ⚠️  30 trading days missing from original CSV
09:22:32 | INFO  |   ✓ Enrichment complete: 2417 rows
09:22:32 | INFO  |   ✅ Saved: USD_enriched.csv (2417 rows)
09:22:32 | WARNING |   ⚠️  30 rows need manual update
09:22:32 | INFO  | 
──────────────────────────────────────────────────────────────────────
09:22:32 | INFO  | Enriching: AAPL
09:22:32 | INFO  | ──────────────────────────────────────────────────────────────────────
09:22:32 | INFO  |   Loaded 2385 rows from AAPL.csv
09:22:32 | INFO  |   Yahoo ticker: AAPL
09:22:32 | INFO  |   OHLC prefix: AAPL
09:22:32 | INFO  |   Vol prefix: VIX
09:22:32 | INFO  |   Downloading AAPL OHLC...
09:22:32 | INFO  |     Downloaded 2414 days (2017-01-03 to 2026-08-11)
09:22:32 | INFO  |   Downloading ^VIX volatility...
09:22:32 | INFO  |     Downloaded 2416 days (2017-01-03 to 2026-08-12)
09:22:32 | WARNING |   ⚠️  30 trading days missing from original CSV
09:22:32 | INFO  |   ✓ Enrichment complete: 2414 rows
09:22:32 | INFO  |   ✅ Saved: AAPL_enriched.csv (2414 rows)
09:22:32 | WARNING |   ⚠️  30 rows need manual update
09:22:32 | INFO  | 
──────────────────────────────────────────────────────────────────────
09:22:32 | INFO  | Enriching: BITCOIN
09:22:32 | INFO  | ──────────────────────────────────────────────────────────────────────
09:22:32 | INFO  |   Loaded 756 rows from BITCOIN.csv
09:22:32 | INFO  |   ⚠️  Row count changed (3509 → 756) - re-enriching
09:22:32 | INFO  |   Yahoo ticker: BTC-USD
09:22:32 | INFO  |   OHLC prefix: BTC
09:22:32 | INFO  |   Vol prefix: VIX
09:22:32 | INFO  |   Downloading BTC-USD OHLC...
09:22:32 | INFO  |     Downloaded 3510 days (2017-01-02 to 2026-08-12)
09:22:32 | INFO  |   Downloading ^VIX volatility...
09:22:32 | INFO  |     Downloaded 2416 days (2017-01-03 to 2026-08-12)
09:22:32 | WARNING |   ⚠️  2754 trading days missing from original CSV
09:22:32 | INFO  |   ✓ Enrichment complete: 3510 rows
09:22:32 | INFO  |   ✅ Saved: BITCOIN_enriched.csv (3510 rows)
09:22:32 | WARNING |   ⚠️  2754 rows need manual update
09:22:32 | INFO  | 
======================================================================
09:22:32 | INFO  | ✅ Enrichment complete:
09:22:32 | INFO  |    Success: 9
09:22:32 | INFO  |    Skipped (up-to-date): 0
09:22:32 | INFO  |    Errors:  0
09:22:32 | INFO  | ======================================================================
09:22:32 | INFO  | 
======================================================================
09:22:32 | INFO  | ✅ PIPELINE COMPLETE
09:22:32 | INFO  | ======================================================================
