11:21:17 | INFO  | ======================================================================
11:21:17 | INFO  | ETL PIPELINE START
11:21:17 | INFO  | ======================================================================
11:21:17 | INFO  | 
📋 PIPELINE PLAN:
11:21:17 | INFO  |    HTML Files: 1 new / 42 total
11:21:17 | INFO  |    Master needs propagation: False
11:21:17 | INFO  | 
======================================================================
11:21:17 | INFO  | STAGE 1: HTML PARSING
11:21:17 | INFO  | ======================================================================
11:21:17 | INFO  | 
Processing: SEPTEMBER 30, 2026.html
11:21:17 | INFO  |   ✅ Saved: RR_09-30-2026.csv (37 rows)
11:21:17 | INFO  | 
✅ HTML parsing complete: 1 success, 0 errors
11:21:17 | INFO  | 
======================================================================
11:21:17 | INFO  | STAGE 2: MASTER AGGREGATION
11:21:17 | INFO  | ======================================================================
11:21:17 | INFO  | ✅ Backed up master to: risk_ranges_master_backup_20260930_112117.csv
11:21:17 | INFO  | Loaded existing master: 75,946 rows
11:21:17 | INFO  |   Loaded: RR_09-30-2026.csv (37 rows)
11:21:17 | INFO  | Combined new data: 37 rows
11:21:17 | INFO  | ✅ Saved master CSV: 75,983 total rows
11:21:17 | INFO  |    Date range: 2017-01-03 to 2026-09-30
11:21:17 | INFO  | 
======================================================================
11:21:17 | INFO  | STAGE 3: TICKER SUBSETTING
11:21:17 | INFO  | ======================================================================
11:21:17 | INFO  | Loaded master: 75,983 rows
11:21:17 | INFO  | Creating subsets for 9 tickers
11:21:17 | INFO  |   ✅ UST10Y: 2421 rows | 2017-01-03 to 2026-09-30
11:21:17 | INFO  |   ✅ SPX: 2421 rows | 2017-01-03 to 2026-09-30
11:21:17 | INFO  |   ✅ COMPQ: 2421 rows | 2017-01-03 to 2026-09-30
11:21:17 | INFO  |   ✅ RUT: 2420 rows | 2017-01-03 to 2026-09-30
11:21:17 | INFO  |   ✅ VIX: 2421 rows | 2017-01-03 to 2026-09-30
11:21:17 | INFO  |   ✅ USD: 2421 rows | 2017-01-03 to 2026-09-30
11:21:17 | INFO  |   ✅ GOLD: 2419 rows | 2017-01-03 to 2026-09-30
11:21:17 | INFO  |   ✅ AAPL: 2419 rows | 2017-01-03 to 2026-09-30
11:21:17 | INFO  |   ✅ BITCOIN: 790 rows | 2023-08-01 to 2026-09-30
11:21:17 | INFO  | ✅ Ticker subsetting complete
11:21:17 | INFO  | 
======================================================================
11:21:17 | INFO  | STAGE 4: ENRICHMENT
11:21:17 | INFO  | ======================================================================
11:21:17 | INFO  | Enriching 9 tickers
11:21:17 | INFO  | 
──────────────────────────────────────────────────────────────────────
11:21:17 | INFO  | Enriching: SPX
11:21:17 | INFO  | ──────────────────────────────────────────────────────────────────────
11:21:17 | INFO  |   Loaded 2421 rows from SPX.csv
11:21:17 | INFO  |   Yahoo ticker: ^GSPC
11:21:17 | INFO  |   OHLC prefix: GSPC
11:21:17 | INFO  |   Vol prefix: VIX
11:21:17 | INFO  |   Downloading ^GSPC OHLC...
11:21:18 | INFO  |     Downloaded 2449 days (2017-01-03 to 2026-09-30)
11:21:18 | INFO  |   Downloading ^VIX volatility...
11:21:18 | INFO  |     Downloaded 2451 days (2017-01-03 to 2026-09-30)
11:21:18 | WARNING |   ⚠️  28 trading days missing from original CSV
11:21:18 | INFO  |   ✓ Enrichment complete: 2449 rows
11:21:18 | INFO  |   ✅ Saved: SPX_enriched.csv (2449 rows)
11:21:18 | WARNING |   ⚠️  28 rows need manual update
11:21:18 | INFO  | 
──────────────────────────────────────────────────────────────────────
11:21:18 | INFO  | Enriching: GOLD
11:21:18 | INFO  | ──────────────────────────────────────────────────────────────────────
11:21:18 | INFO  |   Loaded 2419 rows from GOLD.csv
11:21:18 | INFO  |   Yahoo ticker: GC=F
11:21:18 | INFO  |   OHLC prefix: GC
11:21:18 | INFO  |   Vol prefix: GVZ
11:21:18 | INFO  |   Downloading GC=F OHLC...
11:21:18 | INFO  |     Downloaded 2451 days (2017-01-03 to 2026-09-30)
11:21:18 | INFO  |   Downloading ^GVZ volatility...
11:21:19 | INFO  |     Downloaded 2449 days (2017-01-03 to 2026-09-30)
11:21:19 | WARNING |   ⚠️  33 trading days missing from original CSV
11:21:19 | INFO  |   ✓ Enrichment complete: 2451 rows
11:21:19 | INFO  |   ✅ Saved: GOLD_enriched.csv (2451 rows)
11:21:19 | WARNING |   ⚠️  33 rows need manual update
11:21:19 | INFO  | 
──────────────────────────────────────────────────────────────────────
11:21:19 | INFO  | Enriching: UST10Y
11:21:19 | INFO  | ──────────────────────────────────────────────────────────────────────
11:21:19 | INFO  |   Loaded 2421 rows from UST10Y.csv
11:21:19 | INFO  |   Yahoo ticker: ^TNX
11:21:19 | INFO  |   OHLC prefix: TNX
11:21:19 | INFO  |   Vol prefix: VIX
11:21:19 | INFO  |   Downloading ^TNX OHLC...
11:21:19 | INFO  |     Downloaded 2449 days (2017-01-03 to 2026-09-30)
11:21:19 | INFO  |   Downloading ^VIX volatility...
11:21:19 | INFO  |     Downloaded 2451 days (2017-01-03 to 2026-09-30)
11:21:19 | WARNING |   ⚠️  28 trading days missing from original CSV
11:21:19 | INFO  |   ✓ Enrichment complete: 2449 rows
11:21:19 | INFO  |   ✅ Saved: UST10Y_enriched.csv (2449 rows)
11:21:19 | WARNING |   ⚠️  28 rows need manual update
11:21:19 | INFO  | 
──────────────────────────────────────────────────────────────────────
11:21:19 | INFO  | Enriching: COMPQ
11:21:19 | INFO  | ──────────────────────────────────────────────────────────────────────
11:21:19 | INFO  |   Loaded 2421 rows from COMPQ.csv
11:21:19 | INFO  |   Yahoo ticker: ^IXIC
11:21:19 | INFO  |   OHLC prefix: IXIC
11:21:19 | INFO  |   Vol prefix: VIX
11:21:19 | INFO  |   Downloading ^IXIC OHLC...
11:21:19 | INFO  |     Downloaded 2449 days (2017-01-03 to 2026-09-30)
11:21:19 | INFO  |   Downloading ^VIX volatility...
11:21:20 | INFO  |     Downloaded 2451 days (2017-01-03 to 2026-09-30)
11:21:20 | WARNING |   ⚠️  28 trading days missing from original CSV
11:21:20 | INFO  |   ✓ Enrichment complete: 2449 rows
11:21:20 | INFO  |   ✅ Saved: COMPQ_enriched.csv (2449 rows)
11:21:20 | WARNING |   ⚠️  28 rows need manual update
11:21:20 | INFO  | 
──────────────────────────────────────────────────────────────────────
11:21:20 | INFO  | Enriching: RUT
11:21:20 | INFO  | ──────────────────────────────────────────────────────────────────────
11:21:20 | INFO  |   Loaded 2420 rows from RUT.csv
11:21:20 | INFO  |   Yahoo ticker: ^RUT
11:21:20 | INFO  |   OHLC prefix: RUT
11:21:20 | INFO  |   Vol prefix: VIX
11:21:20 | INFO  |   Downloading ^RUT OHLC...
11:21:20 | INFO  |     Downloaded 2449 days (2017-01-03 to 2026-09-30)
11:21:20 | INFO  |   Downloading ^VIX volatility...
11:21:20 | INFO  |     Downloaded 2451 days (2017-01-03 to 2026-09-30)
11:21:20 | WARNING |   ⚠️  29 trading days missing from original CSV
11:21:20 | INFO  |   ✓ Enrichment complete: 2449 rows
11:21:20 | INFO  |   ✅ Saved: RUT_enriched.csv (2449 rows)
11:21:20 | WARNING |   ⚠️  29 rows need manual update
11:21:20 | INFO  | 
──────────────────────────────────────────────────────────────────────
11:21:20 | INFO  | Enriching: VIX
11:21:20 | INFO  | ──────────────────────────────────────────────────────────────────────
11:21:20 | INFO  |   Loaded 2421 rows from VIX.csv
11:21:20 | INFO  |   Yahoo ticker: ^VIX
11:21:20 | INFO  |   OHLC prefix: VIX
11:21:20 | INFO  |   Vol prefix: VIXI
11:21:20 | INFO  |   Downloading ^VIX OHLC...
11:21:20 | INFO  |     Downloaded 2451 days (2017-01-03 to 2026-09-30)
11:21:20 | INFO  |   Downloading ^VIX volatility...
11:21:20 | INFO  |     Downloaded 2451 days (2017-01-03 to 2026-09-30)
11:21:20 | WARNING |   ⚠️  30 trading days missing from original CSV
11:21:20 | INFO  |   ✓ Enrichment complete: 2451 rows
11:21:20 | INFO  |   ✅ Saved: VIX_enriched.csv (2451 rows)
11:21:20 | WARNING |   ⚠️  30 rows need manual update
11:21:20 | INFO  | 
──────────────────────────────────────────────────────────────────────
11:21:20 | INFO  | Enriching: USD
11:21:20 | INFO  | ──────────────────────────────────────────────────────────────────────
11:21:20 | INFO  |   Loaded 2421 rows from USD.csv
11:21:20 | INFO  |   Yahoo ticker: DX-Y.NYB
11:21:20 | INFO  |   OHLC prefix: DX
11:21:20 | INFO  |   Vol prefix: VIX
11:21:20 | INFO  |   Downloading DX-Y.NYB OHLC...
11:21:21 | INFO  |     Downloaded 2451 days (2017-01-03 to 2026-09-30)
11:21:21 | INFO  |   Downloading ^VIX volatility...
11:21:21 | INFO  |     Downloaded 2451 days (2017-01-03 to 2026-09-30)
11:21:21 | WARNING |   ⚠️  30 trading days missing from original CSV
11:21:21 | INFO  |   ✓ Enrichment complete: 2451 rows
11:21:21 | INFO  |   ✅ Saved: USD_enriched.csv (2451 rows)
11:21:21 | WARNING |   ⚠️  30 rows need manual update
11:21:21 | INFO  | 
──────────────────────────────────────────────────────────────────────
11:21:21 | INFO  | Enriching: AAPL
11:21:21 | INFO  | ──────────────────────────────────────────────────────────────────────
11:21:21 | INFO  |   Loaded 2419 rows from AAPL.csv
11:21:21 | INFO  |   Yahoo ticker: AAPL
11:21:21 | INFO  |   OHLC prefix: AAPL
11:21:21 | INFO  |   Vol prefix: VIX
11:21:21 | INFO  |   Downloading AAPL OHLC...
11:21:21 | INFO  |     Downloaded 2449 days (2017-01-03 to 2026-09-30)
11:21:21 | INFO  |   Downloading ^VIX volatility...
11:21:21 | INFO  |     Downloaded 2451 days (2017-01-03 to 2026-09-30)
11:21:21 | WARNING |   ⚠️  30 trading days missing from original CSV
11:21:21 | INFO  |   ✓ Enrichment complete: 2449 rows
11:21:21 | INFO  |   ✅ Saved: AAPL_enriched.csv (2449 rows)
11:21:21 | WARNING |   ⚠️  30 rows need manual update
11:21:21 | INFO  | 
──────────────────────────────────────────────────────────────────────
11:21:21 | INFO  | Enriching: BITCOIN
11:21:21 | INFO  | ──────────────────────────────────────────────────────────────────────
11:21:21 | INFO  |   Loaded 790 rows from BITCOIN.csv
11:21:21 | INFO  |   ⚠️  Row count changed (3558 → 790) - re-enriching
11:21:21 | INFO  |   Yahoo ticker: BTC-USD
11:21:21 | INFO  |   OHLC prefix: BTC
11:21:21 | INFO  |   Vol prefix: VIX
11:21:21 | INFO  |   Downloading BTC-USD OHLC...
11:21:22 | INFO  |     Downloaded 3559 days (2017-01-02 to 2026-09-30)
11:21:22 | INFO  |   Downloading ^VIX volatility...
11:21:22 | INFO  |     Downloaded 2451 days (2017-01-03 to 2026-09-30)
11:21:22 | WARNING |   ⚠️  2769 trading days missing from original CSV
11:21:22 | INFO  |   ✓ Enrichment complete: 3559 rows
11:21:22 | INFO  |   ✅ Saved: BITCOIN_enriched.csv (3559 rows)
11:21:22 | WARNING |   ⚠️  2769 rows need manual update
11:21:22 | INFO  | 
======================================================================
11:21:22 | INFO  | ✅ Enrichment complete:
11:21:22 | INFO  |    Success: 9
11:21:22 | INFO  |    Skipped (up-to-date): 0
11:21:22 | INFO  |    Errors:  0
11:21:22 | INFO  | ======================================================================
11:21:22 | INFO  | 
======================================================================
11:21:22 | INFO  | ✅ PIPELINE COMPLETE
11:21:22 | INFO  | ======================================================================
