10:23:51 | INFO  | ======================================================================
10:23:51 | INFO  | ETL PIPELINE START
10:23:51 | INFO  | ======================================================================
10:23:51 | INFO  | 
📋 PIPELINE PLAN:
10:23:51 | INFO  |    HTML Files: 1 new / 46 total
10:23:51 | INFO  |    Master needs propagation: False
10:23:51 | INFO  | 
======================================================================
10:23:51 | INFO  | STAGE 1: HTML PARSING
10:23:51 | INFO  | ======================================================================
10:23:51 | INFO  | 
Processing: OCTOBER 6, 2026.html
10:23:51 | INFO  |   ✅ Saved: RR_10-06-2026.csv (37 rows)
10:23:51 | INFO  | 
✅ HTML parsing complete: 1 success, 0 errors
10:23:51 | INFO  | 
======================================================================
10:23:51 | INFO  | STAGE 2: MASTER AGGREGATION
10:23:51 | INFO  | ======================================================================
10:23:51 | INFO  | ✅ Backed up master to: risk_ranges_master_backup_20261006_102351.csv
10:23:51 | INFO  | Loaded existing master: 76,093 rows
10:23:51 | INFO  |   Loaded: RR_10-06-2026.csv (37 rows)
10:23:51 | INFO  | Combined new data: 37 rows
10:23:51 | INFO  | ✅ Saved master CSV: 76,130 total rows
10:23:51 | INFO  |    Date range: 2017-01-03 to 2026-10-06
10:23:51 | INFO  | 
======================================================================
10:23:51 | INFO  | STAGE 3: TICKER SUBSETTING
10:23:51 | INFO  | ======================================================================
10:23:51 | INFO  | Loaded master: 76,130 rows
10:23:51 | INFO  | Creating subsets for 9 tickers
10:23:52 | INFO  |   ✅ UST10Y: 2425 rows | 2017-01-03 to 2026-10-06
10:23:52 | INFO  |   ✅ SPX: 2425 rows | 2017-01-03 to 2026-10-06
10:23:52 | INFO  |   ✅ COMPQ: 2425 rows | 2017-01-03 to 2026-10-06
10:23:52 | INFO  |   ✅ RUT: 2424 rows | 2017-01-03 to 2026-10-06
10:23:52 | INFO  |   ✅ VIX: 2425 rows | 2017-01-03 to 2026-10-06
10:23:52 | INFO  |   ✅ USD: 2425 rows | 2017-01-03 to 2026-10-06
10:23:52 | INFO  |   ✅ GOLD: 2423 rows | 2017-01-03 to 2026-10-06
10:23:52 | INFO  |   ✅ AAPL: 2423 rows | 2017-01-03 to 2026-10-06
10:23:52 | INFO  |   ✅ BITCOIN: 794 rows | 2023-08-01 to 2026-10-06
10:23:52 | INFO  | ✅ Ticker subsetting complete
10:23:52 | INFO  | 
======================================================================
10:23:52 | INFO  | STAGE 4: ENRICHMENT
10:23:52 | INFO  | ======================================================================
10:23:52 | INFO  | Enriching 9 tickers
10:23:52 | INFO  | 
──────────────────────────────────────────────────────────────────────
10:23:52 | INFO  | Enriching: SPX
10:23:52 | INFO  | ──────────────────────────────────────────────────────────────────────
10:23:52 | INFO  |   Loaded 2425 rows from SPX.csv
10:23:52 | INFO  |   Yahoo ticker: ^GSPC
10:23:52 | INFO  |   OHLC prefix: GSPC
10:23:52 | INFO  |   Vol prefix: VIX
10:23:52 | INFO  |   Downloading ^GSPC OHLC...
10:23:52 | INFO  |     Downloaded 2453 days (2017-01-03 to 2026-10-06)
10:23:52 | INFO  |   Downloading ^VIX volatility...
10:23:52 | INFO  |     Downloaded 2455 days (2017-01-03 to 2026-10-06)
10:23:52 | WARNING |   ⚠️  28 trading days missing from original CSV
10:23:52 | INFO  |   ✓ Enrichment complete: 2453 rows
10:23:52 | INFO  |   ✅ Saved: SPX_enriched.csv (2453 rows)
10:23:52 | WARNING |   ⚠️  28 rows need manual update
10:23:52 | INFO  | 
──────────────────────────────────────────────────────────────────────
10:23:52 | INFO  | Enriching: GOLD
10:23:52 | INFO  | ──────────────────────────────────────────────────────────────────────
10:23:52 | INFO  |   Loaded 2423 rows from GOLD.csv
10:23:52 | INFO  |   Yahoo ticker: GC=F
10:23:52 | INFO  |   OHLC prefix: GC
10:23:52 | INFO  |   Vol prefix: GVZ
10:23:52 | INFO  |   Downloading GC=F OHLC...
10:23:53 | INFO  |     Downloaded 2455 days (2017-01-03 to 2026-10-06)
10:23:53 | INFO  |   Downloading ^GVZ volatility...
10:23:53 | INFO  |     Downloaded 2453 days (2017-01-03 to 2026-10-06)
10:23:53 | WARNING |   ⚠️  33 trading days missing from original CSV
10:23:53 | INFO  |   ✓ Enrichment complete: 2455 rows
10:23:53 | INFO  |   ✅ Saved: GOLD_enriched.csv (2455 rows)
10:23:53 | WARNING |   ⚠️  33 rows need manual update
10:23:53 | INFO  | 
──────────────────────────────────────────────────────────────────────
10:23:53 | INFO  | Enriching: UST10Y
10:23:53 | INFO  | ──────────────────────────────────────────────────────────────────────
10:23:53 | INFO  |   Loaded 2425 rows from UST10Y.csv
10:23:53 | INFO  |   Yahoo ticker: ^TNX
10:23:53 | INFO  |   OHLC prefix: TNX
10:23:53 | INFO  |   Vol prefix: VIX
10:23:53 | INFO  |   Downloading ^TNX OHLC...
10:23:53 | INFO  |     Downloaded 2453 days (2017-01-03 to 2026-10-06)
10:23:53 | INFO  |   Downloading ^VIX volatility...
10:23:53 | INFO  |     Downloaded 2455 days (2017-01-03 to 2026-10-06)
10:23:53 | WARNING |   ⚠️  28 trading days missing from original CSV
10:23:53 | INFO  |   ✓ Enrichment complete: 2453 rows
10:23:53 | INFO  |   ✅ Saved: UST10Y_enriched.csv (2453 rows)
10:23:53 | WARNING |   ⚠️  28 rows need manual update
10:23:53 | INFO  | 
──────────────────────────────────────────────────────────────────────
10:23:53 | INFO  | Enriching: COMPQ
10:23:53 | INFO  | ──────────────────────────────────────────────────────────────────────
10:23:53 | INFO  |   Loaded 2425 rows from COMPQ.csv
10:23:53 | INFO  |   Yahoo ticker: ^IXIC
10:23:53 | INFO  |   OHLC prefix: IXIC
10:23:53 | INFO  |   Vol prefix: VIX
10:23:53 | INFO  |   Downloading ^IXIC OHLC...
10:23:53 | INFO  |     Downloaded 2453 days (2017-01-03 to 2026-10-06)
10:23:53 | INFO  |   Downloading ^VIX volatility...
10:23:54 | INFO  |     Downloaded 2455 days (2017-01-03 to 2026-10-06)
10:23:54 | WARNING |   ⚠️  28 trading days missing from original CSV
10:23:54 | INFO  |   ✓ Enrichment complete: 2453 rows
10:23:54 | INFO  |   ✅ Saved: COMPQ_enriched.csv (2453 rows)
10:23:54 | WARNING |   ⚠️  28 rows need manual update
10:23:54 | INFO  | 
──────────────────────────────────────────────────────────────────────
10:23:54 | INFO  | Enriching: RUT
10:23:54 | INFO  | ──────────────────────────────────────────────────────────────────────
10:23:54 | INFO  |   Loaded 2424 rows from RUT.csv
10:23:54 | INFO  |   Yahoo ticker: ^RUT
10:23:54 | INFO  |   OHLC prefix: RUT
10:23:54 | INFO  |   Vol prefix: VIX
10:23:54 | INFO  |   Downloading ^RUT OHLC...
10:23:54 | INFO  |     Downloaded 2453 days (2017-01-03 to 2026-10-06)
10:23:54 | INFO  |   Downloading ^VIX volatility...
10:23:54 | INFO  |     Downloaded 2455 days (2017-01-03 to 2026-10-06)
10:23:54 | WARNING |   ⚠️  29 trading days missing from original CSV
10:23:54 | INFO  |   ✓ Enrichment complete: 2453 rows
10:23:54 | INFO  |   ✅ Saved: RUT_enriched.csv (2453 rows)
10:23:54 | WARNING |   ⚠️  29 rows need manual update
10:23:54 | INFO  | 
──────────────────────────────────────────────────────────────────────
10:23:54 | INFO  | Enriching: VIX
10:23:54 | INFO  | ──────────────────────────────────────────────────────────────────────
10:23:54 | INFO  |   Loaded 2425 rows from VIX.csv
10:23:54 | INFO  |   Yahoo ticker: ^VIX
10:23:54 | INFO  |   OHLC prefix: VIX
10:23:54 | INFO  |   Vol prefix: VIXI
10:23:54 | INFO  |   Downloading ^VIX OHLC...
10:23:54 | INFO  |     Downloaded 2455 days (2017-01-03 to 2026-10-06)
10:23:54 | INFO  |   Downloading ^VIX volatility...
10:23:54 | INFO  |     Downloaded 2455 days (2017-01-03 to 2026-10-06)
10:23:54 | WARNING |   ⚠️  30 trading days missing from original CSV
10:23:54 | INFO  |   ✓ Enrichment complete: 2455 rows
10:23:54 | INFO  |   ✅ Saved: VIX_enriched.csv (2455 rows)
10:23:54 | WARNING |   ⚠️  30 rows need manual update
10:23:54 | INFO  | 
──────────────────────────────────────────────────────────────────────
10:23:54 | INFO  | Enriching: USD
10:23:54 | INFO  | ──────────────────────────────────────────────────────────────────────
10:23:54 | INFO  |   Loaded 2425 rows from USD.csv
10:23:54 | INFO  |   Yahoo ticker: DX-Y.NYB
10:23:54 | INFO  |   OHLC prefix: DX
10:23:54 | INFO  |   Vol prefix: VIX
10:23:54 | INFO  |   Downloading DX-Y.NYB OHLC...
10:23:55 | INFO  |     Downloaded 2455 days (2017-01-03 to 2026-10-06)
10:23:55 | INFO  |   Downloading ^VIX volatility...
10:23:55 | INFO  |     Downloaded 2455 days (2017-01-03 to 2026-10-06)
10:23:55 | WARNING |   ⚠️  30 trading days missing from original CSV
10:23:55 | INFO  |   ✓ Enrichment complete: 2455 rows
10:23:55 | INFO  |   ✅ Saved: USD_enriched.csv (2455 rows)
10:23:55 | WARNING |   ⚠️  30 rows need manual update
10:23:55 | INFO  | 
──────────────────────────────────────────────────────────────────────
10:23:55 | INFO  | Enriching: AAPL
10:23:55 | INFO  | ──────────────────────────────────────────────────────────────────────
10:23:55 | INFO  |   Loaded 2423 rows from AAPL.csv
10:23:55 | INFO  |   Yahoo ticker: AAPL
10:23:55 | INFO  |   OHLC prefix: AAPL
10:23:55 | INFO  |   Vol prefix: VIX
10:23:55 | INFO  |   Downloading AAPL OHLC...
10:23:55 | INFO  |     Downloaded 2453 days (2017-01-03 to 2026-10-06)
10:23:55 | INFO  |   Downloading ^VIX volatility...
10:23:55 | INFO  |     Downloaded 2455 days (2017-01-03 to 2026-10-06)
10:23:55 | WARNING |   ⚠️  30 trading days missing from original CSV
10:23:55 | INFO  |   ✓ Enrichment complete: 2453 rows
10:23:55 | INFO  |   ✅ Saved: AAPL_enriched.csv (2453 rows)
10:23:55 | WARNING |   ⚠️  30 rows need manual update
10:23:55 | INFO  | 
──────────────────────────────────────────────────────────────────────
10:23:55 | INFO  | Enriching: BITCOIN
10:23:55 | INFO  | ──────────────────────────────────────────────────────────────────────
10:23:55 | INFO  |   Loaded 794 rows from BITCOIN.csv
10:23:55 | INFO  |   ⚠️  Row count changed (3564 → 794) - re-enriching
10:23:55 | INFO  |   Yahoo ticker: BTC-USD
10:23:55 | INFO  |   OHLC prefix: BTC
10:23:55 | INFO  |   Vol prefix: VIX
10:23:55 | INFO  |   Downloading BTC-USD OHLC...
10:23:56 | INFO  |     Downloaded 3565 days (2017-01-02 to 2026-10-06)
10:23:56 | INFO  |   Downloading ^VIX volatility...
10:23:56 | INFO  |     Downloaded 2455 days (2017-01-03 to 2026-10-06)
10:23:56 | WARNING |   ⚠️  2771 trading days missing from original CSV
10:23:56 | INFO  |   ✓ Enrichment complete: 3565 rows
10:23:56 | INFO  |   ✅ Saved: BITCOIN_enriched.csv (3565 rows)
10:23:56 | WARNING |   ⚠️  2771 rows need manual update
10:23:56 | INFO  | 
======================================================================
10:23:56 | INFO  | ✅ Enrichment complete:
10:23:56 | INFO  |    Success: 9
10:23:56 | INFO  |    Skipped (up-to-date): 0
10:23:56 | INFO  |    Errors:  0
10:23:56 | INFO  | ======================================================================
10:23:56 | INFO  | 
======================================================================
10:23:56 | INFO  | ✅ PIPELINE COMPLETE
10:23:56 | INFO  | ======================================================================
