09:10:33 | INFO  | ======================================================================
09:10:33 | INFO  | ETL PIPELINE START
09:10:33 | INFO  | ======================================================================
09:10:33 | INFO  | 
📋 PIPELINE PLAN:
09:10:33 | INFO  |    HTML Files: 1 new / 41 total
09:10:33 | INFO  |    Master needs propagation: False
09:10:33 | INFO  | 
======================================================================
09:10:33 | INFO  | STAGE 1: HTML PARSING
09:10:33 | INFO  | ======================================================================
09:10:33 | INFO  | 
Processing: SEPTEMBER 29, 2026.html
09:10:33 | INFO  |   ✅ Saved: RR_09-29-2026.csv (37 rows)
09:10:33 | INFO  | 
✅ HTML parsing complete: 1 success, 0 errors
09:10:33 | INFO  | 
======================================================================
09:10:33 | INFO  | STAGE 2: MASTER AGGREGATION
09:10:33 | INFO  | ======================================================================
09:10:33 | INFO  | ✅ Backed up master to: risk_ranges_master_backup_20260929_091033.csv
09:10:33 | INFO  | Loaded existing master: 75,909 rows
09:10:33 | INFO  |   Loaded: RR_09-29-2026.csv (37 rows)
09:10:33 | INFO  | Combined new data: 37 rows
09:10:34 | INFO  | ✅ Saved master CSV: 75,946 total rows
09:10:34 | INFO  |    Date range: 2017-01-03 to 2026-09-29
09:10:34 | INFO  | 
======================================================================
09:10:34 | INFO  | STAGE 3: TICKER SUBSETTING
09:10:34 | INFO  | ======================================================================
09:10:34 | INFO  | Loaded master: 75,946 rows
09:10:34 | INFO  | Creating subsets for 9 tickers
09:10:34 | INFO  |   ✅ UST10Y: 2420 rows | 2017-01-03 to 2026-09-29
09:10:34 | INFO  |   ✅ SPX: 2420 rows | 2017-01-03 to 2026-09-29
09:10:34 | INFO  |   ✅ COMPQ: 2420 rows | 2017-01-03 to 2026-09-29
09:10:34 | INFO  |   ✅ RUT: 2419 rows | 2017-01-03 to 2026-09-29
09:10:34 | INFO  |   ✅ VIX: 2420 rows | 2017-01-03 to 2026-09-29
09:10:34 | INFO  |   ✅ USD: 2420 rows | 2017-01-03 to 2026-09-29
09:10:34 | INFO  |   ✅ GOLD: 2418 rows | 2017-01-03 to 2026-09-29
09:10:34 | INFO  |   ✅ AAPL: 2418 rows | 2017-01-03 to 2026-09-29
09:10:34 | INFO  |   ✅ BITCOIN: 789 rows | 2023-08-01 to 2026-09-29
09:10:34 | INFO  | ✅ Ticker subsetting complete
09:10:34 | INFO  | 
======================================================================
09:10:34 | INFO  | STAGE 4: ENRICHMENT
09:10:34 | INFO  | ======================================================================
09:10:34 | INFO  | Enriching 9 tickers
09:10:34 | INFO  | 
──────────────────────────────────────────────────────────────────────
09:10:34 | INFO  | Enriching: SPX
09:10:34 | INFO  | ──────────────────────────────────────────────────────────────────────
09:10:34 | INFO  |   Loaded 2420 rows from SPX.csv
09:10:34 | INFO  |   Yahoo ticker: ^GSPC
09:10:34 | INFO  |   OHLC prefix: GSPC
09:10:34 | INFO  |   Vol prefix: VIX
09:10:34 | INFO  |   Downloading ^GSPC OHLC...
09:10:34 | INFO  |     Downloaded 2447 days (2017-01-03 to 2026-09-28)
09:10:34 | INFO  |   Downloading ^VIX volatility...
09:10:34 | INFO  |     Downloaded 2450 days (2017-01-03 to 2026-09-29)
09:10:34 | WARNING |   ⚠️  28 trading days missing from original CSV
09:10:34 | INFO  |   ✓ Enrichment complete: 2447 rows
09:10:34 | INFO  |   ✅ Saved: SPX_enriched.csv (2447 rows)
09:10:34 | WARNING |   ⚠️  28 rows need manual update
09:10:34 | INFO  | 
──────────────────────────────────────────────────────────────────────
09:10:34 | INFO  | Enriching: GOLD
09:10:34 | INFO  | ──────────────────────────────────────────────────────────────────────
09:10:34 | INFO  |   Loaded 2418 rows from GOLD.csv
09:10:34 | INFO  |   Yahoo ticker: GC=F
09:10:34 | INFO  |   OHLC prefix: GC
09:10:34 | INFO  |   Vol prefix: GVZ
09:10:34 | INFO  |   Downloading GC=F OHLC...
09:10:35 | INFO  |     Downloaded 2450 days (2017-01-03 to 2026-09-29)
09:10:35 | INFO  |   Downloading ^GVZ volatility...
09:10:35 | INFO  |     Downloaded 2447 days (2017-01-03 to 2026-09-28)
09:10:35 | WARNING |   ⚠️  33 trading days missing from original CSV
09:10:35 | INFO  |   ✓ Enrichment complete: 2450 rows
09:10:35 | INFO  |   ✅ Saved: GOLD_enriched.csv (2450 rows)
09:10:35 | WARNING |   ⚠️  33 rows need manual update
09:10:35 | INFO  | 
──────────────────────────────────────────────────────────────────────
09:10:35 | INFO  | Enriching: UST10Y
09:10:35 | INFO  | ──────────────────────────────────────────────────────────────────────
09:10:35 | INFO  |   Loaded 2420 rows from UST10Y.csv
09:10:35 | INFO  |   Yahoo ticker: ^TNX
09:10:35 | INFO  |   OHLC prefix: TNX
09:10:35 | INFO  |   Vol prefix: VIX
09:10:35 | INFO  |   Downloading ^TNX OHLC...
09:10:35 | INFO  |     Downloaded 2448 days (2017-01-03 to 2026-09-29)
09:10:35 | INFO  |   Downloading ^VIX volatility...
09:10:35 | INFO  |     Downloaded 2450 days (2017-01-03 to 2026-09-29)
09:10:35 | WARNING |   ⚠️  28 trading days missing from original CSV
09:10:35 | INFO  |   ✓ Enrichment complete: 2448 rows
09:10:35 | INFO  |   ✅ Saved: UST10Y_enriched.csv (2448 rows)
09:10:35 | WARNING |   ⚠️  28 rows need manual update
09:10:35 | INFO  | 
──────────────────────────────────────────────────────────────────────
09:10:35 | INFO  | Enriching: COMPQ
09:10:35 | INFO  | ──────────────────────────────────────────────────────────────────────
09:10:35 | INFO  |   Loaded 2420 rows from COMPQ.csv
09:10:35 | INFO  |   Yahoo ticker: ^IXIC
09:10:35 | INFO  |   OHLC prefix: IXIC
09:10:35 | INFO  |   Vol prefix: VIX
09:10:35 | INFO  |   Downloading ^IXIC OHLC...
09:10:35 | INFO  |     Downloaded 2447 days (2017-01-03 to 2026-09-28)
09:10:35 | INFO  |   Downloading ^VIX volatility...
09:10:36 | INFO  |     Downloaded 2450 days (2017-01-03 to 2026-09-29)
09:10:36 | WARNING |   ⚠️  28 trading days missing from original CSV
09:10:36 | INFO  |   ✓ Enrichment complete: 2447 rows
09:10:36 | INFO  |   ✅ Saved: COMPQ_enriched.csv (2447 rows)
09:10:36 | WARNING |   ⚠️  28 rows need manual update
09:10:36 | INFO  | 
──────────────────────────────────────────────────────────────────────
09:10:36 | INFO  | Enriching: RUT
09:10:36 | INFO  | ──────────────────────────────────────────────────────────────────────
09:10:36 | INFO  |   Loaded 2419 rows from RUT.csv
09:10:36 | INFO  |   Yahoo ticker: ^RUT
09:10:36 | INFO  |   OHLC prefix: RUT
09:10:36 | INFO  |   Vol prefix: VIX
09:10:36 | INFO  |   Downloading ^RUT OHLC...
09:10:36 | INFO  |     Downloaded 2447 days (2017-01-03 to 2026-09-28)
09:10:36 | INFO  |   Downloading ^VIX volatility...
09:10:36 | INFO  |     Downloaded 2450 days (2017-01-03 to 2026-09-29)
09:10:36 | WARNING |   ⚠️  29 trading days missing from original CSV
09:10:36 | INFO  |   ✓ Enrichment complete: 2447 rows
09:10:36 | INFO  |   ✅ Saved: RUT_enriched.csv (2447 rows)
09:10:36 | WARNING |   ⚠️  29 rows need manual update
09:10:36 | INFO  | 
──────────────────────────────────────────────────────────────────────
09:10:36 | INFO  | Enriching: VIX
09:10:36 | INFO  | ──────────────────────────────────────────────────────────────────────
09:10:36 | INFO  |   Loaded 2420 rows from VIX.csv
09:10:36 | INFO  |   Yahoo ticker: ^VIX
09:10:36 | INFO  |   OHLC prefix: VIX
09:10:36 | INFO  |   Vol prefix: VIXI
09:10:36 | INFO  |   Downloading ^VIX OHLC...
09:10:36 | INFO  |     Downloaded 2450 days (2017-01-03 to 2026-09-29)
09:10:36 | INFO  |   Downloading ^VIX volatility...
09:10:36 | INFO  |     Downloaded 2450 days (2017-01-03 to 2026-09-29)
09:10:36 | WARNING |   ⚠️  30 trading days missing from original CSV
09:10:36 | INFO  |   ✓ Enrichment complete: 2450 rows
09:10:36 | INFO  |   ✅ Saved: VIX_enriched.csv (2450 rows)
09:10:36 | WARNING |   ⚠️  30 rows need manual update
09:10:36 | INFO  | 
──────────────────────────────────────────────────────────────────────
09:10:36 | INFO  | Enriching: USD
09:10:36 | INFO  | ──────────────────────────────────────────────────────────────────────
09:10:36 | INFO  |   Loaded 2420 rows from USD.csv
09:10:36 | INFO  |   Yahoo ticker: DX-Y.NYB
09:10:36 | INFO  |   OHLC prefix: DX
09:10:36 | INFO  |   Vol prefix: VIX
09:10:36 | INFO  |   Downloading DX-Y.NYB OHLC...
09:10:37 | INFO  |     Downloaded 2450 days (2017-01-03 to 2026-09-29)
09:10:37 | INFO  |   Downloading ^VIX volatility...
09:10:37 | INFO  |     Downloaded 2450 days (2017-01-03 to 2026-09-29)
09:10:37 | WARNING |   ⚠️  30 trading days missing from original CSV
09:10:37 | INFO  |   ✓ Enrichment complete: 2450 rows
09:10:37 | INFO  |   ✅ Saved: USD_enriched.csv (2450 rows)
09:10:37 | WARNING |   ⚠️  30 rows need manual update
09:10:37 | INFO  | 
──────────────────────────────────────────────────────────────────────
09:10:37 | INFO  | Enriching: AAPL
09:10:37 | INFO  | ──────────────────────────────────────────────────────────────────────
09:10:37 | INFO  |   Loaded 2418 rows from AAPL.csv
09:10:37 | INFO  |   Yahoo ticker: AAPL
09:10:37 | INFO  |   OHLC prefix: AAPL
09:10:37 | INFO  |   Vol prefix: VIX
09:10:37 | INFO  |   Downloading AAPL OHLC...
09:10:37 | INFO  |     Downloaded 2447 days (2017-01-03 to 2026-09-28)
09:10:37 | INFO  |   Downloading ^VIX volatility...
09:10:38 | INFO  |     Downloaded 2450 days (2017-01-03 to 2026-09-29)
09:10:38 | WARNING |   ⚠️  30 trading days missing from original CSV
09:10:38 | INFO  |   ✓ Enrichment complete: 2447 rows
09:10:38 | INFO  |   ✅ Saved: AAPL_enriched.csv (2447 rows)
09:10:38 | WARNING |   ⚠️  30 rows need manual update
09:10:38 | INFO  | 
──────────────────────────────────────────────────────────────────────
09:10:38 | INFO  | Enriching: BITCOIN
09:10:38 | INFO  | ──────────────────────────────────────────────────────────────────────
09:10:38 | INFO  |   Loaded 789 rows from BITCOIN.csv
09:10:38 | INFO  |   ⚠️  Row count changed (3557 → 789) - re-enriching
09:10:38 | INFO  |   Yahoo ticker: BTC-USD
09:10:38 | INFO  |   OHLC prefix: BTC
09:10:38 | INFO  |   Vol prefix: VIX
09:10:38 | INFO  |   Downloading BTC-USD OHLC...
09:10:38 | INFO  |     Downloaded 3558 days (2017-01-02 to 2026-09-29)
09:10:38 | INFO  |   Downloading ^VIX volatility...
09:10:39 | INFO  |     Downloaded 2450 days (2017-01-03 to 2026-09-29)
09:10:39 | WARNING |   ⚠️  2769 trading days missing from original CSV
09:10:39 | INFO  |   ✓ Enrichment complete: 3558 rows
09:10:39 | INFO  |   ✅ Saved: BITCOIN_enriched.csv (3558 rows)
09:10:39 | WARNING |   ⚠️  2769 rows need manual update
09:10:39 | INFO  | 
======================================================================
09:10:39 | INFO  | ✅ Enrichment complete:
09:10:39 | INFO  |    Success: 9
09:10:39 | INFO  |    Skipped (up-to-date): 0
09:10:39 | INFO  |    Errors:  0
09:10:39 | INFO  | ======================================================================
09:10:39 | INFO  | 
======================================================================
09:10:39 | INFO  | ✅ PIPELINE COMPLETE
09:10:39 | INFO  | ======================================================================
