09:49:34 | INFO  | ======================================================================
09:49:34 | INFO  | ETL PIPELINE START
09:49:34 | INFO  | ======================================================================
09:49:34 | INFO  | 
📋 PIPELINE PLAN:
09:49:34 | INFO  |    HTML Files: 58 new / 58 total
09:49:34 | INFO  |    Master needs propagation: False
09:49:34 | INFO  | 
======================================================================
09:49:34 | INFO  | STAGE 1: HTML PARSING
09:49:34 | INFO  | ======================================================================
09:49:34 | INFO  | 
Processing: AUGUST 19, 2026.html
09:49:34 | INFO  |   ✅ Saved: RR_08-19-2026.csv (37 rows)
09:49:34 | INFO  | 
Processing: JULY 1, 2026.html
09:49:34 | INFO  |   ✅ Saved: RR_07-01-2026.csv (38 rows)
09:49:34 | INFO  | 
Processing: AUGUST 24, 2026.html
09:49:34 | INFO  |   ✅ Saved: RR_08-24-2026.csv (37 rows)
09:49:34 | INFO  | 
Processing: AUGUST 10, 2026.html
09:49:34 | INFO  |   ✅ Saved: RR_08-10-2026.csv (37 rows)
09:49:34 | INFO  | 
Processing: JULY 22, 2026.html
09:49:34 | INFO  |   ✅ Saved: RR_07-22-2026.csv (38 rows)
09:49:34 | INFO  | 
Processing: AUGUST 21, 2026.html
09:49:34 | INFO  |   ✅ Saved: RR_08-21-2026.csv (37 rows)
09:49:34 | INFO  | 
Processing: JUNE 9, 2026.html
09:49:34 | INFO  |   ✅ Saved: RR_06-09-2026.csv (36 rows)
09:49:34 | INFO  | 
Processing: JUNE 4, 2026.html
09:49:34 | INFO  |   ✅ Saved: RR_06-04-2026.csv (37 rows)
09:49:34 | INFO  | 
Processing: JUNE 11, 2026.html
09:49:34 | INFO  |   ✅ Saved: RR_06-11-2026.csv (36 rows)
09:49:34 | INFO  | 
Processing: JUNE 25, 2026.html
09:49:34 | INFO  |   ✅ Saved: RR_06-25-2026.csv (38 rows)
09:49:34 | INFO  | 
Processing: AUGUST 7, 2026.html
09:49:34 | INFO  |   ✅ Saved: RR_08-07-2026.csv (37 rows)
09:49:34 | INFO  | 
Processing: JUNE 17, 2026.html
09:49:35 | INFO  |   ✅ Saved: RR_06-17-2026.csv (36 rows)
09:49:35 | INFO  | 
Processing: JULY 24, 2026.html
09:49:35 | INFO  |   ✅ Saved: RR_07-24-2026.csv (38 rows)
09:49:35 | INFO  | 
Processing: JULY 21, 2026.html
09:49:35 | INFO  |   ✅ Saved: RR_07-21-2026.csv (38 rows)
09:49:35 | INFO  | 
Processing: AUGUST 17, 2026.html
09:49:35 | INFO  |   ✅ Saved: RR_08-17-2026.csv (37 rows)
09:49:35 | INFO  | 
Processing: AUGUST 20, 2026.html
09:49:35 | INFO  |   ✅ Saved: RR_08-20-2026.csv (37 rows)
09:49:35 | INFO  | 
Processing: AUGUST 25, 2026.html
09:49:35 | INFO  |   ✅ Saved: RR_08-25-2026.csv (37 rows)
09:49:35 | INFO  | 
Processing: JUNE 16, 2026.html
09:49:35 | INFO  |   ✅ Saved: RR_06-16-2026.csv (36 rows)
09:49:35 | INFO  | 
Processing: JULY 23, 2026.html
09:49:35 | INFO  |   ✅ Saved: RR_07-23-2026.csv (38 rows)
09:49:35 | INFO  | 
Processing: AUGUST 13, 2026.html
09:49:35 | INFO  |   ✅ Saved: RR_08-13-2026.csv (37 rows)
09:49:35 | INFO  | 
Processing: JUNE 23, 2026.html
09:49:35 | INFO  |   ✅ Saved: RR_06-23-2026.csv (37 rows)
09:49:35 | INFO  | 
Processing: JUNE 12, 2026.html
09:49:35 | INFO  |   ✅ Saved: RR_06-12-2026.csv (36 rows)
09:49:35 | INFO  | 
Processing: JUNE 8, 2026.html
09:49:35 | INFO  |   ✅ Saved: RR_06-08-2026.csv (37 rows)
09:49:35 | INFO  | 
Processing: JULY 6, 2026.html
09:49:35 | INFO  |   ✅ Saved: RR_07-06-2026.csv (37 rows)
09:49:35 | INFO  | 
Processing: JUNE 22, 2026.html
09:49:35 | INFO  |   ✅ Saved: RR_06-22-2026.csv (37 rows)
09:49:35 | INFO  | 
Processing: JUNE 15, 2026.html
09:49:35 | INFO  |   ✅ Saved: RR_06-15-2026.csv (36 rows)
09:49:35 | INFO  | 
Processing: AUGUST 6, 2026.html
09:49:36 | INFO  |   ✅ Saved: RR_08-06-2026.csv (37 rows)
09:49:36 | INFO  | 
Processing: JULY 13, 2026.html
09:49:36 | INFO  |   ✅ Saved: RR_07-13-2026.csv (37 rows)
09:49:36 | INFO  | 
Processing: JUNE 5, 2026.html
09:49:36 | INFO  |   ✅ Saved: RR_06-05-2026.csv (37 rows)
09:49:36 | INFO  | 
Processing: AUGUST 11, 2026.html
09:49:36 | INFO  |   ✅ Saved: RR_08-11-2026.csv (37 rows)
09:49:36 | INFO  | 
Processing: JULY 8, 2026.html
09:49:36 | INFO  |   ✅ Saved: RR_07-08-2026.csv (37 rows)
09:49:36 | INFO  | 
Processing: JUNE 26, 2026.html
09:49:36 | INFO  |   ✅ Saved: RR_06-26-2026.csv (38 rows)
09:49:36 | INFO  | 
Processing: JULY 16, 2026.html
09:49:36 | INFO  |   ✅ Saved: RR_07-16-2026.csv (37 rows)
09:49:36 | INFO  | 
Processing: JULY 31, 2026.html
09:49:36 | INFO  |   ✅ Saved: RR_07-31-2026.csv (37 rows)
09:49:36 | INFO  | 
Processing: JUNE 10, 2026.html
09:49:36 | INFO  |   ✅ Saved: RR_06-10-2026.csv (36 rows)
09:49:36 | INFO  | 
Processing: JULY 2, 2026.html
09:49:36 | INFO  |   ✅ Saved: RR_07-02-2026.csv (38 rows)
09:49:36 | INFO  | 
Processing: AUGUST 3, 2026.html
09:49:36 | INFO  |   ✅ Saved: RR_08-03-2026.csv (37 rows)
09:49:36 | INFO  | 
Processing: JULY 7, 2026.html
09:49:36 | INFO  |   ✅ Saved: RR_07-07-2026.csv (37 rows)
09:49:36 | INFO  | 
Processing: AUGUST 18, 2026.html
09:49:36 | INFO  |   ✅ Saved: RR_08-18-2026.csv (37 rows)
09:49:36 | INFO  | 
Processing: JULY 17, 2026.html
09:49:36 | INFO  |   ✅ Saved: RR_07-17-2026.csv (38 rows)
09:49:36 | INFO  | 
Processing: JULY 20, 2026.html
09:49:36 | INFO  |   ✅ Saved: RR_07-20-2026.csv (38 rows)
09:49:36 | INFO  | 
Processing: JUNE 29, 2026.html
09:49:37 | INFO  |   ✅ Saved: RR_06-29-2026.csv (38 rows)
09:49:37 | INFO  | 
Processing: JULY 30, 2026.html
09:49:37 | INFO  |   ✅ Saved: RR_07-30-2026.csv (38 rows)
09:49:37 | INFO  | 
Processing: AUGUST 4, 2026.html
09:49:37 | INFO  |   ✅ Saved: RR_08-04-2026.csv (37 rows)
09:49:37 | INFO  | 
Processing: AUGUST 26, 2026.html
09:49:37 | INFO  |   ✅ Saved: RR_08-26-2026.csv (37 rows)
09:49:37 | INFO  | 
Processing: JUNE 30, 2026.html
09:49:37 | INFO  |   ✅ Saved: RR_06-30-2026.csv (38 rows)
09:49:37 | INFO  | 
Processing: AUGUST 14, 2026.html
09:49:37 | INFO  |   ✅ Saved: RR_08-14-2026.csv (37 rows)
09:49:37 | INFO  | 
Processing: JUNE 24, 2026.html
09:49:37 | INFO  |   ✅ Saved: RR_06-24-2026.csv (37 rows)
09:49:37 | INFO  | 
Processing: JULY 9, 2026.html
09:49:37 | INFO  |   ✅ Saved: RR_07-09-2026.csv (37 rows)
09:49:37 | INFO  | 
Processing: AUGUST 12, 2026.html
09:49:37 | INFO  |   ✅ Saved: RR_08-12-2026.csv (37 rows)
09:49:37 | INFO  | 
Processing: JUNE 18, 2026.html
09:49:37 | INFO  |   ✅ Saved: RR_06-18-2026.csv (37 rows)
09:49:37 | INFO  | 
Processing: JULY 10, 2026.html
09:49:37 | INFO  |   ✅ Saved: RR_07-10-2026.csv (37 rows)
09:49:37 | INFO  | 
Processing: JULY 29, 2026.html
09:49:37 | INFO  |   ✅ Saved: RR_07-29-2026.csv (38 rows)
09:49:37 | INFO  | 
Processing: JULY 15, 2026.html
09:49:37 | INFO  |   ✅ Saved: RR_07-15-2026.csv (37 rows)
09:49:37 | INFO  | 
Processing: JULY 28, 2026.html
09:49:37 | INFO  |   ✅ Saved: RR_07-28-2026.csv (38 rows)
09:49:37 | INFO  | 
Processing: AUGUST 5, 2026.html
09:49:37 | INFO  |   ✅ Saved: RR_08-05-2026.csv (37 rows)
09:49:37 | INFO  | 
Processing: JULY 14, 2026.html
09:49:38 | INFO  |   ✅ Saved: RR_07-14-2026.csv (37 rows)
09:49:38 | INFO  | 
Processing: JULY 27, 2026.html
09:49:38 | INFO  |   ✅ Saved: RR_07-27-2026.csv (38 rows)
09:49:38 | INFO  | 
✅ HTML parsing complete: 58 success, 0 errors
09:49:38 | INFO  | 
======================================================================
09:49:38 | INFO  | STAGE 2: MASTER AGGREGATION
09:49:38 | INFO  | ======================================================================
09:49:38 | INFO  | ✅ Backed up master to: risk_ranges_master_backup_20260826_094938.csv
09:49:38 | INFO  | Loaded existing master: 75,097 rows
09:49:38 | INFO  |   Loaded: RR_08-19-2026.csv (37 rows)
09:49:38 | INFO  |   Loaded: RR_07-01-2026.csv (38 rows)
09:49:38 | INFO  |   Loaded: RR_08-24-2026.csv (37 rows)
09:49:38 | INFO  |   Loaded: RR_08-10-2026.csv (37 rows)
09:49:38 | INFO  |   Loaded: RR_07-22-2026.csv (38 rows)
09:49:38 | INFO  |   Loaded: RR_08-21-2026.csv (37 rows)
09:49:38 | INFO  |   Loaded: RR_06-09-2026.csv (36 rows)
09:49:38 | INFO  |   Loaded: RR_06-04-2026.csv (37 rows)
09:49:38 | INFO  |   Loaded: RR_06-11-2026.csv (36 rows)
09:49:38 | INFO  |   Loaded: RR_06-25-2026.csv (38 rows)
09:49:38 | INFO  |   Loaded: RR_08-07-2026.csv (37 rows)
09:49:38 | INFO  |   Loaded: RR_06-17-2026.csv (36 rows)
09:49:38 | INFO  |   Loaded: RR_07-24-2026.csv (38 rows)
09:49:38 | INFO  |   Loaded: RR_07-21-2026.csv (38 rows)
09:49:38 | INFO  |   Loaded: RR_08-17-2026.csv (37 rows)
09:49:38 | INFO  |   Loaded: RR_08-20-2026.csv (37 rows)
09:49:38 | INFO  |   Loaded: RR_08-25-2026.csv (37 rows)
09:49:38 | INFO  |   Loaded: RR_06-16-2026.csv (36 rows)
09:49:38 | INFO  |   Loaded: RR_07-23-2026.csv (38 rows)
09:49:38 | INFO  |   Loaded: RR_08-13-2026.csv (37 rows)
09:49:38 | INFO  |   Loaded: RR_06-23-2026.csv (37 rows)
09:49:38 | INFO  |   Loaded: RR_06-12-2026.csv (36 rows)
09:49:38 | INFO  |   Loaded: RR_06-08-2026.csv (37 rows)
09:49:38 | INFO  |   Loaded: RR_07-06-2026.csv (37 rows)
09:49:38 | INFO  |   Loaded: RR_06-22-2026.csv (37 rows)
09:49:38 | INFO  |   Loaded: RR_06-15-2026.csv (36 rows)
09:49:38 | INFO  |   Loaded: RR_08-06-2026.csv (37 rows)
09:49:38 | INFO  |   Loaded: RR_07-13-2026.csv (37 rows)
09:49:38 | INFO  |   Loaded: RR_06-05-2026.csv (37 rows)
09:49:38 | INFO  |   Loaded: RR_08-11-2026.csv (37 rows)
09:49:38 | INFO  |   Loaded: RR_07-08-2026.csv (37 rows)
09:49:38 | INFO  |   Loaded: RR_06-26-2026.csv (38 rows)
09:49:38 | INFO  |   Loaded: RR_07-16-2026.csv (37 rows)
09:49:38 | INFO  |   Loaded: RR_07-31-2026.csv (37 rows)
09:49:38 | INFO  |   Loaded: RR_06-10-2026.csv (36 rows)
09:49:38 | INFO  |   Loaded: RR_07-02-2026.csv (38 rows)
09:49:38 | INFO  |   Loaded: RR_08-03-2026.csv (37 rows)
09:49:38 | INFO  |   Loaded: RR_07-07-2026.csv (37 rows)
09:49:38 | INFO  |   Loaded: RR_08-18-2026.csv (37 rows)
09:49:38 | INFO  |   Loaded: RR_07-17-2026.csv (38 rows)
09:49:38 | INFO  |   Loaded: RR_07-20-2026.csv (38 rows)
09:49:38 | INFO  |   Loaded: RR_06-29-2026.csv (38 rows)
09:49:38 | INFO  |   Loaded: RR_07-30-2026.csv (38 rows)
09:49:38 | INFO  |   Loaded: RR_08-04-2026.csv (37 rows)
09:49:38 | INFO  |   Loaded: RR_08-26-2026.csv (37 rows)
09:49:38 | INFO  |   Loaded: RR_06-30-2026.csv (38 rows)
09:49:38 | INFO  |   Loaded: RR_08-14-2026.csv (37 rows)
09:49:38 | INFO  |   Loaded: RR_06-24-2026.csv (37 rows)
09:49:38 | INFO  |   Loaded: RR_07-09-2026.csv (37 rows)
09:49:38 | INFO  |   Loaded: RR_08-12-2026.csv (37 rows)
09:49:38 | INFO  |   Loaded: RR_06-18-2026.csv (37 rows)
09:49:38 | INFO  |   Loaded: RR_07-10-2026.csv (37 rows)
09:49:38 | INFO  |   Loaded: RR_07-29-2026.csv (38 rows)
09:49:38 | INFO  |   Loaded: RR_07-15-2026.csv (37 rows)
09:49:38 | INFO  |   Loaded: RR_07-28-2026.csv (38 rows)
09:49:38 | INFO  |   Loaded: RR_08-05-2026.csv (37 rows)
09:49:38 | INFO  |   Loaded: RR_07-14-2026.csv (37 rows)
09:49:38 | INFO  |   Loaded: RR_07-27-2026.csv (38 rows)
09:49:38 | INFO  | Combined new data: 2155 rows
09:49:38 | INFO  | Removed 2155 duplicate entries
09:49:38 | INFO  | ✅ Saved master CSV: 75,097 total rows
09:49:38 | INFO  |    Date range: 2017-01-03 to 2026-08-26
09:49:38 | INFO  | 
======================================================================
09:49:38 | INFO  | STAGE 3: TICKER SUBSETTING
09:49:38 | INFO  | ======================================================================
09:49:38 | INFO  | Loaded master: 75,097 rows
09:49:38 | INFO  | Creating subsets for 9 tickers
09:49:38 | INFO  |   ✅ UST10Y: 2397 rows | 2017-01-03 to 2026-08-26
09:49:38 | INFO  |   ✅ SPX: 2397 rows | 2017-01-03 to 2026-08-26
09:49:38 | INFO  |   ✅ COMPQ: 2397 rows | 2017-01-03 to 2026-08-26
09:49:38 | INFO  |   ✅ RUT: 2396 rows | 2017-01-03 to 2026-08-26
09:49:38 | INFO  |   ✅ VIX: 2397 rows | 2017-01-03 to 2026-08-26
09:49:38 | INFO  |   ✅ USD: 2397 rows | 2017-01-03 to 2026-08-26
09:49:38 | INFO  |   ✅ GOLD: 2395 rows | 2017-01-03 to 2026-08-26
09:49:38 | INFO  |   ✅ AAPL: 2395 rows | 2017-01-03 to 2026-08-26
09:49:38 | INFO  |   ✅ BITCOIN: 766 rows | 2023-08-01 to 2026-08-26
09:49:38 | INFO  | ✅ Ticker subsetting complete
09:49:38 | INFO  | 
======================================================================
09:49:38 | INFO  | STAGE 4: ENRICHMENT
09:49:38 | INFO  | ======================================================================
09:49:38 | INFO  | Enriching 9 tickers
09:49:38 | INFO  | 
──────────────────────────────────────────────────────────────────────
09:49:38 | INFO  | Enriching: SPX
09:49:38 | INFO  | ──────────────────────────────────────────────────────────────────────
09:49:38 | INFO  |   Loaded 2397 rows from SPX.csv
09:49:38 | INFO  |   Yahoo ticker: ^GSPC
09:49:38 | INFO  |   OHLC prefix: GSPC
09:49:38 | INFO  |   Vol prefix: VIX
09:49:38 | INFO  |   Downloading ^GSPC OHLC...
09:49:39 | INFO  |     Downloaded 2425 days (2017-01-03 to 2026-08-26)
09:49:39 | INFO  |   Downloading ^VIX volatility...
09:49:40 | INFO  |     Downloaded 2426 days (2017-01-03 to 2026-08-26)
09:49:40 | WARNING |   ⚠️  28 trading days missing from original CSV
09:49:40 | INFO  |   ✓ Enrichment complete: 2425 rows
09:49:40 | INFO  |   ✅ Saved: SPX_enriched.csv (2425 rows)
09:49:40 | WARNING |   ⚠️  28 rows need manual update
09:49:40 | INFO  | 
──────────────────────────────────────────────────────────────────────
09:49:40 | INFO  | Enriching: GOLD
09:49:40 | INFO  | ──────────────────────────────────────────────────────────────────────
09:49:40 | INFO  |   Loaded 2395 rows from GOLD.csv
09:49:40 | INFO  |   Yahoo ticker: GC=F
09:49:40 | INFO  |   OHLC prefix: GC
09:49:40 | INFO  |   Vol prefix: GVZ
09:49:40 | INFO  |   Downloading GC=F OHLC...
09:49:40 | INFO  |     Downloaded 2426 days (2017-01-03 to 2026-08-26)
09:49:40 | INFO  |   Downloading ^GVZ volatility...
09:49:41 | INFO  |     Downloaded 2425 days (2017-01-03 to 2026-08-26)
09:49:41 | WARNING |   ⚠️  32 trading days missing from original CSV
09:49:41 | INFO  |   ✓ Enrichment complete: 2426 rows
09:49:41 | INFO  |   ✅ Saved: GOLD_enriched.csv (2426 rows)
09:49:41 | WARNING |   ⚠️  32 rows need manual update
09:49:41 | INFO  | 
──────────────────────────────────────────────────────────────────────
09:49:41 | INFO  | Enriching: UST10Y
09:49:41 | INFO  | ──────────────────────────────────────────────────────────────────────
09:49:41 | INFO  |   Loaded 2397 rows from UST10Y.csv
09:49:41 | INFO  |   Yahoo ticker: ^TNX
09:49:41 | INFO  |   OHLC prefix: TNX
09:49:41 | INFO  |   Vol prefix: VIX
09:49:41 | INFO  |   Downloading ^TNX OHLC...
09:49:41 | INFO  |     Downloaded 2425 days (2017-01-03 to 2026-08-26)
09:49:41 | INFO  |   Downloading ^VIX volatility...
09:49:41 | INFO  |     Downloaded 2426 days (2017-01-03 to 2026-08-26)
09:49:41 | WARNING |   ⚠️  28 trading days missing from original CSV
09:49:41 | INFO  |   ✓ Enrichment complete: 2425 rows
09:49:41 | INFO  |   ✅ Saved: UST10Y_enriched.csv (2425 rows)
09:49:41 | WARNING |   ⚠️  28 rows need manual update
09:49:41 | INFO  | 
──────────────────────────────────────────────────────────────────────
09:49:41 | INFO  | Enriching: COMPQ
09:49:41 | INFO  | ──────────────────────────────────────────────────────────────────────
09:49:41 | INFO  |   Loaded 2397 rows from COMPQ.csv
09:49:41 | INFO  |   Yahoo ticker: ^IXIC
09:49:41 | INFO  |   OHLC prefix: IXIC
09:49:41 | INFO  |   Vol prefix: VIX
09:49:41 | INFO  |   Downloading ^IXIC OHLC...
09:49:42 | INFO  |     Downloaded 2425 days (2017-01-03 to 2026-08-26)
09:49:42 | INFO  |   Downloading ^VIX volatility...
09:49:42 | INFO  |     Downloaded 2426 days (2017-01-03 to 2026-08-26)
09:49:42 | WARNING |   ⚠️  28 trading days missing from original CSV
09:49:42 | INFO  |   ✓ Enrichment complete: 2425 rows
09:49:42 | INFO  |   ✅ Saved: COMPQ_enriched.csv (2425 rows)
09:49:42 | WARNING |   ⚠️  28 rows need manual update
09:49:42 | INFO  | 
──────────────────────────────────────────────────────────────────────
09:49:42 | INFO  | Enriching: RUT
09:49:42 | INFO  | ──────────────────────────────────────────────────────────────────────
09:49:42 | INFO  |   Loaded 2396 rows from RUT.csv
09:49:42 | INFO  |   Yahoo ticker: ^RUT
09:49:42 | INFO  |   OHLC prefix: RUT
09:49:42 | INFO  |   Vol prefix: VIX
09:49:42 | INFO  |   Downloading ^RUT OHLC...
09:49:43 | INFO  |     Downloaded 2425 days (2017-01-03 to 2026-08-26)
09:49:43 | INFO  |   Downloading ^VIX volatility...
09:49:43 | INFO  |     Downloaded 2426 days (2017-01-03 to 2026-08-26)
09:49:43 | WARNING |   ⚠️  29 trading days missing from original CSV
09:49:43 | INFO  |   ✓ Enrichment complete: 2425 rows
09:49:43 | INFO  |   ✅ Saved: RUT_enriched.csv (2425 rows)
09:49:43 | WARNING |   ⚠️  29 rows need manual update
09:49:43 | INFO  | 
──────────────────────────────────────────────────────────────────────
09:49:43 | INFO  | Enriching: VIX
09:49:43 | INFO  | ──────────────────────────────────────────────────────────────────────
09:49:43 | INFO  |   Loaded 2397 rows from VIX.csv
09:49:43 | INFO  |   Yahoo ticker: ^VIX
09:49:43 | INFO  |   OHLC prefix: VIX
09:49:43 | INFO  |   Vol prefix: VIXI
09:49:43 | INFO  |   Downloading ^VIX OHLC...
09:49:43 | INFO  |     Downloaded 2426 days (2017-01-03 to 2026-08-26)
09:49:43 | INFO  |   Downloading ^VIX volatility...
09:49:44 | INFO  |     Downloaded 2426 days (2017-01-03 to 2026-08-26)
09:49:44 | WARNING |   ⚠️  29 trading days missing from original CSV
09:49:44 | INFO  |   ✓ Enrichment complete: 2426 rows
09:49:44 | INFO  |   ✅ Saved: VIX_enriched.csv (2426 rows)
09:49:44 | WARNING |   ⚠️  29 rows need manual update
09:49:44 | INFO  | 
──────────────────────────────────────────────────────────────────────
09:49:44 | INFO  | Enriching: USD
09:49:44 | INFO  | ──────────────────────────────────────────────────────────────────────
09:49:44 | INFO  |   Loaded 2397 rows from USD.csv
09:49:44 | INFO  |   Yahoo ticker: DX-Y.NYB
09:49:44 | INFO  |   OHLC prefix: DX
09:49:44 | INFO  |   Vol prefix: VIX
09:49:44 | INFO  |   Downloading DX-Y.NYB OHLC...
09:49:44 | INFO  |     Downloaded 2427 days (2017-01-03 to 2026-08-26)
09:49:44 | INFO  |   Downloading ^VIX volatility...
09:49:44 | INFO  |     Downloaded 2426 days (2017-01-03 to 2026-08-26)
09:49:44 | WARNING |   ⚠️  30 trading days missing from original CSV
09:49:44 | INFO  |   ✓ Enrichment complete: 2427 rows
09:49:44 | INFO  |   ✅ Saved: USD_enriched.csv (2427 rows)
09:49:44 | WARNING |   ⚠️  30 rows need manual update
09:49:44 | INFO  | 
──────────────────────────────────────────────────────────────────────
09:49:44 | INFO  | Enriching: AAPL
09:49:44 | INFO  | ──────────────────────────────────────────────────────────────────────
09:49:44 | INFO  |   Loaded 2395 rows from AAPL.csv
09:49:44 | INFO  |   Yahoo ticker: AAPL
09:49:44 | INFO  |   OHLC prefix: AAPL
09:49:44 | INFO  |   Vol prefix: VIX
09:49:44 | INFO  |   Downloading AAPL OHLC...
09:49:45 | INFO  |     Downloaded 2425 days (2017-01-03 to 2026-08-26)
09:49:45 | INFO  |   Downloading ^VIX volatility...
09:49:45 | INFO  |     Downloaded 2426 days (2017-01-03 to 2026-08-26)
09:49:45 | WARNING |   ⚠️  30 trading days missing from original CSV
09:49:45 | INFO  |   ✓ Enrichment complete: 2425 rows
09:49:45 | INFO  |   ✅ Saved: AAPL_enriched.csv (2425 rows)
09:49:45 | WARNING |   ⚠️  30 rows need manual update
09:49:45 | INFO  | 
──────────────────────────────────────────────────────────────────────
09:49:45 | INFO  | Enriching: BITCOIN
09:49:45 | INFO  | ──────────────────────────────────────────────────────────────────────
09:49:45 | INFO  |   Loaded 766 rows from BITCOIN.csv
09:49:45 | INFO  |   ⚠️  Row count changed (3524 → 766) - re-enriching
09:49:45 | INFO  |   Yahoo ticker: BTC-USD
09:49:45 | INFO  |   OHLC prefix: BTC
09:49:45 | INFO  |   Vol prefix: VIX
09:49:45 | INFO  |   Downloading BTC-USD OHLC...
09:49:46 | INFO  |     Downloaded 3524 days (2017-01-02 to 2026-08-26)
09:49:46 | INFO  |   Downloading ^VIX volatility...
09:49:46 | INFO  |     Downloaded 2426 days (2017-01-03 to 2026-08-26)
09:49:46 | WARNING |   ⚠️  2758 trading days missing from original CSV
09:49:46 | INFO  |   ✓ Enrichment complete: 3524 rows
09:49:46 | INFO  |   ✅ Saved: BITCOIN_enriched.csv (3524 rows)
09:49:46 | WARNING |   ⚠️  2758 rows need manual update
09:49:46 | INFO  | 
======================================================================
09:49:46 | INFO  | ✅ Enrichment complete:
09:49:46 | INFO  |    Success: 9
09:49:46 | INFO  |    Skipped (up-to-date): 0
09:49:46 | INFO  |    Errors:  0
09:49:46 | INFO  | ======================================================================
09:49:46 | INFO  | 
======================================================================
09:49:46 | INFO  | ✅ PIPELINE COMPLETE
09:49:46 | INFO  | ======================================================================
