15:43:33 | INFO  | ======================================================================
15:43:33 | INFO  | ETL PIPELINE START
15:43:33 | INFO  | ======================================================================
15:43:33 | INFO  | 
📋 PIPELINE PLAN:
15:43:33 | INFO  |    HTML Files: 1 new / 34 total
15:43:33 | INFO  |    Master needs propagation: False
15:43:33 | INFO  | 
======================================================================
15:43:33 | INFO  | STAGE 1: HTML PARSING
15:43:33 | INFO  | ======================================================================
15:43:33 | INFO  | 
Processing: SEPTEMBER 18, 2026.html
15:43:33 | INFO  |   ✅ Saved: RR_09-18-2026.csv (36 rows)
15:43:33 | INFO  | 
✅ HTML parsing complete: 1 success, 0 errors
15:43:33 | INFO  | 
======================================================================
15:43:33 | INFO  | STAGE 2: MASTER AGGREGATION
15:43:33 | INFO  | ======================================================================
15:43:33 | INFO  | ✅ Backed up master to: risk_ranges_master_backup_20260920_154333.csv
15:43:33 | INFO  | Loaded existing master: 75,651 rows
15:43:33 | INFO  |   Loaded: RR_09-18-2026.csv (36 rows)
15:43:33 | INFO  | Combined new data: 36 rows
15:43:34 | INFO  | ✅ Saved master CSV: 75,687 total rows
15:43:34 | INFO  |    Date range: 2017-01-03 to 2026-09-18
15:43:34 | INFO  | 
======================================================================
15:43:34 | INFO  | STAGE 3: TICKER SUBSETTING
15:43:34 | INFO  | ======================================================================
15:43:34 | INFO  | Loaded master: 75,687 rows
15:43:34 | INFO  | Creating subsets for 9 tickers
15:43:34 | INFO  |   ✅ UST10Y: 2413 rows | 2017-01-03 to 2026-09-18
15:43:34 | INFO  |   ✅ SPX: 2413 rows | 2017-01-03 to 2026-09-18
15:43:34 | INFO  |   ✅ COMPQ: 2413 rows | 2017-01-03 to 2026-09-18
15:43:34 | INFO  |   ✅ RUT: 2412 rows | 2017-01-03 to 2026-09-18
15:43:34 | INFO  |   ✅ VIX: 2413 rows | 2017-01-03 to 2026-09-18
15:43:34 | INFO  |   ✅ USD: 2413 rows | 2017-01-03 to 2026-09-18
15:43:34 | INFO  |   ✅ GOLD: 2411 rows | 2017-01-03 to 2026-09-18
15:43:34 | INFO  |   ✅ AAPL: 2411 rows | 2017-01-03 to 2026-09-18
15:43:34 | INFO  |   ✅ BITCOIN: 782 rows | 2023-08-01 to 2026-09-18
15:43:34 | INFO  | ✅ Ticker subsetting complete
15:43:34 | INFO  | 
======================================================================
15:43:34 | INFO  | STAGE 4: ENRICHMENT
15:43:34 | INFO  | ======================================================================
15:43:34 | INFO  | Enriching 9 tickers
15:43:34 | INFO  | 
──────────────────────────────────────────────────────────────────────
15:43:34 | INFO  | Enriching: SPX
15:43:34 | INFO  | ──────────────────────────────────────────────────────────────────────
15:43:34 | INFO  |   Loaded 2413 rows from SPX.csv
15:43:34 | INFO  |   Yahoo ticker: ^GSPC
15:43:34 | INFO  |   OHLC prefix: GSPC
15:43:34 | INFO  |   Vol prefix: VIX
15:43:34 | INFO  |   Downloading ^GSPC OHLC...
15:43:34 | INFO  |     Downloaded 2441 days (2017-01-03 to 2026-09-18)
15:43:34 | INFO  |   Downloading ^VIX volatility...
15:43:34 | INFO  |     Downloaded 2443 days (2017-01-03 to 2026-09-18)
15:43:34 | WARNING |   ⚠️  28 trading days missing from original CSV
15:43:34 | INFO  |   ✓ Enrichment complete: 2441 rows
15:43:34 | INFO  |   ✅ Saved: SPX_enriched.csv (2441 rows)
15:43:34 | WARNING |   ⚠️  28 rows need manual update
15:43:34 | INFO  | 
──────────────────────────────────────────────────────────────────────
15:43:34 | INFO  | Enriching: GOLD
15:43:34 | INFO  | ──────────────────────────────────────────────────────────────────────
15:43:35 | INFO  |   Loaded 2411 rows from GOLD.csv
15:43:35 | INFO  |   Yahoo ticker: GC=F
15:43:35 | INFO  |   OHLC prefix: GC
15:43:35 | INFO  |   Vol prefix: GVZ
15:43:35 | INFO  |   Downloading GC=F OHLC...
15:43:35 | INFO  |     Downloaded 2443 days (2017-01-03 to 2026-09-18)
15:43:35 | INFO  |   Downloading ^GVZ volatility...
15:43:35 | INFO  |     Downloaded 2441 days (2017-01-03 to 2026-09-18)
15:43:35 | WARNING |   ⚠️  33 trading days missing from original CSV
15:43:35 | INFO  |   ✓ Enrichment complete: 2443 rows
15:43:35 | INFO  |   ✅ Saved: GOLD_enriched.csv (2443 rows)
15:43:35 | WARNING |   ⚠️  33 rows need manual update
15:43:35 | INFO  | 
──────────────────────────────────────────────────────────────────────
15:43:35 | INFO  | Enriching: UST10Y
15:43:35 | INFO  | ──────────────────────────────────────────────────────────────────────
15:43:35 | INFO  |   Loaded 2413 rows from UST10Y.csv
15:43:35 | INFO  |   Yahoo ticker: ^TNX
15:43:35 | INFO  |   OHLC prefix: TNX
15:43:35 | INFO  |   Vol prefix: VIX
15:43:35 | INFO  |   Downloading ^TNX OHLC...
15:43:35 | INFO  |     Downloaded 2441 days (2017-01-03 to 2026-09-18)
15:43:35 | INFO  |   Downloading ^VIX volatility...
15:43:35 | INFO  |     Downloaded 2443 days (2017-01-03 to 2026-09-18)
15:43:35 | WARNING |   ⚠️  28 trading days missing from original CSV
15:43:35 | INFO  |   ✓ Enrichment complete: 2441 rows
15:43:35 | INFO  |   ✅ Saved: UST10Y_enriched.csv (2441 rows)
15:43:35 | WARNING |   ⚠️  28 rows need manual update
15:43:35 | INFO  | 
──────────────────────────────────────────────────────────────────────
15:43:35 | INFO  | Enriching: COMPQ
15:43:35 | INFO  | ──────────────────────────────────────────────────────────────────────
15:43:35 | INFO  |   Loaded 2413 rows from COMPQ.csv
15:43:35 | INFO  |   Yahoo ticker: ^IXIC
15:43:35 | INFO  |   OHLC prefix: IXIC
15:43:35 | INFO  |   Vol prefix: VIX
15:43:35 | INFO  |   Downloading ^IXIC OHLC...
15:43:35 | INFO  |     Downloaded 2441 days (2017-01-03 to 2026-09-18)
15:43:35 | INFO  |   Downloading ^VIX volatility...
15:43:36 | INFO  |     Downloaded 2443 days (2017-01-03 to 2026-09-18)
15:43:36 | WARNING |   ⚠️  28 trading days missing from original CSV
15:43:36 | INFO  |   ✓ Enrichment complete: 2441 rows
15:43:36 | INFO  |   ✅ Saved: COMPQ_enriched.csv (2441 rows)
15:43:36 | WARNING |   ⚠️  28 rows need manual update
15:43:36 | INFO  | 
──────────────────────────────────────────────────────────────────────
15:43:36 | INFO  | Enriching: RUT
15:43:36 | INFO  | ──────────────────────────────────────────────────────────────────────
15:43:36 | INFO  |   Loaded 2412 rows from RUT.csv
15:43:36 | INFO  |   Yahoo ticker: ^RUT
15:43:36 | INFO  |   OHLC prefix: RUT
15:43:36 | INFO  |   Vol prefix: VIX
15:43:36 | INFO  |   Downloading ^RUT OHLC...
15:43:36 | INFO  |     Downloaded 2441 days (2017-01-03 to 2026-09-18)
15:43:36 | INFO  |   Downloading ^VIX volatility...
15:43:36 | INFO  |     Downloaded 2443 days (2017-01-03 to 2026-09-18)
15:43:36 | WARNING |   ⚠️  29 trading days missing from original CSV
15:43:36 | INFO  |   ✓ Enrichment complete: 2441 rows
15:43:36 | INFO  |   ✅ Saved: RUT_enriched.csv (2441 rows)
15:43:36 | WARNING |   ⚠️  29 rows need manual update
15:43:36 | INFO  | 
──────────────────────────────────────────────────────────────────────
15:43:36 | INFO  | Enriching: VIX
15:43:36 | INFO  | ──────────────────────────────────────────────────────────────────────
15:43:36 | INFO  |   Loaded 2413 rows from VIX.csv
15:43:36 | INFO  |   Yahoo ticker: ^VIX
15:43:36 | INFO  |   OHLC prefix: VIX
15:43:36 | INFO  |   Vol prefix: VIXI
15:43:36 | INFO  |   Downloading ^VIX OHLC...
15:43:36 | INFO  |     Downloaded 2443 days (2017-01-03 to 2026-09-18)
15:43:36 | INFO  |   Downloading ^VIX volatility...
15:43:36 | INFO  |     Downloaded 2443 days (2017-01-03 to 2026-09-18)
15:43:36 | WARNING |   ⚠️  30 trading days missing from original CSV
15:43:36 | INFO  |   ✓ Enrichment complete: 2443 rows
15:43:36 | INFO  |   ✅ Saved: VIX_enriched.csv (2443 rows)
15:43:36 | WARNING |   ⚠️  30 rows need manual update
15:43:36 | INFO  | 
──────────────────────────────────────────────────────────────────────
15:43:36 | INFO  | Enriching: USD
15:43:36 | INFO  | ──────────────────────────────────────────────────────────────────────
15:43:36 | INFO  |   Loaded 2413 rows from USD.csv
15:43:36 | INFO  |   Yahoo ticker: DX-Y.NYB
15:43:36 | INFO  |   OHLC prefix: DX
15:43:36 | INFO  |   Vol prefix: VIX
15:43:36 | INFO  |   Downloading DX-Y.NYB OHLC...
15:43:36 | INFO  |     Downloaded 2443 days (2017-01-03 to 2026-09-18)
15:43:36 | INFO  |   Downloading ^VIX volatility...
15:43:37 | INFO  |     Downloaded 2443 days (2017-01-03 to 2026-09-18)
15:43:37 | WARNING |   ⚠️  30 trading days missing from original CSV
15:43:37 | INFO  |   ✓ Enrichment complete: 2443 rows
15:43:37 | INFO  |   ✅ Saved: USD_enriched.csv (2443 rows)
15:43:37 | WARNING |   ⚠️  30 rows need manual update
15:43:37 | INFO  | 
──────────────────────────────────────────────────────────────────────
15:43:37 | INFO  | Enriching: AAPL
15:43:37 | INFO  | ──────────────────────────────────────────────────────────────────────
15:43:37 | INFO  |   Loaded 2411 rows from AAPL.csv
15:43:37 | INFO  |   Yahoo ticker: AAPL
15:43:37 | INFO  |   OHLC prefix: AAPL
15:43:37 | INFO  |   Vol prefix: VIX
15:43:37 | INFO  |   Downloading AAPL OHLC...
15:43:37 | INFO  |     Downloaded 2441 days (2017-01-03 to 2026-09-18)
15:43:37 | INFO  |   Downloading ^VIX volatility...
15:43:37 | INFO  |     Downloaded 2443 days (2017-01-03 to 2026-09-18)
15:43:37 | WARNING |   ⚠️  30 trading days missing from original CSV
15:43:37 | INFO  |   ✓ Enrichment complete: 2441 rows
15:43:37 | INFO  |   ✅ Saved: AAPL_enriched.csv (2441 rows)
15:43:37 | WARNING |   ⚠️  30 rows need manual update
15:43:37 | INFO  | 
──────────────────────────────────────────────────────────────────────
15:43:37 | INFO  | Enriching: BITCOIN
15:43:37 | INFO  | ──────────────────────────────────────────────────────────────────────
15:43:37 | INFO  |   Loaded 782 rows from BITCOIN.csv
15:43:37 | INFO  |   ⚠️  Row count changed (3546 → 782) - re-enriching
15:43:37 | INFO  |   Yahoo ticker: BTC-USD
15:43:37 | INFO  |   OHLC prefix: BTC
15:43:37 | INFO  |   Vol prefix: VIX
15:43:37 | INFO  |   Downloading BTC-USD OHLC...
15:43:37 | INFO  |     Downloaded 3549 days (2017-01-02 to 2026-09-20)
15:43:37 | INFO  |   Downloading ^VIX volatility...
15:43:37 | INFO  |     Downloaded 2443 days (2017-01-03 to 2026-09-18)
15:43:37 | WARNING |   ⚠️  2767 trading days missing from original CSV
15:43:37 | INFO  |   ✓ Enrichment complete: 3549 rows
15:43:37 | INFO  |   ✅ Saved: BITCOIN_enriched.csv (3549 rows)
15:43:37 | WARNING |   ⚠️  2767 rows need manual update
15:43:37 | INFO  | 
======================================================================
15:43:37 | INFO  | ✅ Enrichment complete:
15:43:37 | INFO  |    Success: 9
15:43:37 | INFO  |    Skipped (up-to-date): 0
15:43:37 | INFO  |    Errors:  0
15:43:37 | INFO  | ======================================================================
15:43:37 | INFO  | 
======================================================================
15:43:37 | INFO  | ✅ PIPELINE COMPLETE
15:43:37 | INFO  | ======================================================================
