07:59:30 | INFO  | ======================================================================
07:59:30 | INFO  | ETL PIPELINE START
07:59:30 | INFO  | ======================================================================
07:59:30 | INFO  | 
📋 PIPELINE PLAN:
07:59:30 | INFO  |    HTML Files: 58 new / 58 total
07:59:30 | INFO  |    Master needs propagation: False
07:59:30 | INFO  | 
======================================================================
07:59:30 | INFO  | STAGE 1: HTML PARSING
07:59:30 | INFO  | ======================================================================
07:59:30 | INFO  | 
Processing: AUGUST 19, 2026.html
07:59:30 | INFO  |   ✅ Saved: RR_08-19-2026.csv (37 rows)
07:59:30 | INFO  | 
Processing: JULY 1, 2026.html
07:59:30 | INFO  |   ✅ Saved: RR_07-01-2026.csv (38 rows)
07:59:30 | INFO  | 
Processing: AUGUST 24, 2026.html
07:59:30 | INFO  |   ✅ Saved: RR_08-24-2026.csv (37 rows)
07:59:30 | INFO  | 
Processing: AUGUST 10, 2026.html
07:59:30 | INFO  |   ✅ Saved: RR_08-10-2026.csv (37 rows)
07:59:30 | INFO  | 
Processing: JULY 22, 2026.html
07:59:30 | INFO  |   ✅ Saved: RR_07-22-2026.csv (38 rows)
07:59:30 | INFO  | 
Processing: AUGUST 21, 2026.html
07:59:30 | INFO  |   ✅ Saved: RR_08-21-2026.csv (37 rows)
07:59:30 | INFO  | 
Processing: JUNE 9, 2026.html
07:59:31 | INFO  |   ✅ Saved: RR_06-09-2026.csv (36 rows)
07:59:31 | INFO  | 
Processing: JUNE 4, 2026.html
07:59:31 | INFO  |   ✅ Saved: RR_06-04-2026.csv (37 rows)
07:59:31 | INFO  | 
Processing: JUNE 11, 2026.html
07:59:31 | INFO  |   ✅ Saved: RR_06-11-2026.csv (36 rows)
07:59:31 | INFO  | 
Processing: JUNE 25, 2026.html
07:59:31 | INFO  |   ✅ Saved: RR_06-25-2026.csv (38 rows)
07:59:31 | INFO  | 
Processing: AUGUST 7, 2026.html
07:59:31 | INFO  |   ✅ Saved: RR_08-07-2026.csv (37 rows)
07:59:31 | INFO  | 
Processing: JUNE 17, 2026.html
07:59:31 | INFO  |   ✅ Saved: RR_06-17-2026.csv (36 rows)
07:59:31 | INFO  | 
Processing: JULY 24, 2026.html
07:59:31 | INFO  |   ✅ Saved: RR_07-24-2026.csv (38 rows)
07:59:31 | INFO  | 
Processing: JULY 21, 2026.html
07:59:31 | INFO  |   ✅ Saved: RR_07-21-2026.csv (38 rows)
07:59:31 | INFO  | 
Processing: AUGUST 17, 2026.html
07:59:31 | INFO  |   ✅ Saved: RR_08-17-2026.csv (37 rows)
07:59:31 | INFO  | 
Processing: AUGUST 20, 2026.html
07:59:31 | INFO  |   ✅ Saved: RR_08-20-2026.csv (37 rows)
07:59:31 | INFO  | 
Processing: AUGUST 25, 2026.html
07:59:31 | INFO  |   ✅ Saved: RR_08-25-2026.csv (37 rows)
07:59:31 | INFO  | 
Processing: JUNE 16, 2026.html
07:59:31 | INFO  |   ✅ Saved: RR_06-16-2026.csv (36 rows)
07:59:31 | INFO  | 
Processing: JULY 23, 2026.html
07:59:31 | INFO  |   ✅ Saved: RR_07-23-2026.csv (38 rows)
07:59:31 | INFO  | 
Processing: AUGUST 13, 2026.html
07:59:32 | INFO  |   ✅ Saved: RR_08-13-2026.csv (37 rows)
07:59:32 | INFO  | 
Processing: JUNE 23, 2026.html
07:59:32 | INFO  |   ✅ Saved: RR_06-23-2026.csv (37 rows)
07:59:32 | INFO  | 
Processing: JUNE 12, 2026.html
07:59:32 | INFO  |   ✅ Saved: RR_06-12-2026.csv (36 rows)
07:59:32 | INFO  | 
Processing: JUNE 8, 2026.html
07:59:32 | INFO  |   ✅ Saved: RR_06-08-2026.csv (37 rows)
07:59:32 | INFO  | 
Processing: JULY 6, 2026.html
07:59:32 | INFO  |   ✅ Saved: RR_07-06-2026.csv (37 rows)
07:59:32 | INFO  | 
Processing: JUNE 22, 2026.html
07:59:32 | INFO  |   ✅ Saved: RR_06-22-2026.csv (37 rows)
07:59:32 | INFO  | 
Processing: JUNE 15, 2026.html
07:59:32 | INFO  |   ✅ Saved: RR_06-15-2026.csv (36 rows)
07:59:32 | INFO  | 
Processing: AUGUST 6, 2026.html
07:59:32 | INFO  |   ✅ Saved: RR_08-06-2026.csv (37 rows)
07:59:32 | INFO  | 
Processing: JULY 13, 2026.html
07:59:32 | INFO  |   ✅ Saved: RR_07-13-2026.csv (37 rows)
07:59:32 | INFO  | 
Processing: JUNE 5, 2026.html
07:59:32 | INFO  |   ✅ Saved: RR_06-05-2026.csv (37 rows)
07:59:32 | INFO  | 
Processing: AUGUST 11, 2026.html
07:59:32 | INFO  |   ✅ Saved: RR_08-11-2026.csv (37 rows)
07:59:32 | INFO  | 
Processing: JULY 8, 2026.html
07:59:32 | INFO  |   ✅ Saved: RR_07-08-2026.csv (37 rows)
07:59:32 | INFO  | 
Processing: JUNE 26, 2026.html
07:59:32 | INFO  |   ✅ Saved: RR_06-26-2026.csv (38 rows)
07:59:32 | INFO  | 
Processing: JULY 16, 2026.html
07:59:33 | INFO  |   ✅ Saved: RR_07-16-2026.csv (37 rows)
07:59:33 | INFO  | 
Processing: JULY 31, 2026.html
07:59:33 | INFO  |   ✅ Saved: RR_07-31-2026.csv (37 rows)
07:59:33 | INFO  | 
Processing: JUNE 10, 2026.html
07:59:33 | INFO  |   ✅ Saved: RR_06-10-2026.csv (36 rows)
07:59:33 | INFO  | 
Processing: JULY 2, 2026.html
07:59:33 | INFO  |   ✅ Saved: RR_07-02-2026.csv (38 rows)
07:59:33 | INFO  | 
Processing: AUGUST 3, 2026.html
07:59:33 | INFO  |   ✅ Saved: RR_08-03-2026.csv (37 rows)
07:59:33 | INFO  | 
Processing: JULY 7, 2026.html
07:59:33 | INFO  |   ✅ Saved: RR_07-07-2026.csv (37 rows)
07:59:33 | INFO  | 
Processing: AUGUST 18, 2026.html
07:59:33 | INFO  |   ✅ Saved: RR_08-18-2026.csv (37 rows)
07:59:33 | INFO  | 
Processing: JULY 17, 2026.html
07:59:33 | INFO  |   ✅ Saved: RR_07-17-2026.csv (38 rows)
07:59:33 | INFO  | 
Processing: JULY 20, 2026.html
07:59:33 | INFO  |   ✅ Saved: RR_07-20-2026.csv (38 rows)
07:59:33 | INFO  | 
Processing: JUNE 29, 2026.html
07:59:33 | INFO  |   ✅ Saved: RR_06-29-2026.csv (38 rows)
07:59:33 | INFO  | 
Processing: JULY 30, 2026.html
07:59:33 | INFO  |   ✅ Saved: RR_07-30-2026.csv (38 rows)
07:59:33 | INFO  | 
Processing: AUGUST 4, 2026.html
07:59:33 | INFO  |   ✅ Saved: RR_08-04-2026.csv (37 rows)
07:59:33 | INFO  | 
Processing: AUGUST 26, 2026.html
07:59:33 | INFO  |   ✅ Saved: RR_08-26-2026.csv (37 rows)
07:59:33 | INFO  | 
Processing: JUNE 30, 2026.html
07:59:34 | INFO  |   ✅ Saved: RR_06-30-2026.csv (38 rows)
07:59:34 | INFO  | 
Processing: AUGUST 14, 2026.html
07:59:34 | INFO  |   ✅ Saved: RR_08-14-2026.csv (37 rows)
07:59:34 | INFO  | 
Processing: JUNE 24, 2026.html
07:59:34 | INFO  |   ✅ Saved: RR_06-24-2026.csv (37 rows)
07:59:34 | INFO  | 
Processing: JULY 9, 2026.html
07:59:34 | INFO  |   ✅ Saved: RR_07-09-2026.csv (37 rows)
07:59:34 | INFO  | 
Processing: AUGUST 12, 2026.html
07:59:34 | INFO  |   ✅ Saved: RR_08-12-2026.csv (37 rows)
07:59:34 | INFO  | 
Processing: JUNE 18, 2026.html
07:59:34 | INFO  |   ✅ Saved: RR_06-18-2026.csv (37 rows)
07:59:34 | INFO  | 
Processing: JULY 10, 2026.html
07:59:34 | INFO  |   ✅ Saved: RR_07-10-2026.csv (37 rows)
07:59:34 | INFO  | 
Processing: JULY 29, 2026.html
07:59:34 | INFO  |   ✅ Saved: RR_07-29-2026.csv (38 rows)
07:59:34 | INFO  | 
Processing: JULY 15, 2026.html
07:59:34 | INFO  |   ✅ Saved: RR_07-15-2026.csv (37 rows)
07:59:34 | INFO  | 
Processing: JULY 28, 2026.html
07:59:34 | INFO  |   ✅ Saved: RR_07-28-2026.csv (38 rows)
07:59:34 | INFO  | 
Processing: AUGUST 5, 2026.html
07:59:34 | INFO  |   ✅ Saved: RR_08-05-2026.csv (37 rows)
07:59:34 | INFO  | 
Processing: JULY 14, 2026.html
07:59:34 | INFO  |   ✅ Saved: RR_07-14-2026.csv (37 rows)
07:59:34 | INFO  | 
Processing: JULY 27, 2026.html
07:59:35 | INFO  |   ✅ Saved: RR_07-27-2026.csv (38 rows)
07:59:35 | INFO  | 
✅ HTML parsing complete: 58 success, 0 errors
07:59:35 | INFO  | 
======================================================================
07:59:35 | INFO  | STAGE 2: MASTER AGGREGATION
07:59:35 | INFO  | ======================================================================
07:59:35 | INFO  | ✅ Backed up master to: risk_ranges_master_backup_20260826_075935.csv
07:59:35 | INFO  | Loaded existing master: 75,060 rows
07:59:35 | INFO  |   Loaded: RR_08-19-2026.csv (37 rows)
07:59:35 | INFO  |   Loaded: RR_07-01-2026.csv (38 rows)
07:59:35 | INFO  |   Loaded: RR_08-24-2026.csv (37 rows)
07:59:35 | INFO  |   Loaded: RR_08-10-2026.csv (37 rows)
07:59:35 | INFO  |   Loaded: RR_07-22-2026.csv (38 rows)
07:59:35 | INFO  |   Loaded: RR_08-21-2026.csv (37 rows)
07:59:35 | INFO  |   Loaded: RR_06-09-2026.csv (36 rows)
07:59:35 | INFO  |   Loaded: RR_06-04-2026.csv (37 rows)
07:59:35 | INFO  |   Loaded: RR_06-11-2026.csv (36 rows)
07:59:35 | INFO  |   Loaded: RR_06-25-2026.csv (38 rows)
07:59:35 | INFO  |   Loaded: RR_08-07-2026.csv (37 rows)
07:59:35 | INFO  |   Loaded: RR_06-17-2026.csv (36 rows)
07:59:35 | INFO  |   Loaded: RR_07-24-2026.csv (38 rows)
07:59:35 | INFO  |   Loaded: RR_07-21-2026.csv (38 rows)
07:59:35 | INFO  |   Loaded: RR_08-17-2026.csv (37 rows)
07:59:35 | INFO  |   Loaded: RR_08-20-2026.csv (37 rows)
07:59:35 | INFO  |   Loaded: RR_08-25-2026.csv (37 rows)
07:59:35 | INFO  |   Loaded: RR_06-16-2026.csv (36 rows)
07:59:35 | INFO  |   Loaded: RR_07-23-2026.csv (38 rows)
07:59:35 | INFO  |   Loaded: RR_08-13-2026.csv (37 rows)
07:59:35 | INFO  |   Loaded: RR_06-23-2026.csv (37 rows)
07:59:35 | INFO  |   Loaded: RR_06-12-2026.csv (36 rows)
07:59:35 | INFO  |   Loaded: RR_06-08-2026.csv (37 rows)
07:59:35 | INFO  |   Loaded: RR_07-06-2026.csv (37 rows)
07:59:35 | INFO  |   Loaded: RR_06-22-2026.csv (37 rows)
07:59:35 | INFO  |   Loaded: RR_06-15-2026.csv (36 rows)
07:59:35 | INFO  |   Loaded: RR_08-06-2026.csv (37 rows)
07:59:35 | INFO  |   Loaded: RR_07-13-2026.csv (37 rows)
07:59:35 | INFO  |   Loaded: RR_06-05-2026.csv (37 rows)
07:59:35 | INFO  |   Loaded: RR_08-11-2026.csv (37 rows)
07:59:35 | INFO  |   Loaded: RR_07-08-2026.csv (37 rows)
07:59:35 | INFO  |   Loaded: RR_06-26-2026.csv (38 rows)
07:59:35 | INFO  |   Loaded: RR_07-16-2026.csv (37 rows)
07:59:35 | INFO  |   Loaded: RR_07-31-2026.csv (37 rows)
07:59:35 | INFO  |   Loaded: RR_06-10-2026.csv (36 rows)
07:59:35 | INFO  |   Loaded: RR_07-02-2026.csv (38 rows)
07:59:35 | INFO  |   Loaded: RR_08-03-2026.csv (37 rows)
07:59:35 | INFO  |   Loaded: RR_07-07-2026.csv (37 rows)
07:59:35 | INFO  |   Loaded: RR_08-18-2026.csv (37 rows)
07:59:35 | INFO  |   Loaded: RR_07-17-2026.csv (38 rows)
07:59:35 | INFO  |   Loaded: RR_07-20-2026.csv (38 rows)
07:59:35 | INFO  |   Loaded: RR_06-29-2026.csv (38 rows)
07:59:35 | INFO  |   Loaded: RR_07-30-2026.csv (38 rows)
07:59:35 | INFO  |   Loaded: RR_08-04-2026.csv (37 rows)
07:59:35 | INFO  |   Loaded: RR_08-26-2026.csv (37 rows)
07:59:35 | INFO  |   Loaded: RR_06-30-2026.csv (38 rows)
07:59:35 | INFO  |   Loaded: RR_08-14-2026.csv (37 rows)
07:59:35 | INFO  |   Loaded: RR_06-24-2026.csv (37 rows)
07:59:35 | INFO  |   Loaded: RR_07-09-2026.csv (37 rows)
07:59:35 | INFO  |   Loaded: RR_08-12-2026.csv (37 rows)
07:59:35 | INFO  |   Loaded: RR_06-18-2026.csv (37 rows)
07:59:35 | INFO  |   Loaded: RR_07-10-2026.csv (37 rows)
07:59:35 | INFO  |   Loaded: RR_07-29-2026.csv (38 rows)
07:59:35 | INFO  |   Loaded: RR_07-15-2026.csv (37 rows)
07:59:35 | INFO  |   Loaded: RR_07-28-2026.csv (38 rows)
07:59:35 | INFO  |   Loaded: RR_08-05-2026.csv (37 rows)
07:59:35 | INFO  |   Loaded: RR_07-14-2026.csv (37 rows)
07:59:35 | INFO  |   Loaded: RR_07-27-2026.csv (38 rows)
07:59:35 | INFO  | Combined new data: 2155 rows
07:59:35 | INFO  | Removed 2118 duplicate entries
07:59:35 | INFO  | ✅ Saved master CSV: 75,097 total rows
07:59:35 | INFO  |    Date range: 2017-01-03 to 2026-08-26
07:59:35 | INFO  | 
======================================================================
07:59:35 | INFO  | STAGE 3: TICKER SUBSETTING
07:59:35 | INFO  | ======================================================================
07:59:35 | INFO  | Loaded master: 75,097 rows
07:59:35 | INFO  | Creating subsets for 9 tickers
07:59:35 | INFO  |   ✅ UST10Y: 2397 rows | 2017-01-03 to 2026-08-26
07:59:35 | INFO  |   ✅ SPX: 2397 rows | 2017-01-03 to 2026-08-26
07:59:35 | INFO  |   ✅ COMPQ: 2397 rows | 2017-01-03 to 2026-08-26
07:59:35 | INFO  |   ✅ RUT: 2396 rows | 2017-01-03 to 2026-08-26
07:59:35 | INFO  |   ✅ VIX: 2397 rows | 2017-01-03 to 2026-08-26
07:59:35 | INFO  |   ✅ USD: 2397 rows | 2017-01-03 to 2026-08-26
07:59:35 | INFO  |   ✅ GOLD: 2395 rows | 2017-01-03 to 2026-08-26
07:59:35 | INFO  |   ✅ AAPL: 2395 rows | 2017-01-03 to 2026-08-26
07:59:35 | INFO  |   ✅ BITCOIN: 766 rows | 2023-08-01 to 2026-08-26
07:59:35 | INFO  | ✅ Ticker subsetting complete
07:59:35 | INFO  | 
======================================================================
07:59:35 | INFO  | STAGE 4: ENRICHMENT
07:59:35 | INFO  | ======================================================================
07:59:35 | INFO  | Enriching 9 tickers
07:59:35 | INFO  | 
──────────────────────────────────────────────────────────────────────
07:59:35 | INFO  | Enriching: SPX
07:59:35 | INFO  | ──────────────────────────────────────────────────────────────────────
07:59:35 | INFO  |   Loaded 2397 rows from SPX.csv
07:59:35 | INFO  |   Yahoo ticker: ^GSPC
07:59:35 | INFO  |   OHLC prefix: GSPC
07:59:35 | INFO  |   Vol prefix: VIX
07:59:35 | INFO  |   Downloading ^GSPC OHLC...
07:59:35 | INFO  |     Downloaded 2424 days (2017-01-03 to 2026-08-25)
07:59:35 | INFO  |   Downloading ^VIX volatility...
07:59:36 | INFO  |     Downloaded 2426 days (2017-01-03 to 2026-08-26)
07:59:36 | WARNING |   ⚠️  28 trading days missing from original CSV
07:59:36 | INFO  |   ✓ Enrichment complete: 2424 rows
07:59:36 | INFO  |   ✅ Saved: SPX_enriched.csv (2424 rows)
07:59:36 | WARNING |   ⚠️  28 rows need manual update
07:59:36 | INFO  | 
──────────────────────────────────────────────────────────────────────
07:59:36 | INFO  | Enriching: GOLD
07:59:36 | INFO  | ──────────────────────────────────────────────────────────────────────
07:59:36 | INFO  |   Loaded 2395 rows from GOLD.csv
07:59:36 | INFO  |   Yahoo ticker: GC=F
07:59:36 | INFO  |   OHLC prefix: GC
07:59:36 | INFO  |   Vol prefix: GVZ
07:59:36 | INFO  |   Downloading GC=F OHLC...
07:59:36 | INFO  |     Downloaded 2426 days (2017-01-03 to 2026-08-26)
07:59:36 | INFO  |   Downloading ^GVZ volatility...
07:59:36 | INFO  |     Downloaded 2424 days (2017-01-03 to 2026-08-25)
07:59:36 | WARNING |   ⚠️  32 trading days missing from original CSV
07:59:36 | INFO  |   ✓ Enrichment complete: 2426 rows
07:59:36 | INFO  |   ✅ Saved: GOLD_enriched.csv (2426 rows)
07:59:36 | WARNING |   ⚠️  32 rows need manual update
07:59:36 | INFO  | 
──────────────────────────────────────────────────────────────────────
07:59:36 | INFO  | Enriching: UST10Y
07:59:36 | INFO  | ──────────────────────────────────────────────────────────────────────
07:59:36 | INFO  |   Loaded 2397 rows from UST10Y.csv
07:59:36 | INFO  |   Yahoo ticker: ^TNX
07:59:36 | INFO  |   OHLC prefix: TNX
07:59:36 | INFO  |   Vol prefix: VIX
07:59:36 | INFO  |   Downloading ^TNX OHLC...
07:59:36 | INFO  |     Downloaded 2424 days (2017-01-03 to 2026-08-25)
07:59:36 | INFO  |   Downloading ^VIX volatility...
07:59:37 | INFO  |     Downloaded 2426 days (2017-01-03 to 2026-08-26)
07:59:37 | WARNING |   ⚠️  28 trading days missing from original CSV
07:59:37 | INFO  |   ✓ Enrichment complete: 2424 rows
07:59:37 | INFO  |   ✅ Saved: UST10Y_enriched.csv (2424 rows)
07:59:37 | WARNING |   ⚠️  28 rows need manual update
07:59:37 | INFO  | 
──────────────────────────────────────────────────────────────────────
07:59:37 | INFO  | Enriching: COMPQ
07:59:37 | INFO  | ──────────────────────────────────────────────────────────────────────
07:59:37 | INFO  |   Loaded 2397 rows from COMPQ.csv
07:59:37 | INFO  |   Yahoo ticker: ^IXIC
07:59:37 | INFO  |   OHLC prefix: IXIC
07:59:37 | INFO  |   Vol prefix: VIX
07:59:37 | INFO  |   Downloading ^IXIC OHLC...
07:59:37 | INFO  |     Downloaded 2424 days (2017-01-03 to 2026-08-25)
07:59:37 | INFO  |   Downloading ^VIX volatility...
07:59:37 | INFO  |     Downloaded 2426 days (2017-01-03 to 2026-08-26)
07:59:37 | WARNING |   ⚠️  28 trading days missing from original CSV
07:59:37 | INFO  |   ✓ Enrichment complete: 2424 rows
07:59:37 | INFO  |   ✅ Saved: COMPQ_enriched.csv (2424 rows)
07:59:37 | WARNING |   ⚠️  28 rows need manual update
07:59:37 | INFO  | 
──────────────────────────────────────────────────────────────────────
07:59:37 | INFO  | Enriching: RUT
07:59:37 | INFO  | ──────────────────────────────────────────────────────────────────────
07:59:37 | INFO  |   Loaded 2396 rows from RUT.csv
07:59:37 | INFO  |   Yahoo ticker: ^RUT
07:59:37 | INFO  |   OHLC prefix: RUT
07:59:37 | INFO  |   Vol prefix: VIX
07:59:37 | INFO  |   Downloading ^RUT OHLC...
07:59:37 | INFO  |     Downloaded 2424 days (2017-01-03 to 2026-08-25)
07:59:37 | INFO  |   Downloading ^VIX volatility...
07:59:37 | INFO  |     Downloaded 2426 days (2017-01-03 to 2026-08-26)
07:59:37 | WARNING |   ⚠️  29 trading days missing from original CSV
07:59:37 | INFO  |   ✓ Enrichment complete: 2424 rows
07:59:37 | INFO  |   ✅ Saved: RUT_enriched.csv (2424 rows)
07:59:37 | WARNING |   ⚠️  29 rows need manual update
07:59:37 | INFO  | 
──────────────────────────────────────────────────────────────────────
07:59:37 | INFO  | Enriching: VIX
07:59:37 | INFO  | ──────────────────────────────────────────────────────────────────────
07:59:37 | INFO  |   Loaded 2397 rows from VIX.csv
07:59:37 | INFO  |   Yahoo ticker: ^VIX
07:59:37 | INFO  |   OHLC prefix: VIX
07:59:37 | INFO  |   Vol prefix: VIXI
07:59:37 | INFO  |   Downloading ^VIX OHLC...
07:59:37 | INFO  |     Downloaded 2426 days (2017-01-03 to 2026-08-26)
07:59:37 | INFO  |   Downloading ^VIX volatility...
07:59:38 | INFO  |     Downloaded 2426 days (2017-01-03 to 2026-08-26)
07:59:38 | WARNING |   ⚠️  29 trading days missing from original CSV
07:59:38 | INFO  |   ✓ Enrichment complete: 2426 rows
07:59:38 | INFO  |   ✅ Saved: VIX_enriched.csv (2426 rows)
07:59:38 | WARNING |   ⚠️  29 rows need manual update
07:59:38 | INFO  | 
──────────────────────────────────────────────────────────────────────
07:59:38 | INFO  | Enriching: USD
07:59:38 | INFO  | ──────────────────────────────────────────────────────────────────────
07:59:38 | INFO  |   Loaded 2397 rows from USD.csv
07:59:38 | INFO  |   Yahoo ticker: DX-Y.NYB
07:59:38 | INFO  |   OHLC prefix: DX
07:59:38 | INFO  |   Vol prefix: VIX
07:59:38 | INFO  |   Downloading DX-Y.NYB OHLC...
07:59:38 | INFO  |     Downloaded 2427 days (2017-01-03 to 2026-08-26)
07:59:38 | INFO  |   Downloading ^VIX volatility...
07:59:38 | INFO  |     Downloaded 2426 days (2017-01-03 to 2026-08-26)
07:59:38 | WARNING |   ⚠️  30 trading days missing from original CSV
07:59:38 | INFO  |   ✓ Enrichment complete: 2427 rows
07:59:38 | INFO  |   ✅ Saved: USD_enriched.csv (2427 rows)
07:59:38 | WARNING |   ⚠️  30 rows need manual update
07:59:38 | INFO  | 
──────────────────────────────────────────────────────────────────────
07:59:38 | INFO  | Enriching: AAPL
07:59:38 | INFO  | ──────────────────────────────────────────────────────────────────────
07:59:38 | INFO  |   Loaded 2395 rows from AAPL.csv
07:59:38 | INFO  |   Yahoo ticker: AAPL
07:59:38 | INFO  |   OHLC prefix: AAPL
07:59:38 | INFO  |   Vol prefix: VIX
07:59:38 | INFO  |   Downloading AAPL OHLC...
07:59:38 | INFO  |     Downloaded 2424 days (2017-01-03 to 2026-08-25)
07:59:38 | INFO  |   Downloading ^VIX volatility...
07:59:38 | INFO  |     Downloaded 2426 days (2017-01-03 to 2026-08-26)
07:59:38 | WARNING |   ⚠️  30 trading days missing from original CSV
07:59:38 | INFO  |   ✓ Enrichment complete: 2424 rows
07:59:38 | INFO  |   ✅ Saved: AAPL_enriched.csv (2424 rows)
07:59:38 | WARNING |   ⚠️  30 rows need manual update
07:59:38 | INFO  | 
──────────────────────────────────────────────────────────────────────
07:59:38 | INFO  | Enriching: BITCOIN
07:59:38 | INFO  | ──────────────────────────────────────────────────────────────────────
07:59:38 | INFO  |   Loaded 766 rows from BITCOIN.csv
07:59:38 | INFO  |   ⚠️  Row count changed (3523 → 766) - re-enriching
07:59:38 | INFO  |   Yahoo ticker: BTC-USD
07:59:38 | INFO  |   OHLC prefix: BTC
07:59:38 | INFO  |   Vol prefix: VIX
07:59:38 | INFO  |   Downloading BTC-USD OHLC...
07:59:39 | INFO  |     Downloaded 3524 days (2017-01-02 to 2026-08-26)
07:59:39 | INFO  |   Downloading ^VIX volatility...
07:59:39 | INFO  |     Downloaded 2426 days (2017-01-03 to 2026-08-26)
07:59:39 | WARNING |   ⚠️  2758 trading days missing from original CSV
07:59:39 | INFO  |   ✓ Enrichment complete: 3524 rows
07:59:39 | INFO  |   ✅ Saved: BITCOIN_enriched.csv (3524 rows)
07:59:39 | WARNING |   ⚠️  2758 rows need manual update
07:59:39 | INFO  | 
======================================================================
07:59:39 | INFO  | ✅ Enrichment complete:
07:59:39 | INFO  |    Success: 9
07:59:39 | INFO  |    Skipped (up-to-date): 0
07:59:39 | INFO  |    Errors:  0
07:59:39 | INFO  | ======================================================================
07:59:39 | INFO  | 
======================================================================
07:59:39 | INFO  | ✅ PIPELINE COMPLETE
07:59:39 | INFO  | ======================================================================
