09:46:30 | INFO  | ======================================================================
09:46:30 | INFO  | ETL PIPELINE START
09:46:30 | INFO  | ======================================================================
09:46:30 | INFO  | 
📋 PIPELINE PLAN:
09:46:30 | INFO  |    HTML Files: 38 new / 38 total
09:46:30 | INFO  |    Master needs propagation: False
09:46:30 | INFO  | 
======================================================================
09:46:30 | INFO  | STAGE 1: HTML PARSING
09:46:30 | INFO  | ======================================================================
09:46:30 | INFO  | 
Processing: JULY 23, 2026.html
09:46:30 | INFO  |   ✅ Saved: RR_07-23-2026.csv (38 rows)
09:46:30 | INFO  | 
Processing: JUNE 8, 2026.html
09:46:30 | INFO  |   ✅ Saved: RR_06-08-2026.csv (37 rows)
09:46:30 | INFO  | 
Processing: JULY 15, 2026.html
09:46:30 | INFO  |   ✅ Saved: RR_07-15-2026.csv (37 rows)
09:46:30 | INFO  | 
Processing: JUNE 22, 2026.html
09:46:30 | INFO  |   ✅ Saved: RR_06-22-2026.csv (37 rows)
09:46:30 | INFO  | 
Processing: JUNE 10, 2026.html
09:46:30 | INFO  |   ✅ Saved: RR_06-10-2026.csv (36 rows)
09:46:30 | INFO  | 
Processing: JULY 28, 2026.html
09:46:30 | INFO  |   ✅ Saved: RR_07-28-2026.csv (38 rows)
09:46:30 | INFO  | 
Processing: JULY 17, 2026.html
09:46:31 | INFO  |   ✅ Saved: RR_07-17-2026.csv (38 rows)
09:46:31 | INFO  | 
Processing: JULY 14, 2026.html
09:46:31 | INFO  |   ✅ Saved: RR_07-14-2026.csv (37 rows)
09:46:31 | INFO  | 
Processing: JUNE 23, 2026.html
09:46:31 | INFO  |   ✅ Saved: RR_06-23-2026.csv (37 rows)
09:46:31 | INFO  | 
Processing: JULY 21, 2026.html
09:46:31 | INFO  |   ✅ Saved: RR_07-21-2026.csv (38 rows)
09:46:31 | INFO  | 
Processing: JULY 29, 2026.html
09:46:31 | INFO  |   ✅ Saved: RR_07-29-2026.csv (38 rows)
09:46:31 | INFO  | 
Processing: JULY 7, 2026.html
09:46:31 | INFO  |   ✅ Saved: RR_07-07-2026.csv (37 rows)
09:46:31 | INFO  | 
Processing: JUNE 9, 2026.html
09:46:31 | INFO  |   ✅ Saved: RR_06-09-2026.csv (36 rows)
09:46:31 | INFO  | 
Processing: JULY 20, 2026.html
09:46:31 | INFO  |   ✅ Saved: RR_07-20-2026.csv (38 rows)
09:46:31 | INFO  | 
Processing: JULY 2, 2026.html
09:46:31 | INFO  |   ✅ Saved: RR_07-02-2026.csv (38 rows)
09:46:31 | INFO  | 
Processing: JUNE 5, 2026.html
09:46:31 | INFO  |   ✅ Saved: RR_06-05-2026.csv (37 rows)
09:46:31 | INFO  | 
Processing: JULY 22, 2026.html
09:46:31 | INFO  |   ✅ Saved: RR_07-22-2026.csv (38 rows)
09:46:31 | INFO  | 
Processing: JUNE 11, 2026.html
09:46:31 | INFO  |   ✅ Saved: RR_06-11-2026.csv (36 rows)
09:46:31 | INFO  | 
Processing: JULY 10, 2026.html
09:46:31 | INFO  |   ✅ Saved: RR_07-10-2026.csv (37 rows)
09:46:31 | INFO  | 
Processing: JULY 9, 2026.html
09:46:32 | INFO  |   ✅ Saved: RR_07-09-2026.csv (37 rows)
09:46:32 | INFO  | 
Processing: JUNE 4, 2026.html
09:46:32 | INFO  |   ✅ Saved: RR_06-04-2026.csv (37 rows)
09:46:32 | INFO  | 
Processing: JUNE 15, 2026.html
09:46:32 | INFO  |   ✅ Saved: RR_06-15-2026.csv (36 rows)
09:46:32 | INFO  | 
Processing: JULY 27, 2026.html
09:46:32 | INFO  |   ✅ Saved: RR_07-27-2026.csv (38 rows)
09:46:32 | INFO  | 
Processing: JUNE 16, 2026.html
09:46:32 | INFO  |   ✅ Saved: RR_06-16-2026.csv (36 rows)
09:46:32 | INFO  | 
Processing: JUNE 29, 2026.html
09:46:32 | INFO  |   ✅ Saved: RR_06-29-2026.csv (38 rows)
09:46:32 | INFO  | 
Processing: JUNE 12, 2026.html
09:46:32 | INFO  |   ✅ Saved: RR_06-12-2026.csv (36 rows)
09:46:32 | INFO  | 
Processing: JULY 24, 2026.html
09:46:32 | INFO  |   ✅ Saved: RR_07-24-2026.csv (38 rows)
09:46:32 | INFO  | 
Processing: JUNE 30, 2026.html
09:46:32 | INFO  |   ✅ Saved: RR_06-30-2026.csv (38 rows)
09:46:32 | INFO  | 
Processing: JULY 16, 2026.html
09:46:32 | INFO  |   ✅ Saved: RR_07-16-2026.csv (37 rows)
09:46:32 | INFO  | 
Processing: JULY 6, 2026.html
09:46:32 | INFO  |   ✅ Saved: RR_07-06-2026.csv (37 rows)
09:46:32 | INFO  | 
Processing: JUNE 24, 2026.html
09:46:32 | INFO  |   ✅ Saved: RR_06-24-2026.csv (37 rows)
09:46:32 | INFO  | 
Processing: JUNE 17, 2026.html
09:46:33 | INFO  |   ✅ Saved: RR_06-17-2026.csv (36 rows)
09:46:33 | INFO  | 
Processing: JULY 13, 2026.html
09:46:33 | INFO  |   ✅ Saved: RR_07-13-2026.csv (37 rows)
09:46:33 | INFO  | 
Processing: JUNE 26, 2026.html
09:46:33 | INFO  |   ✅ Saved: RR_06-26-2026.csv (38 rows)
09:46:33 | INFO  | 
Processing: JUNE 18, 2026.html
09:46:33 | INFO  |   ✅ Saved: RR_06-18-2026.csv (37 rows)
09:46:33 | INFO  | 
Processing: JUNE 25, 2026.html
09:46:33 | INFO  |   ✅ Saved: RR_06-25-2026.csv (38 rows)
09:46:33 | INFO  | 
Processing: JULY 8, 2026.html
09:46:33 | INFO  |   ✅ Saved: RR_07-08-2026.csv (37 rows)
09:46:33 | INFO  | 
Processing: JULY 1, 2026.html
09:46:33 | INFO  |   ✅ Saved: RR_07-01-2026.csv (38 rows)
09:46:33 | INFO  | 
✅ HTML parsing complete: 38 success, 0 errors
09:46:33 | INFO  | 
======================================================================
09:46:33 | INFO  | STAGE 2: MASTER AGGREGATION
09:46:33 | INFO  | ======================================================================
09:46:33 | INFO  | ✅ Backed up master to: risk_ranges_master_backup_20260729_094633.csv
09:46:33 | INFO  | Loaded existing master: 74,318 rows
09:46:33 | INFO  |   Loaded: RR_07-23-2026.csv (38 rows)
09:46:33 | INFO  |   Loaded: RR_06-08-2026.csv (37 rows)
09:46:33 | INFO  |   Loaded: RR_07-15-2026.csv (37 rows)
09:46:33 | INFO  |   Loaded: RR_06-22-2026.csv (37 rows)
09:46:33 | INFO  |   Loaded: RR_06-10-2026.csv (36 rows)
09:46:33 | INFO  |   Loaded: RR_07-28-2026.csv (38 rows)
09:46:33 | INFO  |   Loaded: RR_07-17-2026.csv (38 rows)
09:46:33 | INFO  |   Loaded: RR_07-14-2026.csv (37 rows)
09:46:33 | INFO  |   Loaded: RR_06-23-2026.csv (37 rows)
09:46:33 | INFO  |   Loaded: RR_07-21-2026.csv (38 rows)
09:46:33 | INFO  |   Loaded: RR_07-29-2026.csv (38 rows)
09:46:33 | INFO  |   Loaded: RR_07-07-2026.csv (37 rows)
09:46:33 | INFO  |   Loaded: RR_06-09-2026.csv (36 rows)
09:46:33 | INFO  |   Loaded: RR_07-20-2026.csv (38 rows)
09:46:33 | INFO  |   Loaded: RR_07-02-2026.csv (38 rows)
09:46:33 | INFO  |   Loaded: RR_06-05-2026.csv (37 rows)
09:46:33 | INFO  |   Loaded: RR_07-22-2026.csv (38 rows)
09:46:33 | INFO  |   Loaded: RR_06-11-2026.csv (36 rows)
09:46:33 | INFO  |   Loaded: RR_07-10-2026.csv (37 rows)
09:46:33 | INFO  |   Loaded: RR_07-09-2026.csv (37 rows)
09:46:33 | INFO  |   Loaded: RR_06-04-2026.csv (37 rows)
09:46:33 | INFO  |   Loaded: RR_06-15-2026.csv (36 rows)
09:46:33 | INFO  |   Loaded: RR_07-27-2026.csv (38 rows)
09:46:33 | INFO  |   Loaded: RR_06-16-2026.csv (36 rows)
09:46:33 | INFO  |   Loaded: RR_06-29-2026.csv (38 rows)
09:46:33 | INFO  |   Loaded: RR_06-12-2026.csv (36 rows)
09:46:33 | INFO  |   Loaded: RR_07-24-2026.csv (38 rows)
09:46:33 | INFO  |   Loaded: RR_06-30-2026.csv (38 rows)
09:46:33 | INFO  |   Loaded: RR_07-16-2026.csv (37 rows)
09:46:33 | INFO  |   Loaded: RR_07-06-2026.csv (37 rows)
09:46:33 | INFO  |   Loaded: RR_06-24-2026.csv (37 rows)
09:46:33 | INFO  |   Loaded: RR_06-17-2026.csv (36 rows)
09:46:33 | INFO  |   Loaded: RR_07-13-2026.csv (37 rows)
09:46:33 | INFO  |   Loaded: RR_06-26-2026.csv (38 rows)
09:46:33 | INFO  |   Loaded: RR_06-18-2026.csv (37 rows)
09:46:33 | INFO  |   Loaded: RR_06-25-2026.csv (38 rows)
09:46:33 | INFO  |   Loaded: RR_07-08-2026.csv (37 rows)
09:46:33 | INFO  |   Loaded: RR_07-01-2026.csv (38 rows)
09:46:33 | INFO  | Combined new data: 1414 rows
09:46:33 | INFO  | Removed 1376 duplicate entries
09:46:33 | INFO  | ✅ Saved master CSV: 74,356 total rows
09:46:33 | INFO  |    Date range: 2017-01-03 to 2026-07-29
09:46:33 | INFO  | 
======================================================================
09:46:33 | INFO  | STAGE 3: TICKER SUBSETTING
09:46:33 | INFO  | ======================================================================
09:46:34 | INFO  | Loaded master: 74,356 rows
09:46:34 | INFO  | Creating subsets for 9 tickers
09:46:34 | INFO  |   ✅ UST10Y: 2377 rows | 2017-01-03 to 2026-07-29
09:46:34 | INFO  |   ✅ SPX: 2377 rows | 2017-01-03 to 2026-07-29
09:46:34 | INFO  |   ✅ COMPQ: 2377 rows | 2017-01-03 to 2026-07-29
09:46:34 | INFO  |   ✅ RUT: 2376 rows | 2017-01-03 to 2026-07-29
09:46:34 | INFO  |   ✅ VIX: 2377 rows | 2017-01-03 to 2026-07-29
09:46:34 | INFO  |   ✅ USD: 2377 rows | 2017-01-03 to 2026-07-29
09:46:34 | INFO  |   ✅ GOLD: 2375 rows | 2017-01-03 to 2026-07-29
09:46:34 | INFO  |   ✅ AAPL: 2375 rows | 2017-01-03 to 2026-07-29
09:46:34 | INFO  |   ✅ BITCOIN: 746 rows | 2023-08-01 to 2026-07-29
09:46:34 | INFO  | ✅ Ticker subsetting complete
09:46:34 | INFO  | 
======================================================================
09:46:34 | INFO  | STAGE 4: ENRICHMENT
09:46:34 | INFO  | ======================================================================
09:46:34 | INFO  | Enriching 9 tickers
09:46:34 | INFO  | 
──────────────────────────────────────────────────────────────────────
09:46:34 | INFO  | Enriching: SPX
09:46:34 | INFO  | ──────────────────────────────────────────────────────────────────────
09:46:34 | INFO  |   Loaded 2377 rows from SPX.csv
09:46:34 | INFO  |   Yahoo ticker: ^GSPC
09:46:34 | INFO  |   OHLC prefix: GSPC
09:46:34 | INFO  |   Vol prefix: VIX
09:46:34 | INFO  |   Downloading ^GSPC OHLC...
09:46:34 | INFO  |     Downloaded 2403 days (2017-01-03 to 2026-07-29)
09:46:34 | INFO  |   Downloading ^VIX volatility...
09:46:35 | INFO  |     Downloaded 2406 days (2017-01-03 to 2026-07-29)
09:46:35 | WARNING |   ⚠️  28 trading days missing from original CSV
09:46:35 | INFO  |   ✓ Enrichment complete: 2403 rows
09:46:35 | INFO  |   ✅ Saved: SPX_enriched.csv (2403 rows)
09:46:35 | WARNING |   ⚠️  28 rows need manual update
09:46:35 | INFO  | 
──────────────────────────────────────────────────────────────────────
09:46:35 | INFO  | Enriching: GOLD
09:46:35 | INFO  | ──────────────────────────────────────────────────────────────────────
09:46:35 | INFO  |   Loaded 2375 rows from GOLD.csv
09:46:35 | INFO  |   Yahoo ticker: GC=F
09:46:35 | INFO  |   OHLC prefix: GC
09:46:35 | INFO  |   Vol prefix: GVZ
09:46:35 | INFO  |   Downloading GC=F OHLC...
09:46:35 | INFO  |     Downloaded 2406 days (2017-01-03 to 2026-07-29)
09:46:35 | INFO  |   Downloading ^GVZ volatility...
09:46:35 | INFO  |     Downloaded 2405 days (2017-01-03 to 2026-07-29)
09:46:35 | WARNING |   ⚠️  32 trading days missing from original CSV
09:46:35 | INFO  |   ✓ Enrichment complete: 2406 rows
09:46:35 | INFO  |   ✅ Saved: GOLD_enriched.csv (2406 rows)
09:46:35 | WARNING |   ⚠️  32 rows need manual update
09:46:35 | INFO  | 
──────────────────────────────────────────────────────────────────────
09:46:35 | INFO  | Enriching: UST10Y
09:46:35 | INFO  | ──────────────────────────────────────────────────────────────────────
09:46:35 | INFO  |   Loaded 2377 rows from UST10Y.csv
09:46:35 | INFO  |   Yahoo ticker: ^TNX
09:46:35 | INFO  |   OHLC prefix: TNX
09:46:35 | INFO  |   Vol prefix: VIX
09:46:35 | INFO  |   Downloading ^TNX OHLC...
09:46:36 | INFO  |     Downloaded 2405 days (2017-01-03 to 2026-07-29)
09:46:36 | INFO  |   Downloading ^VIX volatility...
09:46:36 | INFO  |     Downloaded 2406 days (2017-01-03 to 2026-07-29)
09:46:36 | WARNING |   ⚠️  28 trading days missing from original CSV
09:46:36 | INFO  |   ✓ Enrichment complete: 2405 rows
09:46:36 | INFO  |   ✅ Saved: UST10Y_enriched.csv (2405 rows)
09:46:36 | WARNING |   ⚠️  28 rows need manual update
09:46:36 | INFO  | 
──────────────────────────────────────────────────────────────────────
09:46:36 | INFO  | Enriching: COMPQ
09:46:36 | INFO  | ──────────────────────────────────────────────────────────────────────
09:46:36 | INFO  |   Loaded 2377 rows from COMPQ.csv
09:46:36 | INFO  |   Yahoo ticker: ^IXIC
09:46:36 | INFO  |   OHLC prefix: IXIC
09:46:36 | INFO  |   Vol prefix: VIX
09:46:36 | INFO  |   Downloading ^IXIC OHLC...
09:46:36 | INFO  |     Downloaded 2405 days (2017-01-03 to 2026-07-29)
09:46:36 | INFO  |   Downloading ^VIX volatility...
09:46:37 | INFO  |     Downloaded 2406 days (2017-01-03 to 2026-07-29)
09:46:37 | WARNING |   ⚠️  28 trading days missing from original CSV
09:46:37 | INFO  |   ✓ Enrichment complete: 2405 rows
09:46:37 | INFO  |   ✅ Saved: COMPQ_enriched.csv (2405 rows)
09:46:37 | WARNING |   ⚠️  28 rows need manual update
09:46:37 | INFO  | 
──────────────────────────────────────────────────────────────────────
09:46:37 | INFO  | Enriching: RUT
09:46:37 | INFO  | ──────────────────────────────────────────────────────────────────────
09:46:37 | INFO  |   Loaded 2376 rows from RUT.csv
09:46:37 | INFO  |   Yahoo ticker: ^RUT
09:46:37 | INFO  |   OHLC prefix: RUT
09:46:37 | INFO  |   Vol prefix: VIX
09:46:37 | INFO  |   Downloading ^RUT OHLC...
09:46:37 | INFO  |     Downloaded 2405 days (2017-01-03 to 2026-07-29)
09:46:37 | INFO  |   Downloading ^VIX volatility...
09:46:37 | INFO  |     Downloaded 2406 days (2017-01-03 to 2026-07-29)
09:46:37 | WARNING |   ⚠️  29 trading days missing from original CSV
09:46:37 | INFO  |   ✓ Enrichment complete: 2405 rows
09:46:37 | INFO  |   ✅ Saved: RUT_enriched.csv (2405 rows)
09:46:37 | WARNING |   ⚠️  29 rows need manual update
09:46:37 | INFO  | 
──────────────────────────────────────────────────────────────────────
09:46:37 | INFO  | Enriching: VIX
09:46:37 | INFO  | ──────────────────────────────────────────────────────────────────────
09:46:37 | INFO  |   Loaded 2377 rows from VIX.csv
09:46:37 | INFO  |   Yahoo ticker: ^VIX
09:46:37 | INFO  |   OHLC prefix: VIX
09:46:37 | INFO  |   Vol prefix: VIXI
09:46:37 | INFO  |   Downloading ^VIX OHLC...
09:46:37 | INFO  |     Downloaded 2406 days (2017-01-03 to 2026-07-29)
09:46:37 | INFO  |   Downloading ^VIX volatility...
09:46:37 | INFO  |     Downloaded 2406 days (2017-01-03 to 2026-07-29)
09:46:37 | WARNING |   ⚠️  29 trading days missing from original CSV
09:46:37 | INFO  |   ✓ Enrichment complete: 2406 rows
09:46:37 | INFO  |   ✅ Saved: VIX_enriched.csv (2406 rows)
09:46:37 | WARNING |   ⚠️  29 rows need manual update
09:46:37 | INFO  | 
──────────────────────────────────────────────────────────────────────
09:46:37 | INFO  | Enriching: USD
09:46:37 | INFO  | ──────────────────────────────────────────────────────────────────────
09:46:37 | INFO  |   Loaded 2377 rows from USD.csv
09:46:37 | INFO  |   Yahoo ticker: DX-Y.NYB
09:46:37 | INFO  |   OHLC prefix: DX
09:46:37 | INFO  |   Vol prefix: VIX
09:46:37 | INFO  |   Downloading DX-Y.NYB OHLC...
09:46:38 | INFO  |     Downloaded 2406 days (2017-01-03 to 2026-07-29)
09:46:38 | INFO  |   Downloading ^VIX volatility...
09:46:38 | INFO  |     Downloaded 2406 days (2017-01-03 to 2026-07-29)
09:46:38 | WARNING |   ⚠️  30 trading days missing from original CSV
09:46:38 | INFO  |   ✓ Enrichment complete: 2406 rows
09:46:38 | INFO  |   ✅ Saved: USD_enriched.csv (2406 rows)
09:46:38 | WARNING |   ⚠️  30 rows need manual update
09:46:38 | INFO  | 
──────────────────────────────────────────────────────────────────────
09:46:38 | INFO  | Enriching: AAPL
09:46:38 | INFO  | ──────────────────────────────────────────────────────────────────────
09:46:38 | INFO  |   Loaded 2375 rows from AAPL.csv
09:46:38 | INFO  |   Yahoo ticker: AAPL
09:46:38 | INFO  |   OHLC prefix: AAPL
09:46:38 | INFO  |   Vol prefix: VIX
09:46:38 | INFO  |   Downloading AAPL OHLC...
09:46:38 | INFO  |     Downloaded 2405 days (2017-01-03 to 2026-07-29)
09:46:38 | INFO  |   Downloading ^VIX volatility...
09:46:38 | INFO  |     Downloaded 2406 days (2017-01-03 to 2026-07-29)
09:46:38 | WARNING |   ⚠️  30 trading days missing from original CSV
09:46:38 | INFO  |   ✓ Enrichment complete: 2405 rows
09:46:38 | INFO  |   ✅ Saved: AAPL_enriched.csv (2405 rows)
09:46:38 | WARNING |   ⚠️  30 rows need manual update
09:46:38 | INFO  | 
──────────────────────────────────────────────────────────────────────
09:46:38 | INFO  | Enriching: BITCOIN
09:46:38 | INFO  | ──────────────────────────────────────────────────────────────────────
09:46:38 | INFO  |   Loaded 746 rows from BITCOIN.csv
09:46:38 | INFO  |   ⚠️  Row count changed (3495 → 746) - re-enriching
09:46:38 | INFO  |   Yahoo ticker: BTC-USD
09:46:38 | INFO  |   OHLC prefix: BTC
09:46:38 | INFO  |   Vol prefix: VIX
09:46:38 | INFO  |   Downloading BTC-USD OHLC...
09:46:39 | INFO  |     Downloaded 3496 days (2017-01-02 to 2026-07-29)
09:46:39 | INFO  |   Downloading ^VIX volatility...
09:46:39 | INFO  |     Downloaded 2406 days (2017-01-03 to 2026-07-29)
09:46:39 | WARNING |   ⚠️  2750 trading days missing from original CSV
09:46:39 | INFO  |   ✓ Enrichment complete: 3496 rows
09:46:39 | INFO  |   ✅ Saved: BITCOIN_enriched.csv (3496 rows)
09:46:39 | WARNING |   ⚠️  2750 rows need manual update
09:46:39 | INFO  | 
======================================================================
09:46:39 | INFO  | ✅ Enrichment complete:
09:46:39 | INFO  |    Success: 9
09:46:39 | INFO  |    Skipped (up-to-date): 0
09:46:39 | INFO  |    Errors:  0
09:46:39 | INFO  | ======================================================================
09:46:39 | INFO  | 
======================================================================
09:46:39 | INFO  | ✅ PIPELINE COMPLETE
09:46:39 | INFO  | ======================================================================
