13:06:26 | INFO  | ======================================================================
13:06:26 | INFO  | ETL PIPELINE START
13:06:26 | INFO  | ======================================================================
13:06:26 | INFO  | 
📋 PIPELINE PLAN:
13:06:26 | INFO  |    HTML Files: 62 new / 62 total
13:06:26 | INFO  |    Master needs propagation: False
13:06:26 | INFO  | 
======================================================================
13:06:26 | INFO  | STAGE 1: HTML PARSING
13:06:26 | INFO  | ======================================================================
13:06:26 | INFO  | 
Processing: AUGUST 19, 2026.html
13:06:26 | INFO  |   ✅ Saved: RR_08-19-2026.csv (37 rows)
13:06:26 | INFO  | 
Processing: JULY 1, 2026.html
13:06:26 | INFO  |   ✅ Saved: RR_07-01-2026.csv (38 rows)
13:06:26 | INFO  | 
Processing: AUGUST 24, 2026.html
13:06:26 | INFO  |   ✅ Saved: RR_08-24-2026.csv (37 rows)
13:06:26 | INFO  | 
Processing: AUGUST 10, 2026.html
13:06:26 | INFO  |   ✅ Saved: RR_08-10-2026.csv (37 rows)
13:06:26 | INFO  | 
Processing: JULY 22, 2026.html
13:06:26 | INFO  |   ✅ Saved: RR_07-22-2026.csv (38 rows)
13:06:26 | INFO  | 
Processing: AUGUST 21, 2026.html
13:06:26 | INFO  |   ✅ Saved: RR_08-21-2026.csv (37 rows)
13:06:26 | INFO  | 
Processing: JUNE 9, 2026.html
13:06:26 | INFO  |   ✅ Saved: RR_06-09-2026.csv (36 rows)
13:06:26 | INFO  | 
Processing: JUNE 4, 2026.html
13:06:26 | INFO  |   ✅ Saved: RR_06-04-2026.csv (37 rows)
13:06:26 | INFO  | 
Processing: JUNE 11, 2026.html
13:06:27 | INFO  |   ✅ Saved: RR_06-11-2026.csv (36 rows)
13:06:27 | INFO  | 
Processing: JUNE 25, 2026.html
13:06:27 | INFO  |   ✅ Saved: RR_06-25-2026.csv (38 rows)
13:06:27 | INFO  | 
Processing: AUGUST 7, 2026.html
13:06:27 | INFO  |   ✅ Saved: RR_08-07-2026.csv (37 rows)
13:06:27 | INFO  | 
Processing: JUNE 17, 2026.html
13:06:27 | INFO  |   ✅ Saved: RR_06-17-2026.csv (36 rows)
13:06:27 | INFO  | 
Processing: AUGUST 27, 2026.html
13:06:27 | INFO  |   ✅ Saved: RR_08-27-2026.csv (37 rows)
13:06:27 | INFO  | 
Processing: JULY 24, 2026.html
13:06:27 | INFO  |   ✅ Saved: RR_07-24-2026.csv (38 rows)
13:06:27 | INFO  | 
Processing: JULY 21, 2026.html
13:06:27 | INFO  |   ✅ Saved: RR_07-21-2026.csv (38 rows)
13:06:27 | INFO  | 
Processing: AUGUST 17, 2026.html
13:06:27 | INFO  |   ✅ Saved: RR_08-17-2026.csv (37 rows)
13:06:27 | INFO  | 
Processing: AUGUST 28, 2026.html
13:06:27 | INFO  |   ✅ Saved: RR_08-28-2026.csv (37 rows)
13:06:27 | INFO  | 
Processing: AUGUST 20, 2026.html
13:06:27 | INFO  |   ✅ Saved: RR_08-20-2026.csv (37 rows)
13:06:27 | INFO  | 
Processing: AUGUST 25, 2026.html
13:06:28 | INFO  |   ✅ Saved: RR_08-25-2026.csv (37 rows)
13:06:28 | INFO  | 
Processing: JUNE 16, 2026.html
13:06:28 | INFO  |   ✅ Saved: RR_06-16-2026.csv (36 rows)
13:06:28 | INFO  | 
Processing: JULY 23, 2026.html
13:06:28 | INFO  |   ✅ Saved: RR_07-23-2026.csv (38 rows)
13:06:28 | INFO  | 
Processing: SEPTEMBER 01, 2026.html
13:06:28 | INFO  |   ✅ Saved: RR_09-01-2026.csv (37 rows)
13:06:28 | INFO  | 
Processing: AUGUST 13, 2026.html
13:06:28 | INFO  |   ✅ Saved: RR_08-13-2026.csv (37 rows)
13:06:28 | INFO  | 
Processing: JUNE 23, 2026.html
13:06:28 | INFO  |   ✅ Saved: RR_06-23-2026.csv (37 rows)
13:06:28 | INFO  | 
Processing: JUNE 12, 2026.html
13:06:28 | INFO  |   ✅ Saved: RR_06-12-2026.csv (36 rows)
13:06:28 | INFO  | 
Processing: JUNE 8, 2026.html
13:06:28 | INFO  |   ✅ Saved: RR_06-08-2026.csv (37 rows)
13:06:28 | INFO  | 
Processing: JULY 6, 2026.html
13:06:28 | INFO  |   ✅ Saved: RR_07-06-2026.csv (37 rows)
13:06:28 | INFO  | 
Processing: JUNE 22, 2026.html
13:06:28 | INFO  |   ✅ Saved: RR_06-22-2026.csv (37 rows)
13:06:28 | INFO  | 
Processing: JUNE 15, 2026.html
13:06:29 | INFO  |   ✅ Saved: RR_06-15-2026.csv (36 rows)
13:06:29 | INFO  | 
Processing: AUGUST 6, 2026.html
13:06:29 | INFO  |   ✅ Saved: RR_08-06-2026.csv (37 rows)
13:06:29 | INFO  | 
Processing: JULY 13, 2026.html
13:06:29 | INFO  |   ✅ Saved: RR_07-13-2026.csv (37 rows)
13:06:29 | INFO  | 
Processing: JUNE 5, 2026.html
13:06:29 | INFO  |   ✅ Saved: RR_06-05-2026.csv (37 rows)
13:06:29 | INFO  | 
Processing: AUGUST 11, 2026.html
13:06:29 | INFO  |   ✅ Saved: RR_08-11-2026.csv (37 rows)
13:06:29 | INFO  | 
Processing: JULY 8, 2026.html
13:06:29 | INFO  |   ✅ Saved: RR_07-08-2026.csv (37 rows)
13:06:29 | INFO  | 
Processing: JUNE 26, 2026.html
13:06:29 | INFO  |   ✅ Saved: RR_06-26-2026.csv (38 rows)
13:06:29 | INFO  | 
Processing: JULY 16, 2026.html
13:06:29 | INFO  |   ✅ Saved: RR_07-16-2026.csv (37 rows)
13:06:29 | INFO  | 
Processing: JULY 31, 2026.html
13:06:29 | INFO  |   ✅ Saved: RR_07-31-2026.csv (37 rows)
13:06:29 | INFO  | 
Processing: JUNE 10, 2026.html
13:06:29 | INFO  |   ✅ Saved: RR_06-10-2026.csv (36 rows)
13:06:29 | INFO  | 
Processing: JULY 2, 2026.html
13:06:30 | INFO  |   ✅ Saved: RR_07-02-2026.csv (38 rows)
13:06:30 | INFO  | 
Processing: AUGUST 3, 2026.html
13:06:30 | INFO  |   ✅ Saved: RR_08-03-2026.csv (37 rows)
13:06:30 | INFO  | 
Processing: JULY 7, 2026.html
13:06:30 | INFO  |   ✅ Saved: RR_07-07-2026.csv (37 rows)
13:06:30 | INFO  | 
Processing: AUGUST 18, 2026.html
13:06:30 | INFO  |   ✅ Saved: RR_08-18-2026.csv (37 rows)
13:06:30 | INFO  | 
Processing: JULY 17, 2026.html
13:06:30 | INFO  |   ✅ Saved: RR_07-17-2026.csv (38 rows)
13:06:30 | INFO  | 
Processing: JULY 20, 2026.html
13:06:30 | INFO  |   ✅ Saved: RR_07-20-2026.csv (38 rows)
13:06:30 | INFO  | 
Processing: JUNE 29, 2026.html
13:06:30 | INFO  |   ✅ Saved: RR_06-29-2026.csv (38 rows)
13:06:30 | INFO  | 
Processing: JULY 30, 2026.html
13:06:30 | INFO  |   ✅ Saved: RR_07-30-2026.csv (38 rows)
13:06:30 | INFO  | 
Processing: AUGUST 4, 2026.html
13:06:30 | INFO  |   ✅ Saved: RR_08-04-2026.csv (37 rows)
13:06:30 | INFO  | 
Processing: AUGUST 26, 2026.html
13:06:30 | INFO  |   ✅ Saved: RR_08-26-2026.csv (37 rows)
13:06:30 | INFO  | 
Processing: JUNE 30, 2026.html
13:06:31 | INFO  |   ✅ Saved: RR_06-30-2026.csv (38 rows)
13:06:31 | INFO  | 
Processing: AUGUST 14, 2026.html
13:06:31 | INFO  |   ✅ Saved: RR_08-14-2026.csv (37 rows)
13:06:31 | INFO  | 
Processing: JUNE 24, 2026.html
13:06:31 | INFO  |   ✅ Saved: RR_06-24-2026.csv (37 rows)
13:06:31 | INFO  | 
Processing: JULY 9, 2026.html
13:06:31 | INFO  |   ✅ Saved: RR_07-09-2026.csv (37 rows)
13:06:31 | INFO  | 
Processing: AUGUST 12, 2026.html
13:06:31 | INFO  |   ✅ Saved: RR_08-12-2026.csv (37 rows)
13:06:31 | INFO  | 
Processing: JUNE 18, 2026.html
13:06:31 | INFO  |   ✅ Saved: RR_06-18-2026.csv (37 rows)
13:06:31 | INFO  | 
Processing: JULY 10, 2026.html
13:06:31 | INFO  |   ✅ Saved: RR_07-10-2026.csv (37 rows)
13:06:31 | INFO  | 
Processing: JULY 29, 2026.html
13:06:31 | INFO  |   ✅ Saved: RR_07-29-2026.csv (38 rows)
13:06:31 | INFO  | 
Processing: JULY 15, 2026.html
13:06:31 | INFO  |   ✅ Saved: RR_07-15-2026.csv (37 rows)
13:06:31 | INFO  | 
Processing: AUGUST 31, 2026.html
13:06:32 | INFO  |   ✅ Saved: RR_08-31-2026.csv (37 rows)
13:06:32 | INFO  | 
Processing: JULY 28, 2026.html
13:06:32 | INFO  |   ✅ Saved: RR_07-28-2026.csv (38 rows)
13:06:32 | INFO  | 
Processing: AUGUST 5, 2026.html
13:06:32 | INFO  |   ✅ Saved: RR_08-05-2026.csv (37 rows)
13:06:32 | INFO  | 
Processing: JULY 14, 2026.html
13:06:32 | INFO  |   ✅ Saved: RR_07-14-2026.csv (37 rows)
13:06:32 | INFO  | 
Processing: JULY 27, 2026.html
13:06:32 | INFO  |   ✅ Saved: RR_07-27-2026.csv (38 rows)
13:06:32 | INFO  | 
✅ HTML parsing complete: 62 success, 0 errors
13:06:32 | INFO  | 
======================================================================
13:06:32 | INFO  | STAGE 2: MASTER AGGREGATION
13:06:32 | INFO  | ======================================================================
13:06:32 | INFO  | ✅ Backed up master to: risk_ranges_master_backup_20260901_130632.csv
13:06:32 | INFO  | Loaded existing master: 75,245 rows
13:06:32 | INFO  |   Loaded: RR_08-19-2026.csv (37 rows)
13:06:32 | INFO  |   Loaded: RR_07-01-2026.csv (38 rows)
13:06:32 | INFO  |   Loaded: RR_08-24-2026.csv (37 rows)
13:06:32 | INFO  |   Loaded: RR_08-10-2026.csv (37 rows)
13:06:32 | INFO  |   Loaded: RR_07-22-2026.csv (38 rows)
13:06:32 | INFO  |   Loaded: RR_08-21-2026.csv (37 rows)
13:06:32 | INFO  |   Loaded: RR_06-09-2026.csv (36 rows)
13:06:32 | INFO  |   Loaded: RR_06-04-2026.csv (37 rows)
13:06:32 | INFO  |   Loaded: RR_06-11-2026.csv (36 rows)
13:06:32 | INFO  |   Loaded: RR_06-25-2026.csv (38 rows)
13:06:32 | INFO  |   Loaded: RR_08-07-2026.csv (37 rows)
13:06:32 | INFO  |   Loaded: RR_06-17-2026.csv (36 rows)
13:06:32 | INFO  |   Loaded: RR_08-27-2026.csv (37 rows)
13:06:32 | INFO  |   Loaded: RR_07-24-2026.csv (38 rows)
13:06:32 | INFO  |   Loaded: RR_07-21-2026.csv (38 rows)
13:06:32 | INFO  |   Loaded: RR_08-17-2026.csv (37 rows)
13:06:32 | INFO  |   Loaded: RR_08-28-2026.csv (37 rows)
13:06:32 | INFO  |   Loaded: RR_08-20-2026.csv (37 rows)
13:06:32 | INFO  |   Loaded: RR_08-25-2026.csv (37 rows)
13:06:32 | INFO  |   Loaded: RR_06-16-2026.csv (36 rows)
13:06:32 | INFO  |   Loaded: RR_07-23-2026.csv (38 rows)
13:06:32 | INFO  |   Loaded: RR_09-01-2026.csv (37 rows)
13:06:32 | INFO  |   Loaded: RR_08-13-2026.csv (37 rows)
13:06:32 | INFO  |   Loaded: RR_06-23-2026.csv (37 rows)
13:06:32 | INFO  |   Loaded: RR_06-12-2026.csv (36 rows)
13:06:32 | INFO  |   Loaded: RR_06-08-2026.csv (37 rows)
13:06:32 | INFO  |   Loaded: RR_07-06-2026.csv (37 rows)
13:06:32 | INFO  |   Loaded: RR_06-22-2026.csv (37 rows)
13:06:32 | INFO  |   Loaded: RR_06-15-2026.csv (36 rows)
13:06:32 | INFO  |   Loaded: RR_08-06-2026.csv (37 rows)
13:06:32 | INFO  |   Loaded: RR_07-13-2026.csv (37 rows)
13:06:32 | INFO  |   Loaded: RR_06-05-2026.csv (37 rows)
13:06:32 | INFO  |   Loaded: RR_08-11-2026.csv (37 rows)
13:06:32 | INFO  |   Loaded: RR_07-08-2026.csv (37 rows)
13:06:32 | INFO  |   Loaded: RR_06-26-2026.csv (38 rows)
13:06:32 | INFO  |   Loaded: RR_07-16-2026.csv (37 rows)
13:06:32 | INFO  |   Loaded: RR_07-31-2026.csv (37 rows)
13:06:32 | INFO  |   Loaded: RR_06-10-2026.csv (36 rows)
13:06:32 | INFO  |   Loaded: RR_07-02-2026.csv (38 rows)
13:06:32 | INFO  |   Loaded: RR_08-03-2026.csv (37 rows)
13:06:32 | INFO  |   Loaded: RR_07-07-2026.csv (37 rows)
13:06:32 | INFO  |   Loaded: RR_08-18-2026.csv (37 rows)
13:06:32 | INFO  |   Loaded: RR_07-17-2026.csv (38 rows)
13:06:32 | INFO  |   Loaded: RR_07-20-2026.csv (38 rows)
13:06:32 | INFO  |   Loaded: RR_06-29-2026.csv (38 rows)
13:06:32 | INFO  |   Loaded: RR_07-30-2026.csv (38 rows)
13:06:32 | INFO  |   Loaded: RR_08-04-2026.csv (37 rows)
13:06:32 | INFO  |   Loaded: RR_08-26-2026.csv (37 rows)
13:06:32 | INFO  |   Loaded: RR_06-30-2026.csv (38 rows)
13:06:32 | INFO  |   Loaded: RR_08-14-2026.csv (37 rows)
13:06:32 | INFO  |   Loaded: RR_06-24-2026.csv (37 rows)
13:06:32 | INFO  |   Loaded: RR_07-09-2026.csv (37 rows)
13:06:32 | INFO  |   Loaded: RR_08-12-2026.csv (37 rows)
13:06:32 | INFO  |   Loaded: RR_06-18-2026.csv (37 rows)
13:06:32 | INFO  |   Loaded: RR_07-10-2026.csv (37 rows)
13:06:32 | INFO  |   Loaded: RR_07-29-2026.csv (38 rows)
13:06:32 | INFO  |   Loaded: RR_07-15-2026.csv (37 rows)
13:06:32 | INFO  |   Loaded: RR_08-31-2026.csv (37 rows)
13:06:32 | INFO  |   Loaded: RR_07-28-2026.csv (38 rows)
13:06:32 | INFO  |   Loaded: RR_08-05-2026.csv (37 rows)
13:06:32 | INFO  |   Loaded: RR_07-14-2026.csv (37 rows)
13:06:32 | INFO  |   Loaded: RR_07-27-2026.csv (38 rows)
13:06:32 | INFO  | Combined new data: 2303 rows
13:06:32 | INFO  | Removed 2303 duplicate entries
13:06:32 | INFO  | ✅ Saved master CSV: 75,245 total rows
13:06:32 | INFO  |    Date range: 2017-01-03 to 2026-09-01
13:06:32 | INFO  | 
======================================================================
13:06:32 | INFO  | STAGE 3: TICKER SUBSETTING
13:06:32 | INFO  | ======================================================================
13:06:32 | INFO  | Loaded master: 75,245 rows
13:06:32 | INFO  | Creating subsets for 9 tickers
13:06:32 | INFO  |   ✅ UST10Y: 2401 rows | 2017-01-03 to 2026-09-01
13:06:32 | INFO  |   ✅ SPX: 2401 rows | 2017-01-03 to 2026-09-01
13:06:32 | INFO  |   ✅ COMPQ: 2401 rows | 2017-01-03 to 2026-09-01
13:06:32 | INFO  |   ✅ RUT: 2400 rows | 2017-01-03 to 2026-09-01
13:06:32 | INFO  |   ✅ VIX: 2401 rows | 2017-01-03 to 2026-09-01
13:06:32 | INFO  |   ✅ USD: 2401 rows | 2017-01-03 to 2026-09-01
13:06:32 | INFO  |   ✅ GOLD: 2399 rows | 2017-01-03 to 2026-09-01
13:06:33 | INFO  |   ✅ AAPL: 2399 rows | 2017-01-03 to 2026-09-01
13:06:33 | INFO  |   ✅ BITCOIN: 770 rows | 2023-08-01 to 2026-09-01
13:06:33 | INFO  | ✅ Ticker subsetting complete
13:06:33 | INFO  | 
======================================================================
13:06:33 | INFO  | STAGE 4: ENRICHMENT
13:06:33 | INFO  | ======================================================================
13:06:33 | INFO  | Enriching 9 tickers
13:06:33 | INFO  | 
──────────────────────────────────────────────────────────────────────
13:06:33 | INFO  | Enriching: SPX
13:06:33 | INFO  | ──────────────────────────────────────────────────────────────────────
13:06:33 | INFO  |   Loaded 2401 rows from SPX.csv
13:06:33 | INFO  |   Yahoo ticker: ^GSPC
13:06:33 | INFO  |   OHLC prefix: GSPC
13:06:33 | INFO  |   Vol prefix: VIX
13:06:33 | INFO  |   Downloading ^GSPC OHLC...
13:06:33 | INFO  |     Downloaded 2428 days (2017-01-03 to 2026-09-01)
13:06:33 | INFO  |   Downloading ^VIX volatility...
13:06:33 | INFO  |     Downloaded 2429 days (2017-01-03 to 2026-09-01)
13:06:33 | WARNING |   ⚠️  28 trading days missing from original CSV
13:06:33 | INFO  |   ✓ Enrichment complete: 2428 rows
13:06:33 | INFO  |   ✅ Saved: SPX_enriched.csv (2428 rows)
13:06:33 | WARNING |   ⚠️  28 rows need manual update
13:06:33 | INFO  | 
──────────────────────────────────────────────────────────────────────
13:06:33 | INFO  | Enriching: GOLD
13:06:33 | INFO  | ──────────────────────────────────────────────────────────────────────
13:06:33 | INFO  |   Loaded 2399 rows from GOLD.csv
13:06:33 | INFO  |   Yahoo ticker: GC=F
13:06:33 | INFO  |   OHLC prefix: GC
13:06:33 | INFO  |   Vol prefix: GVZ
13:06:33 | INFO  |   Downloading GC=F OHLC...
13:06:34 | INFO  |     Downloaded 2430 days (2017-01-03 to 2026-09-01)
13:06:34 | INFO  |   Downloading ^GVZ volatility...
13:06:34 | INFO  |     Downloaded 2428 days (2017-01-03 to 2026-09-01)
13:06:34 | WARNING |   ⚠️  32 trading days missing from original CSV
13:06:34 | INFO  |   ✓ Enrichment complete: 2430 rows
13:06:34 | INFO  |   ✅ Saved: GOLD_enriched.csv (2430 rows)
13:06:34 | WARNING |   ⚠️  32 rows need manual update
13:06:34 | INFO  | 
──────────────────────────────────────────────────────────────────────
13:06:34 | INFO  | Enriching: UST10Y
13:06:34 | INFO  | ──────────────────────────────────────────────────────────────────────
13:06:34 | INFO  |   Loaded 2401 rows from UST10Y.csv
13:06:34 | INFO  |   Yahoo ticker: ^TNX
13:06:34 | INFO  |   OHLC prefix: TNX
13:06:34 | INFO  |   Vol prefix: VIX
13:06:34 | INFO  |   Downloading ^TNX OHLC...
13:06:34 | INFO  |     Downloaded 2428 days (2017-01-03 to 2026-09-01)
13:06:34 | INFO  |   Downloading ^VIX volatility...
13:06:34 | INFO  |     Downloaded 2429 days (2017-01-03 to 2026-09-01)
13:06:34 | WARNING |   ⚠️  28 trading days missing from original CSV
13:06:34 | INFO  |   ✓ Enrichment complete: 2428 rows
13:06:34 | INFO  |   ✅ Saved: UST10Y_enriched.csv (2428 rows)
13:06:34 | WARNING |   ⚠️  28 rows need manual update
13:06:34 | INFO  | 
──────────────────────────────────────────────────────────────────────
13:06:34 | INFO  | Enriching: COMPQ
13:06:34 | INFO  | ──────────────────────────────────────────────────────────────────────
13:06:34 | INFO  |   Loaded 2401 rows from COMPQ.csv
13:06:34 | INFO  |   Yahoo ticker: ^IXIC
13:06:34 | INFO  |   OHLC prefix: IXIC
13:06:34 | INFO  |   Vol prefix: VIX
13:06:34 | INFO  |   Downloading ^IXIC OHLC...
13:06:35 | INFO  |     Downloaded 2428 days (2017-01-03 to 2026-09-01)
13:06:35 | INFO  |   Downloading ^VIX volatility...
13:06:35 | INFO  |     Downloaded 2429 days (2017-01-03 to 2026-09-01)
13:06:35 | WARNING |   ⚠️  28 trading days missing from original CSV
13:06:35 | INFO  |   ✓ Enrichment complete: 2428 rows
13:06:35 | INFO  |   ✅ Saved: COMPQ_enriched.csv (2428 rows)
13:06:35 | WARNING |   ⚠️  28 rows need manual update
13:06:35 | INFO  | 
──────────────────────────────────────────────────────────────────────
13:06:35 | INFO  | Enriching: RUT
13:06:35 | INFO  | ──────────────────────────────────────────────────────────────────────
13:06:35 | INFO  |   Loaded 2400 rows from RUT.csv
13:06:35 | INFO  |   Yahoo ticker: ^RUT
13:06:35 | INFO  |   OHLC prefix: RUT
13:06:35 | INFO  |   Vol prefix: VIX
13:06:35 | INFO  |   Downloading ^RUT OHLC...
13:06:35 | INFO  |     Downloaded 2428 days (2017-01-03 to 2026-09-01)
13:06:35 | INFO  |   Downloading ^VIX volatility...
13:06:35 | INFO  |     Downloaded 2429 days (2017-01-03 to 2026-09-01)
13:06:35 | WARNING |   ⚠️  29 trading days missing from original CSV
13:06:35 | INFO  |   ✓ Enrichment complete: 2428 rows
13:06:35 | INFO  |   ✅ Saved: RUT_enriched.csv (2428 rows)
13:06:35 | WARNING |   ⚠️  29 rows need manual update
13:06:35 | INFO  | 
──────────────────────────────────────────────────────────────────────
13:06:35 | INFO  | Enriching: VIX
13:06:35 | INFO  | ──────────────────────────────────────────────────────────────────────
13:06:35 | INFO  |   Loaded 2401 rows from VIX.csv
13:06:35 | INFO  |   Yahoo ticker: ^VIX
13:06:35 | INFO  |   OHLC prefix: VIX
13:06:35 | INFO  |   Vol prefix: VIXI
13:06:35 | INFO  |   Downloading ^VIX OHLC...
13:06:35 | INFO  |     Downloaded 2429 days (2017-01-03 to 2026-09-01)
13:06:35 | INFO  |   Downloading ^VIX volatility...
13:06:35 | INFO  |     Downloaded 2429 days (2017-01-03 to 2026-09-01)
13:06:35 | WARNING |   ⚠️  29 trading days missing from original CSV
13:06:35 | INFO  |   ✓ Enrichment complete: 2429 rows
13:06:35 | INFO  |   ✅ Saved: VIX_enriched.csv (2429 rows)
13:06:35 | WARNING |   ⚠️  29 rows need manual update
13:06:35 | INFO  | 
──────────────────────────────────────────────────────────────────────
13:06:35 | INFO  | Enriching: USD
13:06:35 | INFO  | ──────────────────────────────────────────────────────────────────────
13:06:35 | INFO  |   Loaded 2401 rows from USD.csv
13:06:35 | INFO  |   Yahoo ticker: DX-Y.NYB
13:06:35 | INFO  |   OHLC prefix: DX
13:06:35 | INFO  |   Vol prefix: VIX
13:06:35 | INFO  |   Downloading DX-Y.NYB OHLC...
13:06:36 | INFO  |     Downloaded 2430 days (2017-01-03 to 2026-09-01)
13:06:36 | INFO  |   Downloading ^VIX volatility...
13:06:36 | INFO  |     Downloaded 2429 days (2017-01-03 to 2026-09-01)
13:06:36 | WARNING |   ⚠️  30 trading days missing from original CSV
13:06:36 | INFO  |   ✓ Enrichment complete: 2430 rows
13:06:36 | INFO  |   ✅ Saved: USD_enriched.csv (2430 rows)
13:06:36 | WARNING |   ⚠️  30 rows need manual update
13:06:36 | INFO  | 
──────────────────────────────────────────────────────────────────────
13:06:36 | INFO  | Enriching: AAPL
13:06:36 | INFO  | ──────────────────────────────────────────────────────────────────────
13:06:36 | INFO  |   Loaded 2399 rows from AAPL.csv
13:06:36 | INFO  |   Yahoo ticker: AAPL
13:06:36 | INFO  |   OHLC prefix: AAPL
13:06:36 | INFO  |   Vol prefix: VIX
13:06:36 | INFO  |   Downloading AAPL OHLC...
13:06:36 | INFO  |     Downloaded 2429 days (2017-01-03 to 2026-09-01)
13:06:36 | INFO  |   Downloading ^VIX volatility...
13:06:37 | INFO  |     Downloaded 2429 days (2017-01-03 to 2026-09-01)
13:06:37 | WARNING |   ⚠️  30 trading days missing from original CSV
13:06:37 | INFO  |   ✓ Enrichment complete: 2429 rows
13:06:37 | INFO  |   ✅ Saved: AAPL_enriched.csv (2429 rows)
13:06:37 | WARNING |   ⚠️  30 rows need manual update
13:06:37 | INFO  | 
──────────────────────────────────────────────────────────────────────
13:06:37 | INFO  | Enriching: BITCOIN
13:06:37 | INFO  | ──────────────────────────────────────────────────────────────────────
13:06:37 | INFO  |   Loaded 770 rows from BITCOIN.csv
13:06:37 | INFO  |   ⚠️  Row count changed (3530 → 770) - re-enriching
13:06:37 | INFO  |   Yahoo ticker: BTC-USD
13:06:37 | INFO  |   OHLC prefix: BTC
13:06:37 | INFO  |   Vol prefix: VIX
13:06:37 | INFO  |   Downloading BTC-USD OHLC...
13:06:37 | INFO  |     Downloaded 3530 days (2017-01-02 to 2026-09-01)
13:06:37 | INFO  |   Downloading ^VIX volatility...
13:06:37 | INFO  |     Downloaded 2429 days (2017-01-03 to 2026-09-01)
13:06:37 | WARNING |   ⚠️  2760 trading days missing from original CSV
13:06:37 | INFO  |   ✓ Enrichment complete: 3530 rows
13:06:37 | INFO  |   ✅ Saved: BITCOIN_enriched.csv (3530 rows)
13:06:37 | WARNING |   ⚠️  2760 rows need manual update
13:06:37 | INFO  | 
======================================================================
13:06:37 | INFO  | ✅ Enrichment complete:
13:06:37 | INFO  |    Success: 9
13:06:37 | INFO  |    Skipped (up-to-date): 0
13:06:37 | INFO  |    Errors:  0
13:06:37 | INFO  | ======================================================================
13:06:37 | INFO  | 
======================================================================
13:06:37 | INFO  | ✅ PIPELINE COMPLETE
13:06:37 | INFO  | ======================================================================
