09:42:08 | INFO  | ======================================================================
09:42:08 | INFO  | ETL PIPELINE START
09:42:08 | INFO  | ======================================================================
09:42:08 | INFO  | 
📋 PIPELINE PLAN:
09:42:08 | INFO  |    HTML Files: 26 new / 26 total
09:42:08 | INFO  |    Master needs propagation: False
09:42:08 | INFO  | 
======================================================================
09:42:08 | INFO  | STAGE 1: HTML PARSING
09:42:08 | INFO  | ======================================================================
09:42:08 | INFO  | 
Processing: SEPTEMBER 03, 2026.html
09:42:08 | INFO  |   ✅ Saved: RR_09-03-2026.csv (36 rows)
09:42:08 | INFO  | 
Processing: AUGUST 20, 2026.html
09:42:08 | INFO  |   ✅ Saved: RR_08-20-2026.csv (37 rows)
09:42:08 | INFO  | 
Processing: AUGUST 25, 2026.html
09:42:08 | INFO  |   ✅ Saved: RR_08-25-2026.csv (37 rows)
09:42:08 | INFO  | 
Processing: SEPTEMBER 02, 2026.html
09:42:08 | INFO  |   ✅ Saved: RR_09-02-2026.csv (37 rows)
09:42:08 | INFO  | 
Processing: AUGUST 6, 2026.html
09:42:08 | INFO  |   ✅ Saved: RR_08-06-2026.csv (37 rows)
09:42:08 | INFO  | 
Processing: AUGUST 17, 2026.html
09:42:08 | INFO  |   ✅ Saved: RR_08-17-2026.csv (37 rows)
09:42:08 | INFO  | 
Processing: AUGUST 18, 2026.html
09:42:09 | INFO  |   ✅ Saved: RR_08-18-2026.csv (37 rows)
09:42:09 | INFO  | 
Processing: AUGUST 11, 2026.html
09:42:09 | INFO  |   ✅ Saved: RR_08-11-2026.csv (37 rows)
09:42:09 | INFO  | 
Processing: AUGUST 14, 2026.html
09:42:09 | INFO  |   ✅ Saved: RR_08-14-2026.csv (37 rows)
09:42:09 | INFO  | 
Processing: AUGUST 7, 2026.html
09:42:09 | INFO  |   ✅ Saved: RR_08-07-2026.csv (37 rows)
09:42:09 | INFO  | 
Processing: AUGUST 10, 2026.html
09:42:09 | INFO  |   ✅ Saved: RR_08-10-2026.csv (37 rows)
09:42:09 | INFO  | 
Processing: AUGUST 24, 2026.html
09:42:09 | INFO  |   ✅ Saved: RR_08-24-2026.csv (37 rows)
09:42:09 | INFO  | 
Processing: AUGUST 19, 2026.html
09:42:09 | INFO  |   ✅ Saved: RR_08-19-2026.csv (37 rows)
09:42:09 | INFO  | 
Processing: AUGUST 13, 2026.html
09:42:09 | INFO  |   ✅ Saved: RR_08-13-2026.csv (37 rows)
09:42:09 | INFO  | 
Processing: AUGUST 3, 2026.html
09:42:09 | INFO  |   ✅ Saved: RR_08-03-2026.csv (37 rows)
09:42:09 | INFO  | 
Processing: SEPTEMBER 04, 2026.html
09:42:09 | INFO  |   ✅ Saved: RR_09-04-2026.csv (37 rows)
09:42:09 | INFO  | 
Processing: AUGUST 21, 2026.html
09:42:10 | INFO  |   ✅ Saved: RR_08-21-2026.csv (37 rows)
09:42:10 | INFO  | 
Processing: AUGUST 4, 2026.html
09:42:10 | INFO  |   ✅ Saved: RR_08-04-2026.csv (37 rows)
09:42:10 | INFO  | 
Processing: AUGUST 27, 2026.html
09:42:10 | INFO  |   ✅ Saved: RR_08-27-2026.csv (37 rows)
09:42:10 | INFO  | 
Processing: AUGUST 5, 2026.html
09:42:10 | INFO  |   ✅ Saved: RR_08-05-2026.csv (37 rows)
09:42:10 | INFO  | 
Processing: AUGUST 12, 2026.html
09:42:10 | INFO  |   ✅ Saved: RR_08-12-2026.csv (37 rows)
09:42:10 | INFO  | 
Processing: SEPTEMBER 01, 2026.html
09:42:10 | INFO  |   ✅ Saved: RR_09-01-2026.csv (37 rows)
09:42:10 | INFO  | 
Processing: SEPTEMBER 8, 2026.html
09:42:10 | INFO  |   ✅ Saved: RR_09-08-2026.csv (37 rows)
09:42:10 | INFO  | 
Processing: AUGUST 26, 2026.html
09:42:10 | INFO  |   ✅ Saved: RR_08-26-2026.csv (37 rows)
09:42:10 | INFO  | 
Processing: AUGUST 31, 2026.html
09:42:10 | INFO  |   ✅ Saved: RR_08-31-2026.csv (37 rows)
09:42:10 | INFO  | 
Processing: AUGUST 28, 2026.html
09:42:11 | INFO  |   ✅ Saved: RR_08-28-2026.csv (37 rows)
09:42:11 | INFO  | 
✅ HTML parsing complete: 26 success, 0 errors
09:42:11 | INFO  | 
======================================================================
09:42:11 | INFO  | STAGE 2: MASTER AGGREGATION
09:42:11 | INFO  | ======================================================================
09:42:11 | INFO  | ✅ Backed up master to: risk_ranges_master_backup_20260908_094211.csv
09:42:11 | INFO  | Loaded existing master: 75,355 rows
09:42:11 | INFO  |   Loaded: RR_09-03-2026.csv (36 rows)
09:42:11 | INFO  |   Loaded: RR_08-20-2026.csv (37 rows)
09:42:11 | INFO  |   Loaded: RR_08-25-2026.csv (37 rows)
09:42:11 | INFO  |   Loaded: RR_09-02-2026.csv (37 rows)
09:42:11 | INFO  |   Loaded: RR_08-06-2026.csv (37 rows)
09:42:11 | INFO  |   Loaded: RR_08-17-2026.csv (37 rows)
09:42:11 | INFO  |   Loaded: RR_08-18-2026.csv (37 rows)
09:42:11 | INFO  |   Loaded: RR_08-11-2026.csv (37 rows)
09:42:11 | INFO  |   Loaded: RR_08-14-2026.csv (37 rows)
09:42:11 | INFO  |   Loaded: RR_08-07-2026.csv (37 rows)
09:42:11 | INFO  |   Loaded: RR_08-10-2026.csv (37 rows)
09:42:11 | INFO  |   Loaded: RR_08-24-2026.csv (37 rows)
09:42:11 | INFO  |   Loaded: RR_08-19-2026.csv (37 rows)
09:42:11 | INFO  |   Loaded: RR_08-13-2026.csv (37 rows)
09:42:11 | INFO  |   Loaded: RR_08-03-2026.csv (37 rows)
09:42:11 | INFO  |   Loaded: RR_09-04-2026.csv (37 rows)
09:42:11 | INFO  |   Loaded: RR_08-21-2026.csv (37 rows)
09:42:11 | INFO  |   Loaded: RR_08-04-2026.csv (37 rows)
09:42:11 | INFO  |   Loaded: RR_08-27-2026.csv (37 rows)
09:42:11 | INFO  |   Loaded: RR_08-05-2026.csv (37 rows)
09:42:11 | INFO  |   Loaded: RR_08-12-2026.csv (37 rows)
09:42:11 | INFO  |   Loaded: RR_09-01-2026.csv (37 rows)
09:42:11 | INFO  |   Loaded: RR_09-08-2026.csv (37 rows)
09:42:11 | INFO  |   Loaded: RR_08-26-2026.csv (37 rows)
09:42:11 | INFO  |   Loaded: RR_08-31-2026.csv (37 rows)
09:42:11 | INFO  |   Loaded: RR_08-28-2026.csv (37 rows)
09:42:11 | INFO  | Combined new data: 961 rows
09:42:11 | INFO  | Removed 924 duplicate entries
09:42:11 | INFO  | ✅ Saved master CSV: 75,392 total rows
09:42:11 | INFO  |    Date range: 2017-01-03 to 2026-09-08
09:42:11 | INFO  | 
======================================================================
09:42:11 | INFO  | STAGE 3: TICKER SUBSETTING
09:42:11 | INFO  | ======================================================================
09:42:11 | INFO  | Loaded master: 75,392 rows
09:42:11 | INFO  | Creating subsets for 9 tickers
09:42:11 | INFO  |   ✅ UST10Y: 2405 rows | 2017-01-03 to 2026-09-08
09:42:11 | INFO  |   ✅ SPX: 2405 rows | 2017-01-03 to 2026-09-08
09:42:11 | INFO  |   ✅ COMPQ: 2405 rows | 2017-01-03 to 2026-09-08
09:42:11 | INFO  |   ✅ RUT: 2404 rows | 2017-01-03 to 2026-09-08
09:42:11 | INFO  |   ✅ VIX: 2405 rows | 2017-01-03 to 2026-09-08
09:42:11 | INFO  |   ✅ USD: 2405 rows | 2017-01-03 to 2026-09-08
09:42:11 | INFO  |   ✅ GOLD: 2403 rows | 2017-01-03 to 2026-09-08
09:42:11 | INFO  |   ✅ AAPL: 2403 rows | 2017-01-03 to 2026-09-08
09:42:11 | INFO  |   ✅ BITCOIN: 774 rows | 2023-08-01 to 2026-09-08
09:42:11 | INFO  | ✅ Ticker subsetting complete
09:42:11 | INFO  | 
======================================================================
09:42:11 | INFO  | STAGE 4: ENRICHMENT
09:42:11 | INFO  | ======================================================================
09:42:11 | INFO  | Enriching 9 tickers
09:42:11 | INFO  | 
──────────────────────────────────────────────────────────────────────
09:42:11 | INFO  | Enriching: SPX
09:42:11 | INFO  | ──────────────────────────────────────────────────────────────────────
09:42:11 | INFO  |   Loaded 2405 rows from SPX.csv
09:42:11 | INFO  |   Yahoo ticker: ^GSPC
09:42:11 | INFO  |   OHLC prefix: GSPC
09:42:11 | INFO  |   Vol prefix: VIX
09:42:11 | INFO  |   Downloading ^GSPC OHLC...
09:42:11 | INFO  |     Downloaded 2433 days (2017-01-03 to 2026-09-08)
09:42:11 | INFO  |   Downloading ^VIX volatility...
09:42:12 | INFO  |     Downloaded 2435 days (2017-01-03 to 2026-09-08)
09:42:12 | WARNING |   ⚠️  28 trading days missing from original CSV
09:42:12 | INFO  |   ✓ Enrichment complete: 2433 rows
09:42:12 | INFO  |   ✅ Saved: SPX_enriched.csv (2433 rows)
09:42:12 | WARNING |   ⚠️  28 rows need manual update
09:42:12 | INFO  | 
──────────────────────────────────────────────────────────────────────
09:42:12 | INFO  | Enriching: GOLD
09:42:12 | INFO  | ──────────────────────────────────────────────────────────────────────
09:42:12 | INFO  |   Loaded 2403 rows from GOLD.csv
09:42:12 | INFO  |   Yahoo ticker: GC=F
09:42:12 | INFO  |   OHLC prefix: GC
09:42:12 | INFO  |   Vol prefix: GVZ
09:42:12 | INFO  |   Downloading GC=F OHLC...
09:42:12 | INFO  |     Downloaded 2434 days (2017-01-03 to 2026-09-08)
09:42:12 | INFO  |   Downloading ^GVZ volatility...
09:42:12 | INFO  |     Downloaded 2432 days (2017-01-03 to 2026-09-04)
09:42:12 | WARNING |   ⚠️  32 trading days missing from original CSV
09:42:12 | INFO  |   ✓ Enrichment complete: 2434 rows
09:42:12 | INFO  |   ✅ Saved: GOLD_enriched.csv (2434 rows)
09:42:12 | WARNING |   ⚠️  32 rows need manual update
09:42:12 | INFO  | 
──────────────────────────────────────────────────────────────────────
09:42:12 | INFO  | Enriching: UST10Y
09:42:12 | INFO  | ──────────────────────────────────────────────────────────────────────
09:42:12 | INFO  |   Loaded 2405 rows from UST10Y.csv
09:42:12 | INFO  |   Yahoo ticker: ^TNX
09:42:12 | INFO  |   OHLC prefix: TNX
09:42:12 | INFO  |   Vol prefix: VIX
09:42:12 | INFO  |   Downloading ^TNX OHLC...
09:42:12 | INFO  |     Downloaded 2433 days (2017-01-03 to 2026-09-08)
09:42:12 | INFO  |   Downloading ^VIX volatility...
09:42:12 | INFO  |     Downloaded 2435 days (2017-01-03 to 2026-09-08)
09:42:12 | WARNING |   ⚠️  28 trading days missing from original CSV
09:42:12 | INFO  |   ✓ Enrichment complete: 2433 rows
09:42:12 | INFO  |   ✅ Saved: UST10Y_enriched.csv (2433 rows)
09:42:12 | WARNING |   ⚠️  28 rows need manual update
09:42:12 | INFO  | 
──────────────────────────────────────────────────────────────────────
09:42:12 | INFO  | Enriching: COMPQ
09:42:12 | INFO  | ──────────────────────────────────────────────────────────────────────
09:42:12 | INFO  |   Loaded 2405 rows from COMPQ.csv
09:42:12 | INFO  |   Yahoo ticker: ^IXIC
09:42:12 | INFO  |   OHLC prefix: IXIC
09:42:12 | INFO  |   Vol prefix: VIX
09:42:12 | INFO  |   Downloading ^IXIC OHLC...
09:42:13 | INFO  |     Downloaded 2433 days (2017-01-03 to 2026-09-08)
09:42:13 | INFO  |   Downloading ^VIX volatility...
09:42:13 | INFO  |     Downloaded 2435 days (2017-01-03 to 2026-09-08)
09:42:13 | WARNING |   ⚠️  28 trading days missing from original CSV
09:42:13 | INFO  |   ✓ Enrichment complete: 2433 rows
09:42:13 | INFO  |   ✅ Saved: COMPQ_enriched.csv (2433 rows)
09:42:13 | WARNING |   ⚠️  28 rows need manual update
09:42:13 | INFO  | 
──────────────────────────────────────────────────────────────────────
09:42:13 | INFO  | Enriching: RUT
09:42:13 | INFO  | ──────────────────────────────────────────────────────────────────────
09:42:13 | INFO  |   Loaded 2404 rows from RUT.csv
09:42:13 | INFO  |   Yahoo ticker: ^RUT
09:42:13 | INFO  |   OHLC prefix: RUT
09:42:13 | INFO  |   Vol prefix: VIX
09:42:13 | INFO  |   Downloading ^RUT OHLC...
09:42:13 | INFO  |     Downloaded 2432 days (2017-01-03 to 2026-09-04)
09:42:13 | INFO  |   Downloading ^VIX volatility...
09:42:13 | INFO  |     Downloaded 2435 days (2017-01-03 to 2026-09-08)
09:42:13 | WARNING |   ⚠️  29 trading days missing from original CSV
09:42:13 | INFO  |   ✓ Enrichment complete: 2432 rows
09:42:13 | INFO  |   ✅ Saved: RUT_enriched.csv (2432 rows)
09:42:13 | WARNING |   ⚠️  29 rows need manual update
09:42:13 | INFO  | 
──────────────────────────────────────────────────────────────────────
09:42:13 | INFO  | Enriching: VIX
09:42:13 | INFO  | ──────────────────────────────────────────────────────────────────────
09:42:13 | INFO  |   Loaded 2405 rows from VIX.csv
09:42:13 | INFO  |   Yahoo ticker: ^VIX
09:42:13 | INFO  |   OHLC prefix: VIX
09:42:13 | INFO  |   Vol prefix: VIXI
09:42:13 | INFO  |   Downloading ^VIX OHLC...
09:42:13 | INFO  |     Downloaded 2435 days (2017-01-03 to 2026-09-08)
09:42:13 | INFO  |   Downloading ^VIX volatility...
09:42:13 | INFO  |     Downloaded 2435 days (2017-01-03 to 2026-09-08)
09:42:13 | WARNING |   ⚠️  30 trading days missing from original CSV
09:42:13 | INFO  |   ✓ Enrichment complete: 2435 rows
09:42:13 | INFO  |   ✅ Saved: VIX_enriched.csv (2435 rows)
09:42:13 | WARNING |   ⚠️  30 rows need manual update
09:42:13 | INFO  | 
──────────────────────────────────────────────────────────────────────
09:42:13 | INFO  | Enriching: USD
09:42:13 | INFO  | ──────────────────────────────────────────────────────────────────────
09:42:13 | INFO  |   Loaded 2405 rows from USD.csv
09:42:13 | INFO  |   Yahoo ticker: DX-Y.NYB
09:42:13 | INFO  |   OHLC prefix: DX
09:42:13 | INFO  |   Vol prefix: VIX
09:42:13 | INFO  |   Downloading DX-Y.NYB OHLC...
09:42:13 | INFO  |     Downloaded 2435 days (2017-01-03 to 2026-09-08)
09:42:13 | INFO  |   Downloading ^VIX volatility...
09:42:14 | INFO  |     Downloaded 2435 days (2017-01-03 to 2026-09-08)
09:42:14 | WARNING |   ⚠️  30 trading days missing from original CSV
09:42:14 | INFO  |   ✓ Enrichment complete: 2435 rows
09:42:14 | INFO  |   ✅ Saved: USD_enriched.csv (2435 rows)
09:42:14 | WARNING |   ⚠️  30 rows need manual update
09:42:14 | INFO  | 
──────────────────────────────────────────────────────────────────────
09:42:14 | INFO  | Enriching: AAPL
09:42:14 | INFO  | ──────────────────────────────────────────────────────────────────────
09:42:14 | INFO  |   Loaded 2403 rows from AAPL.csv
09:42:14 | INFO  |   Yahoo ticker: AAPL
09:42:14 | INFO  |   OHLC prefix: AAPL
09:42:14 | INFO  |   Vol prefix: VIX
09:42:14 | INFO  |   Downloading AAPL OHLC...
09:42:14 | INFO  |     Downloaded 2433 days (2017-01-03 to 2026-09-08)
09:42:14 | INFO  |   Downloading ^VIX volatility...
09:42:14 | INFO  |     Downloaded 2435 days (2017-01-03 to 2026-09-08)
09:42:14 | WARNING |   ⚠️  30 trading days missing from original CSV
09:42:14 | INFO  |   ✓ Enrichment complete: 2433 rows
09:42:14 | INFO  |   ✅ Saved: AAPL_enriched.csv (2433 rows)
09:42:14 | WARNING |   ⚠️  30 rows need manual update
09:42:14 | INFO  | 
──────────────────────────────────────────────────────────────────────
09:42:14 | INFO  | Enriching: BITCOIN
09:42:14 | INFO  | ──────────────────────────────────────────────────────────────────────
09:42:14 | INFO  |   Loaded 774 rows from BITCOIN.csv
09:42:14 | INFO  |   ⚠️  Row count changed (3536 → 774) - re-enriching
09:42:14 | INFO  |   Yahoo ticker: BTC-USD
09:42:14 | INFO  |   OHLC prefix: BTC
09:42:14 | INFO  |   Vol prefix: VIX
09:42:14 | INFO  |   Downloading BTC-USD OHLC...
09:42:14 | INFO  |     Downloaded 3537 days (2017-01-02 to 2026-09-08)
09:42:14 | INFO  |   Downloading ^VIX volatility...
09:42:14 | INFO  |     Downloaded 2435 days (2017-01-03 to 2026-09-08)
09:42:14 | WARNING |   ⚠️  2763 trading days missing from original CSV
09:42:14 | INFO  |   ✓ Enrichment complete: 3537 rows
09:42:14 | INFO  |   ✅ Saved: BITCOIN_enriched.csv (3537 rows)
09:42:14 | WARNING |   ⚠️  2763 rows need manual update
09:42:14 | INFO  | 
======================================================================
09:42:14 | INFO  | ✅ Enrichment complete:
09:42:14 | INFO  |    Success: 9
09:42:14 | INFO  |    Skipped (up-to-date): 0
09:42:14 | INFO  |    Errors:  0
09:42:14 | INFO  | ======================================================================
09:42:14 | INFO  | 
======================================================================
09:42:14 | INFO  | ✅ PIPELINE COMPLETE
09:42:14 | INFO  | ======================================================================
