11:39:02 | INFO  | ======================================================================
11:39:02 | INFO  | ETL PIPELINE START
11:39:02 | INFO  | ======================================================================
11:39:02 | INFO  | 
📋 PIPELINE PLAN:
11:39:02 | INFO  |    HTML Files: 36 new / 36 total
11:39:02 | INFO  |    Master needs propagation: False
11:39:02 | INFO  | 
======================================================================
11:39:02 | INFO  | STAGE 1: HTML PARSING
11:39:02 | INFO  | ======================================================================
11:39:02 | INFO  | 
Processing: JULY 23, 2026.html
11:39:02 | INFO  |   ✅ Saved: RR_07-23-2026.csv (38 rows)
11:39:02 | INFO  | 
Processing: JUNE 8, 2026.html
11:39:02 | INFO  |   ✅ Saved: RR_06-08-2026.csv (37 rows)
11:39:02 | INFO  | 
Processing: JULY 15, 2026.html
11:39:03 | INFO  |   ✅ Saved: RR_07-15-2026.csv (37 rows)
11:39:03 | INFO  | 
Processing: JUNE 22, 2026.html
11:39:03 | INFO  |   ✅ Saved: RR_06-22-2026.csv (37 rows)
11:39:03 | INFO  | 
Processing: JUNE 10, 2026.html
11:39:03 | INFO  |   ✅ Saved: RR_06-10-2026.csv (36 rows)
11:39:03 | INFO  | 
Processing: JULY 17, 2026.html
11:39:03 | INFO  |   ✅ Saved: RR_07-17-2026.csv (38 rows)
11:39:03 | INFO  | 
Processing: JULY 14, 2026.html
11:39:03 | INFO  |   ✅ Saved: RR_07-14-2026.csv (37 rows)
11:39:03 | INFO  | 
Processing: JUNE 23, 2026.html
11:39:03 | INFO  |   ✅ Saved: RR_06-23-2026.csv (37 rows)
11:39:03 | INFO  | 
Processing: JULY 21, 2026.html
11:39:03 | INFO  |   ✅ Saved: RR_07-21-2026.csv (38 rows)
11:39:03 | INFO  | 
Processing: JULY 7, 2026.html
11:39:03 | INFO  |   ✅ Saved: RR_07-07-2026.csv (37 rows)
11:39:03 | INFO  | 
Processing: JUNE 9, 2026.html
11:39:03 | INFO  |   ✅ Saved: RR_06-09-2026.csv (36 rows)
11:39:03 | INFO  | 
Processing: JULY 20, 2026.html
11:39:03 | INFO  |   ✅ Saved: RR_07-20-2026.csv (38 rows)
11:39:03 | INFO  | 
Processing: JULY 2, 2026.html
11:39:04 | INFO  |   ✅ Saved: RR_07-02-2026.csv (38 rows)
11:39:04 | INFO  | 
Processing: JUNE 5, 2026.html
11:39:04 | INFO  |   ✅ Saved: RR_06-05-2026.csv (37 rows)
11:39:04 | INFO  | 
Processing: JULY 22, 2026.html
11:39:04 | INFO  |   ✅ Saved: RR_07-22-2026.csv (38 rows)
11:39:04 | INFO  | 
Processing: JUNE 11, 2026.html
11:39:04 | INFO  |   ✅ Saved: RR_06-11-2026.csv (36 rows)
11:39:04 | INFO  | 
Processing: JULY 10, 2026.html
11:39:04 | INFO  |   ✅ Saved: RR_07-10-2026.csv (37 rows)
11:39:04 | INFO  | 
Processing: JULY 9, 2026.html
11:39:04 | INFO  |   ✅ Saved: RR_07-09-2026.csv (37 rows)
11:39:04 | INFO  | 
Processing: JUNE 4, 2026.html
11:39:04 | INFO  |   ✅ Saved: RR_06-04-2026.csv (37 rows)
11:39:04 | INFO  | 
Processing: JUNE 15, 2026.html
11:39:04 | INFO  |   ✅ Saved: RR_06-15-2026.csv (36 rows)
11:39:04 | INFO  | 
Processing: JULY 27, 2026.html
11:39:04 | INFO  |   ✅ Saved: RR_07-27-2026.csv (38 rows)
11:39:04 | INFO  | 
Processing: JUNE 16, 2026.html
11:39:04 | INFO  |   ✅ Saved: RR_06-16-2026.csv (36 rows)
11:39:04 | INFO  | 
Processing: JUNE 29, 2026.html
11:39:04 | INFO  |   ✅ Saved: RR_06-29-2026.csv (38 rows)
11:39:04 | INFO  | 
Processing: JUNE 12, 2026.html
11:39:05 | INFO  |   ✅ Saved: RR_06-12-2026.csv (36 rows)
11:39:05 | INFO  | 
Processing: JULY 24, 2026.html
11:39:05 | INFO  |   ✅ Saved: RR_07-24-2026.csv (38 rows)
11:39:05 | INFO  | 
Processing: JUNE 30, 2026.html
11:39:05 | INFO  |   ✅ Saved: RR_06-30-2026.csv (38 rows)
11:39:05 | INFO  | 
Processing: JULY 16, 2026.html
11:39:05 | INFO  |   ✅ Saved: RR_07-16-2026.csv (37 rows)
11:39:05 | INFO  | 
Processing: JULY 6, 2026.html
11:39:05 | INFO  |   ✅ Saved: RR_07-06-2026.csv (37 rows)
11:39:05 | INFO  | 
Processing: JUNE 24, 2026.html
11:39:05 | INFO  |   ✅ Saved: RR_06-24-2026.csv (37 rows)
11:39:05 | INFO  | 
Processing: JUNE 17, 2026.html
11:39:05 | INFO  |   ✅ Saved: RR_06-17-2026.csv (36 rows)
11:39:05 | INFO  | 
Processing: JULY 13, 2026.html
11:39:05 | INFO  |   ✅ Saved: RR_07-13-2026.csv (37 rows)
11:39:05 | INFO  | 
Processing: JUNE 26, 2026.html
11:39:05 | INFO  |   ✅ Saved: RR_06-26-2026.csv (38 rows)
11:39:05 | INFO  | 
Processing: JUNE 18, 2026.html
11:39:05 | INFO  |   ✅ Saved: RR_06-18-2026.csv (37 rows)
11:39:05 | INFO  | 
Processing: JUNE 25, 2026.html
11:39:06 | INFO  |   ✅ Saved: RR_06-25-2026.csv (38 rows)
11:39:06 | INFO  | 
Processing: JULY 8, 2026.html
11:39:06 | INFO  |   ✅ Saved: RR_07-08-2026.csv (37 rows)
11:39:06 | INFO  | 
Processing: JULY 1, 2026.html
11:39:06 | INFO  |   ✅ Saved: RR_07-01-2026.csv (38 rows)
11:39:06 | INFO  | 
✅ HTML parsing complete: 36 success, 0 errors
11:39:06 | INFO  | 
======================================================================
11:39:06 | INFO  | STAGE 2: MASTER AGGREGATION
11:39:06 | INFO  | ======================================================================
11:39:06 | INFO  | ✅ Backed up master to: risk_ranges_master_backup_20260727_113906.csv
11:39:06 | INFO  | Loaded existing master: 74,280 rows
11:39:06 | INFO  |   Loaded: RR_07-23-2026.csv (38 rows)
11:39:06 | INFO  |   Loaded: RR_06-08-2026.csv (37 rows)
11:39:06 | INFO  |   Loaded: RR_07-15-2026.csv (37 rows)
11:39:06 | INFO  |   Loaded: RR_06-22-2026.csv (37 rows)
11:39:06 | INFO  |   Loaded: RR_06-10-2026.csv (36 rows)
11:39:06 | INFO  |   Loaded: RR_07-17-2026.csv (38 rows)
11:39:06 | INFO  |   Loaded: RR_07-14-2026.csv (37 rows)
11:39:06 | INFO  |   Loaded: RR_06-23-2026.csv (37 rows)
11:39:06 | INFO  |   Loaded: RR_07-21-2026.csv (38 rows)
11:39:06 | INFO  |   Loaded: RR_07-07-2026.csv (37 rows)
11:39:06 | INFO  |   Loaded: RR_06-09-2026.csv (36 rows)
11:39:06 | INFO  |   Loaded: RR_07-20-2026.csv (38 rows)
11:39:06 | INFO  |   Loaded: RR_07-02-2026.csv (38 rows)
11:39:06 | INFO  |   Loaded: RR_06-05-2026.csv (37 rows)
11:39:06 | INFO  |   Loaded: RR_07-22-2026.csv (38 rows)
11:39:06 | INFO  |   Loaded: RR_06-11-2026.csv (36 rows)
11:39:06 | INFO  |   Loaded: RR_07-10-2026.csv (37 rows)
11:39:06 | INFO  |   Loaded: RR_07-09-2026.csv (37 rows)
11:39:06 | INFO  |   Loaded: RR_06-04-2026.csv (37 rows)
11:39:06 | INFO  |   Loaded: RR_06-15-2026.csv (36 rows)
11:39:06 | INFO  |   Loaded: RR_07-27-2026.csv (38 rows)
11:39:06 | INFO  |   Loaded: RR_06-16-2026.csv (36 rows)
11:39:06 | INFO  |   Loaded: RR_06-29-2026.csv (38 rows)
11:39:06 | INFO  |   Loaded: RR_06-12-2026.csv (36 rows)
11:39:06 | INFO  |   Loaded: RR_07-24-2026.csv (38 rows)
11:39:06 | INFO  |   Loaded: RR_06-30-2026.csv (38 rows)
11:39:06 | INFO  |   Loaded: RR_07-16-2026.csv (37 rows)
11:39:06 | INFO  |   Loaded: RR_07-06-2026.csv (37 rows)
11:39:06 | INFO  |   Loaded: RR_06-24-2026.csv (37 rows)
11:39:06 | INFO  |   Loaded: RR_06-17-2026.csv (36 rows)
11:39:06 | INFO  |   Loaded: RR_07-13-2026.csv (37 rows)
11:39:06 | INFO  |   Loaded: RR_06-26-2026.csv (38 rows)
11:39:06 | INFO  |   Loaded: RR_06-18-2026.csv (37 rows)
11:39:06 | INFO  |   Loaded: RR_06-25-2026.csv (38 rows)
11:39:06 | INFO  |   Loaded: RR_07-08-2026.csv (37 rows)
11:39:06 | INFO  |   Loaded: RR_07-01-2026.csv (38 rows)
11:39:06 | INFO  | Combined new data: 1338 rows
11:39:06 | INFO  | Removed 1338 duplicate entries
11:39:06 | INFO  | ✅ Saved master CSV: 74,280 total rows
11:39:06 | INFO  |    Date range: 2017-01-03 to 2026-07-27
11:39:06 | INFO  | 
======================================================================
11:39:06 | INFO  | STAGE 3: TICKER SUBSETTING
11:39:06 | INFO  | ======================================================================
11:39:06 | INFO  | Loaded master: 74,280 rows
11:39:06 | INFO  | Creating subsets for 9 tickers
11:39:06 | INFO  |   ✅ UST10Y: 2375 rows | 2017-01-03 to 2026-07-27
11:39:06 | INFO  |   ✅ SPX: 2375 rows | 2017-01-03 to 2026-07-27
11:39:06 | INFO  |   ✅ COMPQ: 2375 rows | 2017-01-03 to 2026-07-27
11:39:06 | INFO  |   ✅ RUT: 2374 rows | 2017-01-03 to 2026-07-27
11:39:06 | INFO  |   ✅ VIX: 2375 rows | 2017-01-03 to 2026-07-27
11:39:06 | INFO  |   ✅ USD: 2375 rows | 2017-01-03 to 2026-07-27
11:39:06 | INFO  |   ✅ GOLD: 2373 rows | 2017-01-03 to 2026-07-27
11:39:06 | INFO  |   ✅ AAPL: 2373 rows | 2017-01-03 to 2026-07-27
11:39:06 | INFO  |   ✅ BITCOIN: 744 rows | 2023-08-01 to 2026-07-27
11:39:06 | INFO  | ✅ Ticker subsetting complete
11:39:06 | INFO  | 
======================================================================
11:39:06 | INFO  | STAGE 4: ENRICHMENT
11:39:06 | INFO  | ======================================================================
11:39:06 | INFO  | Enriching 9 tickers
11:39:06 | INFO  | 
──────────────────────────────────────────────────────────────────────
11:39:06 | INFO  | Enriching: SPX
11:39:06 | INFO  | ──────────────────────────────────────────────────────────────────────
11:39:06 | INFO  |   Loaded 2375 rows from SPX.csv
11:39:06 | INFO  |   Yahoo ticker: ^GSPC
11:39:06 | INFO  |   OHLC prefix: GSPC
11:39:06 | INFO  |   Vol prefix: VIX
11:39:06 | INFO  |   Downloading ^GSPC OHLC...
11:39:07 | INFO  |     Downloaded 2403 days (2017-01-03 to 2026-07-27)
11:39:07 | INFO  |   Downloading ^VIX volatility...
11:39:07 | INFO  |     Downloaded 2404 days (2017-01-03 to 2026-07-27)
11:39:07 | WARNING |   ⚠️  28 trading days missing from original CSV
11:39:07 | INFO  |   ✓ Enrichment complete: 2403 rows
11:39:07 | INFO  |   ✅ Saved: SPX_enriched.csv (2403 rows)
11:39:07 | WARNING |   ⚠️  28 rows need manual update
11:39:07 | INFO  | 
──────────────────────────────────────────────────────────────────────
11:39:07 | INFO  | Enriching: GOLD
11:39:07 | INFO  | ──────────────────────────────────────────────────────────────────────
11:39:07 | INFO  |   Loaded 2373 rows from GOLD.csv
11:39:07 | INFO  |   Yahoo ticker: GC=F
11:39:07 | INFO  |   OHLC prefix: GC
11:39:07 | INFO  |   Vol prefix: GVZ
11:39:07 | INFO  |   Downloading GC=F OHLC...
11:39:07 | INFO  |     Downloaded 2404 days (2017-01-03 to 2026-07-27)
11:39:07 | INFO  |   Downloading ^GVZ volatility...
11:39:07 | INFO  |     Downloaded 2403 days (2017-01-03 to 2026-07-27)
11:39:07 | WARNING |   ⚠️  32 trading days missing from original CSV
11:39:07 | INFO  |   ✓ Enrichment complete: 2404 rows
11:39:07 | INFO  |   ✅ Saved: GOLD_enriched.csv (2404 rows)
11:39:07 | WARNING |   ⚠️  32 rows need manual update
11:39:07 | INFO  | 
──────────────────────────────────────────────────────────────────────
11:39:07 | INFO  | Enriching: UST10Y
11:39:07 | INFO  | ──────────────────────────────────────────────────────────────────────
11:39:07 | INFO  |   Loaded 2375 rows from UST10Y.csv
11:39:07 | INFO  |   Yahoo ticker: ^TNX
11:39:07 | INFO  |   OHLC prefix: TNX
11:39:07 | INFO  |   Vol prefix: VIX
11:39:07 | INFO  |   Downloading ^TNX OHLC...
11:39:08 | INFO  |     Downloaded 2403 days (2017-01-03 to 2026-07-27)
11:39:08 | INFO  |   Downloading ^VIX volatility...
11:39:08 | INFO  |     Downloaded 2404 days (2017-01-03 to 2026-07-27)
11:39:08 | WARNING |   ⚠️  28 trading days missing from original CSV
11:39:08 | INFO  |   ✓ Enrichment complete: 2403 rows
11:39:08 | INFO  |   ✅ Saved: UST10Y_enriched.csv (2403 rows)
11:39:08 | WARNING |   ⚠️  28 rows need manual update
11:39:08 | INFO  | 
──────────────────────────────────────────────────────────────────────
11:39:08 | INFO  | Enriching: COMPQ
11:39:08 | INFO  | ──────────────────────────────────────────────────────────────────────
11:39:08 | INFO  |   Loaded 2375 rows from COMPQ.csv
11:39:08 | INFO  |   Yahoo ticker: ^IXIC
11:39:08 | INFO  |   OHLC prefix: IXIC
11:39:08 | INFO  |   Vol prefix: VIX
11:39:08 | INFO  |   Downloading ^IXIC OHLC...
11:39:08 | INFO  |     Downloaded 2403 days (2017-01-03 to 2026-07-27)
11:39:08 | INFO  |   Downloading ^VIX volatility...
11:39:08 | INFO  |     Downloaded 2404 days (2017-01-03 to 2026-07-27)
11:39:08 | WARNING |   ⚠️  28 trading days missing from original CSV
11:39:08 | INFO  |   ✓ Enrichment complete: 2403 rows
11:39:08 | INFO  |   ✅ Saved: COMPQ_enriched.csv (2403 rows)
11:39:08 | WARNING |   ⚠️  28 rows need manual update
11:39:08 | INFO  | 
──────────────────────────────────────────────────────────────────────
11:39:08 | INFO  | Enriching: RUT
11:39:08 | INFO  | ──────────────────────────────────────────────────────────────────────
11:39:08 | INFO  |   Loaded 2374 rows from RUT.csv
11:39:08 | INFO  |   Yahoo ticker: ^RUT
11:39:08 | INFO  |   OHLC prefix: RUT
11:39:08 | INFO  |   Vol prefix: VIX
11:39:08 | INFO  |   Downloading ^RUT OHLC...
11:39:08 | INFO  |     Downloaded 2403 days (2017-01-03 to 2026-07-27)
11:39:08 | INFO  |   Downloading ^VIX volatility...
11:39:08 | INFO  |     Downloaded 2404 days (2017-01-03 to 2026-07-27)
11:39:08 | WARNING |   ⚠️  29 trading days missing from original CSV
11:39:08 | INFO  |   ✓ Enrichment complete: 2403 rows
11:39:08 | INFO  |   ✅ Saved: RUT_enriched.csv (2403 rows)
11:39:08 | WARNING |   ⚠️  29 rows need manual update
11:39:08 | INFO  | 
──────────────────────────────────────────────────────────────────────
11:39:08 | INFO  | Enriching: VIX
11:39:08 | INFO  | ──────────────────────────────────────────────────────────────────────
11:39:08 | INFO  |   Loaded 2375 rows from VIX.csv
11:39:08 | INFO  |   Yahoo ticker: ^VIX
11:39:08 | INFO  |   OHLC prefix: VIX
11:39:08 | INFO  |   Vol prefix: VIXI
11:39:08 | INFO  |   Downloading ^VIX OHLC...
11:39:09 | INFO  |     Downloaded 2404 days (2017-01-03 to 2026-07-27)
11:39:09 | INFO  |   Downloading ^VIX volatility...
11:39:09 | INFO  |     Downloaded 2404 days (2017-01-03 to 2026-07-27)
11:39:09 | WARNING |   ⚠️  29 trading days missing from original CSV
11:39:09 | INFO  |   ✓ Enrichment complete: 2404 rows
11:39:09 | INFO  |   ✅ Saved: VIX_enriched.csv (2404 rows)
11:39:09 | WARNING |   ⚠️  29 rows need manual update
11:39:09 | INFO  | 
──────────────────────────────────────────────────────────────────────
11:39:09 | INFO  | Enriching: USD
11:39:09 | INFO  | ──────────────────────────────────────────────────────────────────────
11:39:09 | INFO  |   Loaded 2375 rows from USD.csv
11:39:09 | INFO  |   Yahoo ticker: DX-Y.NYB
11:39:09 | INFO  |   OHLC prefix: DX
11:39:09 | INFO  |   Vol prefix: VIX
11:39:09 | INFO  |   Downloading DX-Y.NYB OHLC...
11:39:09 | INFO  |     Downloaded 2405 days (2017-01-03 to 2026-07-27)
11:39:09 | INFO  |   Downloading ^VIX volatility...
11:39:09 | INFO  |     Downloaded 2404 days (2017-01-03 to 2026-07-27)
11:39:09 | WARNING |   ⚠️  30 trading days missing from original CSV
11:39:09 | INFO  |   ✓ Enrichment complete: 2405 rows
11:39:09 | INFO  |   ✅ Saved: USD_enriched.csv (2405 rows)
11:39:09 | WARNING |   ⚠️  30 rows need manual update
11:39:09 | INFO  | 
──────────────────────────────────────────────────────────────────────
11:39:09 | INFO  | Enriching: AAPL
11:39:09 | INFO  | ──────────────────────────────────────────────────────────────────────
11:39:09 | INFO  |   Loaded 2373 rows from AAPL.csv
11:39:09 | INFO  |   Yahoo ticker: AAPL
11:39:09 | INFO  |   OHLC prefix: AAPL
11:39:09 | INFO  |   Vol prefix: VIX
11:39:09 | INFO  |   Downloading AAPL OHLC...
11:39:09 | INFO  |     Downloaded 2403 days (2017-01-03 to 2026-07-27)
11:39:09 | INFO  |   Downloading ^VIX volatility...
11:39:09 | INFO  |     Downloaded 2404 days (2017-01-03 to 2026-07-27)
11:39:09 | WARNING |   ⚠️  30 trading days missing from original CSV
11:39:09 | INFO  |   ✓ Enrichment complete: 2403 rows
11:39:10 | INFO  |   ✅ Saved: AAPL_enriched.csv (2403 rows)
11:39:10 | WARNING |   ⚠️  30 rows need manual update
11:39:10 | INFO  | 
──────────────────────────────────────────────────────────────────────
11:39:10 | INFO  | Enriching: BITCOIN
11:39:10 | INFO  | ──────────────────────────────────────────────────────────────────────
11:39:10 | INFO  |   Loaded 744 rows from BITCOIN.csv
11:39:10 | INFO  |   ⚠️  Row count changed (3494 → 744) - re-enriching
11:39:10 | INFO  |   Yahoo ticker: BTC-USD
11:39:10 | INFO  |   OHLC prefix: BTC
11:39:10 | INFO  |   Vol prefix: VIX
11:39:10 | INFO  |   Downloading BTC-USD OHLC...
11:39:10 | INFO  |     Downloaded 3494 days (2017-01-02 to 2026-07-27)
11:39:10 | INFO  |   Downloading ^VIX volatility...
11:39:10 | INFO  |     Downloaded 2404 days (2017-01-03 to 2026-07-27)
11:39:10 | WARNING |   ⚠️  2750 trading days missing from original CSV
11:39:10 | INFO  |   ✓ Enrichment complete: 3494 rows
11:39:10 | INFO  |   ✅ Saved: BITCOIN_enriched.csv (3494 rows)
11:39:10 | WARNING |   ⚠️  2750 rows need manual update
11:39:10 | INFO  | 
======================================================================
11:39:10 | INFO  | ✅ Enrichment complete:
11:39:10 | INFO  |    Success: 9
11:39:10 | INFO  |    Skipped (up-to-date): 0
11:39:10 | INFO  |    Errors:  0
11:39:10 | INFO  | ======================================================================
11:39:10 | INFO  | 
======================================================================
11:39:10 | INFO  | ✅ PIPELINE COMPLETE
11:39:10 | INFO  | ======================================================================
