18:00:26 | INFO  | ======================================================================
18:00:26 | INFO  | ETL PIPELINE START
18:00:26 | INFO  | ======================================================================
18:00:26 | INFO  | 
📋 PIPELINE PLAN:
18:00:26 | INFO  |    HTML Files: 25 new / 25 total
18:00:26 | INFO  |    Master needs propagation: False
18:00:26 | INFO  | 
======================================================================
18:00:26 | INFO  | STAGE 1: HTML PARSING
18:00:26 | INFO  | ======================================================================
18:00:26 | INFO  | 
Processing: SEPTEMBER 03, 2026.html
18:00:26 | INFO  |   ✅ Saved: RR_09-03-2026.csv (36 rows)
18:00:26 | INFO  | 
Processing: AUGUST 20, 2026.html
18:00:26 | INFO  |   ✅ Saved: RR_08-20-2026.csv (37 rows)
18:00:26 | INFO  | 
Processing: AUGUST 25, 2026.html
18:00:26 | INFO  |   ✅ Saved: RR_08-25-2026.csv (37 rows)
18:00:26 | INFO  | 
Processing: SEPTEMBER 02, 2026.html
18:00:26 | INFO  |   ✅ Saved: RR_09-02-2026.csv (37 rows)
18:00:26 | INFO  | 
Processing: AUGUST 6, 2026.html
18:00:26 | INFO  |   ✅ Saved: RR_08-06-2026.csv (37 rows)
18:00:26 | INFO  | 
Processing: AUGUST 17, 2026.html
18:00:26 | INFO  |   ✅ Saved: RR_08-17-2026.csv (37 rows)
18:00:26 | INFO  | 
Processing: AUGUST 18, 2026.html
18:00:27 | INFO  |   ✅ Saved: RR_08-18-2026.csv (37 rows)
18:00:27 | INFO  | 
Processing: AUGUST 11, 2026.html
18:00:27 | INFO  |   ✅ Saved: RR_08-11-2026.csv (37 rows)
18:00:27 | INFO  | 
Processing: AUGUST 14, 2026.html
18:00:27 | INFO  |   ✅ Saved: RR_08-14-2026.csv (37 rows)
18:00:27 | INFO  | 
Processing: AUGUST 7, 2026.html
18:00:27 | INFO  |   ✅ Saved: RR_08-07-2026.csv (37 rows)
18:00:27 | INFO  | 
Processing: AUGUST 10, 2026.html
18:00:27 | INFO  |   ✅ Saved: RR_08-10-2026.csv (37 rows)
18:00:27 | INFO  | 
Processing: AUGUST 24, 2026.html
18:00:27 | INFO  |   ✅ Saved: RR_08-24-2026.csv (37 rows)
18:00:27 | INFO  | 
Processing: AUGUST 19, 2026.html
18:00:27 | INFO  |   ✅ Saved: RR_08-19-2026.csv (37 rows)
18:00:27 | INFO  | 
Processing: AUGUST 13, 2026.html
18:00:27 | INFO  |   ✅ Saved: RR_08-13-2026.csv (37 rows)
18:00:27 | INFO  | 
Processing: AUGUST 3, 2026.html
18:00:27 | INFO  |   ✅ Saved: RR_08-03-2026.csv (37 rows)
18:00:27 | INFO  | 
Processing: SEPTEMBER 04, 2026.html
18:00:28 | INFO  |   ✅ Saved: RR_09-04-2026.csv (37 rows)
18:00:28 | INFO  | 
Processing: AUGUST 21, 2026.html
18:00:28 | INFO  |   ✅ Saved: RR_08-21-2026.csv (37 rows)
18:00:28 | INFO  | 
Processing: AUGUST 4, 2026.html
18:00:28 | INFO  |   ✅ Saved: RR_08-04-2026.csv (37 rows)
18:00:28 | INFO  | 
Processing: AUGUST 27, 2026.html
18:00:28 | INFO  |   ✅ Saved: RR_08-27-2026.csv (37 rows)
18:00:28 | INFO  | 
Processing: AUGUST 5, 2026.html
18:00:28 | INFO  |   ✅ Saved: RR_08-05-2026.csv (37 rows)
18:00:28 | INFO  | 
Processing: AUGUST 12, 2026.html
18:00:28 | INFO  |   ✅ Saved: RR_08-12-2026.csv (37 rows)
18:00:28 | INFO  | 
Processing: SEPTEMBER 01, 2026.html
18:00:28 | INFO  |   ✅ Saved: RR_09-01-2026.csv (37 rows)
18:00:28 | INFO  | 
Processing: AUGUST 26, 2026.html
18:00:28 | INFO  |   ✅ Saved: RR_08-26-2026.csv (37 rows)
18:00:28 | INFO  | 
Processing: AUGUST 31, 2026.html
18:00:28 | INFO  |   ✅ Saved: RR_08-31-2026.csv (37 rows)
18:00:28 | INFO  | 
Processing: AUGUST 28, 2026.html
18:00:28 | INFO  |   ✅ Saved: RR_08-28-2026.csv (37 rows)
18:00:28 | INFO  | 
✅ HTML parsing complete: 25 success, 0 errors
18:00:28 | INFO  | 
======================================================================
18:00:28 | INFO  | STAGE 2: MASTER AGGREGATION
18:00:28 | INFO  | ======================================================================
18:00:28 | INFO  | ✅ Backed up master to: risk_ranges_master_backup_20260904_180028.csv
18:00:29 | INFO  | Loaded existing master: 75,355 rows
18:00:29 | INFO  |   Loaded: RR_09-03-2026.csv (36 rows)
18:00:29 | INFO  |   Loaded: RR_08-20-2026.csv (37 rows)
18:00:29 | INFO  |   Loaded: RR_08-25-2026.csv (37 rows)
18:00:29 | INFO  |   Loaded: RR_09-02-2026.csv (37 rows)
18:00:29 | INFO  |   Loaded: RR_08-06-2026.csv (37 rows)
18:00:29 | INFO  |   Loaded: RR_08-17-2026.csv (37 rows)
18:00:29 | INFO  |   Loaded: RR_08-18-2026.csv (37 rows)
18:00:29 | INFO  |   Loaded: RR_08-11-2026.csv (37 rows)
18:00:29 | INFO  |   Loaded: RR_08-14-2026.csv (37 rows)
18:00:29 | INFO  |   Loaded: RR_08-07-2026.csv (37 rows)
18:00:29 | INFO  |   Loaded: RR_08-10-2026.csv (37 rows)
18:00:29 | INFO  |   Loaded: RR_08-24-2026.csv (37 rows)
18:00:29 | INFO  |   Loaded: RR_08-19-2026.csv (37 rows)
18:00:29 | INFO  |   Loaded: RR_08-13-2026.csv (37 rows)
18:00:29 | INFO  |   Loaded: RR_08-03-2026.csv (37 rows)
18:00:29 | INFO  |   Loaded: RR_09-04-2026.csv (37 rows)
18:00:29 | INFO  |   Loaded: RR_08-21-2026.csv (37 rows)
18:00:29 | INFO  |   Loaded: RR_08-04-2026.csv (37 rows)
18:00:29 | INFO  |   Loaded: RR_08-27-2026.csv (37 rows)
18:00:29 | INFO  |   Loaded: RR_08-05-2026.csv (37 rows)
18:00:29 | INFO  |   Loaded: RR_08-12-2026.csv (37 rows)
18:00:29 | INFO  |   Loaded: RR_09-01-2026.csv (37 rows)
18:00:29 | INFO  |   Loaded: RR_08-26-2026.csv (37 rows)
18:00:29 | INFO  |   Loaded: RR_08-31-2026.csv (37 rows)
18:00:29 | INFO  |   Loaded: RR_08-28-2026.csv (37 rows)
18:00:29 | INFO  | Combined new data: 924 rows
18:00:29 | INFO  | Removed 924 duplicate entries
18:00:29 | INFO  | ✅ Saved master CSV: 75,355 total rows
18:00:29 | INFO  |    Date range: 2017-01-03 to 2026-09-04
18:00:29 | INFO  | 
======================================================================
18:00:29 | INFO  | STAGE 3: TICKER SUBSETTING
18:00:29 | INFO  | ======================================================================
18:00:29 | INFO  | Loaded master: 75,355 rows
18:00:29 | INFO  | Creating subsets for 9 tickers
18:00:29 | INFO  |   ✅ UST10Y: 2404 rows | 2017-01-03 to 2026-09-04
18:00:29 | INFO  |   ✅ SPX: 2404 rows | 2017-01-03 to 2026-09-04
18:00:29 | INFO  |   ✅ COMPQ: 2404 rows | 2017-01-03 to 2026-09-04
18:00:29 | INFO  |   ✅ RUT: 2403 rows | 2017-01-03 to 2026-09-04
18:00:29 | INFO  |   ✅ VIX: 2404 rows | 2017-01-03 to 2026-09-04
18:00:29 | INFO  |   ✅ USD: 2404 rows | 2017-01-03 to 2026-09-04
18:00:29 | INFO  |   ✅ GOLD: 2402 rows | 2017-01-03 to 2026-09-04
18:00:29 | INFO  |   ✅ AAPL: 2402 rows | 2017-01-03 to 2026-09-04
18:00:29 | INFO  |   ✅ BITCOIN: 773 rows | 2023-08-01 to 2026-09-04
18:00:29 | INFO  | ✅ Ticker subsetting complete
18:00:29 | INFO  | 
======================================================================
18:00:29 | INFO  | STAGE 4: ENRICHMENT
18:00:29 | INFO  | ======================================================================
18:00:29 | INFO  | Enriching 9 tickers
18:00:29 | INFO  | 
──────────────────────────────────────────────────────────────────────
18:00:29 | INFO  | Enriching: SPX
18:00:29 | INFO  | ──────────────────────────────────────────────────────────────────────
18:00:29 | INFO  |   Loaded 2404 rows from SPX.csv
18:00:29 | INFO  |   Yahoo ticker: ^GSPC
18:00:29 | INFO  |   OHLC prefix: GSPC
18:00:29 | INFO  |   Vol prefix: VIX
18:00:29 | INFO  |   Downloading ^GSPC OHLC...
18:00:29 | INFO  |     Downloaded 2432 days (2017-01-03 to 2026-09-04)
18:00:29 | INFO  |   Downloading ^VIX volatility...
18:00:30 | INFO  |     Downloaded 2433 days (2017-01-03 to 2026-09-04)
18:00:30 | WARNING |   ⚠️  28 trading days missing from original CSV
18:00:30 | INFO  |   ✓ Enrichment complete: 2432 rows
18:00:30 | INFO  |   ✅ Saved: SPX_enriched.csv (2432 rows)
18:00:30 | WARNING |   ⚠️  28 rows need manual update
18:00:30 | INFO  | 
──────────────────────────────────────────────────────────────────────
18:00:30 | INFO  | Enriching: GOLD
18:00:30 | INFO  | ──────────────────────────────────────────────────────────────────────
18:00:30 | INFO  |   Loaded 2402 rows from GOLD.csv
18:00:30 | INFO  |   Yahoo ticker: GC=F
18:00:30 | INFO  |   OHLC prefix: GC
18:00:30 | INFO  |   Vol prefix: GVZ
18:00:30 | INFO  |   Downloading GC=F OHLC...
18:00:30 | INFO  |     Downloaded 2433 days (2017-01-03 to 2026-09-04)
18:00:30 | INFO  |   Downloading ^GVZ volatility...
18:00:30 | INFO  |     Downloaded 2432 days (2017-01-03 to 2026-09-04)
18:00:30 | WARNING |   ⚠️  32 trading days missing from original CSV
18:00:30 | INFO  |   ✓ Enrichment complete: 2433 rows
18:00:30 | INFO  |   ✅ Saved: GOLD_enriched.csv (2433 rows)
18:00:30 | WARNING |   ⚠️  32 rows need manual update
18:00:30 | INFO  | 
──────────────────────────────────────────────────────────────────────
18:00:30 | INFO  | Enriching: UST10Y
18:00:30 | INFO  | ──────────────────────────────────────────────────────────────────────
18:00:30 | INFO  |   Loaded 2404 rows from UST10Y.csv
18:00:30 | INFO  |   Yahoo ticker: ^TNX
18:00:30 | INFO  |   OHLC prefix: TNX
18:00:30 | INFO  |   Vol prefix: VIX
18:00:30 | INFO  |   Downloading ^TNX OHLC...
18:00:30 | INFO  |     Downloaded 2432 days (2017-01-03 to 2026-09-04)
18:00:30 | INFO  |   Downloading ^VIX volatility...
18:00:30 | INFO  |     Downloaded 2433 days (2017-01-03 to 2026-09-04)
18:00:30 | WARNING |   ⚠️  28 trading days missing from original CSV
18:00:30 | INFO  |   ✓ Enrichment complete: 2432 rows
18:00:30 | INFO  |   ✅ Saved: UST10Y_enriched.csv (2432 rows)
18:00:30 | WARNING |   ⚠️  28 rows need manual update
18:00:30 | INFO  | 
──────────────────────────────────────────────────────────────────────
18:00:30 | INFO  | Enriching: COMPQ
18:00:30 | INFO  | ──────────────────────────────────────────────────────────────────────
18:00:30 | INFO  |   Loaded 2404 rows from COMPQ.csv
18:00:30 | INFO  |   Yahoo ticker: ^IXIC
18:00:30 | INFO  |   OHLC prefix: IXIC
18:00:30 | INFO  |   Vol prefix: VIX
18:00:30 | INFO  |   Downloading ^IXIC OHLC...
18:00:31 | INFO  |     Downloaded 2432 days (2017-01-03 to 2026-09-04)
18:00:31 | INFO  |   Downloading ^VIX volatility...
18:00:31 | INFO  |     Downloaded 2433 days (2017-01-03 to 2026-09-04)
18:00:31 | WARNING |   ⚠️  28 trading days missing from original CSV
18:00:31 | INFO  |   ✓ Enrichment complete: 2432 rows
18:00:31 | INFO  |   ✅ Saved: COMPQ_enriched.csv (2432 rows)
18:00:31 | WARNING |   ⚠️  28 rows need manual update
18:00:31 | INFO  | 
──────────────────────────────────────────────────────────────────────
18:00:31 | INFO  | Enriching: RUT
18:00:31 | INFO  | ──────────────────────────────────────────────────────────────────────
18:00:31 | INFO  |   Loaded 2403 rows from RUT.csv
18:00:31 | INFO  |   Yahoo ticker: ^RUT
18:00:31 | INFO  |   OHLC prefix: RUT
18:00:31 | INFO  |   Vol prefix: VIX
18:00:31 | INFO  |   Downloading ^RUT OHLC...
18:00:31 | INFO  |     Downloaded 2432 days (2017-01-03 to 2026-09-04)
18:00:31 | INFO  |   Downloading ^VIX volatility...
18:00:31 | INFO  |     Downloaded 2433 days (2017-01-03 to 2026-09-04)
18:00:31 | WARNING |   ⚠️  29 trading days missing from original CSV
18:00:31 | INFO  |   ✓ Enrichment complete: 2432 rows
18:00:31 | INFO  |   ✅ Saved: RUT_enriched.csv (2432 rows)
18:00:31 | WARNING |   ⚠️  29 rows need manual update
18:00:31 | INFO  | 
──────────────────────────────────────────────────────────────────────
18:00:31 | INFO  | Enriching: VIX
18:00:31 | INFO  | ──────────────────────────────────────────────────────────────────────
18:00:31 | INFO  |   Loaded 2404 rows from VIX.csv
18:00:31 | INFO  |   Yahoo ticker: ^VIX
18:00:31 | INFO  |   OHLC prefix: VIX
18:00:31 | INFO  |   Vol prefix: VIXI
18:00:31 | INFO  |   Downloading ^VIX OHLC...
18:00:31 | INFO  |     Downloaded 2433 days (2017-01-03 to 2026-09-04)
18:00:31 | INFO  |   Downloading ^VIX volatility...
18:00:31 | INFO  |     Downloaded 2433 days (2017-01-03 to 2026-09-04)
18:00:31 | WARNING |   ⚠️  29 trading days missing from original CSV
18:00:31 | INFO  |   ✓ Enrichment complete: 2433 rows
18:00:31 | INFO  |   ✅ Saved: VIX_enriched.csv (2433 rows)
18:00:31 | WARNING |   ⚠️  29 rows need manual update
18:00:31 | INFO  | 
──────────────────────────────────────────────────────────────────────
18:00:31 | INFO  | Enriching: USD
18:00:31 | INFO  | ──────────────────────────────────────────────────────────────────────
18:00:31 | INFO  |   Loaded 2404 rows from USD.csv
18:00:31 | INFO  |   Yahoo ticker: DX-Y.NYB
18:00:31 | INFO  |   OHLC prefix: DX
18:00:31 | INFO  |   Vol prefix: VIX
18:00:31 | INFO  |   Downloading DX-Y.NYB OHLC...
18:00:32 | INFO  |     Downloaded 2434 days (2017-01-03 to 2026-09-04)
18:00:32 | INFO  |   Downloading ^VIX volatility...
18:00:32 | INFO  |     Downloaded 2433 days (2017-01-03 to 2026-09-04)
18:00:32 | WARNING |   ⚠️  30 trading days missing from original CSV
18:00:32 | INFO  |   ✓ Enrichment complete: 2434 rows
18:00:32 | INFO  |   ✅ Saved: USD_enriched.csv (2434 rows)
18:00:32 | WARNING |   ⚠️  30 rows need manual update
18:00:32 | INFO  | 
──────────────────────────────────────────────────────────────────────
18:00:32 | INFO  | Enriching: AAPL
18:00:32 | INFO  | ──────────────────────────────────────────────────────────────────────
18:00:32 | INFO  |   Loaded 2402 rows from AAPL.csv
18:00:32 | INFO  |   Yahoo ticker: AAPL
18:00:32 | INFO  |   OHLC prefix: AAPL
18:00:32 | INFO  |   Vol prefix: VIX
18:00:32 | INFO  |   Downloading AAPL OHLC...
18:00:32 | INFO  |     Downloaded 2432 days (2017-01-03 to 2026-09-04)
18:00:32 | INFO  |   Downloading ^VIX volatility...
18:00:32 | INFO  |     Downloaded 2433 days (2017-01-03 to 2026-09-04)
18:00:32 | WARNING |   ⚠️  30 trading days missing from original CSV
18:00:32 | INFO  |   ✓ Enrichment complete: 2432 rows
18:00:32 | INFO  |   ✅ Saved: AAPL_enriched.csv (2432 rows)
18:00:32 | WARNING |   ⚠️  30 rows need manual update
18:00:32 | INFO  | 
──────────────────────────────────────────────────────────────────────
18:00:32 | INFO  | Enriching: BITCOIN
18:00:32 | INFO  | ──────────────────────────────────────────────────────────────────────
18:00:32 | INFO  |   Loaded 773 rows from BITCOIN.csv
18:00:32 | INFO  |   ⚠️  Row count changed (3533 → 773) - re-enriching
18:00:32 | INFO  |   Yahoo ticker: BTC-USD
18:00:32 | INFO  |   OHLC prefix: BTC
18:00:32 | INFO  |   Vol prefix: VIX
18:00:32 | INFO  |   Downloading BTC-USD OHLC...
18:00:32 | INFO  |     Downloaded 3533 days (2017-01-02 to 2026-09-04)
18:00:32 | INFO  |   Downloading ^VIX volatility...
18:00:33 | INFO  |     Downloaded 2433 days (2017-01-03 to 2026-09-04)
18:00:33 | WARNING |   ⚠️  2760 trading days missing from original CSV
18:00:33 | INFO  |   ✓ Enrichment complete: 3533 rows
18:00:33 | INFO  |   ✅ Saved: BITCOIN_enriched.csv (3533 rows)
18:00:33 | WARNING |   ⚠️  2760 rows need manual update
18:00:33 | INFO  | 
======================================================================
18:00:33 | INFO  | ✅ Enrichment complete:
18:00:33 | INFO  |    Success: 9
18:00:33 | INFO  |    Skipped (up-to-date): 0
18:00:33 | INFO  |    Errors:  0
18:00:33 | INFO  | ======================================================================
18:00:33 | INFO  | 
======================================================================
18:00:33 | INFO  | ✅ PIPELINE COMPLETE
18:00:33 | INFO  | ======================================================================
