10:17:59 | INFO  | ======================================================================
10:17:59 | INFO  | ETL PIPELINE START
10:17:59 | INFO  | ======================================================================
10:17:59 | INFO  | 
📋 PIPELINE PLAN:
10:17:59 | INFO  |    HTML Files: 48 new / 48 total
10:17:59 | INFO  |    Master needs propagation: False
10:17:59 | INFO  | 
======================================================================
10:17:59 | INFO  | STAGE 1: HTML PARSING
10:17:59 | INFO  | ======================================================================
10:17:59 | INFO  | 
Processing: JULY 23, 2026.html
10:17:59 | INFO  |   ✅ Saved: RR_07-23-2026.csv (38 rows)
10:17:59 | INFO  | 
Processing: AUGUST 4, 2026.html
10:17:59 | INFO  |   ✅ Saved: RR_08-04-2026.csv (37 rows)
10:17:59 | INFO  | 
Processing: JUNE 8, 2026.html
10:17:59 | INFO  |   ✅ Saved: RR_06-08-2026.csv (37 rows)
10:17:59 | INFO  | 
Processing: JULY 15, 2026.html
10:17:59 | INFO  |   ✅ Saved: RR_07-15-2026.csv (37 rows)
10:17:59 | INFO  | 
Processing: AUGUST 7, 2026.html
10:17:59 | INFO  |   ✅ Saved: RR_08-07-2026.csv (37 rows)
10:17:59 | INFO  | 
Processing: JUNE 22, 2026.html
10:17:59 | INFO  |   ✅ Saved: RR_06-22-2026.csv (37 rows)
10:17:59 | INFO  | 
Processing: JUNE 10, 2026.html
10:18:00 | INFO  |   ✅ Saved: RR_06-10-2026.csv (36 rows)
10:18:00 | INFO  | 
Processing: AUGUST 12, 2026.html
10:18:00 | INFO  |   ✅ Saved: RR_08-12-2026.csv (37 rows)
10:18:00 | INFO  | 
Processing: JULY 30, 2026.html
10:18:00 | INFO  |   ✅ Saved: RR_07-30-2026.csv (38 rows)
10:18:00 | INFO  | 
Processing: JULY 28, 2026.html
10:18:00 | INFO  |   ✅ Saved: RR_07-28-2026.csv (38 rows)
10:18:00 | INFO  | 
Processing: JULY 17, 2026.html
10:18:00 | INFO  |   ✅ Saved: RR_07-17-2026.csv (38 rows)
10:18:00 | INFO  | 
Processing: JULY 14, 2026.html
10:18:00 | INFO  |   ✅ Saved: RR_07-14-2026.csv (37 rows)
10:18:00 | INFO  | 
Processing: JUNE 23, 2026.html
10:18:00 | INFO  |   ✅ Saved: RR_06-23-2026.csv (37 rows)
10:18:00 | INFO  | 
Processing: JULY 21, 2026.html
10:18:00 | INFO  |   ✅ Saved: RR_07-21-2026.csv (38 rows)
10:18:00 | INFO  | 
Processing: JULY 29, 2026.html
10:18:00 | INFO  |   ✅ Saved: RR_07-29-2026.csv (38 rows)
10:18:00 | INFO  | 
Processing: JULY 7, 2026.html
10:18:00 | INFO  |   ✅ Saved: RR_07-07-2026.csv (37 rows)
10:18:00 | INFO  | 
Processing: JUNE 9, 2026.html
10:18:00 | INFO  |   ✅ Saved: RR_06-09-2026.csv (36 rows)
10:18:00 | INFO  | 
Processing: JULY 20, 2026.html
10:18:00 | INFO  |   ✅ Saved: RR_07-20-2026.csv (38 rows)
10:18:00 | INFO  | 
Processing: AUGUST 6, 2026.html
10:18:00 | INFO  |   ✅ Saved: RR_08-06-2026.csv (37 rows)
10:18:00 | INFO  | 
Processing: JULY 2, 2026.html
10:18:01 | INFO  |   ✅ Saved: RR_07-02-2026.csv (38 rows)
10:18:01 | INFO  | 
Processing: JUNE 5, 2026.html
10:18:01 | INFO  |   ✅ Saved: RR_06-05-2026.csv (37 rows)
10:18:01 | INFO  | 
Processing: JULY 22, 2026.html
10:18:01 | INFO  |   ✅ Saved: RR_07-22-2026.csv (38 rows)
10:18:01 | INFO  | 
Processing: JUNE 11, 2026.html
10:18:01 | INFO  |   ✅ Saved: RR_06-11-2026.csv (36 rows)
10:18:01 | INFO  | 
Processing: AUGUST 3, 2026.html
10:18:01 | INFO  |   ✅ Saved: RR_08-03-2026.csv (37 rows)
10:18:01 | INFO  | 
Processing: JULY 10, 2026.html
10:18:01 | INFO  |   ✅ Saved: RR_07-10-2026.csv (37 rows)
10:18:01 | INFO  | 
Processing: JULY 9, 2026.html
10:18:01 | INFO  |   ✅ Saved: RR_07-09-2026.csv (37 rows)
10:18:01 | INFO  | 
Processing: JUNE 4, 2026.html
10:18:01 | INFO  |   ✅ Saved: RR_06-04-2026.csv (37 rows)
10:18:01 | INFO  | 
Processing: JUNE 15, 2026.html
10:18:01 | INFO  |   ✅ Saved: RR_06-15-2026.csv (36 rows)
10:18:01 | INFO  | 
Processing: JULY 27, 2026.html
10:18:01 | INFO  |   ✅ Saved: RR_07-27-2026.csv (38 rows)
10:18:01 | INFO  | 
Processing: JUNE 16, 2026.html
10:18:01 | INFO  |   ✅ Saved: RR_06-16-2026.csv (36 rows)
10:18:01 | INFO  | 
Processing: JUNE 29, 2026.html
10:18:01 | INFO  |   ✅ Saved: RR_06-29-2026.csv (38 rows)
10:18:01 | INFO  | 
Processing: JULY 31, 2026.html
10:18:01 | INFO  |   ✅ Saved: RR_07-31-2026.csv (37 rows)
10:18:01 | INFO  | 
Processing: JUNE 12, 2026.html
10:18:02 | INFO  |   ✅ Saved: RR_06-12-2026.csv (36 rows)
10:18:02 | INFO  | 
Processing: JULY 24, 2026.html
10:18:02 | INFO  |   ✅ Saved: RR_07-24-2026.csv (38 rows)
10:18:02 | INFO  | 
Processing: JUNE 30, 2026.html
10:18:02 | INFO  |   ✅ Saved: RR_06-30-2026.csv (38 rows)
10:18:02 | INFO  | 
Processing: JULY 16, 2026.html
10:18:02 | INFO  |   ✅ Saved: RR_07-16-2026.csv (37 rows)
10:18:02 | INFO  | 
Processing: JULY 6, 2026.html
10:18:02 | INFO  |   ✅ Saved: RR_07-06-2026.csv (37 rows)
10:18:02 | INFO  | 
Processing: JUNE 24, 2026.html
10:18:02 | INFO  |   ✅ Saved: RR_06-24-2026.csv (37 rows)
10:18:02 | INFO  | 
Processing: JUNE 17, 2026.html
10:18:02 | INFO  |   ✅ Saved: RR_06-17-2026.csv (36 rows)
10:18:02 | INFO  | 
Processing: AUGUST 5, 2026.html
10:18:02 | INFO  |   ✅ Saved: RR_08-05-2026.csv (37 rows)
10:18:02 | INFO  | 
Processing: JULY 13, 2026.html
10:18:02 | INFO  |   ✅ Saved: RR_07-13-2026.csv (37 rows)
10:18:02 | INFO  | 
Processing: AUGUST 10, 2026.html
10:18:02 | INFO  |   ✅ Saved: RR_08-10-2026.csv (37 rows)
10:18:02 | INFO  | 
Processing: JUNE 26, 2026.html
10:18:02 | INFO  |   ✅ Saved: RR_06-26-2026.csv (38 rows)
10:18:02 | INFO  | 
Processing: JUNE 18, 2026.html
10:18:02 | INFO  |   ✅ Saved: RR_06-18-2026.csv (37 rows)
10:18:02 | INFO  | 
Processing: JUNE 25, 2026.html
10:18:02 | INFO  |   ✅ Saved: RR_06-25-2026.csv (38 rows)
10:18:02 | INFO  | 
Processing: JULY 8, 2026.html
10:18:03 | INFO  |   ✅ Saved: RR_07-08-2026.csv (37 rows)
10:18:03 | INFO  | 
Processing: JULY 1, 2026.html
10:18:03 | INFO  |   ✅ Saved: RR_07-01-2026.csv (38 rows)
10:18:03 | INFO  | 
Processing: AUGUST 11, 2026.html
10:18:03 | INFO  |   ✅ Saved: RR_08-11-2026.csv (37 rows)
10:18:03 | INFO  | 
✅ HTML parsing complete: 48 success, 0 errors
10:18:03 | INFO  | 
======================================================================
10:18:03 | INFO  | STAGE 2: MASTER AGGREGATION
10:18:03 | INFO  | ======================================================================
10:18:03 | INFO  | ✅ Backed up master to: risk_ranges_master_backup_20260812_101803.csv
10:18:03 | INFO  | Loaded existing master: 74,727 rows
10:18:03 | INFO  |   Loaded: RR_07-23-2026.csv (38 rows)
10:18:03 | INFO  |   Loaded: RR_08-04-2026.csv (37 rows)
10:18:03 | INFO  |   Loaded: RR_06-08-2026.csv (37 rows)
10:18:03 | INFO  |   Loaded: RR_07-15-2026.csv (37 rows)
10:18:03 | INFO  |   Loaded: RR_08-07-2026.csv (37 rows)
10:18:03 | INFO  |   Loaded: RR_06-22-2026.csv (37 rows)
10:18:03 | INFO  |   Loaded: RR_06-10-2026.csv (36 rows)
10:18:03 | INFO  |   Loaded: RR_08-12-2026.csv (37 rows)
10:18:03 | INFO  |   Loaded: RR_07-30-2026.csv (38 rows)
10:18:03 | INFO  |   Loaded: RR_07-28-2026.csv (38 rows)
10:18:03 | INFO  |   Loaded: RR_07-17-2026.csv (38 rows)
10:18:03 | INFO  |   Loaded: RR_07-14-2026.csv (37 rows)
10:18:03 | INFO  |   Loaded: RR_06-23-2026.csv (37 rows)
10:18:03 | INFO  |   Loaded: RR_07-21-2026.csv (38 rows)
10:18:03 | INFO  |   Loaded: RR_07-29-2026.csv (38 rows)
10:18:03 | INFO  |   Loaded: RR_07-07-2026.csv (37 rows)
10:18:03 | INFO  |   Loaded: RR_06-09-2026.csv (36 rows)
10:18:03 | INFO  |   Loaded: RR_07-20-2026.csv (38 rows)
10:18:03 | INFO  |   Loaded: RR_08-06-2026.csv (37 rows)
10:18:03 | INFO  |   Loaded: RR_07-02-2026.csv (38 rows)
10:18:03 | INFO  |   Loaded: RR_06-05-2026.csv (37 rows)
10:18:03 | INFO  |   Loaded: RR_07-22-2026.csv (38 rows)
10:18:03 | INFO  |   Loaded: RR_06-11-2026.csv (36 rows)
10:18:03 | INFO  |   Loaded: RR_08-03-2026.csv (37 rows)
10:18:03 | INFO  |   Loaded: RR_07-10-2026.csv (37 rows)
10:18:03 | INFO  |   Loaded: RR_07-09-2026.csv (37 rows)
10:18:03 | INFO  |   Loaded: RR_06-04-2026.csv (37 rows)
10:18:03 | INFO  |   Loaded: RR_06-15-2026.csv (36 rows)
10:18:03 | INFO  |   Loaded: RR_07-27-2026.csv (38 rows)
10:18:03 | INFO  |   Loaded: RR_06-16-2026.csv (36 rows)
10:18:03 | INFO  |   Loaded: RR_06-29-2026.csv (38 rows)
10:18:03 | INFO  |   Loaded: RR_07-31-2026.csv (37 rows)
10:18:03 | INFO  |   Loaded: RR_06-12-2026.csv (36 rows)
10:18:03 | INFO  |   Loaded: RR_07-24-2026.csv (38 rows)
10:18:03 | INFO  |   Loaded: RR_06-30-2026.csv (38 rows)
10:18:03 | INFO  |   Loaded: RR_07-16-2026.csv (37 rows)
10:18:03 | INFO  |   Loaded: RR_07-06-2026.csv (37 rows)
10:18:03 | INFO  |   Loaded: RR_06-24-2026.csv (37 rows)
10:18:03 | INFO  |   Loaded: RR_06-17-2026.csv (36 rows)
10:18:03 | INFO  |   Loaded: RR_08-05-2026.csv (37 rows)
10:18:03 | INFO  |   Loaded: RR_07-13-2026.csv (37 rows)
10:18:03 | INFO  |   Loaded: RR_08-10-2026.csv (37 rows)
10:18:03 | INFO  |   Loaded: RR_06-26-2026.csv (38 rows)
10:18:03 | INFO  |   Loaded: RR_06-18-2026.csv (37 rows)
10:18:03 | INFO  |   Loaded: RR_06-25-2026.csv (38 rows)
10:18:03 | INFO  |   Loaded: RR_07-08-2026.csv (37 rows)
10:18:03 | INFO  |   Loaded: RR_07-01-2026.csv (38 rows)
10:18:03 | INFO  |   Loaded: RR_08-11-2026.csv (37 rows)
10:18:03 | INFO  | Combined new data: 1785 rows
10:18:03 | INFO  | Removed 1785 duplicate entries
10:18:03 | INFO  | ✅ Saved master CSV: 74,727 total rows
10:18:03 | INFO  |    Date range: 2017-01-03 to 2026-08-12
10:18:03 | INFO  | 
======================================================================
10:18:03 | INFO  | STAGE 3: TICKER SUBSETTING
10:18:03 | INFO  | ======================================================================
10:18:03 | INFO  | Loaded master: 74,727 rows
10:18:03 | INFO  | Creating subsets for 9 tickers
10:18:03 | INFO  |   ✅ UST10Y: 2387 rows | 2017-01-03 to 2026-08-12
10:18:03 | INFO  |   ✅ SPX: 2387 rows | 2017-01-03 to 2026-08-12
10:18:03 | INFO  |   ✅ COMPQ: 2387 rows | 2017-01-03 to 2026-08-12
10:18:03 | INFO  |   ✅ RUT: 2386 rows | 2017-01-03 to 2026-08-12
10:18:03 | INFO  |   ✅ VIX: 2387 rows | 2017-01-03 to 2026-08-12
10:18:03 | INFO  |   ✅ USD: 2387 rows | 2017-01-03 to 2026-08-12
10:18:03 | INFO  |   ✅ GOLD: 2385 rows | 2017-01-03 to 2026-08-12
10:18:03 | INFO  |   ✅ AAPL: 2385 rows | 2017-01-03 to 2026-08-12
10:18:03 | INFO  |   ✅ BITCOIN: 756 rows | 2023-08-01 to 2026-08-12
10:18:03 | INFO  | ✅ Ticker subsetting complete
10:18:03 | INFO  | 
======================================================================
10:18:03 | INFO  | STAGE 4: ENRICHMENT
10:18:03 | INFO  | ======================================================================
10:18:03 | INFO  | Enriching 9 tickers
10:18:03 | INFO  | 
──────────────────────────────────────────────────────────────────────
10:18:03 | INFO  | Enriching: SPX
10:18:03 | INFO  | ──────────────────────────────────────────────────────────────────────
10:18:03 | INFO  |   Loaded 2387 rows from SPX.csv
10:18:03 | INFO  |   Yahoo ticker: ^GSPC
10:18:03 | INFO  |   OHLC prefix: GSPC
10:18:03 | INFO  |   Vol prefix: VIX
10:18:03 | INFO  |   Downloading ^GSPC OHLC...
10:18:04 | INFO  |     Downloaded 2415 days (2017-01-03 to 2026-08-12)
10:18:04 | INFO  |   Downloading ^VIX volatility...
10:18:04 | INFO  |     Downloaded 2416 days (2017-01-03 to 2026-08-12)
10:18:04 | WARNING |   ⚠️  28 trading days missing from original CSV
10:18:04 | INFO  |   ✓ Enrichment complete: 2415 rows
10:18:04 | INFO  |   ✅ Saved: SPX_enriched.csv (2415 rows)
10:18:04 | WARNING |   ⚠️  28 rows need manual update
10:18:04 | INFO  | 
──────────────────────────────────────────────────────────────────────
10:18:04 | INFO  | Enriching: GOLD
10:18:04 | INFO  | ──────────────────────────────────────────────────────────────────────
10:18:04 | INFO  |   Loaded 2385 rows from GOLD.csv
10:18:04 | INFO  |   Yahoo ticker: GC=F
10:18:04 | INFO  |   OHLC prefix: GC
10:18:04 | INFO  |   Vol prefix: GVZ
10:18:04 | INFO  |   Downloading GC=F OHLC...
10:18:04 | INFO  |     Downloaded 2416 days (2017-01-03 to 2026-08-12)
10:18:04 | INFO  |   Downloading ^GVZ volatility...
10:18:04 | INFO  |     Downloaded 2415 days (2017-01-03 to 2026-08-12)
10:18:04 | WARNING |   ⚠️  32 trading days missing from original CSV
10:18:04 | INFO  |   ✓ Enrichment complete: 2416 rows
10:18:04 | INFO  |   ✅ Saved: GOLD_enriched.csv (2416 rows)
10:18:04 | WARNING |   ⚠️  32 rows need manual update
10:18:04 | INFO  | 
──────────────────────────────────────────────────────────────────────
10:18:04 | INFO  | Enriching: UST10Y
10:18:04 | INFO  | ──────────────────────────────────────────────────────────────────────
10:18:04 | INFO  |   Loaded 2387 rows from UST10Y.csv
10:18:04 | INFO  |   Yahoo ticker: ^TNX
10:18:04 | INFO  |   OHLC prefix: TNX
10:18:04 | INFO  |   Vol prefix: VIX
10:18:04 | INFO  |   Downloading ^TNX OHLC...
10:18:04 | INFO  |     Downloaded 14 days (2026-07-23 to 2026-08-12)
10:18:04 | INFO  |   Downloading ^VIX volatility...
10:18:04 | INFO  |     Downloaded 2416 days (2017-01-03 to 2026-08-12)
10:18:04 | INFO  |   ✓ Enrichment complete: 14 rows
10:18:04 | INFO  |   ✅ Saved: UST10Y_enriched.csv (14 rows)
10:18:04 | INFO  | 
──────────────────────────────────────────────────────────────────────
10:18:04 | INFO  | Enriching: COMPQ
10:18:04 | INFO  | ──────────────────────────────────────────────────────────────────────
10:18:04 | INFO  |   Loaded 2387 rows from COMPQ.csv
10:18:04 | INFO  |   Yahoo ticker: ^IXIC
10:18:04 | INFO  |   OHLC prefix: IXIC
10:18:04 | INFO  |   Vol prefix: VIX
10:18:04 | INFO  |   Downloading ^IXIC OHLC...
10:18:05 | INFO  |     Downloaded 2415 days (2017-01-03 to 2026-08-12)
10:18:05 | INFO  |   Downloading ^VIX volatility...
10:18:05 | INFO  |     Downloaded 2416 days (2017-01-03 to 2026-08-12)
10:18:05 | WARNING |   ⚠️  28 trading days missing from original CSV
10:18:05 | INFO  |   ✓ Enrichment complete: 2415 rows
10:18:05 | INFO  |   ✅ Saved: COMPQ_enriched.csv (2415 rows)
10:18:05 | WARNING |   ⚠️  28 rows need manual update
10:18:05 | INFO  | 
──────────────────────────────────────────────────────────────────────
10:18:05 | INFO  | Enriching: RUT
10:18:05 | INFO  | ──────────────────────────────────────────────────────────────────────
10:18:05 | INFO  |   Loaded 2386 rows from RUT.csv
10:18:05 | INFO  |   Yahoo ticker: ^RUT
10:18:05 | INFO  |   OHLC prefix: RUT
10:18:05 | INFO  |   Vol prefix: VIX
10:18:05 | INFO  |   Downloading ^RUT OHLC...
10:18:06 | INFO  |     Downloaded 2415 days (2017-01-03 to 2026-08-12)
10:18:06 | INFO  |   Downloading ^VIX volatility...
10:18:06 | INFO  |     Downloaded 2416 days (2017-01-03 to 2026-08-12)
10:18:06 | WARNING |   ⚠️  29 trading days missing from original CSV
10:18:06 | INFO  |   ✓ Enrichment complete: 2415 rows
10:18:06 | INFO  |   ✅ Saved: RUT_enriched.csv (2415 rows)
10:18:06 | WARNING |   ⚠️  29 rows need manual update
10:18:06 | INFO  | 
──────────────────────────────────────────────────────────────────────
10:18:06 | INFO  | Enriching: VIX
10:18:06 | INFO  | ──────────────────────────────────────────────────────────────────────
10:18:06 | INFO  |   Loaded 2387 rows from VIX.csv
10:18:06 | INFO  |   Yahoo ticker: ^VIX
10:18:06 | INFO  |   OHLC prefix: VIX
10:18:06 | INFO  |   Vol prefix: VIXI
10:18:06 | INFO  |   Downloading ^VIX OHLC...
10:18:06 | INFO  |     Downloaded 2416 days (2017-01-03 to 2026-08-12)
10:18:06 | INFO  |   Downloading ^VIX volatility...
10:18:06 | INFO  |     Downloaded 2416 days (2017-01-03 to 2026-08-12)
10:18:06 | WARNING |   ⚠️  29 trading days missing from original CSV
10:18:06 | INFO  |   ✓ Enrichment complete: 2416 rows
10:18:06 | INFO  |   ✅ Saved: VIX_enriched.csv (2416 rows)
10:18:06 | WARNING |   ⚠️  29 rows need manual update
10:18:06 | INFO  | 
──────────────────────────────────────────────────────────────────────
10:18:06 | INFO  | Enriching: USD
10:18:06 | INFO  | ──────────────────────────────────────────────────────────────────────
10:18:06 | INFO  |   Loaded 2387 rows from USD.csv
10:18:06 | INFO  |   Yahoo ticker: DX-Y.NYB
10:18:06 | INFO  |   OHLC prefix: DX
10:18:06 | INFO  |   Vol prefix: VIX
10:18:06 | INFO  |   Downloading DX-Y.NYB OHLC...
10:18:06 | INFO  |     Downloaded 2417 days (2017-01-03 to 2026-08-12)
10:18:06 | INFO  |   Downloading ^VIX volatility...
10:18:07 | INFO  |     Downloaded 2413 days (2017-01-03 to 2026-08-12)
10:18:08 | WARNING |   ⚠️  30 trading days missing from original CSV
10:18:08 | INFO  |   ✓ Enrichment complete: 2417 rows
10:18:08 | INFO  |   ✅ Saved: USD_enriched.csv (2417 rows)
10:18:08 | WARNING |   ⚠️  30 rows need manual update
10:18:08 | INFO  | 
──────────────────────────────────────────────────────────────────────
10:18:08 | INFO  | Enriching: AAPL
10:18:08 | INFO  | ──────────────────────────────────────────────────────────────────────
10:18:08 | INFO  |   Loaded 2385 rows from AAPL.csv
10:18:08 | INFO  |   Yahoo ticker: AAPL
10:18:08 | INFO  |   OHLC prefix: AAPL
10:18:08 | INFO  |   Vol prefix: VIX
10:18:08 | INFO  |   Downloading AAPL OHLC...
10:18:08 | INFO  |     Downloaded 2415 days (2017-01-03 to 2026-08-12)
10:18:08 | INFO  |   Downloading ^VIX volatility...
10:18:08 | INFO  |     Downloaded 2416 days (2017-01-03 to 2026-08-12)
10:18:08 | WARNING |   ⚠️  30 trading days missing from original CSV
10:18:08 | INFO  |   ✓ Enrichment complete: 2415 rows
10:18:08 | INFO  |   ✅ Saved: AAPL_enriched.csv (2415 rows)
10:18:08 | WARNING |   ⚠️  30 rows need manual update
10:18:08 | INFO  | 
──────────────────────────────────────────────────────────────────────
10:18:08 | INFO  | Enriching: BITCOIN
10:18:08 | INFO  | ──────────────────────────────────────────────────────────────────────
10:18:08 | INFO  |   Loaded 756 rows from BITCOIN.csv
10:18:08 | INFO  |   ⚠️  Row count changed (3510 → 756) - re-enriching
10:18:08 | INFO  |   Yahoo ticker: BTC-USD
10:18:08 | INFO  |   OHLC prefix: BTC
10:18:08 | INFO  |   Vol prefix: VIX
10:18:08 | INFO  |   Downloading BTC-USD OHLC...
10:18:08 | INFO  |     Downloaded 3510 days (2017-01-02 to 2026-08-12)
10:18:08 | INFO  |   Downloading ^VIX volatility...
10:18:08 | INFO  |     Downloaded 2416 days (2017-01-03 to 2026-08-12)
10:18:08 | WARNING |   ⚠️  2754 trading days missing from original CSV
10:18:08 | INFO  |   ✓ Enrichment complete: 3510 rows
10:18:08 | INFO  |   ✅ Saved: BITCOIN_enriched.csv (3510 rows)
10:18:08 | WARNING |   ⚠️  2754 rows need manual update
10:18:08 | INFO  | 
======================================================================
10:18:08 | INFO  | ✅ Enrichment complete:
10:18:08 | INFO  |    Success: 9
10:18:08 | INFO  |    Skipped (up-to-date): 0
10:18:08 | INFO  |    Errors:  0
10:18:08 | INFO  | ======================================================================
10:18:08 | INFO  | 
======================================================================
10:18:08 | INFO  | ✅ PIPELINE COMPLETE
10:18:08 | INFO  | ======================================================================
