08:04:49 | INFO  | ======================================================================
08:04:49 | INFO  | ETL PIPELINE START
08:04:49 | INFO  | ======================================================================
08:04:49 | INFO  | 
📋 PIPELINE PLAN:
08:04:49 | INFO  |    HTML Files: 53 new / 53 total
08:04:49 | INFO  |    Master needs propagation: False
08:04:49 | INFO  | 
======================================================================
08:04:49 | INFO  | STAGE 1: HTML PARSING
08:04:49 | INFO  | ======================================================================
08:04:49 | INFO  | 
Processing: AUGUST 19, 2026.html
08:04:49 | INFO  |   ✅ Saved: RR_08-19-2026.csv (37 rows)
08:04:49 | INFO  | 
Processing: JULY 1, 2026.html
08:04:49 | INFO  |   ✅ Saved: RR_07-01-2026.csv (38 rows)
08:04:49 | INFO  | 
Processing: AUGUST 10, 2026.html
08:04:49 | INFO  |   ✅ Saved: RR_08-10-2026.csv (37 rows)
08:04:49 | INFO  | 
Processing: JULY 22, 2026.html
08:04:49 | INFO  |   ✅ Saved: RR_07-22-2026.csv (38 rows)
08:04:49 | INFO  | 
Processing: JUNE 9, 2026.html
08:04:50 | INFO  |   ✅ Saved: RR_06-09-2026.csv (36 rows)
08:04:50 | INFO  | 
Processing: JUNE 4, 2026.html
08:04:50 | INFO  |   ✅ Saved: RR_06-04-2026.csv (37 rows)
08:04:50 | INFO  | 
Processing: JUNE 11, 2026.html
08:04:50 | INFO  |   ✅ Saved: RR_06-11-2026.csv (36 rows)
08:04:50 | INFO  | 
Processing: JUNE 25, 2026.html
08:04:50 | INFO  |   ✅ Saved: RR_06-25-2026.csv (38 rows)
08:04:50 | INFO  | 
Processing: AUGUST 7, 2026.html
08:04:50 | INFO  |   ✅ Saved: RR_08-07-2026.csv (37 rows)
08:04:50 | INFO  | 
Processing: JUNE 17, 2026.html
08:04:50 | INFO  |   ✅ Saved: RR_06-17-2026.csv (36 rows)
08:04:50 | INFO  | 
Processing: JULY 24, 2026.html
08:04:50 | INFO  |   ✅ Saved: RR_07-24-2026.csv (38 rows)
08:04:50 | INFO  | 
Processing: JULY 21, 2026.html
08:04:50 | INFO  |   ✅ Saved: RR_07-21-2026.csv (38 rows)
08:04:50 | INFO  | 
Processing: AUGUST 17, 2026.html
08:04:50 | INFO  |   ✅ Saved: RR_08-17-2026.csv (37 rows)
08:04:50 | INFO  | 
Processing: JUNE 16, 2026.html
08:04:50 | INFO  |   ✅ Saved: RR_06-16-2026.csv (36 rows)
08:04:50 | INFO  | 
Processing: JULY 23, 2026.html
08:04:50 | INFO  |   ✅ Saved: RR_07-23-2026.csv (38 rows)
08:04:50 | INFO  | 
Processing: AUGUST 13, 2026.html
08:04:50 | INFO  |   ✅ Saved: RR_08-13-2026.csv (37 rows)
08:04:50 | INFO  | 
Processing: JUNE 23, 2026.html
08:04:50 | INFO  |   ✅ Saved: RR_06-23-2026.csv (37 rows)
08:04:50 | INFO  | 
Processing: JUNE 12, 2026.html
08:04:51 | INFO  |   ✅ Saved: RR_06-12-2026.csv (36 rows)
08:04:51 | INFO  | 
Processing: JUNE 8, 2026.html
08:04:51 | INFO  |   ✅ Saved: RR_06-08-2026.csv (37 rows)
08:04:51 | INFO  | 
Processing: JULY 6, 2026.html
08:04:51 | INFO  |   ✅ Saved: RR_07-06-2026.csv (37 rows)
08:04:51 | INFO  | 
Processing: JUNE 22, 2026.html
08:04:51 | INFO  |   ✅ Saved: RR_06-22-2026.csv (37 rows)
08:04:51 | INFO  | 
Processing: JUNE 15, 2026.html
08:04:51 | INFO  |   ✅ Saved: RR_06-15-2026.csv (36 rows)
08:04:51 | INFO  | 
Processing: AUGUST 6, 2026.html
08:04:51 | INFO  |   ✅ Saved: RR_08-06-2026.csv (37 rows)
08:04:51 | INFO  | 
Processing: JULY 13, 2026.html
08:04:51 | INFO  |   ✅ Saved: RR_07-13-2026.csv (37 rows)
08:04:51 | INFO  | 
Processing: JUNE 5, 2026.html
08:04:51 | INFO  |   ✅ Saved: RR_06-05-2026.csv (37 rows)
08:04:51 | INFO  | 
Processing: AUGUST 11, 2026.html
08:04:51 | INFO  |   ✅ Saved: RR_08-11-2026.csv (37 rows)
08:04:51 | INFO  | 
Processing: JULY 8, 2026.html
08:04:51 | INFO  |   ✅ Saved: RR_07-08-2026.csv (37 rows)
08:04:51 | INFO  | 
Processing: JUNE 26, 2026.html
08:04:51 | INFO  |   ✅ Saved: RR_06-26-2026.csv (38 rows)
08:04:51 | INFO  | 
Processing: JULY 16, 2026.html
08:04:51 | INFO  |   ✅ Saved: RR_07-16-2026.csv (37 rows)
08:04:51 | INFO  | 
Processing: JULY 31, 2026.html
08:04:52 | INFO  |   ✅ Saved: RR_07-31-2026.csv (37 rows)
08:04:52 | INFO  | 
Processing: JUNE 10, 2026.html
08:04:52 | INFO  |   ✅ Saved: RR_06-10-2026.csv (36 rows)
08:04:52 | INFO  | 
Processing: JULY 2, 2026.html
08:04:52 | INFO  |   ✅ Saved: RR_07-02-2026.csv (38 rows)
08:04:52 | INFO  | 
Processing: AUGUST 3, 2026.html
08:04:52 | INFO  |   ✅ Saved: RR_08-03-2026.csv (37 rows)
08:04:52 | INFO  | 
Processing: JULY 7, 2026.html
08:04:52 | INFO  |   ✅ Saved: RR_07-07-2026.csv (37 rows)
08:04:52 | INFO  | 
Processing: AUGUST 18, 2026.html
08:04:52 | INFO  |   ✅ Saved: RR_08-18-2026.csv (37 rows)
08:04:52 | INFO  | 
Processing: JULY 17, 2026.html
08:04:52 | INFO  |   ✅ Saved: RR_07-17-2026.csv (38 rows)
08:04:52 | INFO  | 
Processing: JULY 20, 2026.html
08:04:52 | INFO  |   ✅ Saved: RR_07-20-2026.csv (38 rows)
08:04:52 | INFO  | 
Processing: JUNE 29, 2026.html
08:04:52 | INFO  |   ✅ Saved: RR_06-29-2026.csv (38 rows)
08:04:52 | INFO  | 
Processing: JULY 30, 2026.html
08:04:52 | INFO  |   ✅ Saved: RR_07-30-2026.csv (38 rows)
08:04:52 | INFO  | 
Processing: AUGUST 4, 2026.html
08:04:52 | INFO  |   ✅ Saved: RR_08-04-2026.csv (37 rows)
08:04:52 | INFO  | 
Processing: JUNE 30, 2026.html
08:04:52 | INFO  |   ✅ Saved: RR_06-30-2026.csv (38 rows)
08:04:52 | INFO  | 
Processing: AUGUST 14, 2026.html
08:04:52 | INFO  |   ✅ Saved: RR_08-14-2026.csv (37 rows)
08:04:52 | INFO  | 
Processing: JUNE 24, 2026.html
08:04:53 | INFO  |   ✅ Saved: RR_06-24-2026.csv (37 rows)
08:04:53 | INFO  | 
Processing: JULY 9, 2026.html
08:04:53 | INFO  |   ✅ Saved: RR_07-09-2026.csv (37 rows)
08:04:53 | INFO  | 
Processing: AUGUST 12, 2026.html
08:04:53 | INFO  |   ✅ Saved: RR_08-12-2026.csv (37 rows)
08:04:53 | INFO  | 
Processing: JUNE 18, 2026.html
08:04:53 | INFO  |   ✅ Saved: RR_06-18-2026.csv (37 rows)
08:04:53 | INFO  | 
Processing: JULY 10, 2026.html
08:04:53 | INFO  |   ✅ Saved: RR_07-10-2026.csv (37 rows)
08:04:53 | INFO  | 
Processing: JULY 29, 2026.html
08:04:53 | INFO  |   ✅ Saved: RR_07-29-2026.csv (38 rows)
08:04:53 | INFO  | 
Processing: JULY 15, 2026.html
08:04:53 | INFO  |   ✅ Saved: RR_07-15-2026.csv (37 rows)
08:04:53 | INFO  | 
Processing: JULY 28, 2026.html
08:04:53 | INFO  |   ✅ Saved: RR_07-28-2026.csv (38 rows)
08:04:53 | INFO  | 
Processing: AUGUST 5, 2026.html
08:04:53 | INFO  |   ✅ Saved: RR_08-05-2026.csv (37 rows)
08:04:53 | INFO  | 
Processing: JULY 14, 2026.html
08:04:53 | INFO  |   ✅ Saved: RR_07-14-2026.csv (37 rows)
08:04:53 | INFO  | 
Processing: JULY 27, 2026.html
08:04:53 | INFO  |   ✅ Saved: RR_07-27-2026.csv (38 rows)
08:04:53 | INFO  | 
✅ HTML parsing complete: 53 success, 0 errors
08:04:53 | INFO  | 
======================================================================
08:04:53 | INFO  | STAGE 2: MASTER AGGREGATION
08:04:53 | INFO  | ======================================================================
08:04:53 | INFO  | ✅ Backed up master to: risk_ranges_master_backup_20260819_080453.csv
08:04:53 | INFO  | Loaded existing master: 74,875 rows
08:04:53 | INFO  |   Loaded: RR_08-19-2026.csv (37 rows)
08:04:53 | INFO  |   Loaded: RR_07-01-2026.csv (38 rows)
08:04:53 | INFO  |   Loaded: RR_08-10-2026.csv (37 rows)
08:04:53 | INFO  |   Loaded: RR_07-22-2026.csv (38 rows)
08:04:53 | INFO  |   Loaded: RR_06-09-2026.csv (36 rows)
08:04:53 | INFO  |   Loaded: RR_06-04-2026.csv (37 rows)
08:04:53 | INFO  |   Loaded: RR_06-11-2026.csv (36 rows)
08:04:53 | INFO  |   Loaded: RR_06-25-2026.csv (38 rows)
08:04:53 | INFO  |   Loaded: RR_08-07-2026.csv (37 rows)
08:04:53 | INFO  |   Loaded: RR_06-17-2026.csv (36 rows)
08:04:53 | INFO  |   Loaded: RR_07-24-2026.csv (38 rows)
08:04:53 | INFO  |   Loaded: RR_07-21-2026.csv (38 rows)
08:04:53 | INFO  |   Loaded: RR_08-17-2026.csv (37 rows)
08:04:53 | INFO  |   Loaded: RR_06-16-2026.csv (36 rows)
08:04:53 | INFO  |   Loaded: RR_07-23-2026.csv (38 rows)
08:04:53 | INFO  |   Loaded: RR_08-13-2026.csv (37 rows)
08:04:53 | INFO  |   Loaded: RR_06-23-2026.csv (37 rows)
08:04:53 | INFO  |   Loaded: RR_06-12-2026.csv (36 rows)
08:04:53 | INFO  |   Loaded: RR_06-08-2026.csv (37 rows)
08:04:53 | INFO  |   Loaded: RR_07-06-2026.csv (37 rows)
08:04:53 | INFO  |   Loaded: RR_06-22-2026.csv (37 rows)
08:04:53 | INFO  |   Loaded: RR_06-15-2026.csv (36 rows)
08:04:53 | INFO  |   Loaded: RR_08-06-2026.csv (37 rows)
08:04:53 | INFO  |   Loaded: RR_07-13-2026.csv (37 rows)
08:04:53 | INFO  |   Loaded: RR_06-05-2026.csv (37 rows)
08:04:53 | INFO  |   Loaded: RR_08-11-2026.csv (37 rows)
08:04:53 | INFO  |   Loaded: RR_07-08-2026.csv (37 rows)
08:04:53 | INFO  |   Loaded: RR_06-26-2026.csv (38 rows)
08:04:53 | INFO  |   Loaded: RR_07-16-2026.csv (37 rows)
08:04:53 | INFO  |   Loaded: RR_07-31-2026.csv (37 rows)
08:04:53 | INFO  |   Loaded: RR_06-10-2026.csv (36 rows)
08:04:53 | INFO  |   Loaded: RR_07-02-2026.csv (38 rows)
08:04:53 | INFO  |   Loaded: RR_08-03-2026.csv (37 rows)
08:04:53 | INFO  |   Loaded: RR_07-07-2026.csv (37 rows)
08:04:53 | INFO  |   Loaded: RR_08-18-2026.csv (37 rows)
08:04:53 | INFO  |   Loaded: RR_07-17-2026.csv (38 rows)
08:04:53 | INFO  |   Loaded: RR_07-20-2026.csv (38 rows)
08:04:53 | INFO  |   Loaded: RR_06-29-2026.csv (38 rows)
08:04:53 | INFO  |   Loaded: RR_07-30-2026.csv (38 rows)
08:04:53 | INFO  |   Loaded: RR_08-04-2026.csv (37 rows)
08:04:53 | INFO  |   Loaded: RR_06-30-2026.csv (38 rows)
08:04:53 | INFO  |   Loaded: RR_08-14-2026.csv (37 rows)
08:04:53 | INFO  |   Loaded: RR_06-24-2026.csv (37 rows)
08:04:53 | INFO  |   Loaded: RR_07-09-2026.csv (37 rows)
08:04:53 | INFO  |   Loaded: RR_08-12-2026.csv (37 rows)
08:04:53 | INFO  |   Loaded: RR_06-18-2026.csv (37 rows)
08:04:53 | INFO  |   Loaded: RR_07-10-2026.csv (37 rows)
08:04:53 | INFO  |   Loaded: RR_07-29-2026.csv (38 rows)
08:04:53 | INFO  |   Loaded: RR_07-15-2026.csv (37 rows)
08:04:53 | INFO  |   Loaded: RR_07-28-2026.csv (38 rows)
08:04:53 | INFO  |   Loaded: RR_08-05-2026.csv (37 rows)
08:04:53 | INFO  |   Loaded: RR_07-14-2026.csv (37 rows)
08:04:53 | INFO  |   Loaded: RR_07-27-2026.csv (38 rows)
08:04:53 | INFO  | Combined new data: 1970 rows
08:04:53 | INFO  | Removed 1933 duplicate entries
08:04:54 | INFO  | ✅ Saved master CSV: 74,912 total rows
08:04:54 | INFO  |    Date range: 2017-01-03 to 2026-08-19
08:04:54 | INFO  | 
======================================================================
08:04:54 | INFO  | STAGE 3: TICKER SUBSETTING
08:04:54 | INFO  | ======================================================================
08:04:54 | INFO  | Loaded master: 74,912 rows
08:04:54 | INFO  | Creating subsets for 9 tickers
08:04:54 | INFO  |   ✅ UST10Y: 2392 rows | 2017-01-03 to 2026-08-19
08:04:54 | INFO  |   ✅ SPX: 2392 rows | 2017-01-03 to 2026-08-19
08:04:54 | INFO  |   ✅ COMPQ: 2392 rows | 2017-01-03 to 2026-08-19
08:04:54 | INFO  |   ✅ RUT: 2391 rows | 2017-01-03 to 2026-08-19
08:04:54 | INFO  |   ✅ VIX: 2392 rows | 2017-01-03 to 2026-08-19
08:04:54 | INFO  |   ✅ USD: 2392 rows | 2017-01-03 to 2026-08-19
08:04:54 | INFO  |   ✅ GOLD: 2390 rows | 2017-01-03 to 2026-08-19
08:04:54 | INFO  |   ✅ AAPL: 2390 rows | 2017-01-03 to 2026-08-19
08:04:54 | INFO  |   ✅ BITCOIN: 761 rows | 2023-08-01 to 2026-08-19
08:04:54 | INFO  | ✅ Ticker subsetting complete
08:04:54 | INFO  | 
======================================================================
08:04:54 | INFO  | STAGE 4: ENRICHMENT
08:04:54 | INFO  | ======================================================================
08:04:54 | INFO  | Enriching 9 tickers
08:04:54 | INFO  | 
──────────────────────────────────────────────────────────────────────
08:04:54 | INFO  | Enriching: SPX
08:04:54 | INFO  | ──────────────────────────────────────────────────────────────────────
08:04:54 | INFO  |   Loaded 2392 rows from SPX.csv
08:04:54 | INFO  |   Yahoo ticker: ^GSPC
08:04:54 | INFO  |   OHLC prefix: GSPC
08:04:54 | INFO  |   Vol prefix: VIX
08:04:54 | INFO  |   Downloading ^GSPC OHLC...
08:04:54 | INFO  |     Downloaded 2416 days (2017-01-03 to 2026-08-18)
08:04:54 | INFO  |   Downloading ^VIX volatility...
08:04:55 | INFO  |     Downloaded 2421 days (2017-01-03 to 2026-08-19)
08:04:55 | WARNING |   ⚠️  28 trading days missing from original CSV
08:04:55 | INFO  |   ✓ Enrichment complete: 2416 rows
08:04:55 | INFO  |   ✅ Saved: SPX_enriched.csv (2416 rows)
08:04:55 | WARNING |   ⚠️  28 rows need manual update
08:04:55 | INFO  | 
──────────────────────────────────────────────────────────────────────
08:04:55 | INFO  | Enriching: GOLD
08:04:55 | INFO  | ──────────────────────────────────────────────────────────────────────
08:04:55 | INFO  |   Loaded 2390 rows from GOLD.csv
08:04:55 | INFO  |   Yahoo ticker: GC=F
08:04:55 | INFO  |   OHLC prefix: GC
08:04:55 | INFO  |   Vol prefix: GVZ
08:04:55 | INFO  |   Downloading GC=F OHLC...
08:04:55 | INFO  |     Downloaded 2421 days (2017-01-03 to 2026-08-19)
08:04:55 | INFO  |   Downloading ^GVZ volatility...
08:04:55 | INFO  |     Downloaded 2416 days (2017-01-03 to 2026-08-18)
08:04:55 | WARNING |   ⚠️  32 trading days missing from original CSV
08:04:55 | INFO  |   ✓ Enrichment complete: 2421 rows
08:04:55 | INFO  |   ✅ Saved: GOLD_enriched.csv (2421 rows)
08:04:55 | WARNING |   ⚠️  32 rows need manual update
08:04:55 | INFO  | 
──────────────────────────────────────────────────────────────────────
08:04:55 | INFO  | Enriching: UST10Y
08:04:55 | INFO  | ──────────────────────────────────────────────────────────────────────
08:04:55 | INFO  |   Loaded 2392 rows from UST10Y.csv
08:04:55 | INFO  |   Yahoo ticker: ^TNX
08:04:55 | INFO  |   OHLC prefix: TNX
08:04:55 | INFO  |   Vol prefix: VIX
08:04:55 | INFO  |   Downloading ^TNX OHLC...
08:04:55 | INFO  |     Downloaded 18 days (2026-07-23 to 2026-08-18)
08:04:55 | INFO  |   Downloading ^VIX volatility...
08:04:55 | INFO  |     Downloaded 2418 days (2017-01-03 to 2026-08-19)
08:04:55 | INFO  |   ✓ Enrichment complete: 18 rows
08:04:55 | INFO  |   ✅ Saved: UST10Y_enriched.csv (18 rows)
08:04:55 | INFO  | 
──────────────────────────────────────────────────────────────────────
08:04:55 | INFO  | Enriching: COMPQ
08:04:55 | INFO  | ──────────────────────────────────────────────────────────────────────
08:04:55 | INFO  |   Loaded 2392 rows from COMPQ.csv
08:04:55 | INFO  |   Yahoo ticker: ^IXIC
08:04:55 | INFO  |   OHLC prefix: IXIC
08:04:55 | INFO  |   Vol prefix: VIX
08:04:55 | INFO  |   Downloading ^IXIC OHLC...
08:04:56 | INFO  |     Downloaded 2416 days (2017-01-03 to 2026-08-18)
08:04:56 | INFO  |   Downloading ^VIX volatility...
08:04:56 | INFO  |     Downloaded 2421 days (2017-01-03 to 2026-08-19)
08:04:56 | WARNING |   ⚠️  28 trading days missing from original CSV
08:04:56 | INFO  |   ✓ Enrichment complete: 2416 rows
08:04:56 | INFO  |   ✅ Saved: COMPQ_enriched.csv (2416 rows)
08:04:56 | WARNING |   ⚠️  28 rows need manual update
08:04:56 | INFO  | 
──────────────────────────────────────────────────────────────────────
08:04:56 | INFO  | Enriching: RUT
08:04:56 | INFO  | ──────────────────────────────────────────────────────────────────────
08:04:56 | INFO  |   Loaded 2391 rows from RUT.csv
08:04:56 | INFO  |   Yahoo ticker: ^RUT
08:04:56 | INFO  |   OHLC prefix: RUT
08:04:56 | INFO  |   Vol prefix: VIX
08:04:56 | INFO  |   Downloading ^RUT OHLC...
08:04:56 | INFO  |     Downloaded 2416 days (2017-01-03 to 2026-08-18)
08:04:56 | INFO  |   Downloading ^VIX volatility...
08:04:56 | INFO  |     Downloaded 2421 days (2017-01-03 to 2026-08-19)
08:04:56 | WARNING |   ⚠️  29 trading days missing from original CSV
08:04:56 | INFO  |   ✓ Enrichment complete: 2416 rows
08:04:56 | INFO  |   ✅ Saved: RUT_enriched.csv (2416 rows)
08:04:56 | WARNING |   ⚠️  29 rows need manual update
08:04:56 | INFO  | 
──────────────────────────────────────────────────────────────────────
08:04:56 | INFO  | Enriching: VIX
08:04:56 | INFO  | ──────────────────────────────────────────────────────────────────────
08:04:56 | INFO  |   Loaded 2392 rows from VIX.csv
08:04:56 | INFO  |   Yahoo ticker: ^VIX
08:04:56 | INFO  |   OHLC prefix: VIX
08:04:56 | INFO  |   Vol prefix: VIXI
08:04:56 | INFO  |   Downloading ^VIX OHLC...
08:04:56 | INFO  |     Downloaded 2421 days (2017-01-03 to 2026-08-19)
08:04:56 | INFO  |   Downloading ^VIX volatility...
08:04:56 | INFO  |     Downloaded 2421 days (2017-01-03 to 2026-08-19)
08:04:56 | WARNING |   ⚠️  29 trading days missing from original CSV
08:04:56 | INFO  |   ✓ Enrichment complete: 2421 rows
08:04:56 | INFO  |   ✅ Saved: VIX_enriched.csv (2421 rows)
08:04:56 | WARNING |   ⚠️  29 rows need manual update
08:04:56 | INFO  | 
──────────────────────────────────────────────────────────────────────
08:04:56 | INFO  | Enriching: USD
08:04:56 | INFO  | ──────────────────────────────────────────────────────────────────────
08:04:56 | INFO  |   Loaded 2392 rows from USD.csv
08:04:56 | INFO  |   Yahoo ticker: DX-Y.NYB
08:04:56 | INFO  |   OHLC prefix: DX
08:04:56 | INFO  |   Vol prefix: VIX
08:04:56 | INFO  |   Downloading DX-Y.NYB OHLC...
08:04:57 | INFO  |     Downloaded 2419 days (2017-01-03 to 2026-08-19)
08:04:57 | INFO  |   Downloading ^VIX volatility...
08:04:57 | INFO  |     Downloaded 2418 days (2017-01-03 to 2026-08-19)
08:04:57 | WARNING |   ⚠️  30 trading days missing from original CSV
08:04:57 | INFO  |   ✓ Enrichment complete: 2419 rows
08:04:57 | INFO  |   ✅ Saved: USD_enriched.csv (2419 rows)
08:04:57 | WARNING |   ⚠️  30 rows need manual update
08:04:57 | INFO  | 
──────────────────────────────────────────────────────────────────────
08:04:57 | INFO  | Enriching: AAPL
08:04:57 | INFO  | ──────────────────────────────────────────────────────────────────────
08:04:57 | INFO  |   Loaded 2390 rows from AAPL.csv
08:04:57 | INFO  |   Yahoo ticker: AAPL
08:04:57 | INFO  |   OHLC prefix: AAPL
08:04:57 | INFO  |   Vol prefix: VIX
08:04:57 | INFO  |   Downloading AAPL OHLC...
08:04:57 | INFO  |     Downloaded 2419 days (2017-01-03 to 2026-08-18)
08:04:57 | INFO  |   Downloading ^VIX volatility...
08:04:57 | INFO  |     Downloaded 2421 days (2017-01-03 to 2026-08-19)
08:04:57 | WARNING |   ⚠️  30 trading days missing from original CSV
08:04:57 | INFO  |   ✓ Enrichment complete: 2419 rows
08:04:57 | INFO  |   ✅ Saved: AAPL_enriched.csv (2419 rows)
08:04:57 | WARNING |   ⚠️  30 rows need manual update
08:04:57 | INFO  | 
──────────────────────────────────────────────────────────────────────
08:04:57 | INFO  | Enriching: BITCOIN
08:04:57 | INFO  | ──────────────────────────────────────────────────────────────────────
08:04:57 | INFO  |   Loaded 761 rows from BITCOIN.csv
08:04:57 | INFO  |   ⚠️  Row count changed (3516 → 761) - re-enriching
08:04:57 | INFO  |   Yahoo ticker: BTC-USD
08:04:57 | INFO  |   OHLC prefix: BTC
08:04:57 | INFO  |   Vol prefix: VIX
08:04:57 | INFO  |   Downloading BTC-USD OHLC...
08:04:58 | INFO  |     Downloaded 3517 days (2017-01-02 to 2026-08-19)
08:04:58 | INFO  |   Downloading ^VIX volatility...
08:04:58 | INFO  |     Downloaded 2418 days (2017-01-03 to 2026-08-19)
08:04:58 | WARNING |   ⚠️  2756 trading days missing from original CSV
08:04:58 | INFO  |   ✓ Enrichment complete: 3517 rows
08:04:58 | INFO  |   ✅ Saved: BITCOIN_enriched.csv (3517 rows)
08:04:58 | WARNING |   ⚠️  2756 rows need manual update
08:04:58 | INFO  | 
======================================================================
08:04:58 | INFO  | ✅ Enrichment complete:
08:04:58 | INFO  |    Success: 9
08:04:58 | INFO  |    Skipped (up-to-date): 0
08:04:58 | INFO  |    Errors:  0
08:04:58 | INFO  | ======================================================================
08:04:58 | INFO  | 
======================================================================
08:04:58 | INFO  | ✅ PIPELINE COMPLETE
08:04:58 | INFO  | ======================================================================
