09:16:00 | INFO  | ======================================================================
09:16:00 | INFO  | ETL PIPELINE START
09:16:00 | INFO  | ======================================================================
09:16:00 | INFO  | 
📋 PIPELINE PLAN:
09:16:00 | INFO  |    HTML Files: 1 new / 39 total
09:16:00 | INFO  |    Master needs propagation: False
09:16:00 | INFO  | 
======================================================================
09:16:00 | INFO  | STAGE 1: HTML PARSING
09:16:00 | INFO  | ======================================================================
09:16:00 | INFO  | 
Processing: SEPTEMBER 25, 2026.html
09:16:00 | INFO  |   ✅ Saved: RR_09-25-2026.csv (37 rows)
09:16:00 | INFO  | 
✅ HTML parsing complete: 1 success, 0 errors
09:16:00 | INFO  | 
======================================================================
09:16:00 | INFO  | STAGE 2: MASTER AGGREGATION
09:16:00 | INFO  | ======================================================================
09:16:00 | INFO  | ✅ Backed up master to: risk_ranges_master_backup_20260925_091600.csv
09:16:00 | INFO  | Loaded existing master: 75,835 rows
09:16:00 | INFO  |   Loaded: RR_09-25-2026.csv (37 rows)
09:16:00 | INFO  | Combined new data: 37 rows
09:16:00 | INFO  | ✅ Saved master CSV: 75,872 total rows
09:16:00 | INFO  |    Date range: 2017-01-03 to 2026-09-25
09:16:00 | INFO  | 
======================================================================
09:16:00 | INFO  | STAGE 3: TICKER SUBSETTING
09:16:00 | INFO  | ======================================================================
09:16:00 | INFO  | Loaded master: 75,872 rows
09:16:00 | INFO  | Creating subsets for 9 tickers
09:16:00 | INFO  |   ✅ UST10Y: 2418 rows | 2017-01-03 to 2026-09-25
09:16:00 | INFO  |   ✅ SPX: 2418 rows | 2017-01-03 to 2026-09-25
09:16:00 | INFO  |   ✅ COMPQ: 2418 rows | 2017-01-03 to 2026-09-25
09:16:00 | INFO  |   ✅ RUT: 2417 rows | 2017-01-03 to 2026-09-25
09:16:00 | INFO  |   ✅ VIX: 2418 rows | 2017-01-03 to 2026-09-25
09:16:00 | INFO  |   ✅ USD: 2418 rows | 2017-01-03 to 2026-09-25
09:16:00 | INFO  |   ✅ GOLD: 2416 rows | 2017-01-03 to 2026-09-25
09:16:00 | INFO  |   ✅ AAPL: 2416 rows | 2017-01-03 to 2026-09-25
09:16:00 | INFO  |   ✅ BITCOIN: 787 rows | 2023-08-01 to 2026-09-25
09:16:00 | INFO  | ✅ Ticker subsetting complete
09:16:00 | INFO  | 
======================================================================
09:16:00 | INFO  | STAGE 4: ENRICHMENT
09:16:00 | INFO  | ======================================================================
09:16:00 | INFO  | Enriching 9 tickers
09:16:00 | INFO  | 
──────────────────────────────────────────────────────────────────────
09:16:00 | INFO  | Enriching: SPX
09:16:00 | INFO  | ──────────────────────────────────────────────────────────────────────
09:16:00 | INFO  |   Loaded 2418 rows from SPX.csv
09:16:00 | INFO  |   Yahoo ticker: ^GSPC
09:16:00 | INFO  |   OHLC prefix: GSPC
09:16:00 | INFO  |   Vol prefix: VIX
09:16:00 | INFO  |   Downloading ^GSPC OHLC...
09:16:01 | INFO  |     Downloaded 2445 days (2017-01-03 to 2026-09-24)
09:16:01 | INFO  |   Downloading ^VIX volatility...
09:16:01 | INFO  |     Downloaded 2448 days (2017-01-03 to 2026-09-25)
09:16:01 | WARNING |   ⚠️  28 trading days missing from original CSV
09:16:01 | INFO  |   ✓ Enrichment complete: 2445 rows
09:16:01 | INFO  |   ✅ Saved: SPX_enriched.csv (2445 rows)
09:16:01 | WARNING |   ⚠️  28 rows need manual update
09:16:01 | INFO  | 
──────────────────────────────────────────────────────────────────────
09:16:01 | INFO  | Enriching: GOLD
09:16:01 | INFO  | ──────────────────────────────────────────────────────────────────────
09:16:01 | INFO  |   Loaded 2416 rows from GOLD.csv
09:16:01 | INFO  |   Yahoo ticker: GC=F
09:16:01 | INFO  |   OHLC prefix: GC
09:16:01 | INFO  |   Vol prefix: GVZ
09:16:01 | INFO  |   Downloading GC=F OHLC...
09:16:02 | INFO  |     Downloaded 2448 days (2017-01-03 to 2026-09-25)
09:16:02 | INFO  |   Downloading ^GVZ volatility...
09:16:02 | INFO  |     Downloaded 2445 days (2017-01-03 to 2026-09-24)
09:16:02 | WARNING |   ⚠️  33 trading days missing from original CSV
09:16:02 | INFO  |   ✓ Enrichment complete: 2448 rows
09:16:02 | INFO  |   ✅ Saved: GOLD_enriched.csv (2448 rows)
09:16:02 | WARNING |   ⚠️  33 rows need manual update
09:16:02 | INFO  | 
──────────────────────────────────────────────────────────────────────
09:16:02 | INFO  | Enriching: UST10Y
09:16:02 | INFO  | ──────────────────────────────────────────────────────────────────────
09:16:02 | INFO  |   Loaded 2418 rows from UST10Y.csv
09:16:02 | INFO  |   Yahoo ticker: ^TNX
09:16:02 | INFO  |   OHLC prefix: TNX
09:16:02 | INFO  |   Vol prefix: VIX
09:16:02 | INFO  |   Downloading ^TNX OHLC...
09:16:02 | INFO  |     Downloaded 2446 days (2017-01-03 to 2026-09-25)
09:16:02 | INFO  |   Downloading ^VIX volatility...
09:16:03 | INFO  |     Downloaded 2448 days (2017-01-03 to 2026-09-25)
09:16:03 | WARNING |   ⚠️  28 trading days missing from original CSV
09:16:03 | INFO  |   ✓ Enrichment complete: 2446 rows
09:16:03 | INFO  |   ✅ Saved: UST10Y_enriched.csv (2446 rows)
09:16:03 | WARNING |   ⚠️  28 rows need manual update
09:16:03 | INFO  | 
──────────────────────────────────────────────────────────────────────
09:16:03 | INFO  | Enriching: COMPQ
09:16:03 | INFO  | ──────────────────────────────────────────────────────────────────────
09:16:03 | INFO  |   Loaded 2418 rows from COMPQ.csv
09:16:03 | INFO  |   Yahoo ticker: ^IXIC
09:16:03 | INFO  |   OHLC prefix: IXIC
09:16:03 | INFO  |   Vol prefix: VIX
09:16:03 | INFO  |   Downloading ^IXIC OHLC...
09:16:03 | INFO  |     Downloaded 2445 days (2017-01-03 to 2026-09-24)
09:16:03 | INFO  |   Downloading ^VIX volatility...
09:16:03 | INFO  |     Downloaded 2448 days (2017-01-03 to 2026-09-25)
09:16:03 | WARNING |   ⚠️  28 trading days missing from original CSV
09:16:03 | INFO  |   ✓ Enrichment complete: 2445 rows
09:16:03 | INFO  |   ✅ Saved: COMPQ_enriched.csv (2445 rows)
09:16:03 | WARNING |   ⚠️  28 rows need manual update
09:16:03 | INFO  | 
──────────────────────────────────────────────────────────────────────
09:16:03 | INFO  | Enriching: RUT
09:16:03 | INFO  | ──────────────────────────────────────────────────────────────────────
09:16:03 | INFO  |   Loaded 2417 rows from RUT.csv
09:16:03 | INFO  |   Yahoo ticker: ^RUT
09:16:03 | INFO  |   OHLC prefix: RUT
09:16:03 | INFO  |   Vol prefix: VIX
09:16:03 | INFO  |   Downloading ^RUT OHLC...
09:16:03 | INFO  |     Downloaded 2445 days (2017-01-03 to 2026-09-24)
09:16:03 | INFO  |   Downloading ^VIX volatility...
09:16:04 | INFO  |     Downloaded 2448 days (2017-01-03 to 2026-09-25)
09:16:04 | WARNING |   ⚠️  29 trading days missing from original CSV
09:16:04 | INFO  |   ✓ Enrichment complete: 2445 rows
09:16:04 | INFO  |   ✅ Saved: RUT_enriched.csv (2445 rows)
09:16:04 | WARNING |   ⚠️  29 rows need manual update
09:16:04 | INFO  | 
──────────────────────────────────────────────────────────────────────
09:16:04 | INFO  | Enriching: VIX
09:16:04 | INFO  | ──────────────────────────────────────────────────────────────────────
09:16:04 | INFO  |   Loaded 2418 rows from VIX.csv
09:16:04 | INFO  |   Yahoo ticker: ^VIX
09:16:04 | INFO  |   OHLC prefix: VIX
09:16:04 | INFO  |   Vol prefix: VIXI
09:16:04 | INFO  |   Downloading ^VIX OHLC...
09:16:04 | INFO  |     Downloaded 2448 days (2017-01-03 to 2026-09-25)
09:16:04 | INFO  |   Downloading ^VIX volatility...
09:16:04 | INFO  |     Downloaded 2448 days (2017-01-03 to 2026-09-25)
09:16:04 | WARNING |   ⚠️  30 trading days missing from original CSV
09:16:04 | INFO  |   ✓ Enrichment complete: 2448 rows
09:16:04 | INFO  |   ✅ Saved: VIX_enriched.csv (2448 rows)
09:16:04 | WARNING |   ⚠️  30 rows need manual update
09:16:04 | INFO  | 
──────────────────────────────────────────────────────────────────────
09:16:04 | INFO  | Enriching: USD
09:16:04 | INFO  | ──────────────────────────────────────────────────────────────────────
09:16:04 | INFO  |   Loaded 2418 rows from USD.csv
09:16:04 | INFO  |   Yahoo ticker: DX-Y.NYB
09:16:04 | INFO  |   OHLC prefix: DX
09:16:04 | INFO  |   Vol prefix: VIX
09:16:04 | INFO  |   Downloading DX-Y.NYB OHLC...
09:16:04 | INFO  |     Downloaded 2448 days (2017-01-03 to 2026-09-25)
09:16:04 | INFO  |   Downloading ^VIX volatility...
09:16:04 | INFO  |     Downloaded 2448 days (2017-01-03 to 2026-09-25)
09:16:04 | WARNING |   ⚠️  30 trading days missing from original CSV
09:16:04 | INFO  |   ✓ Enrichment complete: 2448 rows
09:16:04 | INFO  |   ✅ Saved: USD_enriched.csv (2448 rows)
09:16:04 | WARNING |   ⚠️  30 rows need manual update
09:16:04 | INFO  | 
──────────────────────────────────────────────────────────────────────
09:16:04 | INFO  | Enriching: AAPL
09:16:04 | INFO  | ──────────────────────────────────────────────────────────────────────
09:16:04 | INFO  |   Loaded 2416 rows from AAPL.csv
09:16:04 | INFO  |   Yahoo ticker: AAPL
09:16:04 | INFO  |   OHLC prefix: AAPL
09:16:04 | INFO  |   Vol prefix: VIX
09:16:04 | INFO  |   Downloading AAPL OHLC...
09:16:05 | INFO  |     Downloaded 2445 days (2017-01-03 to 2026-09-24)
09:16:05 | INFO  |   Downloading ^VIX volatility...
09:16:05 | INFO  |     Downloaded 2448 days (2017-01-03 to 2026-09-25)
09:16:05 | WARNING |   ⚠️  30 trading days missing from original CSV
09:16:05 | INFO  |   ✓ Enrichment complete: 2445 rows
09:16:05 | INFO  |   ✅ Saved: AAPL_enriched.csv (2445 rows)
09:16:05 | WARNING |   ⚠️  30 rows need manual update
09:16:05 | INFO  | 
──────────────────────────────────────────────────────────────────────
09:16:05 | INFO  | Enriching: BITCOIN
09:16:05 | INFO  | ──────────────────────────────────────────────────────────────────────
09:16:05 | INFO  |   Loaded 787 rows from BITCOIN.csv
09:16:05 | INFO  |   ⚠️  Row count changed (3553 → 787) - re-enriching
09:16:05 | INFO  |   Yahoo ticker: BTC-USD
09:16:05 | INFO  |   OHLC prefix: BTC
09:16:05 | INFO  |   Vol prefix: VIX
09:16:05 | INFO  |   Downloading BTC-USD OHLC...
09:16:05 | INFO  |     Downloaded 3554 days (2017-01-02 to 2026-09-25)
09:16:05 | INFO  |   Downloading ^VIX volatility...
09:16:06 | INFO  |     Downloaded 2448 days (2017-01-03 to 2026-09-25)
09:16:06 | WARNING |   ⚠️  2767 trading days missing from original CSV
09:16:06 | INFO  |   ✓ Enrichment complete: 3554 rows
09:16:06 | INFO  |   ✅ Saved: BITCOIN_enriched.csv (3554 rows)
09:16:06 | WARNING |   ⚠️  2767 rows need manual update
09:16:06 | INFO  | 
======================================================================
09:16:06 | INFO  | ✅ Enrichment complete:
09:16:06 | INFO  |    Success: 9
09:16:06 | INFO  |    Skipped (up-to-date): 0
09:16:06 | INFO  |    Errors:  0
09:16:06 | INFO  | ======================================================================
09:16:06 | INFO  | 
======================================================================
09:16:06 | INFO  | ✅ PIPELINE COMPLETE
09:16:06 | INFO  | ======================================================================
