09:26:41 | INFO  | ======================================================================
09:26:41 | INFO  | ETL PIPELINE START
09:26:41 | INFO  | ======================================================================
09:26:41 | INFO  | 
📋 PIPELINE PLAN:
09:26:41 | INFO  |    HTML Files: 62 new / 62 total
09:26:41 | INFO  |    Master needs propagation: False
09:26:41 | INFO  | 
======================================================================
09:26:41 | INFO  | STAGE 1: HTML PARSING
09:26:41 | INFO  | ======================================================================
09:26:41 | INFO  | 
Processing: AUGUST 19, 2026.html
09:26:41 | INFO  |   ✅ Saved: RR_08-19-2026.csv (37 rows)
09:26:41 | INFO  | 
Processing: JULY 1, 2026.html
09:26:41 | INFO  |   ✅ Saved: RR_07-01-2026.csv (38 rows)
09:26:41 | INFO  | 
Processing: AUGUST 24, 2026.html
09:26:41 | INFO  |   ✅ Saved: RR_08-24-2026.csv (37 rows)
09:26:41 | INFO  | 
Processing: AUGUST 10, 2026.html
09:26:41 | INFO  |   ✅ Saved: RR_08-10-2026.csv (37 rows)
09:26:41 | INFO  | 
Processing: JULY 22, 2026.html
09:26:41 | INFO  |   ✅ Saved: RR_07-22-2026.csv (38 rows)
09:26:41 | INFO  | 
Processing: AUGUST 21, 2026.html
09:26:41 | INFO  |   ✅ Saved: RR_08-21-2026.csv (37 rows)
09:26:41 | INFO  | 
Processing: JUNE 9, 2026.html
09:26:41 | INFO  |   ✅ Saved: RR_06-09-2026.csv (36 rows)
09:26:41 | INFO  | 
Processing: JUNE 4, 2026.html
09:26:41 | INFO  |   ✅ Saved: RR_06-04-2026.csv (37 rows)
09:26:41 | INFO  | 
Processing: JUNE 11, 2026.html
09:26:41 | INFO  |   ✅ Saved: RR_06-11-2026.csv (36 rows)
09:26:41 | INFO  | 
Processing: JUNE 25, 2026.html
09:26:41 | INFO  |   ✅ Saved: RR_06-25-2026.csv (38 rows)
09:26:41 | INFO  | 
Processing: AUGUST 7, 2026.html
09:26:41 | INFO  |   ✅ Saved: RR_08-07-2026.csv (37 rows)
09:26:41 | INFO  | 
Processing: JUNE 17, 2026.html
09:26:41 | INFO  |   ✅ Saved: RR_06-17-2026.csv (36 rows)
09:26:41 | INFO  | 
Processing: AUGUST 27, 2026.html
09:26:42 | INFO  |   ✅ Saved: RR_08-27-2026.csv (37 rows)
09:26:42 | INFO  | 
Processing: JULY 24, 2026.html
09:26:42 | INFO  |   ✅ Saved: RR_07-24-2026.csv (38 rows)
09:26:42 | INFO  | 
Processing: JULY 21, 2026.html
09:26:42 | INFO  |   ✅ Saved: RR_07-21-2026.csv (38 rows)
09:26:42 | INFO  | 
Processing: AUGUST 17, 2026.html
09:26:42 | INFO  |   ✅ Saved: RR_08-17-2026.csv (37 rows)
09:26:42 | INFO  | 
Processing: AUGUST 28, 2026.html
09:26:42 | INFO  |   ✅ Saved: RR_08-28-2026.csv (37 rows)
09:26:42 | INFO  | 
Processing: AUGUST 20, 2026.html
09:26:42 | INFO  |   ✅ Saved: RR_08-20-2026.csv (37 rows)
09:26:42 | INFO  | 
Processing: AUGUST 25, 2026.html
09:26:42 | INFO  |   ✅ Saved: RR_08-25-2026.csv (37 rows)
09:26:42 | INFO  | 
Processing: JUNE 16, 2026.html
09:26:42 | INFO  |   ✅ Saved: RR_06-16-2026.csv (36 rows)
09:26:42 | INFO  | 
Processing: JULY 23, 2026.html
09:26:42 | INFO  |   ✅ Saved: RR_07-23-2026.csv (38 rows)
09:26:42 | INFO  | 
Processing: SEPTEMBER 01, 2026.html
09:26:42 | INFO  |   ✅ Saved: RR_09-01-2026.csv (37 rows)
09:26:42 | INFO  | 
Processing: AUGUST 13, 2026.html
09:26:42 | INFO  |   ✅ Saved: RR_08-13-2026.csv (37 rows)
09:26:42 | INFO  | 
Processing: JUNE 23, 2026.html
09:26:42 | INFO  |   ✅ Saved: RR_06-23-2026.csv (37 rows)
09:26:42 | INFO  | 
Processing: JUNE 12, 2026.html
09:26:42 | INFO  |   ✅ Saved: RR_06-12-2026.csv (36 rows)
09:26:42 | INFO  | 
Processing: JUNE 8, 2026.html
09:26:42 | INFO  |   ✅ Saved: RR_06-08-2026.csv (37 rows)
09:26:42 | INFO  | 
Processing: JULY 6, 2026.html
09:26:42 | INFO  |   ✅ Saved: RR_07-06-2026.csv (37 rows)
09:26:42 | INFO  | 
Processing: JUNE 22, 2026.html
09:26:43 | INFO  |   ✅ Saved: RR_06-22-2026.csv (37 rows)
09:26:43 | INFO  | 
Processing: JUNE 15, 2026.html
09:26:43 | INFO  |   ✅ Saved: RR_06-15-2026.csv (36 rows)
09:26:43 | INFO  | 
Processing: AUGUST 6, 2026.html
09:26:43 | INFO  |   ✅ Saved: RR_08-06-2026.csv (37 rows)
09:26:43 | INFO  | 
Processing: JULY 13, 2026.html
09:26:43 | INFO  |   ✅ Saved: RR_07-13-2026.csv (37 rows)
09:26:43 | INFO  | 
Processing: JUNE 5, 2026.html
09:26:43 | INFO  |   ✅ Saved: RR_06-05-2026.csv (37 rows)
09:26:43 | INFO  | 
Processing: AUGUST 11, 2026.html
09:26:43 | INFO  |   ✅ Saved: RR_08-11-2026.csv (37 rows)
09:26:43 | INFO  | 
Processing: JULY 8, 2026.html
09:26:43 | INFO  |   ✅ Saved: RR_07-08-2026.csv (37 rows)
09:26:43 | INFO  | 
Processing: JUNE 26, 2026.html
09:26:43 | INFO  |   ✅ Saved: RR_06-26-2026.csv (38 rows)
09:26:43 | INFO  | 
Processing: JULY 16, 2026.html
09:26:43 | INFO  |   ✅ Saved: RR_07-16-2026.csv (37 rows)
09:26:43 | INFO  | 
Processing: JULY 31, 2026.html
09:26:43 | INFO  |   ✅ Saved: RR_07-31-2026.csv (37 rows)
09:26:43 | INFO  | 
Processing: JUNE 10, 2026.html
09:26:43 | INFO  |   ✅ Saved: RR_06-10-2026.csv (36 rows)
09:26:43 | INFO  | 
Processing: JULY 2, 2026.html
09:26:43 | INFO  |   ✅ Saved: RR_07-02-2026.csv (38 rows)
09:26:43 | INFO  | 
Processing: AUGUST 3, 2026.html
09:26:43 | INFO  |   ✅ Saved: RR_08-03-2026.csv (37 rows)
09:26:43 | INFO  | 
Processing: JULY 7, 2026.html
09:26:43 | INFO  |   ✅ Saved: RR_07-07-2026.csv (37 rows)
09:26:43 | INFO  | 
Processing: AUGUST 18, 2026.html
09:26:44 | INFO  |   ✅ Saved: RR_08-18-2026.csv (37 rows)
09:26:44 | INFO  | 
Processing: JULY 17, 2026.html
09:26:44 | INFO  |   ✅ Saved: RR_07-17-2026.csv (38 rows)
09:26:44 | INFO  | 
Processing: JULY 20, 2026.html
09:26:44 | INFO  |   ✅ Saved: RR_07-20-2026.csv (38 rows)
09:26:44 | INFO  | 
Processing: JUNE 29, 2026.html
09:26:44 | INFO  |   ✅ Saved: RR_06-29-2026.csv (38 rows)
09:26:44 | INFO  | 
Processing: JULY 30, 2026.html
09:26:44 | INFO  |   ✅ Saved: RR_07-30-2026.csv (38 rows)
09:26:44 | INFO  | 
Processing: AUGUST 4, 2026.html
09:26:44 | INFO  |   ✅ Saved: RR_08-04-2026.csv (37 rows)
09:26:44 | INFO  | 
Processing: AUGUST 26, 2026.html
09:26:44 | INFO  |   ✅ Saved: RR_08-26-2026.csv (37 rows)
09:26:44 | INFO  | 
Processing: JUNE 30, 2026.html
09:26:44 | INFO  |   ✅ Saved: RR_06-30-2026.csv (38 rows)
09:26:44 | INFO  | 
Processing: AUGUST 14, 2026.html
09:26:44 | INFO  |   ✅ Saved: RR_08-14-2026.csv (37 rows)
09:26:44 | INFO  | 
Processing: JUNE 24, 2026.html
09:26:44 | INFO  |   ✅ Saved: RR_06-24-2026.csv (37 rows)
09:26:44 | INFO  | 
Processing: JULY 9, 2026.html
09:26:44 | INFO  |   ✅ Saved: RR_07-09-2026.csv (37 rows)
09:26:44 | INFO  | 
Processing: AUGUST 12, 2026.html
09:26:44 | INFO  |   ✅ Saved: RR_08-12-2026.csv (37 rows)
09:26:44 | INFO  | 
Processing: JUNE 18, 2026.html
09:26:44 | INFO  |   ✅ Saved: RR_06-18-2026.csv (37 rows)
09:26:44 | INFO  | 
Processing: JULY 10, 2026.html
09:26:45 | INFO  |   ✅ Saved: RR_07-10-2026.csv (37 rows)
09:26:45 | INFO  | 
Processing: JULY 29, 2026.html
09:26:45 | INFO  |   ✅ Saved: RR_07-29-2026.csv (38 rows)
09:26:45 | INFO  | 
Processing: JULY 15, 2026.html
09:26:45 | INFO  |   ✅ Saved: RR_07-15-2026.csv (37 rows)
09:26:45 | INFO  | 
Processing: AUGUST 31, 2026.html
09:26:45 | INFO  |   ✅ Saved: RR_08-31-2026.csv (37 rows)
09:26:45 | INFO  | 
Processing: JULY 28, 2026.html
09:26:45 | INFO  |   ✅ Saved: RR_07-28-2026.csv (38 rows)
09:26:45 | INFO  | 
Processing: AUGUST 5, 2026.html
09:26:45 | INFO  |   ✅ Saved: RR_08-05-2026.csv (37 rows)
09:26:45 | INFO  | 
Processing: JULY 14, 2026.html
09:26:45 | INFO  |   ✅ Saved: RR_07-14-2026.csv (37 rows)
09:26:45 | INFO  | 
Processing: JULY 27, 2026.html
09:26:45 | INFO  |   ✅ Saved: RR_07-27-2026.csv (38 rows)
09:26:45 | INFO  | 
✅ HTML parsing complete: 62 success, 0 errors
09:26:45 | INFO  | 
======================================================================
09:26:45 | INFO  | STAGE 2: MASTER AGGREGATION
09:26:45 | INFO  | ======================================================================
09:26:45 | INFO  | ✅ Backed up master to: risk_ranges_master_backup_20260901_092645.csv
09:26:45 | INFO  | Loaded existing master: 75,208 rows
09:26:45 | INFO  |   Loaded: RR_08-19-2026.csv (37 rows)
09:26:45 | INFO  |   Loaded: RR_07-01-2026.csv (38 rows)
09:26:45 | INFO  |   Loaded: RR_08-24-2026.csv (37 rows)
09:26:45 | INFO  |   Loaded: RR_08-10-2026.csv (37 rows)
09:26:45 | INFO  |   Loaded: RR_07-22-2026.csv (38 rows)
09:26:45 | INFO  |   Loaded: RR_08-21-2026.csv (37 rows)
09:26:45 | INFO  |   Loaded: RR_06-09-2026.csv (36 rows)
09:26:45 | INFO  |   Loaded: RR_06-04-2026.csv (37 rows)
09:26:45 | INFO  |   Loaded: RR_06-11-2026.csv (36 rows)
09:26:45 | INFO  |   Loaded: RR_06-25-2026.csv (38 rows)
09:26:45 | INFO  |   Loaded: RR_08-07-2026.csv (37 rows)
09:26:45 | INFO  |   Loaded: RR_06-17-2026.csv (36 rows)
09:26:45 | INFO  |   Loaded: RR_08-27-2026.csv (37 rows)
09:26:45 | INFO  |   Loaded: RR_07-24-2026.csv (38 rows)
09:26:45 | INFO  |   Loaded: RR_07-21-2026.csv (38 rows)
09:26:45 | INFO  |   Loaded: RR_08-17-2026.csv (37 rows)
09:26:45 | INFO  |   Loaded: RR_08-28-2026.csv (37 rows)
09:26:45 | INFO  |   Loaded: RR_08-20-2026.csv (37 rows)
09:26:45 | INFO  |   Loaded: RR_08-25-2026.csv (37 rows)
09:26:45 | INFO  |   Loaded: RR_06-16-2026.csv (36 rows)
09:26:45 | INFO  |   Loaded: RR_07-23-2026.csv (38 rows)
09:26:45 | INFO  |   Loaded: RR_09-01-2026.csv (37 rows)
09:26:45 | INFO  |   Loaded: RR_08-13-2026.csv (37 rows)
09:26:45 | INFO  |   Loaded: RR_06-23-2026.csv (37 rows)
09:26:45 | INFO  |   Loaded: RR_06-12-2026.csv (36 rows)
09:26:45 | INFO  |   Loaded: RR_06-08-2026.csv (37 rows)
09:26:45 | INFO  |   Loaded: RR_07-06-2026.csv (37 rows)
09:26:45 | INFO  |   Loaded: RR_06-22-2026.csv (37 rows)
09:26:45 | INFO  |   Loaded: RR_06-15-2026.csv (36 rows)
09:26:45 | INFO  |   Loaded: RR_08-06-2026.csv (37 rows)
09:26:45 | INFO  |   Loaded: RR_07-13-2026.csv (37 rows)
09:26:45 | INFO  |   Loaded: RR_06-05-2026.csv (37 rows)
09:26:45 | INFO  |   Loaded: RR_08-11-2026.csv (37 rows)
09:26:45 | INFO  |   Loaded: RR_07-08-2026.csv (37 rows)
09:26:45 | INFO  |   Loaded: RR_06-26-2026.csv (38 rows)
09:26:45 | INFO  |   Loaded: RR_07-16-2026.csv (37 rows)
09:26:45 | INFO  |   Loaded: RR_07-31-2026.csv (37 rows)
09:26:45 | INFO  |   Loaded: RR_06-10-2026.csv (36 rows)
09:26:45 | INFO  |   Loaded: RR_07-02-2026.csv (38 rows)
09:26:45 | INFO  |   Loaded: RR_08-03-2026.csv (37 rows)
09:26:45 | INFO  |   Loaded: RR_07-07-2026.csv (37 rows)
09:26:45 | INFO  |   Loaded: RR_08-18-2026.csv (37 rows)
09:26:45 | INFO  |   Loaded: RR_07-17-2026.csv (38 rows)
09:26:45 | INFO  |   Loaded: RR_07-20-2026.csv (38 rows)
09:26:45 | INFO  |   Loaded: RR_06-29-2026.csv (38 rows)
09:26:45 | INFO  |   Loaded: RR_07-30-2026.csv (38 rows)
09:26:45 | INFO  |   Loaded: RR_08-04-2026.csv (37 rows)
09:26:45 | INFO  |   Loaded: RR_08-26-2026.csv (37 rows)
09:26:45 | INFO  |   Loaded: RR_06-30-2026.csv (38 rows)
09:26:45 | INFO  |   Loaded: RR_08-14-2026.csv (37 rows)
09:26:45 | INFO  |   Loaded: RR_06-24-2026.csv (37 rows)
09:26:45 | INFO  |   Loaded: RR_07-09-2026.csv (37 rows)
09:26:45 | INFO  |   Loaded: RR_08-12-2026.csv (37 rows)
09:26:45 | INFO  |   Loaded: RR_06-18-2026.csv (37 rows)
09:26:45 | INFO  |   Loaded: RR_07-10-2026.csv (37 rows)
09:26:45 | INFO  |   Loaded: RR_07-29-2026.csv (38 rows)
09:26:45 | INFO  |   Loaded: RR_07-15-2026.csv (37 rows)
09:26:45 | INFO  |   Loaded: RR_08-31-2026.csv (37 rows)
09:26:45 | INFO  |   Loaded: RR_07-28-2026.csv (38 rows)
09:26:45 | INFO  |   Loaded: RR_08-05-2026.csv (37 rows)
09:26:45 | INFO  |   Loaded: RR_07-14-2026.csv (37 rows)
09:26:45 | INFO  |   Loaded: RR_07-27-2026.csv (38 rows)
09:26:45 | INFO  | Combined new data: 2303 rows
09:26:45 | INFO  | Removed 2266 duplicate entries
09:26:45 | INFO  | ✅ Saved master CSV: 75,245 total rows
09:26:45 | INFO  |    Date range: 2017-01-03 to 2026-09-01
09:26:45 | INFO  | 
======================================================================
09:26:45 | INFO  | STAGE 3: TICKER SUBSETTING
09:26:45 | INFO  | ======================================================================
09:26:45 | INFO  | Loaded master: 75,245 rows
09:26:45 | INFO  | Creating subsets for 9 tickers
09:26:46 | INFO  |   ✅ UST10Y: 2401 rows | 2017-01-03 to 2026-09-01
09:26:46 | INFO  |   ✅ SPX: 2401 rows | 2017-01-03 to 2026-09-01
09:26:46 | INFO  |   ✅ COMPQ: 2401 rows | 2017-01-03 to 2026-09-01
09:26:46 | INFO  |   ✅ RUT: 2400 rows | 2017-01-03 to 2026-09-01
09:26:46 | INFO  |   ✅ VIX: 2401 rows | 2017-01-03 to 2026-09-01
09:26:46 | INFO  |   ✅ USD: 2401 rows | 2017-01-03 to 2026-09-01
09:26:46 | INFO  |   ✅ GOLD: 2399 rows | 2017-01-03 to 2026-09-01
09:26:46 | INFO  |   ✅ AAPL: 2399 rows | 2017-01-03 to 2026-09-01
09:26:46 | INFO  |   ✅ BITCOIN: 770 rows | 2023-08-01 to 2026-09-01
09:26:46 | INFO  | ✅ Ticker subsetting complete
09:26:46 | INFO  | 
======================================================================
09:26:46 | INFO  | STAGE 4: ENRICHMENT
09:26:46 | INFO  | ======================================================================
09:26:46 | INFO  | Enriching 9 tickers
09:26:46 | INFO  | 
──────────────────────────────────────────────────────────────────────
09:26:46 | INFO  | Enriching: SPX
09:26:46 | INFO  | ──────────────────────────────────────────────────────────────────────
09:26:46 | INFO  |   Loaded 2401 rows from SPX.csv
09:26:46 | INFO  |   Yahoo ticker: ^GSPC
09:26:46 | INFO  |   OHLC prefix: GSPC
09:26:46 | INFO  |   Vol prefix: VIX
09:26:46 | INFO  |   Downloading ^GSPC OHLC...
09:26:46 | INFO  |     Downloaded 2427 days (2017-01-03 to 2026-08-31)
09:26:46 | INFO  |   Downloading ^VIX volatility...
09:26:47 | INFO  |     Downloaded 2429 days (2017-01-03 to 2026-09-01)
09:26:47 | WARNING |   ⚠️  28 trading days missing from original CSV
09:26:47 | INFO  |   ✓ Enrichment complete: 2427 rows
09:26:47 | INFO  |   ✅ Saved: SPX_enriched.csv (2427 rows)
09:26:47 | WARNING |   ⚠️  28 rows need manual update
09:26:47 | INFO  | 
──────────────────────────────────────────────────────────────────────
09:26:47 | INFO  | Enriching: GOLD
09:26:47 | INFO  | ──────────────────────────────────────────────────────────────────────
09:26:47 | INFO  |   Loaded 2399 rows from GOLD.csv
09:26:47 | INFO  |   Yahoo ticker: GC=F
09:26:47 | INFO  |   OHLC prefix: GC
09:26:47 | INFO  |   Vol prefix: GVZ
09:26:47 | INFO  |   Downloading GC=F OHLC...
09:26:47 | INFO  |     Downloaded 2430 days (2017-01-03 to 2026-09-01)
09:26:47 | INFO  |   Downloading ^GVZ volatility...
09:26:47 | INFO  |     Downloaded 2428 days (2017-01-03 to 2026-08-31)
09:26:47 | WARNING |   ⚠️  32 trading days missing from original CSV
09:26:47 | INFO  |   ✓ Enrichment complete: 2430 rows
09:26:47 | INFO  |   ✅ Saved: GOLD_enriched.csv (2430 rows)
09:26:47 | WARNING |   ⚠️  32 rows need manual update
09:26:47 | INFO  | 
──────────────────────────────────────────────────────────────────────
09:26:47 | INFO  | Enriching: UST10Y
09:26:47 | INFO  | ──────────────────────────────────────────────────────────────────────
09:26:47 | INFO  |   Loaded 2401 rows from UST10Y.csv
09:26:47 | INFO  |   Yahoo ticker: ^TNX
09:26:47 | INFO  |   OHLC prefix: TNX
09:26:47 | INFO  |   Vol prefix: VIX
09:26:47 | INFO  |   Downloading ^TNX OHLC...
09:26:48 | INFO  |     Downloaded 2428 days (2017-01-03 to 2026-09-01)
09:26:48 | INFO  |   Downloading ^VIX volatility...
09:26:48 | INFO  |     Downloaded 2429 days (2017-01-03 to 2026-09-01)
09:26:48 | WARNING |   ⚠️  28 trading days missing from original CSV
09:26:48 | INFO  |   ✓ Enrichment complete: 2428 rows
09:26:48 | INFO  |   ✅ Saved: UST10Y_enriched.csv (2428 rows)
09:26:48 | WARNING |   ⚠️  28 rows need manual update
09:26:48 | INFO  | 
──────────────────────────────────────────────────────────────────────
09:26:48 | INFO  | Enriching: COMPQ
09:26:48 | INFO  | ──────────────────────────────────────────────────────────────────────
09:26:48 | INFO  |   Loaded 2401 rows from COMPQ.csv
09:26:48 | INFO  |   Yahoo ticker: ^IXIC
09:26:48 | INFO  |   OHLC prefix: IXIC
09:26:48 | INFO  |   Vol prefix: VIX
09:26:48 | INFO  |   Downloading ^IXIC OHLC...
09:26:48 | INFO  |     Downloaded 2427 days (2017-01-03 to 2026-08-31)
09:26:48 | INFO  |   Downloading ^VIX volatility...
09:26:49 | INFO  |     Downloaded 2430 days (2017-01-03 to 2026-09-01)
09:26:49 | WARNING |   ⚠️  28 trading days missing from original CSV
09:26:49 | INFO  |   ✓ Enrichment complete: 2427 rows
09:26:49 | INFO  |   ✅ Saved: COMPQ_enriched.csv (2427 rows)
09:26:49 | WARNING |   ⚠️  28 rows need manual update
09:26:49 | INFO  | 
──────────────────────────────────────────────────────────────────────
09:26:49 | INFO  | Enriching: RUT
09:26:49 | INFO  | ──────────────────────────────────────────────────────────────────────
09:26:49 | INFO  |   Loaded 2400 rows from RUT.csv
09:26:49 | INFO  |   Yahoo ticker: ^RUT
09:26:49 | INFO  |   OHLC prefix: RUT
09:26:49 | INFO  |   Vol prefix: VIX
09:26:49 | INFO  |   Downloading ^RUT OHLC...
09:26:49 | INFO  |     Downloaded 2427 days (2017-01-03 to 2026-08-31)
09:26:49 | INFO  |   Downloading ^VIX volatility...
09:26:49 | INFO  |     Downloaded 2429 days (2017-01-03 to 2026-09-01)
09:26:49 | WARNING |   ⚠️  29 trading days missing from original CSV
09:26:49 | INFO  |   ✓ Enrichment complete: 2427 rows
09:26:49 | INFO  |   ✅ Saved: RUT_enriched.csv (2427 rows)
09:26:49 | WARNING |   ⚠️  29 rows need manual update
09:26:49 | INFO  | 
──────────────────────────────────────────────────────────────────────
09:26:49 | INFO  | Enriching: VIX
09:26:49 | INFO  | ──────────────────────────────────────────────────────────────────────
09:26:49 | INFO  |   Loaded 2401 rows from VIX.csv
09:26:49 | INFO  |   Yahoo ticker: ^VIX
09:26:49 | INFO  |   OHLC prefix: VIX
09:26:49 | INFO  |   Vol prefix: VIXI
09:26:49 | INFO  |   Downloading ^VIX OHLC...
09:26:50 | INFO  |     Downloaded 2429 days (2017-01-03 to 2026-09-01)
09:26:50 | INFO  |   Downloading ^VIX volatility...
09:26:50 | INFO  |     Downloaded 2429 days (2017-01-03 to 2026-09-01)
09:26:50 | WARNING |   ⚠️  29 trading days missing from original CSV
09:26:50 | INFO  |   ✓ Enrichment complete: 2429 rows
09:26:50 | INFO  |   ✅ Saved: VIX_enriched.csv (2429 rows)
09:26:50 | WARNING |   ⚠️  29 rows need manual update
09:26:50 | INFO  | 
──────────────────────────────────────────────────────────────────────
09:26:50 | INFO  | Enriching: USD
09:26:50 | INFO  | ──────────────────────────────────────────────────────────────────────
09:26:50 | INFO  |   Loaded 2401 rows from USD.csv
09:26:50 | INFO  |   Yahoo ticker: DX-Y.NYB
09:26:50 | INFO  |   OHLC prefix: DX
09:26:50 | INFO  |   Vol prefix: VIX
09:26:50 | INFO  |   Downloading DX-Y.NYB OHLC...
09:26:51 | INFO  |     Downloaded 2430 days (2017-01-03 to 2026-09-01)
09:26:51 | INFO  |   Downloading ^VIX volatility...
09:26:51 | INFO  |     Downloaded 2429 days (2017-01-03 to 2026-09-01)
09:26:51 | WARNING |   ⚠️  30 trading days missing from original CSV
09:26:51 | INFO  |   ✓ Enrichment complete: 2430 rows
09:26:51 | INFO  |   ✅ Saved: USD_enriched.csv (2430 rows)
09:26:51 | WARNING |   ⚠️  30 rows need manual update
09:26:51 | INFO  | 
──────────────────────────────────────────────────────────────────────
09:26:51 | INFO  | Enriching: AAPL
09:26:51 | INFO  | ──────────────────────────────────────────────────────────────────────
09:26:51 | INFO  |   Loaded 2399 rows from AAPL.csv
09:26:51 | INFO  |   Yahoo ticker: AAPL
09:26:51 | INFO  |   OHLC prefix: AAPL
09:26:51 | INFO  |   Vol prefix: VIX
09:26:51 | INFO  |   Downloading AAPL OHLC...
09:26:51 | INFO  |     Downloaded 2428 days (2017-01-03 to 2026-08-31)
09:26:51 | INFO  |   Downloading ^VIX volatility...
09:26:51 | INFO  |     Downloaded 2429 days (2017-01-03 to 2026-09-01)
09:26:51 | WARNING |   ⚠️  30 trading days missing from original CSV
09:26:51 | INFO  |   ✓ Enrichment complete: 2428 rows
09:26:51 | INFO  |   ✅ Saved: AAPL_enriched.csv (2428 rows)
09:26:51 | WARNING |   ⚠️  30 rows need manual update
09:26:51 | INFO  | 
──────────────────────────────────────────────────────────────────────
09:26:51 | INFO  | Enriching: BITCOIN
09:26:51 | INFO  | ──────────────────────────────────────────────────────────────────────
09:26:51 | INFO  |   Loaded 770 rows from BITCOIN.csv
09:26:51 | INFO  |   ⚠️  Row count changed (3530 → 770) - re-enriching
09:26:51 | INFO  |   Yahoo ticker: BTC-USD
09:26:51 | INFO  |   OHLC prefix: BTC
09:26:51 | INFO  |   Vol prefix: VIX
09:26:51 | INFO  |   Downloading BTC-USD OHLC...
09:26:52 | INFO  |     Downloaded 3530 days (2017-01-02 to 2026-09-01)
09:26:52 | INFO  |   Downloading ^VIX volatility...
09:26:52 | INFO  |     Downloaded 2429 days (2017-01-03 to 2026-09-01)
09:26:52 | WARNING |   ⚠️  2760 trading days missing from original CSV
09:26:52 | INFO  |   ✓ Enrichment complete: 3530 rows
09:26:52 | INFO  |   ✅ Saved: BITCOIN_enriched.csv (3530 rows)
09:26:52 | WARNING |   ⚠️  2760 rows need manual update
09:26:52 | INFO  | 
======================================================================
09:26:52 | INFO  | ✅ Enrichment complete:
09:26:52 | INFO  |    Success: 9
09:26:52 | INFO  |    Skipped (up-to-date): 0
09:26:52 | INFO  |    Errors:  0
09:26:52 | INFO  | ======================================================================
09:26:52 | INFO  | 
======================================================================
09:26:52 | INFO  | ✅ PIPELINE COMPLETE
09:26:52 | INFO  | ======================================================================
