14:02:31 | INFO  | ======================================================================
14:02:31 | INFO  | ETL PIPELINE START
14:02:31 | INFO  | ======================================================================
14:02:31 | INFO  | 
📋 PIPELINE PLAN:
14:02:31 | INFO  |    HTML Files: 25 new / 25 total
14:02:31 | INFO  |    Master needs propagation: False
14:02:31 | INFO  | 
======================================================================
14:02:31 | INFO  | STAGE 1: HTML PARSING
14:02:31 | INFO  | ======================================================================
14:02:31 | INFO  | 
Processing: SEPTEMBER 03, 2026.html
14:02:31 | INFO  |   ✅ Saved: RR_09-03-2026.csv (36 rows)
14:02:31 | INFO  | 
Processing: AUGUST 20, 2026.html
14:02:31 | INFO  |   ✅ Saved: RR_08-20-2026.csv (37 rows)
14:02:31 | INFO  | 
Processing: AUGUST 25, 2026.html
14:02:31 | INFO  |   ✅ Saved: RR_08-25-2026.csv (37 rows)
14:02:31 | INFO  | 
Processing: SEPTEMBER 02, 2026.html
14:02:31 | INFO  |   ✅ Saved: RR_09-02-2026.csv (37 rows)
14:02:31 | INFO  | 
Processing: AUGUST 6, 2026.html
14:02:31 | INFO  |   ✅ Saved: RR_08-06-2026.csv (37 rows)
14:02:31 | INFO  | 
Processing: AUGUST 17, 2026.html
14:02:31 | INFO  |   ✅ Saved: RR_08-17-2026.csv (37 rows)
14:02:31 | INFO  | 
Processing: AUGUST 18, 2026.html
14:02:31 | INFO  |   ✅ Saved: RR_08-18-2026.csv (37 rows)
14:02:31 | INFO  | 
Processing: AUGUST 11, 2026.html
14:02:32 | INFO  |   ✅ Saved: RR_08-11-2026.csv (37 rows)
14:02:32 | INFO  | 
Processing: AUGUST 14, 2026.html
14:02:32 | INFO  |   ✅ Saved: RR_08-14-2026.csv (37 rows)
14:02:32 | INFO  | 
Processing: AUGUST 7, 2026.html
14:02:32 | INFO  |   ✅ Saved: RR_08-07-2026.csv (37 rows)
14:02:32 | INFO  | 
Processing: AUGUST 10, 2026.html
14:02:32 | INFO  |   ✅ Saved: RR_08-10-2026.csv (37 rows)
14:02:32 | INFO  | 
Processing: AUGUST 24, 2026.html
14:02:32 | INFO  |   ✅ Saved: RR_08-24-2026.csv (37 rows)
14:02:32 | INFO  | 
Processing: AUGUST 19, 2026.html
14:02:32 | INFO  |   ✅ Saved: RR_08-19-2026.csv (37 rows)
14:02:32 | INFO  | 
Processing: AUGUST 13, 2026.html
14:02:32 | INFO  |   ✅ Saved: RR_08-13-2026.csv (37 rows)
14:02:32 | INFO  | 
Processing: AUGUST 3, 2026.html
14:02:32 | INFO  |   ✅ Saved: RR_08-03-2026.csv (37 rows)
14:02:32 | INFO  | 
Processing: SEPTEMBER 04, 2026.html
14:02:32 | INFO  |   ✅ Saved: RR_09-04-2026.csv (37 rows)
14:02:32 | INFO  | 
Processing: AUGUST 21, 2026.html
14:02:32 | INFO  |   ✅ Saved: RR_08-21-2026.csv (37 rows)
14:02:32 | INFO  | 
Processing: AUGUST 4, 2026.html
14:02:32 | INFO  |   ✅ Saved: RR_08-04-2026.csv (37 rows)
14:02:32 | INFO  | 
Processing: AUGUST 27, 2026.html
14:02:33 | INFO  |   ✅ Saved: RR_08-27-2026.csv (37 rows)
14:02:33 | INFO  | 
Processing: AUGUST 5, 2026.html
14:02:33 | INFO  |   ✅ Saved: RR_08-05-2026.csv (37 rows)
14:02:33 | INFO  | 
Processing: AUGUST 12, 2026.html
14:02:33 | INFO  |   ✅ Saved: RR_08-12-2026.csv (37 rows)
14:02:33 | INFO  | 
Processing: SEPTEMBER 01, 2026.html
14:02:33 | INFO  |   ✅ Saved: RR_09-01-2026.csv (37 rows)
14:02:33 | INFO  | 
Processing: AUGUST 26, 2026.html
14:02:33 | INFO  |   ✅ Saved: RR_08-26-2026.csv (37 rows)
14:02:33 | INFO  | 
Processing: AUGUST 31, 2026.html
14:02:33 | INFO  |   ✅ Saved: RR_08-31-2026.csv (37 rows)
14:02:33 | INFO  | 
Processing: AUGUST 28, 2026.html
14:02:33 | INFO  |   ✅ Saved: RR_08-28-2026.csv (37 rows)
14:02:33 | INFO  | 
✅ HTML parsing complete: 25 success, 0 errors
14:02:33 | INFO  | 
======================================================================
14:02:33 | INFO  | STAGE 2: MASTER AGGREGATION
14:02:33 | INFO  | ======================================================================
14:02:33 | INFO  | ✅ Backed up master to: risk_ranges_master_backup_20260907_140233.csv
14:02:33 | INFO  | Loaded existing master: 75,355 rows
14:02:33 | INFO  |   Loaded: RR_09-03-2026.csv (36 rows)
14:02:33 | INFO  |   Loaded: RR_08-20-2026.csv (37 rows)
14:02:33 | INFO  |   Loaded: RR_08-25-2026.csv (37 rows)
14:02:33 | INFO  |   Loaded: RR_09-02-2026.csv (37 rows)
14:02:33 | INFO  |   Loaded: RR_08-06-2026.csv (37 rows)
14:02:33 | INFO  |   Loaded: RR_08-17-2026.csv (37 rows)
14:02:33 | INFO  |   Loaded: RR_08-18-2026.csv (37 rows)
14:02:33 | INFO  |   Loaded: RR_08-11-2026.csv (37 rows)
14:02:33 | INFO  |   Loaded: RR_08-14-2026.csv (37 rows)
14:02:33 | INFO  |   Loaded: RR_08-07-2026.csv (37 rows)
14:02:33 | INFO  |   Loaded: RR_08-10-2026.csv (37 rows)
14:02:33 | INFO  |   Loaded: RR_08-24-2026.csv (37 rows)
14:02:33 | INFO  |   Loaded: RR_08-19-2026.csv (37 rows)
14:02:33 | INFO  |   Loaded: RR_08-13-2026.csv (37 rows)
14:02:33 | INFO  |   Loaded: RR_08-03-2026.csv (37 rows)
14:02:33 | INFO  |   Loaded: RR_09-04-2026.csv (37 rows)
14:02:33 | INFO  |   Loaded: RR_08-21-2026.csv (37 rows)
14:02:33 | INFO  |   Loaded: RR_08-04-2026.csv (37 rows)
14:02:33 | INFO  |   Loaded: RR_08-27-2026.csv (37 rows)
14:02:33 | INFO  |   Loaded: RR_08-05-2026.csv (37 rows)
14:02:33 | INFO  |   Loaded: RR_08-12-2026.csv (37 rows)
14:02:33 | INFO  |   Loaded: RR_09-01-2026.csv (37 rows)
14:02:33 | INFO  |   Loaded: RR_08-26-2026.csv (37 rows)
14:02:33 | INFO  |   Loaded: RR_08-31-2026.csv (37 rows)
14:02:33 | INFO  |   Loaded: RR_08-28-2026.csv (37 rows)
14:02:33 | INFO  | Combined new data: 924 rows
14:02:33 | INFO  | Removed 924 duplicate entries
14:02:34 | INFO  | ✅ Saved master CSV: 75,355 total rows
14:02:34 | INFO  |    Date range: 2017-01-03 to 2026-09-04
14:02:34 | INFO  | 
======================================================================
14:02:34 | INFO  | STAGE 3: TICKER SUBSETTING
14:02:34 | INFO  | ======================================================================
14:02:34 | INFO  | Loaded master: 75,355 rows
14:02:34 | INFO  | Creating subsets for 9 tickers
14:02:34 | INFO  |   ✅ UST10Y: 2404 rows | 2017-01-03 to 2026-09-04
14:02:34 | INFO  |   ✅ SPX: 2404 rows | 2017-01-03 to 2026-09-04
14:02:34 | INFO  |   ✅ COMPQ: 2404 rows | 2017-01-03 to 2026-09-04
14:02:34 | INFO  |   ✅ RUT: 2403 rows | 2017-01-03 to 2026-09-04
14:02:34 | INFO  |   ✅ VIX: 2404 rows | 2017-01-03 to 2026-09-04
14:02:34 | INFO  |   ✅ USD: 2404 rows | 2017-01-03 to 2026-09-04
14:02:34 | INFO  |   ✅ GOLD: 2402 rows | 2017-01-03 to 2026-09-04
14:02:34 | INFO  |   ✅ AAPL: 2402 rows | 2017-01-03 to 2026-09-04
14:02:34 | INFO  |   ✅ BITCOIN: 773 rows | 2023-08-01 to 2026-09-04
14:02:34 | INFO  | ✅ Ticker subsetting complete
14:02:34 | INFO  | 
======================================================================
14:02:34 | INFO  | STAGE 4: ENRICHMENT
14:02:34 | INFO  | ======================================================================
14:02:34 | INFO  | Enriching 9 tickers
14:02:34 | INFO  | 
──────────────────────────────────────────────────────────────────────
14:02:34 | INFO  | Enriching: SPX
14:02:34 | INFO  | ──────────────────────────────────────────────────────────────────────
14:02:34 | INFO  |   Loaded 2404 rows from SPX.csv
14:02:34 | INFO  |   Yahoo ticker: ^GSPC
14:02:34 | INFO  |   OHLC prefix: GSPC
14:02:34 | INFO  |   Vol prefix: VIX
14:02:34 | INFO  |   Downloading ^GSPC OHLC...
14:02:35 | INFO  |     Downloaded 2432 days (2017-01-03 to 2026-09-04)
14:02:35 | INFO  |   Downloading ^VIX volatility...
14:02:35 | INFO  |     Downloaded 2434 days (2017-01-03 to 2026-09-07)
14:02:35 | WARNING |   ⚠️  28 trading days missing from original CSV
14:02:35 | INFO  |   ✓ Enrichment complete: 2432 rows
14:02:35 | INFO  |   ✅ Saved: SPX_enriched.csv (2432 rows)
14:02:35 | WARNING |   ⚠️  28 rows need manual update
14:02:35 | INFO  | 
──────────────────────────────────────────────────────────────────────
14:02:35 | INFO  | Enriching: GOLD
14:02:35 | INFO  | ──────────────────────────────────────────────────────────────────────
14:02:35 | INFO  |   Loaded 2402 rows from GOLD.csv
14:02:35 | INFO  |   Yahoo ticker: GC=F
14:02:35 | INFO  |   OHLC prefix: GC
14:02:35 | INFO  |   Vol prefix: GVZ
14:02:35 | INFO  |   Downloading GC=F OHLC...
14:02:35 | INFO  |     Downloaded 2434 days (2017-01-03 to 2026-09-07)
14:02:35 | INFO  |   Downloading ^GVZ volatility...
14:02:36 | INFO  |     Downloaded 2432 days (2017-01-03 to 2026-09-04)
14:02:36 | WARNING |   ⚠️  33 trading days missing from original CSV
14:02:36 | INFO  |   ✓ Enrichment complete: 2434 rows
14:02:36 | INFO  |   ✅ Saved: GOLD_enriched.csv (2434 rows)
14:02:36 | WARNING |   ⚠️  33 rows need manual update
14:02:36 | INFO  | 
──────────────────────────────────────────────────────────────────────
14:02:36 | INFO  | Enriching: UST10Y
14:02:36 | INFO  | ──────────────────────────────────────────────────────────────────────
14:02:36 | INFO  |   Loaded 2404 rows from UST10Y.csv
14:02:36 | INFO  |   Yahoo ticker: ^TNX
14:02:36 | INFO  |   OHLC prefix: TNX
14:02:36 | INFO  |   Vol prefix: VIX
14:02:36 | INFO  |   Downloading ^TNX OHLC...
14:02:36 | INFO  |     Downloaded 2432 days (2017-01-03 to 2026-09-04)
14:02:36 | INFO  |   Downloading ^VIX volatility...
14:02:36 | INFO  |     Downloaded 2434 days (2017-01-03 to 2026-09-07)
14:02:36 | WARNING |   ⚠️  28 trading days missing from original CSV
14:02:36 | INFO  |   ✓ Enrichment complete: 2432 rows
14:02:36 | INFO  |   ✅ Saved: UST10Y_enriched.csv (2432 rows)
14:02:36 | WARNING |   ⚠️  28 rows need manual update
14:02:36 | INFO  | 
──────────────────────────────────────────────────────────────────────
14:02:36 | INFO  | Enriching: COMPQ
14:02:36 | INFO  | ──────────────────────────────────────────────────────────────────────
14:02:36 | INFO  |   Loaded 2404 rows from COMPQ.csv
14:02:37 | INFO  |   Yahoo ticker: ^IXIC
14:02:37 | INFO  |   OHLC prefix: IXIC
14:02:37 | INFO  |   Vol prefix: VIX
14:02:37 | INFO  |   Downloading ^IXIC OHLC...
14:02:37 | INFO  |     Downloaded 2432 days (2017-01-03 to 2026-09-04)
14:02:37 | INFO  |   Downloading ^VIX volatility...
14:02:37 | INFO  |     Downloaded 2434 days (2017-01-03 to 2026-09-07)
14:02:37 | WARNING |   ⚠️  28 trading days missing from original CSV
14:02:37 | INFO  |   ✓ Enrichment complete: 2432 rows
14:02:37 | INFO  |   ✅ Saved: COMPQ_enriched.csv (2432 rows)
14:02:37 | WARNING |   ⚠️  28 rows need manual update
14:02:37 | INFO  | 
──────────────────────────────────────────────────────────────────────
14:02:37 | INFO  | Enriching: RUT
14:02:37 | INFO  | ──────────────────────────────────────────────────────────────────────
14:02:37 | INFO  |   Loaded 2403 rows from RUT.csv
14:02:37 | INFO  |   Yahoo ticker: ^RUT
14:02:37 | INFO  |   OHLC prefix: RUT
14:02:37 | INFO  |   Vol prefix: VIX
14:02:37 | INFO  |   Downloading ^RUT OHLC...
14:02:38 | INFO  |     Downloaded 2432 days (2017-01-03 to 2026-09-04)
14:02:38 | INFO  |   Downloading ^VIX volatility...
14:02:38 | INFO  |     Downloaded 2434 days (2017-01-03 to 2026-09-07)
14:02:38 | WARNING |   ⚠️  29 trading days missing from original CSV
14:02:38 | INFO  |   ✓ Enrichment complete: 2432 rows
14:02:38 | INFO  |   ✅ Saved: RUT_enriched.csv (2432 rows)
14:02:38 | WARNING |   ⚠️  29 rows need manual update
14:02:38 | INFO  | 
──────────────────────────────────────────────────────────────────────
14:02:38 | INFO  | Enriching: VIX
14:02:38 | INFO  | ──────────────────────────────────────────────────────────────────────
14:02:38 | INFO  |   Loaded 2404 rows from VIX.csv
14:02:38 | INFO  |   Yahoo ticker: ^VIX
14:02:38 | INFO  |   OHLC prefix: VIX
14:02:38 | INFO  |   Vol prefix: VIXI
14:02:38 | INFO  |   Downloading ^VIX OHLC...
14:02:38 | INFO  |     Downloaded 2434 days (2017-01-03 to 2026-09-07)
14:02:38 | INFO  |   Downloading ^VIX volatility...
14:02:38 | INFO  |     Downloaded 2434 days (2017-01-03 to 2026-09-07)
14:02:38 | WARNING |   ⚠️  30 trading days missing from original CSV
14:02:38 | INFO  |   ✓ Enrichment complete: 2434 rows
14:02:38 | INFO  |   ✅ Saved: VIX_enriched.csv (2434 rows)
14:02:38 | WARNING |   ⚠️  30 rows need manual update
14:02:38 | INFO  | 
──────────────────────────────────────────────────────────────────────
14:02:38 | INFO  | Enriching: USD
14:02:38 | INFO  | ──────────────────────────────────────────────────────────────────────
14:02:38 | INFO  |   Loaded 2404 rows from USD.csv
14:02:38 | INFO  |   Yahoo ticker: DX-Y.NYB
14:02:38 | INFO  |   OHLC prefix: DX
14:02:38 | INFO  |   Vol prefix: VIX
14:02:38 | INFO  |   Downloading DX-Y.NYB OHLC...
14:02:39 | INFO  |     Downloaded 2435 days (2017-01-03 to 2026-09-07)
14:02:39 | INFO  |   Downloading ^VIX volatility...
14:02:39 | INFO  |     Downloaded 2434 days (2017-01-03 to 2026-09-07)
14:02:39 | WARNING |   ⚠️  31 trading days missing from original CSV
14:02:39 | INFO  |   ✓ Enrichment complete: 2435 rows
14:02:39 | INFO  |   ✅ Saved: USD_enriched.csv (2435 rows)
14:02:39 | WARNING |   ⚠️  31 rows need manual update
14:02:39 | INFO  | 
──────────────────────────────────────────────────────────────────────
14:02:39 | INFO  | Enriching: AAPL
14:02:39 | INFO  | ──────────────────────────────────────────────────────────────────────
14:02:39 | INFO  |   Loaded 2402 rows from AAPL.csv
14:02:39 | INFO  |   Yahoo ticker: AAPL
14:02:39 | INFO  |   OHLC prefix: AAPL
14:02:39 | INFO  |   Vol prefix: VIX
14:02:39 | INFO  |   Downloading AAPL OHLC...
14:02:39 | INFO  |     Downloaded 2432 days (2017-01-03 to 2026-09-04)
14:02:39 | INFO  |   Downloading ^VIX volatility...
14:02:40 | INFO  |     Downloaded 2434 days (2017-01-03 to 2026-09-07)
14:02:40 | WARNING |   ⚠️  30 trading days missing from original CSV
14:02:40 | INFO  |   ✓ Enrichment complete: 2432 rows
14:02:40 | INFO  |   ✅ Saved: AAPL_enriched.csv (2432 rows)
14:02:40 | WARNING |   ⚠️  30 rows need manual update
14:02:40 | INFO  | 
──────────────────────────────────────────────────────────────────────
14:02:40 | INFO  | Enriching: BITCOIN
14:02:40 | INFO  | ──────────────────────────────────────────────────────────────────────
14:02:40 | INFO  |   Loaded 773 rows from BITCOIN.csv
14:02:40 | INFO  |   ⚠️  Row count changed (3533 → 773) - re-enriching
14:02:40 | INFO  |   Yahoo ticker: BTC-USD
14:02:40 | INFO  |   OHLC prefix: BTC
14:02:40 | INFO  |   Vol prefix: VIX
14:02:40 | INFO  |   Downloading BTC-USD OHLC...
14:02:40 | INFO  |     Downloaded 3536 days (2017-01-02 to 2026-09-07)
14:02:40 | INFO  |   Downloading ^VIX volatility...
14:02:40 | INFO  |     Downloaded 2434 days (2017-01-03 to 2026-09-07)
14:02:40 | WARNING |   ⚠️  2763 trading days missing from original CSV
14:02:40 | INFO  |   ✓ Enrichment complete: 3536 rows
14:02:40 | INFO  |   ✅ Saved: BITCOIN_enriched.csv (3536 rows)
14:02:40 | WARNING |   ⚠️  2763 rows need manual update
14:02:40 | INFO  | 
======================================================================
14:02:40 | INFO  | ✅ Enrichment complete:
14:02:40 | INFO  |    Success: 9
14:02:40 | INFO  |    Skipped (up-to-date): 0
14:02:40 | INFO  |    Errors:  0
14:02:40 | INFO  | ======================================================================
14:02:40 | INFO  | 
======================================================================
14:02:40 | INFO  | ✅ PIPELINE COMPLETE
14:02:40 | INFO  | ======================================================================
