08:56:14 | INFO  | ======================================================================
08:56:14 | INFO  | ETL PIPELINE START
08:56:14 | INFO  | ======================================================================
08:56:14 | INFO  | 
📋 PIPELINE PLAN:
08:56:14 | INFO  |    HTML Files: 36 new / 36 total
08:56:14 | INFO  |    Master needs propagation: False
08:56:14 | INFO  | 
======================================================================
08:56:14 | INFO  | STAGE 1: HTML PARSING
08:56:14 | INFO  | ======================================================================
08:56:14 | INFO  | 
Processing: JULY 23, 2026.html
08:56:14 | INFO  |   ✅ Saved: RR_07-23-2026.csv (38 rows)
08:56:14 | INFO  | 
Processing: JUNE 8, 2026.html
08:56:14 | INFO  |   ✅ Saved: RR_06-08-2026.csv (37 rows)
08:56:14 | INFO  | 
Processing: JULY 15, 2026.html
08:56:14 | INFO  |   ✅ Saved: RR_07-15-2026.csv (37 rows)
08:56:14 | INFO  | 
Processing: JUNE 22, 2026.html
08:56:14 | INFO  |   ✅ Saved: RR_06-22-2026.csv (37 rows)
08:56:14 | INFO  | 
Processing: JUNE 10, 2026.html
08:56:15 | INFO  |   ✅ Saved: RR_06-10-2026.csv (36 rows)
08:56:15 | INFO  | 
Processing: JULY 17, 2026.html
08:56:15 | INFO  |   ✅ Saved: RR_07-17-2026.csv (38 rows)
08:56:15 | INFO  | 
Processing: JULY 14, 2026.html
08:56:15 | INFO  |   ✅ Saved: RR_07-14-2026.csv (37 rows)
08:56:15 | INFO  | 
Processing: JUNE 23, 2026.html
08:56:15 | INFO  |   ✅ Saved: RR_06-23-2026.csv (37 rows)
08:56:15 | INFO  | 
Processing: JULY 21, 2026.html
08:56:15 | INFO  |   ✅ Saved: RR_07-21-2026.csv (38 rows)
08:56:15 | INFO  | 
Processing: JULY 7, 2026.html
08:56:15 | INFO  |   ✅ Saved: RR_07-07-2026.csv (37 rows)
08:56:15 | INFO  | 
Processing: JUNE 9, 2026.html
08:56:15 | INFO  |   ✅ Saved: RR_06-09-2026.csv (36 rows)
08:56:15 | INFO  | 
Processing: JULY 20, 2026.html
08:56:15 | INFO  |   ✅ Saved: RR_07-20-2026.csv (38 rows)
08:56:15 | INFO  | 
Processing: JULY 2, 2026.html
08:56:15 | INFO  |   ✅ Saved: RR_07-02-2026.csv (38 rows)
08:56:15 | INFO  | 
Processing: JUNE 5, 2026.html
08:56:15 | INFO  |   ✅ Saved: RR_06-05-2026.csv (37 rows)
08:56:15 | INFO  | 
Processing: JULY 22, 2026.html
08:56:15 | INFO  |   ✅ Saved: RR_07-22-2026.csv (38 rows)
08:56:15 | INFO  | 
Processing: JUNE 11, 2026.html
08:56:15 | INFO  |   ✅ Saved: RR_06-11-2026.csv (36 rows)
08:56:15 | INFO  | 
Processing: JULY 10, 2026.html
08:56:15 | INFO  |   ✅ Saved: RR_07-10-2026.csv (37 rows)
08:56:15 | INFO  | 
Processing: JULY 9, 2026.html
08:56:16 | INFO  |   ✅ Saved: RR_07-09-2026.csv (37 rows)
08:56:16 | INFO  | 
Processing: JUNE 4, 2026.html
08:56:16 | INFO  |   ✅ Saved: RR_06-04-2026.csv (37 rows)
08:56:16 | INFO  | 
Processing: JUNE 15, 2026.html
08:56:16 | INFO  |   ✅ Saved: RR_06-15-2026.csv (36 rows)
08:56:16 | INFO  | 
Processing: JULY 27, 2026.html
08:56:16 | INFO  |   ✅ Saved: RR_07-27-2026.csv (38 rows)
08:56:16 | INFO  | 
Processing: JUNE 16, 2026.html
08:56:16 | INFO  |   ✅ Saved: RR_06-16-2026.csv (36 rows)
08:56:16 | INFO  | 
Processing: JUNE 29, 2026.html
08:56:16 | INFO  |   ✅ Saved: RR_06-29-2026.csv (38 rows)
08:56:16 | INFO  | 
Processing: JUNE 12, 2026.html
08:56:16 | INFO  |   ✅ Saved: RR_06-12-2026.csv (36 rows)
08:56:16 | INFO  | 
Processing: JULY 24, 2026.html
08:56:16 | INFO  |   ✅ Saved: RR_07-24-2026.csv (38 rows)
08:56:16 | INFO  | 
Processing: JUNE 30, 2026.html
08:56:16 | INFO  |   ✅ Saved: RR_06-30-2026.csv (38 rows)
08:56:16 | INFO  | 
Processing: JULY 16, 2026.html
08:56:16 | INFO  |   ✅ Saved: RR_07-16-2026.csv (37 rows)
08:56:16 | INFO  | 
Processing: JULY 6, 2026.html
08:56:16 | INFO  |   ✅ Saved: RR_07-06-2026.csv (37 rows)
08:56:16 | INFO  | 
Processing: JUNE 24, 2026.html
08:56:16 | INFO  |   ✅ Saved: RR_06-24-2026.csv (37 rows)
08:56:16 | INFO  | 
Processing: JUNE 17, 2026.html
08:56:16 | INFO  |   ✅ Saved: RR_06-17-2026.csv (36 rows)
08:56:16 | INFO  | 
Processing: JULY 13, 2026.html
08:56:17 | INFO  |   ✅ Saved: RR_07-13-2026.csv (37 rows)
08:56:17 | INFO  | 
Processing: JUNE 26, 2026.html
08:56:17 | INFO  |   ✅ Saved: RR_06-26-2026.csv (38 rows)
08:56:17 | INFO  | 
Processing: JUNE 18, 2026.html
08:56:17 | INFO  |   ✅ Saved: RR_06-18-2026.csv (37 rows)
08:56:17 | INFO  | 
Processing: JUNE 25, 2026.html
08:56:17 | INFO  |   ✅ Saved: RR_06-25-2026.csv (38 rows)
08:56:17 | INFO  | 
Processing: JULY 8, 2026.html
08:56:17 | INFO  |   ✅ Saved: RR_07-08-2026.csv (37 rows)
08:56:17 | INFO  | 
Processing: JULY 1, 2026.html
08:56:17 | INFO  |   ✅ Saved: RR_07-01-2026.csv (38 rows)
08:56:17 | INFO  | 
✅ HTML parsing complete: 36 success, 0 errors
08:56:17 | INFO  | 
======================================================================
08:56:17 | INFO  | STAGE 2: MASTER AGGREGATION
08:56:17 | INFO  | ======================================================================
08:56:17 | INFO  | ✅ Backed up master to: risk_ranges_master_backup_20260727_085617.csv
08:56:17 | INFO  | Loaded existing master: 74,242 rows
08:56:17 | INFO  |   Loaded: RR_07-23-2026.csv (38 rows)
08:56:17 | INFO  |   Loaded: RR_06-08-2026.csv (37 rows)
08:56:17 | INFO  |   Loaded: RR_07-15-2026.csv (37 rows)
08:56:17 | INFO  |   Loaded: RR_06-22-2026.csv (37 rows)
08:56:17 | INFO  |   Loaded: RR_06-10-2026.csv (36 rows)
08:56:17 | INFO  |   Loaded: RR_07-17-2026.csv (38 rows)
08:56:17 | INFO  |   Loaded: RR_07-14-2026.csv (37 rows)
08:56:17 | INFO  |   Loaded: RR_06-23-2026.csv (37 rows)
08:56:17 | INFO  |   Loaded: RR_07-21-2026.csv (38 rows)
08:56:17 | INFO  |   Loaded: RR_07-07-2026.csv (37 rows)
08:56:17 | INFO  |   Loaded: RR_06-09-2026.csv (36 rows)
08:56:17 | INFO  |   Loaded: RR_07-20-2026.csv (38 rows)
08:56:17 | INFO  |   Loaded: RR_07-02-2026.csv (38 rows)
08:56:17 | INFO  |   Loaded: RR_06-05-2026.csv (37 rows)
08:56:17 | INFO  |   Loaded: RR_07-22-2026.csv (38 rows)
08:56:17 | INFO  |   Loaded: RR_06-11-2026.csv (36 rows)
08:56:17 | INFO  |   Loaded: RR_07-10-2026.csv (37 rows)
08:56:17 | INFO  |   Loaded: RR_07-09-2026.csv (37 rows)
08:56:17 | INFO  |   Loaded: RR_06-04-2026.csv (37 rows)
08:56:17 | INFO  |   Loaded: RR_06-15-2026.csv (36 rows)
08:56:17 | INFO  |   Loaded: RR_07-27-2026.csv (38 rows)
08:56:17 | INFO  |   Loaded: RR_06-16-2026.csv (36 rows)
08:56:17 | INFO  |   Loaded: RR_06-29-2026.csv (38 rows)
08:56:17 | INFO  |   Loaded: RR_06-12-2026.csv (36 rows)
08:56:17 | INFO  |   Loaded: RR_07-24-2026.csv (38 rows)
08:56:17 | INFO  |   Loaded: RR_06-30-2026.csv (38 rows)
08:56:17 | INFO  |   Loaded: RR_07-16-2026.csv (37 rows)
08:56:17 | INFO  |   Loaded: RR_07-06-2026.csv (37 rows)
08:56:17 | INFO  |   Loaded: RR_06-24-2026.csv (37 rows)
08:56:17 | INFO  |   Loaded: RR_06-17-2026.csv (36 rows)
08:56:17 | INFO  |   Loaded: RR_07-13-2026.csv (37 rows)
08:56:17 | INFO  |   Loaded: RR_06-26-2026.csv (38 rows)
08:56:17 | INFO  |   Loaded: RR_06-18-2026.csv (37 rows)
08:56:17 | INFO  |   Loaded: RR_06-25-2026.csv (38 rows)
08:56:17 | INFO  |   Loaded: RR_07-08-2026.csv (37 rows)
08:56:17 | INFO  |   Loaded: RR_07-01-2026.csv (38 rows)
08:56:17 | INFO  | Combined new data: 1338 rows
08:56:17 | INFO  | Removed 1300 duplicate entries
08:56:17 | INFO  | ✅ Saved master CSV: 74,280 total rows
08:56:17 | INFO  |    Date range: 2017-01-03 to 2026-07-27
08:56:17 | INFO  | 
======================================================================
08:56:17 | INFO  | STAGE 3: TICKER SUBSETTING
08:56:17 | INFO  | ======================================================================
08:56:17 | INFO  | Loaded master: 74,280 rows
08:56:17 | INFO  | Creating subsets for 9 tickers
08:56:17 | INFO  |   ✅ UST10Y: 2375 rows | 2017-01-03 to 2026-07-27
08:56:18 | INFO  |   ✅ SPX: 2375 rows | 2017-01-03 to 2026-07-27
08:56:18 | INFO  |   ✅ COMPQ: 2375 rows | 2017-01-03 to 2026-07-27
08:56:18 | INFO  |   ✅ RUT: 2374 rows | 2017-01-03 to 2026-07-27
08:56:18 | INFO  |   ✅ VIX: 2375 rows | 2017-01-03 to 2026-07-27
08:56:18 | INFO  |   ✅ USD: 2375 rows | 2017-01-03 to 2026-07-27
08:56:18 | INFO  |   ✅ GOLD: 2373 rows | 2017-01-03 to 2026-07-27
08:56:18 | INFO  |   ✅ AAPL: 2373 rows | 2017-01-03 to 2026-07-27
08:56:18 | INFO  |   ✅ BITCOIN: 744 rows | 2023-08-01 to 2026-07-27
08:56:18 | INFO  | ✅ Ticker subsetting complete
08:56:18 | INFO  | 
======================================================================
08:56:18 | INFO  | STAGE 4: ENRICHMENT
08:56:18 | INFO  | ======================================================================
08:56:18 | INFO  | Enriching 9 tickers
08:56:18 | INFO  | 
──────────────────────────────────────────────────────────────────────
08:56:18 | INFO  | Enriching: SPX
08:56:18 | INFO  | ──────────────────────────────────────────────────────────────────────
08:56:18 | INFO  |   Loaded 2375 rows from SPX.csv
08:56:18 | INFO  |   Yahoo ticker: ^GSPC
08:56:18 | INFO  |   OHLC prefix: GSPC
08:56:18 | INFO  |   Vol prefix: VIX
08:56:18 | INFO  |   Downloading ^GSPC OHLC...
08:56:18 | INFO  |     Downloaded 2402 days (2017-01-03 to 2026-07-24)
08:56:18 | INFO  |   Downloading ^VIX volatility...
08:56:18 | INFO  |     Downloaded 2404 days (2017-01-03 to 2026-07-27)
08:56:18 | WARNING |   ⚠️  28 trading days missing from original CSV
08:56:18 | INFO  |   ✓ Enrichment complete: 2402 rows
08:56:18 | INFO  |   ✅ Saved: SPX_enriched.csv (2402 rows)
08:56:18 | WARNING |   ⚠️  28 rows need manual update
08:56:18 | INFO  | 
──────────────────────────────────────────────────────────────────────
08:56:18 | INFO  | Enriching: GOLD
08:56:18 | INFO  | ──────────────────────────────────────────────────────────────────────
08:56:18 | INFO  |   Loaded 2373 rows from GOLD.csv
08:56:18 | INFO  |   Yahoo ticker: GC=F
08:56:18 | INFO  |   OHLC prefix: GC
08:56:18 | INFO  |   Vol prefix: GVZ
08:56:18 | INFO  |   Downloading GC=F OHLC...
08:56:18 | INFO  |     Downloaded 2404 days (2017-01-03 to 2026-07-27)
08:56:18 | INFO  |   Downloading ^GVZ volatility...
08:56:19 | INFO  |     Downloaded 2402 days (2017-01-03 to 2026-07-24)
08:56:19 | WARNING |   ⚠️  32 trading days missing from original CSV
08:56:19 | INFO  |   ✓ Enrichment complete: 2404 rows
08:56:19 | INFO  |   ✅ Saved: GOLD_enriched.csv (2404 rows)
08:56:19 | WARNING |   ⚠️  32 rows need manual update
08:56:19 | INFO  | 
──────────────────────────────────────────────────────────────────────
08:56:19 | INFO  | Enriching: UST10Y
08:56:19 | INFO  | ──────────────────────────────────────────────────────────────────────
08:56:19 | INFO  |   Loaded 2375 rows from UST10Y.csv
08:56:19 | INFO  |   Yahoo ticker: ^TNX
08:56:19 | INFO  |   OHLC prefix: TNX
08:56:19 | INFO  |   Vol prefix: VIX
08:56:19 | INFO  |   Downloading ^TNX OHLC...
08:56:19 | INFO  |     Downloaded 2403 days (2017-01-03 to 2026-07-27)
08:56:19 | INFO  |   Downloading ^VIX volatility...
08:56:19 | INFO  |     Downloaded 2404 days (2017-01-03 to 2026-07-27)
08:56:19 | WARNING |   ⚠️  28 trading days missing from original CSV
08:56:19 | INFO  |   ✓ Enrichment complete: 2403 rows
08:56:19 | INFO  |   ✅ Saved: UST10Y_enriched.csv (2403 rows)
08:56:19 | WARNING |   ⚠️  28 rows need manual update
08:56:19 | INFO  | 
──────────────────────────────────────────────────────────────────────
08:56:19 | INFO  | Enriching: COMPQ
08:56:19 | INFO  | ──────────────────────────────────────────────────────────────────────
08:56:19 | INFO  |   Loaded 2375 rows from COMPQ.csv
08:56:19 | INFO  |   Yahoo ticker: ^IXIC
08:56:19 | INFO  |   OHLC prefix: IXIC
08:56:19 | INFO  |   Vol prefix: VIX
08:56:19 | INFO  |   Downloading ^IXIC OHLC...
08:56:19 | INFO  |     Downloaded 2402 days (2017-01-03 to 2026-07-24)
08:56:19 | INFO  |   Downloading ^VIX volatility...
08:56:19 | INFO  |     Downloaded 2404 days (2017-01-03 to 2026-07-27)
08:56:19 | WARNING |   ⚠️  28 trading days missing from original CSV
08:56:19 | INFO  |   ✓ Enrichment complete: 2402 rows
08:56:19 | INFO  |   ✅ Saved: COMPQ_enriched.csv (2402 rows)
08:56:19 | WARNING |   ⚠️  28 rows need manual update
08:56:19 | INFO  | 
──────────────────────────────────────────────────────────────────────
08:56:19 | INFO  | Enriching: RUT
08:56:19 | INFO  | ──────────────────────────────────────────────────────────────────────
08:56:19 | INFO  |   Loaded 2374 rows from RUT.csv
08:56:19 | INFO  |   Yahoo ticker: ^RUT
08:56:19 | INFO  |   OHLC prefix: RUT
08:56:19 | INFO  |   Vol prefix: VIX
08:56:19 | INFO  |   Downloading ^RUT OHLC...
08:56:20 | INFO  |     Downloaded 2402 days (2017-01-03 to 2026-07-24)
08:56:20 | INFO  |   Downloading ^VIX volatility...
08:56:20 | INFO  |     Downloaded 2404 days (2017-01-03 to 2026-07-27)
08:56:20 | WARNING |   ⚠️  29 trading days missing from original CSV
08:56:20 | INFO  |   ✓ Enrichment complete: 2402 rows
08:56:20 | INFO  |   ✅ Saved: RUT_enriched.csv (2402 rows)
08:56:20 | WARNING |   ⚠️  29 rows need manual update
08:56:20 | INFO  | 
──────────────────────────────────────────────────────────────────────
08:56:20 | INFO  | Enriching: VIX
08:56:20 | INFO  | ──────────────────────────────────────────────────────────────────────
08:56:20 | INFO  |   Loaded 2375 rows from VIX.csv
08:56:20 | INFO  |   Yahoo ticker: ^VIX
08:56:20 | INFO  |   OHLC prefix: VIX
08:56:20 | INFO  |   Vol prefix: VIXI
08:56:20 | INFO  |   Downloading ^VIX OHLC...
08:56:20 | INFO  |     Downloaded 2404 days (2017-01-03 to 2026-07-27)
08:56:20 | INFO  |   Downloading ^VIX volatility...
08:56:20 | INFO  |     Downloaded 2404 days (2017-01-03 to 2026-07-27)
08:56:20 | WARNING |   ⚠️  29 trading days missing from original CSV
08:56:20 | INFO  |   ✓ Enrichment complete: 2404 rows
08:56:20 | INFO  |   ✅ Saved: VIX_enriched.csv (2404 rows)
08:56:20 | WARNING |   ⚠️  29 rows need manual update
08:56:20 | INFO  | 
──────────────────────────────────────────────────────────────────────
08:56:20 | INFO  | Enriching: USD
08:56:20 | INFO  | ──────────────────────────────────────────────────────────────────────
08:56:20 | INFO  |   Loaded 2375 rows from USD.csv
08:56:20 | INFO  |   Yahoo ticker: DX-Y.NYB
08:56:20 | INFO  |   OHLC prefix: DX
08:56:20 | INFO  |   Vol prefix: VIX
08:56:20 | INFO  |   Downloading DX-Y.NYB OHLC...
08:56:20 | INFO  |     Downloaded 2405 days (2017-01-03 to 2026-07-27)
08:56:20 | INFO  |   Downloading ^VIX volatility...
08:56:20 | INFO  |     Downloaded 2404 days (2017-01-03 to 2026-07-27)
08:56:20 | WARNING |   ⚠️  30 trading days missing from original CSV
08:56:20 | INFO  |   ✓ Enrichment complete: 2405 rows
08:56:20 | INFO  |   ✅ Saved: USD_enriched.csv (2405 rows)
08:56:20 | WARNING |   ⚠️  30 rows need manual update
08:56:20 | INFO  | 
──────────────────────────────────────────────────────────────────────
08:56:20 | INFO  | Enriching: AAPL
08:56:20 | INFO  | ──────────────────────────────────────────────────────────────────────
08:56:20 | INFO  |   Loaded 2373 rows from AAPL.csv
08:56:20 | INFO  |   Yahoo ticker: AAPL
08:56:20 | INFO  |   OHLC prefix: AAPL
08:56:20 | INFO  |   Vol prefix: VIX
08:56:20 | INFO  |   Downloading AAPL OHLC...
08:56:21 | INFO  |     Downloaded 2402 days (2017-01-03 to 2026-07-24)
08:56:21 | INFO  |   Downloading ^VIX volatility...
08:56:21 | INFO  |     Downloaded 2404 days (2017-01-03 to 2026-07-27)
08:56:21 | WARNING |   ⚠️  30 trading days missing from original CSV
08:56:21 | INFO  |   ✓ Enrichment complete: 2402 rows
08:56:21 | INFO  |   ✅ Saved: AAPL_enriched.csv (2402 rows)
08:56:21 | WARNING |   ⚠️  30 rows need manual update
08:56:21 | INFO  | 
──────────────────────────────────────────────────────────────────────
08:56:21 | INFO  | Enriching: BITCOIN
08:56:21 | INFO  | ──────────────────────────────────────────────────────────────────────
08:56:21 | INFO  |   Loaded 744 rows from BITCOIN.csv
08:56:21 | INFO  |   ⚠️  Row count changed (3493 → 744) - re-enriching
08:56:21 | INFO  |   Yahoo ticker: BTC-USD
08:56:21 | INFO  |   OHLC prefix: BTC
08:56:21 | INFO  |   Vol prefix: VIX
08:56:21 | INFO  |   Downloading BTC-USD OHLC...
08:56:21 | INFO  |     Downloaded 3494 days (2017-01-02 to 2026-07-27)
08:56:21 | INFO  |   Downloading ^VIX volatility...
08:56:21 | INFO  |     Downloaded 2404 days (2017-01-03 to 2026-07-27)
08:56:21 | WARNING |   ⚠️  2750 trading days missing from original CSV
08:56:21 | INFO  |   ✓ Enrichment complete: 3494 rows
08:56:21 | INFO  |   ✅ Saved: BITCOIN_enriched.csv (3494 rows)
08:56:21 | WARNING |   ⚠️  2750 rows need manual update
08:56:21 | INFO  | 
======================================================================
08:56:21 | INFO  | ✅ Enrichment complete:
08:56:21 | INFO  |    Success: 9
08:56:21 | INFO  |    Skipped (up-to-date): 0
08:56:21 | INFO  |    Errors:  0
08:56:21 | INFO  | ======================================================================
08:56:21 | INFO  | 
======================================================================
08:56:21 | INFO  | ✅ PIPELINE COMPLETE
08:56:21 | INFO  | ======================================================================
