14:47:11 | INFO  | ======================================================================
14:47:11 | INFO  | ETL PIPELINE START
14:47:11 | INFO  | ======================================================================
14:47:11 | INFO  | 
📋 PIPELINE PLAN:
14:47:11 | INFO  |    HTML Files: 1 new / 33 total
14:47:11 | INFO  |    Master needs propagation: False
14:47:11 | INFO  | 
======================================================================
14:47:11 | INFO  | STAGE 1: HTML PARSING
14:47:11 | INFO  | ======================================================================
14:47:11 | INFO  | 
Processing: SEPTEMBER 17, 2026.html
14:47:11 | INFO  |   ✅ Saved: RR_09-17-2026.csv (37 rows)
14:47:11 | INFO  | 
✅ HTML parsing complete: 1 success, 0 errors
14:47:11 | INFO  | 
======================================================================
14:47:11 | INFO  | STAGE 2: MASTER AGGREGATION
14:47:11 | INFO  | ======================================================================
14:47:11 | INFO  | ✅ Backed up master to: risk_ranges_master_backup_20260917_144711.csv
14:47:11 | INFO  | Loaded existing master: 75,614 rows
14:47:11 | INFO  |   Loaded: RR_09-17-2026.csv (37 rows)
14:47:11 | INFO  | Combined new data: 37 rows
14:47:12 | INFO  | ✅ Saved master CSV: 75,651 total rows
14:47:12 | INFO  |    Date range: 2017-01-03 to 2026-09-17
14:47:12 | INFO  | 
======================================================================
14:47:12 | INFO  | STAGE 3: TICKER SUBSETTING
14:47:12 | INFO  | ======================================================================
14:47:12 | INFO  | Loaded master: 75,651 rows
14:47:12 | INFO  | Creating subsets for 9 tickers
14:47:12 | INFO  |   ✅ UST10Y: 2412 rows | 2017-01-03 to 2026-09-17
14:47:12 | INFO  |   ✅ SPX: 2412 rows | 2017-01-03 to 2026-09-17
14:47:12 | INFO  |   ✅ COMPQ: 2412 rows | 2017-01-03 to 2026-09-17
14:47:12 | INFO  |   ✅ RUT: 2411 rows | 2017-01-03 to 2026-09-17
14:47:12 | INFO  |   ✅ VIX: 2412 rows | 2017-01-03 to 2026-09-17
14:47:12 | INFO  |   ✅ USD: 2412 rows | 2017-01-03 to 2026-09-17
14:47:12 | INFO  |   ✅ GOLD: 2410 rows | 2017-01-03 to 2026-09-17
14:47:12 | INFO  |   ✅ AAPL: 2410 rows | 2017-01-03 to 2026-09-17
14:47:12 | INFO  |   ✅ BITCOIN: 781 rows | 2023-08-01 to 2026-09-17
14:47:12 | INFO  | ✅ Ticker subsetting complete
14:47:12 | INFO  | 
======================================================================
14:47:12 | INFO  | STAGE 4: ENRICHMENT
14:47:12 | INFO  | ======================================================================
14:47:12 | INFO  | Enriching 9 tickers
14:47:12 | INFO  | 
──────────────────────────────────────────────────────────────────────
14:47:12 | INFO  | Enriching: SPX
14:47:12 | INFO  | ──────────────────────────────────────────────────────────────────────
14:47:12 | INFO  |   Loaded 2412 rows from SPX.csv
14:47:12 | INFO  |   Yahoo ticker: ^GSPC
14:47:12 | INFO  |   OHLC prefix: GSPC
14:47:12 | INFO  |   Vol prefix: VIX
14:47:12 | INFO  |   Downloading ^GSPC OHLC...
14:47:12 | INFO  |     Downloaded 2440 days (2017-01-03 to 2026-09-17)
14:47:12 | INFO  |   Downloading ^VIX volatility...
14:47:12 | INFO  |     Downloaded 2442 days (2017-01-03 to 2026-09-17)
14:47:12 | WARNING |   ⚠️  28 trading days missing from original CSV
14:47:12 | INFO  |   ✓ Enrichment complete: 2440 rows
14:47:12 | INFO  |   ✅ Saved: SPX_enriched.csv (2440 rows)
14:47:12 | WARNING |   ⚠️  28 rows need manual update
14:47:12 | INFO  | 
──────────────────────────────────────────────────────────────────────
14:47:12 | INFO  | Enriching: GOLD
14:47:12 | INFO  | ──────────────────────────────────────────────────────────────────────
14:47:12 | INFO  |   Loaded 2410 rows from GOLD.csv
14:47:12 | INFO  |   Yahoo ticker: GC=F
14:47:12 | INFO  |   OHLC prefix: GC
14:47:12 | INFO  |   Vol prefix: GVZ
14:47:12 | INFO  |   Downloading GC=F OHLC...
14:47:13 | INFO  |     Downloaded 2442 days (2017-01-03 to 2026-09-17)
14:47:13 | INFO  |   Downloading ^GVZ volatility...
14:47:13 | INFO  |     Downloaded 2440 days (2017-01-03 to 2026-09-17)
14:47:13 | WARNING |   ⚠️  33 trading days missing from original CSV
14:47:13 | INFO  |   ✓ Enrichment complete: 2442 rows
14:47:13 | INFO  |   ✅ Saved: GOLD_enriched.csv (2442 rows)
14:47:13 | WARNING |   ⚠️  33 rows need manual update
14:47:13 | INFO  | 
──────────────────────────────────────────────────────────────────────
14:47:13 | INFO  | Enriching: UST10Y
14:47:13 | INFO  | ──────────────────────────────────────────────────────────────────────
14:47:13 | INFO  |   Loaded 2412 rows from UST10Y.csv
14:47:13 | INFO  |   Yahoo ticker: ^TNX
14:47:13 | INFO  |   OHLC prefix: TNX
14:47:13 | INFO  |   Vol prefix: VIX
14:47:13 | INFO  |   Downloading ^TNX OHLC...
14:47:13 | INFO  |     Downloaded 2440 days (2017-01-03 to 2026-09-17)
14:47:13 | INFO  |   Downloading ^VIX volatility...
14:47:13 | INFO  |     Downloaded 2442 days (2017-01-03 to 2026-09-17)
14:47:13 | WARNING |   ⚠️  28 trading days missing from original CSV
14:47:13 | INFO  |   ✓ Enrichment complete: 2440 rows
14:47:13 | INFO  |   ✅ Saved: UST10Y_enriched.csv (2440 rows)
14:47:13 | WARNING |   ⚠️  28 rows need manual update
14:47:13 | INFO  | 
──────────────────────────────────────────────────────────────────────
14:47:13 | INFO  | Enriching: COMPQ
14:47:13 | INFO  | ──────────────────────────────────────────────────────────────────────
14:47:13 | INFO  |   Loaded 2412 rows from COMPQ.csv
14:47:13 | INFO  |   Yahoo ticker: ^IXIC
14:47:13 | INFO  |   OHLC prefix: IXIC
14:47:13 | INFO  |   Vol prefix: VIX
14:47:13 | INFO  |   Downloading ^IXIC OHLC...
14:47:13 | INFO  |     Downloaded 2440 days (2017-01-03 to 2026-09-17)
14:47:13 | INFO  |   Downloading ^VIX volatility...
14:47:13 | INFO  |     Downloaded 2442 days (2017-01-03 to 2026-09-17)
14:47:13 | WARNING |   ⚠️  28 trading days missing from original CSV
14:47:13 | INFO  |   ✓ Enrichment complete: 2440 rows
14:47:13 | INFO  |   ✅ Saved: COMPQ_enriched.csv (2440 rows)
14:47:13 | WARNING |   ⚠️  28 rows need manual update
14:47:13 | INFO  | 
──────────────────────────────────────────────────────────────────────
14:47:13 | INFO  | Enriching: RUT
14:47:13 | INFO  | ──────────────────────────────────────────────────────────────────────
14:47:13 | INFO  |   Loaded 2411 rows from RUT.csv
14:47:13 | INFO  |   Yahoo ticker: ^RUT
14:47:13 | INFO  |   OHLC prefix: RUT
14:47:13 | INFO  |   Vol prefix: VIX
14:47:13 | INFO  |   Downloading ^RUT OHLC...
14:47:14 | INFO  |     Downloaded 2440 days (2017-01-03 to 2026-09-17)
14:47:14 | INFO  |   Downloading ^VIX volatility...
14:47:14 | INFO  |     Downloaded 2442 days (2017-01-03 to 2026-09-17)
14:47:14 | WARNING |   ⚠️  29 trading days missing from original CSV
14:47:14 | INFO  |   ✓ Enrichment complete: 2440 rows
14:47:14 | INFO  |   ✅ Saved: RUT_enriched.csv (2440 rows)
14:47:14 | WARNING |   ⚠️  29 rows need manual update
14:47:14 | INFO  | 
──────────────────────────────────────────────────────────────────────
14:47:14 | INFO  | Enriching: VIX
14:47:14 | INFO  | ──────────────────────────────────────────────────────────────────────
14:47:14 | INFO  |   Loaded 2412 rows from VIX.csv
14:47:14 | INFO  |   Yahoo ticker: ^VIX
14:47:14 | INFO  |   OHLC prefix: VIX
14:47:14 | INFO  |   Vol prefix: VIXI
14:47:14 | INFO  |   Downloading ^VIX OHLC...
14:47:14 | INFO  |     Downloaded 2442 days (2017-01-03 to 2026-09-17)
14:47:14 | INFO  |   Downloading ^VIX volatility...
14:47:14 | INFO  |     Downloaded 2442 days (2017-01-03 to 2026-09-17)
14:47:14 | WARNING |   ⚠️  30 trading days missing from original CSV
14:47:14 | INFO  |   ✓ Enrichment complete: 2442 rows
14:47:14 | INFO  |   ✅ Saved: VIX_enriched.csv (2442 rows)
14:47:14 | WARNING |   ⚠️  30 rows need manual update
14:47:14 | INFO  | 
──────────────────────────────────────────────────────────────────────
14:47:14 | INFO  | Enriching: USD
14:47:14 | INFO  | ──────────────────────────────────────────────────────────────────────
14:47:14 | INFO  |   Loaded 2412 rows from USD.csv
14:47:14 | INFO  |   Yahoo ticker: DX-Y.NYB
14:47:14 | INFO  |   OHLC prefix: DX
14:47:14 | INFO  |   Vol prefix: VIX
14:47:14 | INFO  |   Downloading DX-Y.NYB OHLC...
14:47:14 | INFO  |     Downloaded 2442 days (2017-01-03 to 2026-09-17)
14:47:14 | INFO  |   Downloading ^VIX volatility...
14:47:14 | INFO  |     Downloaded 2442 days (2017-01-03 to 2026-09-17)
14:47:14 | WARNING |   ⚠️  30 trading days missing from original CSV
14:47:14 | INFO  |   ✓ Enrichment complete: 2442 rows
14:47:14 | INFO  |   ✅ Saved: USD_enriched.csv (2442 rows)
14:47:14 | WARNING |   ⚠️  30 rows need manual update
14:47:14 | INFO  | 
──────────────────────────────────────────────────────────────────────
14:47:14 | INFO  | Enriching: AAPL
14:47:14 | INFO  | ──────────────────────────────────────────────────────────────────────
14:47:14 | INFO  |   Loaded 2410 rows from AAPL.csv
14:47:14 | INFO  |   Yahoo ticker: AAPL
14:47:14 | INFO  |   OHLC prefix: AAPL
14:47:14 | INFO  |   Vol prefix: VIX
14:47:14 | INFO  |   Downloading AAPL OHLC...
14:47:15 | INFO  |     Downloaded 2440 days (2017-01-03 to 2026-09-17)
14:47:15 | INFO  |   Downloading ^VIX volatility...
14:47:15 | INFO  |     Downloaded 2442 days (2017-01-03 to 2026-09-17)
14:47:15 | WARNING |   ⚠️  30 trading days missing from original CSV
14:47:15 | INFO  |   ✓ Enrichment complete: 2440 rows
14:47:15 | INFO  |   ✅ Saved: AAPL_enriched.csv (2440 rows)
14:47:15 | WARNING |   ⚠️  30 rows need manual update
14:47:15 | INFO  | 
──────────────────────────────────────────────────────────────────────
14:47:15 | INFO  | Enriching: BITCOIN
14:47:15 | INFO  | ──────────────────────────────────────────────────────────────────────
14:47:15 | INFO  |   Loaded 781 rows from BITCOIN.csv
14:47:15 | INFO  |   ⚠️  Row count changed (3545 → 781) - re-enriching
14:47:15 | INFO  |   Yahoo ticker: BTC-USD
14:47:15 | INFO  |   OHLC prefix: BTC
14:47:15 | INFO  |   Vol prefix: VIX
14:47:15 | INFO  |   Downloading BTC-USD OHLC...
14:47:15 | INFO  |     Downloaded 3546 days (2017-01-02 to 2026-09-17)
14:47:15 | INFO  |   Downloading ^VIX volatility...
14:47:15 | INFO  |     Downloaded 2442 days (2017-01-03 to 2026-09-17)
14:47:15 | WARNING |   ⚠️  2765 trading days missing from original CSV
14:47:15 | INFO  |   ✓ Enrichment complete: 3546 rows
14:47:15 | INFO  |   ✅ Saved: BITCOIN_enriched.csv (3546 rows)
14:47:15 | WARNING |   ⚠️  2765 rows need manual update
14:47:15 | INFO  | 
======================================================================
14:47:15 | INFO  | ✅ Enrichment complete:
14:47:15 | INFO  |    Success: 9
14:47:15 | INFO  |    Skipped (up-to-date): 0
14:47:15 | INFO  |    Errors:  0
14:47:15 | INFO  | ======================================================================
14:47:15 | INFO  | 
======================================================================
14:47:15 | INFO  | ✅ PIPELINE COMPLETE
14:47:15 | INFO  | ======================================================================
