09:05:44 | INFO  | ======================================================================
09:05:44 | INFO  | ETL PIPELINE START
09:05:44 | INFO  | ======================================================================
09:05:44 | INFO  | 
📋 PIPELINE PLAN:
09:05:44 | INFO  |    HTML Files: 49 new / 49 total
09:05:44 | INFO  |    Master needs propagation: False
09:05:44 | INFO  | 
======================================================================
09:05:44 | INFO  | STAGE 1: HTML PARSING
09:05:44 | INFO  | ======================================================================
09:05:44 | INFO  | 
Processing: JULY 1, 2026.html
09:05:44 | INFO  |   ✅ Saved: RR_07-01-2026.csv (38 rows)
09:05:44 | INFO  | 
Processing: AUGUST 10, 2026.html
09:05:44 | INFO  |   ✅ Saved: RR_08-10-2026.csv (37 rows)
09:05:44 | INFO  | 
Processing: JULY 22, 2026.html
09:05:44 | INFO  |   ✅ Saved: RR_07-22-2026.csv (38 rows)
09:05:44 | INFO  | 
Processing: JUNE 9, 2026.html
09:05:44 | INFO  |   ✅ Saved: RR_06-09-2026.csv (36 rows)
09:05:44 | INFO  | 
Processing: JUNE 4, 2026.html
09:05:44 | INFO  |   ✅ Saved: RR_06-04-2026.csv (37 rows)
09:05:44 | INFO  | 
Processing: JUNE 11, 2026.html
09:05:45 | INFO  |   ✅ Saved: RR_06-11-2026.csv (36 rows)
09:05:45 | INFO  | 
Processing: JUNE 25, 2026.html
09:05:45 | INFO  |   ✅ Saved: RR_06-25-2026.csv (38 rows)
09:05:45 | INFO  | 
Processing: AUGUST 7, 2026.html
09:05:45 | INFO  |   ✅ Saved: RR_08-07-2026.csv (37 rows)
09:05:45 | INFO  | 
Processing: JUNE 17, 2026.html
09:05:45 | INFO  |   ✅ Saved: RR_06-17-2026.csv (36 rows)
09:05:45 | INFO  | 
Processing: JULY 24, 2026.html
09:05:45 | INFO  |   ✅ Saved: RR_07-24-2026.csv (38 rows)
09:05:45 | INFO  | 
Processing: JULY 21, 2026.html
09:05:45 | INFO  |   ✅ Saved: RR_07-21-2026.csv (38 rows)
09:05:45 | INFO  | 
Processing: JUNE 16, 2026.html
09:05:45 | INFO  |   ✅ Saved: RR_06-16-2026.csv (36 rows)
09:05:45 | INFO  | 
Processing: JULY 23, 2026.html
09:05:45 | INFO  |   ✅ Saved: RR_07-23-2026.csv (38 rows)
09:05:45 | INFO  | 
Processing: AUGUST 13, 2026.html
09:05:45 | INFO  |   ✅ Saved: RR_08-13-2026.csv (37 rows)
09:05:45 | INFO  | 
Processing: JUNE 23, 2026.html
09:05:45 | INFO  |   ✅ Saved: RR_06-23-2026.csv (37 rows)
09:05:45 | INFO  | 
Processing: JUNE 12, 2026.html
09:05:45 | INFO  |   ✅ Saved: RR_06-12-2026.csv (36 rows)
09:05:45 | INFO  | 
Processing: JUNE 8, 2026.html
09:05:46 | INFO  |   ✅ Saved: RR_06-08-2026.csv (37 rows)
09:05:46 | INFO  | 
Processing: JULY 6, 2026.html
09:05:46 | INFO  |   ✅ Saved: RR_07-06-2026.csv (37 rows)
09:05:46 | INFO  | 
Processing: JUNE 22, 2026.html
09:05:46 | INFO  |   ✅ Saved: RR_06-22-2026.csv (37 rows)
09:05:46 | INFO  | 
Processing: JUNE 15, 2026.html
09:05:46 | INFO  |   ✅ Saved: RR_06-15-2026.csv (36 rows)
09:05:46 | INFO  | 
Processing: AUGUST 6, 2026.html
09:05:46 | INFO  |   ✅ Saved: RR_08-06-2026.csv (37 rows)
09:05:46 | INFO  | 
Processing: JULY 13, 2026.html
09:05:46 | INFO  |   ✅ Saved: RR_07-13-2026.csv (37 rows)
09:05:46 | INFO  | 
Processing: JUNE 5, 2026.html
09:05:46 | INFO  |   ✅ Saved: RR_06-05-2026.csv (37 rows)
09:05:46 | INFO  | 
Processing: AUGUST 11, 2026.html
09:05:46 | INFO  |   ✅ Saved: RR_08-11-2026.csv (37 rows)
09:05:46 | INFO  | 
Processing: JULY 8, 2026.html
09:05:46 | INFO  |   ✅ Saved: RR_07-08-2026.csv (37 rows)
09:05:46 | INFO  | 
Processing: JUNE 26, 2026.html
09:05:46 | INFO  |   ✅ Saved: RR_06-26-2026.csv (38 rows)
09:05:46 | INFO  | 
Processing: JULY 16, 2026.html
09:05:46 | INFO  |   ✅ Saved: RR_07-16-2026.csv (37 rows)
09:05:46 | INFO  | 
Processing: JULY 31, 2026.html
09:05:46 | INFO  |   ✅ Saved: RR_07-31-2026.csv (37 rows)
09:05:46 | INFO  | 
Processing: JUNE 10, 2026.html
09:05:47 | INFO  |   ✅ Saved: RR_06-10-2026.csv (36 rows)
09:05:47 | INFO  | 
Processing: JULY 2, 2026.html
09:05:47 | INFO  |   ✅ Saved: RR_07-02-2026.csv (38 rows)
09:05:47 | INFO  | 
Processing: AUGUST 3, 2026.html
09:05:47 | INFO  |   ✅ Saved: RR_08-03-2026.csv (37 rows)
09:05:47 | INFO  | 
Processing: JULY 7, 2026.html
09:05:47 | INFO  |   ✅ Saved: RR_07-07-2026.csv (37 rows)
09:05:47 | INFO  | 
Processing: JULY 17, 2026.html
09:05:47 | INFO  |   ✅ Saved: RR_07-17-2026.csv (38 rows)
09:05:47 | INFO  | 
Processing: JULY 20, 2026.html
09:05:47 | INFO  |   ✅ Saved: RR_07-20-2026.csv (38 rows)
09:05:47 | INFO  | 
Processing: JUNE 29, 2026.html
09:05:47 | INFO  |   ✅ Saved: RR_06-29-2026.csv (38 rows)
09:05:47 | INFO  | 
Processing: JULY 30, 2026.html
09:05:47 | INFO  |   ✅ Saved: RR_07-30-2026.csv (38 rows)
09:05:47 | INFO  | 
Processing: AUGUST 4, 2026.html
09:05:47 | INFO  |   ✅ Saved: RR_08-04-2026.csv (37 rows)
09:05:47 | INFO  | 
Processing: JUNE 30, 2026.html
09:05:47 | INFO  |   ✅ Saved: RR_06-30-2026.csv (38 rows)
09:05:47 | INFO  | 
Processing: JUNE 24, 2026.html
09:05:47 | INFO  |   ✅ Saved: RR_06-24-2026.csv (37 rows)
09:05:47 | INFO  | 
Processing: JULY 9, 2026.html
09:05:47 | INFO  |   ✅ Saved: RR_07-09-2026.csv (37 rows)
09:05:47 | INFO  | 
Processing: AUGUST 12, 2026.html
09:05:48 | INFO  |   ✅ Saved: RR_08-12-2026.csv (37 rows)
09:05:48 | INFO  | 
Processing: JUNE 18, 2026.html
09:05:48 | INFO  |   ✅ Saved: RR_06-18-2026.csv (37 rows)
09:05:48 | INFO  | 
Processing: JULY 10, 2026.html
09:05:48 | INFO  |   ✅ Saved: RR_07-10-2026.csv (37 rows)
09:05:48 | INFO  | 
Processing: JULY 29, 2026.html
09:05:48 | INFO  |   ✅ Saved: RR_07-29-2026.csv (38 rows)
09:05:48 | INFO  | 
Processing: JULY 15, 2026.html
09:05:48 | INFO  |   ✅ Saved: RR_07-15-2026.csv (37 rows)
09:05:48 | INFO  | 
Processing: JULY 28, 2026.html
09:05:48 | INFO  |   ✅ Saved: RR_07-28-2026.csv (38 rows)
09:05:48 | INFO  | 
Processing: AUGUST 5, 2026.html
09:05:48 | INFO  |   ✅ Saved: RR_08-05-2026.csv (37 rows)
09:05:48 | INFO  | 
Processing: JULY 14, 2026.html
09:05:48 | INFO  |   ✅ Saved: RR_07-14-2026.csv (37 rows)
09:05:48 | INFO  | 
Processing: JULY 27, 2026.html
09:05:48 | INFO  |   ✅ Saved: RR_07-27-2026.csv (38 rows)
09:05:48 | INFO  | 
✅ HTML parsing complete: 49 success, 0 errors
09:05:48 | INFO  | 
======================================================================
09:05:48 | INFO  | STAGE 2: MASTER AGGREGATION
09:05:48 | INFO  | ======================================================================
09:05:48 | INFO  | ✅ Backed up master to: risk_ranges_master_backup_20260813_090548.csv
09:05:48 | INFO  | Loaded existing master: 74,727 rows
09:05:48 | INFO  |   Loaded: RR_07-01-2026.csv (38 rows)
09:05:48 | INFO  |   Loaded: RR_08-10-2026.csv (37 rows)
09:05:48 | INFO  |   Loaded: RR_07-22-2026.csv (38 rows)
09:05:48 | INFO  |   Loaded: RR_06-09-2026.csv (36 rows)
09:05:48 | INFO  |   Loaded: RR_06-04-2026.csv (37 rows)
09:05:48 | INFO  |   Loaded: RR_06-11-2026.csv (36 rows)
09:05:48 | INFO  |   Loaded: RR_06-25-2026.csv (38 rows)
09:05:48 | INFO  |   Loaded: RR_08-07-2026.csv (37 rows)
09:05:48 | INFO  |   Loaded: RR_06-17-2026.csv (36 rows)
09:05:48 | INFO  |   Loaded: RR_07-24-2026.csv (38 rows)
09:05:48 | INFO  |   Loaded: RR_07-21-2026.csv (38 rows)
09:05:48 | INFO  |   Loaded: RR_06-16-2026.csv (36 rows)
09:05:48 | INFO  |   Loaded: RR_07-23-2026.csv (38 rows)
09:05:48 | INFO  |   Loaded: RR_08-13-2026.csv (37 rows)
09:05:48 | INFO  |   Loaded: RR_06-23-2026.csv (37 rows)
09:05:48 | INFO  |   Loaded: RR_06-12-2026.csv (36 rows)
09:05:48 | INFO  |   Loaded: RR_06-08-2026.csv (37 rows)
09:05:48 | INFO  |   Loaded: RR_07-06-2026.csv (37 rows)
09:05:48 | INFO  |   Loaded: RR_06-22-2026.csv (37 rows)
09:05:48 | INFO  |   Loaded: RR_06-15-2026.csv (36 rows)
09:05:48 | INFO  |   Loaded: RR_08-06-2026.csv (37 rows)
09:05:48 | INFO  |   Loaded: RR_07-13-2026.csv (37 rows)
09:05:48 | INFO  |   Loaded: RR_06-05-2026.csv (37 rows)
09:05:48 | INFO  |   Loaded: RR_08-11-2026.csv (37 rows)
09:05:48 | INFO  |   Loaded: RR_07-08-2026.csv (37 rows)
09:05:48 | INFO  |   Loaded: RR_06-26-2026.csv (38 rows)
09:05:48 | INFO  |   Loaded: RR_07-16-2026.csv (37 rows)
09:05:48 | INFO  |   Loaded: RR_07-31-2026.csv (37 rows)
09:05:48 | INFO  |   Loaded: RR_06-10-2026.csv (36 rows)
09:05:48 | INFO  |   Loaded: RR_07-02-2026.csv (38 rows)
09:05:48 | INFO  |   Loaded: RR_08-03-2026.csv (37 rows)
09:05:48 | INFO  |   Loaded: RR_07-07-2026.csv (37 rows)
09:05:48 | INFO  |   Loaded: RR_07-17-2026.csv (38 rows)
09:05:48 | INFO  |   Loaded: RR_07-20-2026.csv (38 rows)
09:05:48 | INFO  |   Loaded: RR_06-29-2026.csv (38 rows)
09:05:48 | INFO  |   Loaded: RR_07-30-2026.csv (38 rows)
09:05:48 | INFO  |   Loaded: RR_08-04-2026.csv (37 rows)
09:05:48 | INFO  |   Loaded: RR_06-30-2026.csv (38 rows)
09:05:48 | INFO  |   Loaded: RR_06-24-2026.csv (37 rows)
09:05:48 | INFO  |   Loaded: RR_07-09-2026.csv (37 rows)
09:05:48 | INFO  |   Loaded: RR_08-12-2026.csv (37 rows)
09:05:48 | INFO  |   Loaded: RR_06-18-2026.csv (37 rows)
09:05:48 | INFO  |   Loaded: RR_07-10-2026.csv (37 rows)
09:05:48 | INFO  |   Loaded: RR_07-29-2026.csv (38 rows)
09:05:48 | INFO  |   Loaded: RR_07-15-2026.csv (37 rows)
09:05:48 | INFO  |   Loaded: RR_07-28-2026.csv (38 rows)
09:05:48 | INFO  |   Loaded: RR_08-05-2026.csv (37 rows)
09:05:48 | INFO  |   Loaded: RR_07-14-2026.csv (37 rows)
09:05:48 | INFO  |   Loaded: RR_07-27-2026.csv (38 rows)
09:05:48 | INFO  | Combined new data: 1822 rows
09:05:48 | INFO  | Removed 1785 duplicate entries
09:05:49 | INFO  | ✅ Saved master CSV: 74,764 total rows
09:05:49 | INFO  |    Date range: 2017-01-03 to 2026-08-13
09:05:49 | INFO  | 
======================================================================
09:05:49 | INFO  | STAGE 3: TICKER SUBSETTING
09:05:49 | INFO  | ======================================================================
09:05:49 | INFO  | Loaded master: 74,764 rows
09:05:49 | INFO  | Creating subsets for 9 tickers
09:05:49 | INFO  |   ✅ UST10Y: 2388 rows | 2017-01-03 to 2026-08-13
09:05:49 | INFO  |   ✅ SPX: 2388 rows | 2017-01-03 to 2026-08-13
09:05:49 | INFO  |   ✅ COMPQ: 2388 rows | 2017-01-03 to 2026-08-13
09:05:49 | INFO  |   ✅ RUT: 2387 rows | 2017-01-03 to 2026-08-13
09:05:49 | INFO  |   ✅ VIX: 2388 rows | 2017-01-03 to 2026-08-13
09:05:49 | INFO  |   ✅ USD: 2388 rows | 2017-01-03 to 2026-08-13
09:05:49 | INFO  |   ✅ GOLD: 2386 rows | 2017-01-03 to 2026-08-13
09:05:49 | INFO  |   ✅ AAPL: 2386 rows | 2017-01-03 to 2026-08-13
09:05:49 | INFO  |   ✅ BITCOIN: 757 rows | 2023-08-01 to 2026-08-13
09:05:49 | INFO  | ✅ Ticker subsetting complete
09:05:49 | INFO  | 
======================================================================
09:05:49 | INFO  | STAGE 4: ENRICHMENT
09:05:49 | INFO  | ======================================================================
09:05:49 | INFO  | Enriching 9 tickers
09:05:49 | INFO  | 
──────────────────────────────────────────────────────────────────────
09:05:49 | INFO  | Enriching: SPX
09:05:49 | INFO  | ──────────────────────────────────────────────────────────────────────
09:05:49 | INFO  |   Loaded 2388 rows from SPX.csv
09:05:49 | INFO  |   Yahoo ticker: ^GSPC
09:05:49 | INFO  |   OHLC prefix: GSPC
09:05:49 | INFO  |   Vol prefix: VIX
09:05:49 | INFO  |   Downloading ^GSPC OHLC...
09:05:49 | INFO  |     Downloaded 2415 days (2017-01-03 to 2026-08-12)
09:05:49 | INFO  |   Downloading ^VIX volatility...
09:05:50 | INFO  |     Downloaded 2417 days (2017-01-03 to 2026-08-13)
09:05:50 | WARNING |   ⚠️  28 trading days missing from original CSV
09:05:50 | INFO  |   ✓ Enrichment complete: 2415 rows
09:05:50 | INFO  |   ✅ Saved: SPX_enriched.csv (2415 rows)
09:05:50 | WARNING |   ⚠️  28 rows need manual update
09:05:50 | INFO  | 
──────────────────────────────────────────────────────────────────────
09:05:50 | INFO  | Enriching: GOLD
09:05:50 | INFO  | ──────────────────────────────────────────────────────────────────────
09:05:50 | INFO  |   Loaded 2386 rows from GOLD.csv
09:05:50 | INFO  |   Yahoo ticker: GC=F
09:05:50 | INFO  |   OHLC prefix: GC
09:05:50 | INFO  |   Vol prefix: GVZ
09:05:50 | INFO  |   Downloading GC=F OHLC...
09:05:50 | INFO  |     Downloaded 2417 days (2017-01-03 to 2026-08-13)
09:05:50 | INFO  |   Downloading ^GVZ volatility...
09:05:50 | INFO  |     Downloaded 2415 days (2017-01-03 to 2026-08-12)
09:05:50 | WARNING |   ⚠️  32 trading days missing from original CSV
09:05:50 | INFO  |   ✓ Enrichment complete: 2417 rows
09:05:50 | INFO  |   ✅ Saved: GOLD_enriched.csv (2417 rows)
09:05:50 | WARNING |   ⚠️  32 rows need manual update
09:05:50 | INFO  | 
──────────────────────────────────────────────────────────────────────
09:05:50 | INFO  | Enriching: UST10Y
09:05:50 | INFO  | ──────────────────────────────────────────────────────────────────────
09:05:50 | INFO  |   Loaded 2388 rows from UST10Y.csv
09:05:50 | INFO  |   ⚠️  Row count changed (14 → 2388) - re-enriching
09:05:50 | INFO  |   Yahoo ticker: ^TNX
09:05:50 | INFO  |   OHLC prefix: TNX
09:05:50 | INFO  |   Vol prefix: VIX
09:05:50 | INFO  |   Downloading ^TNX OHLC...
09:05:51 | INFO  |     Downloaded 2416 days (2017-01-03 to 2026-08-13)
09:05:51 | INFO  |   Downloading ^VIX volatility...
09:05:51 | INFO  |     Downloaded 2417 days (2017-01-03 to 2026-08-13)
09:05:51 | WARNING |   ⚠️  28 trading days missing from original CSV
09:05:51 | INFO  |   ✓ Enrichment complete: 2416 rows
09:05:51 | INFO  |   ✅ Saved: UST10Y_enriched.csv (2416 rows)
09:05:51 | WARNING |   ⚠️  28 rows need manual update
09:05:51 | INFO  | 
──────────────────────────────────────────────────────────────────────
09:05:51 | INFO  | Enriching: COMPQ
09:05:51 | INFO  | ──────────────────────────────────────────────────────────────────────
09:05:51 | INFO  |   Loaded 2388 rows from COMPQ.csv
09:05:51 | INFO  |   Yahoo ticker: ^IXIC
09:05:51 | INFO  |   OHLC prefix: IXIC
09:05:51 | INFO  |   Vol prefix: VIX
09:05:51 | INFO  |   Downloading ^IXIC OHLC...
09:05:51 | INFO  |     Downloaded 2415 days (2017-01-03 to 2026-08-12)
09:05:51 | INFO  |   Downloading ^VIX volatility...
09:05:51 | INFO  |     Downloaded 2417 days (2017-01-03 to 2026-08-13)
09:05:51 | WARNING |   ⚠️  28 trading days missing from original CSV
09:05:51 | INFO  |   ✓ Enrichment complete: 2415 rows
09:05:51 | INFO  |   ✅ Saved: COMPQ_enriched.csv (2415 rows)
09:05:51 | WARNING |   ⚠️  28 rows need manual update
09:05:51 | INFO  | 
──────────────────────────────────────────────────────────────────────
09:05:51 | INFO  | Enriching: RUT
09:05:51 | INFO  | ──────────────────────────────────────────────────────────────────────
09:05:51 | INFO  |   Loaded 2387 rows from RUT.csv
09:05:51 | INFO  |   Yahoo ticker: ^RUT
09:05:51 | INFO  |   OHLC prefix: RUT
09:05:51 | INFO  |   Vol prefix: VIX
09:05:51 | INFO  |   Downloading ^RUT OHLC...
09:05:52 | INFO  |     Downloaded 2415 days (2017-01-03 to 2026-08-12)
09:05:52 | INFO  |   Downloading ^VIX volatility...
09:05:52 | INFO  |     Downloaded 2417 days (2017-01-03 to 2026-08-13)
09:05:52 | WARNING |   ⚠️  29 trading days missing from original CSV
09:05:52 | INFO  |   ✓ Enrichment complete: 2415 rows
09:05:52 | INFO  |   ✅ Saved: RUT_enriched.csv (2415 rows)
09:05:52 | WARNING |   ⚠️  29 rows need manual update
09:05:52 | INFO  | 
──────────────────────────────────────────────────────────────────────
09:05:52 | INFO  | Enriching: VIX
09:05:52 | INFO  | ──────────────────────────────────────────────────────────────────────
09:05:52 | INFO  |   Loaded 2388 rows from VIX.csv
09:05:52 | INFO  |   Yahoo ticker: ^VIX
09:05:52 | INFO  |   OHLC prefix: VIX
09:05:52 | INFO  |   Vol prefix: VIXI
09:05:52 | INFO  |   Downloading ^VIX OHLC...
09:05:52 | INFO  |     Downloaded 2417 days (2017-01-03 to 2026-08-13)
09:05:52 | INFO  |   Downloading ^VIX volatility...
09:05:52 | INFO  |     Downloaded 2417 days (2017-01-03 to 2026-08-13)
09:05:52 | WARNING |   ⚠️  29 trading days missing from original CSV
09:05:52 | INFO  |   ✓ Enrichment complete: 2417 rows
09:05:52 | INFO  |   ✅ Saved: VIX_enriched.csv (2417 rows)
09:05:52 | WARNING |   ⚠️  29 rows need manual update
09:05:52 | INFO  | 
──────────────────────────────────────────────────────────────────────
09:05:52 | INFO  | Enriching: USD
09:05:52 | INFO  | ──────────────────────────────────────────────────────────────────────
09:05:52 | INFO  |   Loaded 2388 rows from USD.csv
09:05:52 | INFO  |   Yahoo ticker: DX-Y.NYB
09:05:52 | INFO  |   OHLC prefix: DX
09:05:52 | INFO  |   Vol prefix: VIX
09:05:52 | INFO  |   Downloading DX-Y.NYB OHLC...
09:05:53 | INFO  |     Downloaded 2418 days (2017-01-03 to 2026-08-13)
09:05:53 | INFO  |   Downloading ^VIX volatility...
09:05:53 | INFO  |     Downloaded 2417 days (2017-01-03 to 2026-08-13)
09:05:53 | WARNING |   ⚠️  30 trading days missing from original CSV
09:05:53 | INFO  |   ✓ Enrichment complete: 2418 rows
09:05:53 | INFO  |   ✅ Saved: USD_enriched.csv (2418 rows)
09:05:53 | WARNING |   ⚠️  30 rows need manual update
09:05:53 | INFO  | 
──────────────────────────────────────────────────────────────────────
09:05:53 | INFO  | Enriching: AAPL
09:05:53 | INFO  | ──────────────────────────────────────────────────────────────────────
09:05:53 | INFO  |   Loaded 2386 rows from AAPL.csv
09:05:53 | INFO  |   Yahoo ticker: AAPL
09:05:53 | INFO  |   OHLC prefix: AAPL
09:05:53 | INFO  |   Vol prefix: VIX
09:05:53 | INFO  |   Downloading AAPL OHLC...
09:05:53 | INFO  |     Downloaded 2415 days (2017-01-03 to 2026-08-12)
09:05:53 | INFO  |   Downloading ^VIX volatility...
09:05:53 | INFO  |     Downloaded 2417 days (2017-01-03 to 2026-08-13)
09:05:53 | WARNING |   ⚠️  30 trading days missing from original CSV
09:05:53 | INFO  |   ✓ Enrichment complete: 2415 rows
09:05:53 | INFO  |   ✅ Saved: AAPL_enriched.csv (2415 rows)
09:05:53 | WARNING |   ⚠️  30 rows need manual update
09:05:53 | INFO  | 
──────────────────────────────────────────────────────────────────────
09:05:53 | INFO  | Enriching: BITCOIN
09:05:53 | INFO  | ──────────────────────────────────────────────────────────────────────
09:05:53 | INFO  |   Loaded 757 rows from BITCOIN.csv
09:05:53 | INFO  |   ⚠️  Row count changed (3510 → 757) - re-enriching
09:05:53 | INFO  |   Yahoo ticker: BTC-USD
09:05:53 | INFO  |   OHLC prefix: BTC
09:05:53 | INFO  |   Vol prefix: VIX
09:05:53 | INFO  |   Downloading BTC-USD OHLC...
09:05:54 | INFO  |     Downloaded 3511 days (2017-01-02 to 2026-08-13)
09:05:54 | INFO  |   Downloading ^VIX volatility...
09:05:54 | INFO  |     Downloaded 2417 days (2017-01-03 to 2026-08-13)
09:05:54 | WARNING |   ⚠️  2754 trading days missing from original CSV
09:05:54 | INFO  |   ✓ Enrichment complete: 3511 rows
09:05:54 | INFO  |   ✅ Saved: BITCOIN_enriched.csv (3511 rows)
09:05:54 | WARNING |   ⚠️  2754 rows need manual update
09:05:54 | INFO  | 
======================================================================
09:05:54 | INFO  | ✅ Enrichment complete:
09:05:54 | INFO  |    Success: 9
09:05:54 | INFO  |    Skipped (up-to-date): 0
09:05:54 | INFO  |    Errors:  0
09:05:54 | INFO  | ======================================================================
09:05:54 | INFO  | 
======================================================================
09:05:54 | INFO  | ✅ PIPELINE COMPLETE
09:05:54 | INFO  | ======================================================================
