09:04:21 | INFO  | ======================================================================
09:04:21 | INFO  | ETL PIPELINE START
09:04:21 | INFO  | ======================================================================
09:04:21 | INFO  | 
📋 PIPELINE PLAN:
09:04:21 | INFO  |    HTML Files: 37 new / 37 total
09:04:21 | INFO  |    Master needs propagation: False
09:04:21 | INFO  | 
======================================================================
09:04:21 | INFO  | STAGE 1: HTML PARSING
09:04:21 | INFO  | ======================================================================
09:04:21 | INFO  | 
Processing: JULY 23, 2026.html
09:04:21 | INFO  |   ✅ Saved: RR_07-23-2026.csv (38 rows)
09:04:21 | INFO  | 
Processing: JUNE 8, 2026.html
09:04:21 | INFO  |   ✅ Saved: RR_06-08-2026.csv (37 rows)
09:04:21 | INFO  | 
Processing: JULY 15, 2026.html
09:04:21 | INFO  |   ✅ Saved: RR_07-15-2026.csv (37 rows)
09:04:21 | INFO  | 
Processing: JUNE 22, 2026.html
09:04:21 | INFO  |   ✅ Saved: RR_06-22-2026.csv (37 rows)
09:04:21 | INFO  | 
Processing: JUNE 10, 2026.html
09:04:21 | INFO  |   ✅ Saved: RR_06-10-2026.csv (36 rows)
09:04:21 | INFO  | 
Processing: JULY 28, 2026.html
09:04:21 | INFO  |   ✅ Saved: RR_07-28-2026.csv (38 rows)
09:04:21 | INFO  | 
Processing: JULY 17, 2026.html
09:04:21 | INFO  |   ✅ Saved: RR_07-17-2026.csv (38 rows)
09:04:21 | INFO  | 
Processing: JULY 14, 2026.html
09:04:21 | INFO  |   ✅ Saved: RR_07-14-2026.csv (37 rows)
09:04:21 | INFO  | 
Processing: JUNE 23, 2026.html
09:04:21 | INFO  |   ✅ Saved: RR_06-23-2026.csv (37 rows)
09:04:21 | INFO  | 
Processing: JULY 21, 2026.html
09:04:21 | INFO  |   ✅ Saved: RR_07-21-2026.csv (38 rows)
09:04:21 | INFO  | 
Processing: JULY 7, 2026.html
09:04:21 | INFO  |   ✅ Saved: RR_07-07-2026.csv (37 rows)
09:04:21 | INFO  | 
Processing: JUNE 9, 2026.html
09:04:21 | INFO  |   ✅ Saved: RR_06-09-2026.csv (36 rows)
09:04:21 | INFO  | 
Processing: JULY 20, 2026.html
09:04:21 | INFO  |   ✅ Saved: RR_07-20-2026.csv (38 rows)
09:04:21 | INFO  | 
Processing: JULY 2, 2026.html
09:04:21 | INFO  |   ✅ Saved: RR_07-02-2026.csv (38 rows)
09:04:21 | INFO  | 
Processing: JUNE 5, 2026.html
09:04:22 | INFO  |   ✅ Saved: RR_06-05-2026.csv (37 rows)
09:04:22 | INFO  | 
Processing: JULY 22, 2026.html
09:04:22 | INFO  |   ✅ Saved: RR_07-22-2026.csv (38 rows)
09:04:22 | INFO  | 
Processing: JUNE 11, 2026.html
09:04:22 | INFO  |   ✅ Saved: RR_06-11-2026.csv (36 rows)
09:04:22 | INFO  | 
Processing: JULY 10, 2026.html
09:04:22 | INFO  |   ✅ Saved: RR_07-10-2026.csv (37 rows)
09:04:22 | INFO  | 
Processing: JULY 9, 2026.html
09:04:22 | INFO  |   ✅ Saved: RR_07-09-2026.csv (37 rows)
09:04:22 | INFO  | 
Processing: JUNE 4, 2026.html
09:04:22 | INFO  |   ✅ Saved: RR_06-04-2026.csv (37 rows)
09:04:22 | INFO  | 
Processing: JUNE 15, 2026.html
09:04:22 | INFO  |   ✅ Saved: RR_06-15-2026.csv (36 rows)
09:04:22 | INFO  | 
Processing: JULY 27, 2026.html
09:04:22 | INFO  |   ✅ Saved: RR_07-27-2026.csv (38 rows)
09:04:22 | INFO  | 
Processing: JUNE 16, 2026.html
09:04:22 | INFO  |   ✅ Saved: RR_06-16-2026.csv (36 rows)
09:04:22 | INFO  | 
Processing: JUNE 29, 2026.html
09:04:22 | INFO  |   ✅ Saved: RR_06-29-2026.csv (38 rows)
09:04:22 | INFO  | 
Processing: JUNE 12, 2026.html
09:04:22 | INFO  |   ✅ Saved: RR_06-12-2026.csv (36 rows)
09:04:22 | INFO  | 
Processing: JULY 24, 2026.html
09:04:22 | INFO  |   ✅ Saved: RR_07-24-2026.csv (38 rows)
09:04:22 | INFO  | 
Processing: JUNE 30, 2026.html
09:04:22 | INFO  |   ✅ Saved: RR_06-30-2026.csv (38 rows)
09:04:22 | INFO  | 
Processing: JULY 16, 2026.html
09:04:23 | INFO  |   ✅ Saved: RR_07-16-2026.csv (37 rows)
09:04:23 | INFO  | 
Processing: JULY 6, 2026.html
09:04:23 | INFO  |   ✅ Saved: RR_07-06-2026.csv (37 rows)
09:04:23 | INFO  | 
Processing: JUNE 24, 2026.html
09:04:23 | INFO  |   ✅ Saved: RR_06-24-2026.csv (37 rows)
09:04:23 | INFO  | 
Processing: JUNE 17, 2026.html
09:04:23 | INFO  |   ✅ Saved: RR_06-17-2026.csv (36 rows)
09:04:23 | INFO  | 
Processing: JULY 13, 2026.html
09:04:23 | INFO  |   ✅ Saved: RR_07-13-2026.csv (37 rows)
09:04:23 | INFO  | 
Processing: JUNE 26, 2026.html
09:04:23 | INFO  |   ✅ Saved: RR_06-26-2026.csv (38 rows)
09:04:23 | INFO  | 
Processing: JUNE 18, 2026.html
09:04:23 | INFO  |   ✅ Saved: RR_06-18-2026.csv (37 rows)
09:04:23 | INFO  | 
Processing: JUNE 25, 2026.html
09:04:23 | INFO  |   ✅ Saved: RR_06-25-2026.csv (38 rows)
09:04:23 | INFO  | 
Processing: JULY 8, 2026.html
09:04:23 | INFO  |   ✅ Saved: RR_07-08-2026.csv (37 rows)
09:04:23 | INFO  | 
Processing: JULY 1, 2026.html
09:04:24 | INFO  |   ✅ Saved: RR_07-01-2026.csv (38 rows)
09:04:24 | INFO  | 
✅ HTML parsing complete: 37 success, 0 errors
09:04:24 | INFO  | 
======================================================================
09:04:24 | INFO  | STAGE 2: MASTER AGGREGATION
09:04:24 | INFO  | ======================================================================
09:04:24 | INFO  | ✅ Backed up master to: risk_ranges_master_backup_20260728_090424.csv
09:04:24 | INFO  | Loaded existing master: 74,280 rows
09:04:24 | INFO  |   Loaded: RR_07-23-2026.csv (38 rows)
09:04:24 | INFO  |   Loaded: RR_06-08-2026.csv (37 rows)
09:04:24 | INFO  |   Loaded: RR_07-15-2026.csv (37 rows)
09:04:24 | INFO  |   Loaded: RR_06-22-2026.csv (37 rows)
09:04:24 | INFO  |   Loaded: RR_06-10-2026.csv (36 rows)
09:04:24 | INFO  |   Loaded: RR_07-28-2026.csv (38 rows)
09:04:24 | INFO  |   Loaded: RR_07-17-2026.csv (38 rows)
09:04:24 | INFO  |   Loaded: RR_07-14-2026.csv (37 rows)
09:04:24 | INFO  |   Loaded: RR_06-23-2026.csv (37 rows)
09:04:24 | INFO  |   Loaded: RR_07-21-2026.csv (38 rows)
09:04:24 | INFO  |   Loaded: RR_07-07-2026.csv (37 rows)
09:04:24 | INFO  |   Loaded: RR_06-09-2026.csv (36 rows)
09:04:24 | INFO  |   Loaded: RR_07-20-2026.csv (38 rows)
09:04:24 | INFO  |   Loaded: RR_07-02-2026.csv (38 rows)
09:04:24 | INFO  |   Loaded: RR_06-05-2026.csv (37 rows)
09:04:24 | INFO  |   Loaded: RR_07-22-2026.csv (38 rows)
09:04:24 | INFO  |   Loaded: RR_06-11-2026.csv (36 rows)
09:04:24 | INFO  |   Loaded: RR_07-10-2026.csv (37 rows)
09:04:24 | INFO  |   Loaded: RR_07-09-2026.csv (37 rows)
09:04:24 | INFO  |   Loaded: RR_06-04-2026.csv (37 rows)
09:04:24 | INFO  |   Loaded: RR_06-15-2026.csv (36 rows)
09:04:24 | INFO  |   Loaded: RR_07-27-2026.csv (38 rows)
09:04:24 | INFO  |   Loaded: RR_06-16-2026.csv (36 rows)
09:04:24 | INFO  |   Loaded: RR_06-29-2026.csv (38 rows)
09:04:24 | INFO  |   Loaded: RR_06-12-2026.csv (36 rows)
09:04:24 | INFO  |   Loaded: RR_07-24-2026.csv (38 rows)
09:04:24 | INFO  |   Loaded: RR_06-30-2026.csv (38 rows)
09:04:24 | INFO  |   Loaded: RR_07-16-2026.csv (37 rows)
09:04:24 | INFO  |   Loaded: RR_07-06-2026.csv (37 rows)
09:04:24 | INFO  |   Loaded: RR_06-24-2026.csv (37 rows)
09:04:24 | INFO  |   Loaded: RR_06-17-2026.csv (36 rows)
09:04:24 | INFO  |   Loaded: RR_07-13-2026.csv (37 rows)
09:04:24 | INFO  |   Loaded: RR_06-26-2026.csv (38 rows)
09:04:24 | INFO  |   Loaded: RR_06-18-2026.csv (37 rows)
09:04:24 | INFO  |   Loaded: RR_06-25-2026.csv (38 rows)
09:04:24 | INFO  |   Loaded: RR_07-08-2026.csv (37 rows)
09:04:24 | INFO  |   Loaded: RR_07-01-2026.csv (38 rows)
09:04:24 | INFO  | Combined new data: 1376 rows
09:04:24 | INFO  | Removed 1338 duplicate entries
09:04:24 | INFO  | ✅ Saved master CSV: 74,318 total rows
09:04:24 | INFO  |    Date range: 2017-01-03 to 2026-07-28
09:04:24 | INFO  | 
======================================================================
09:04:24 | INFO  | STAGE 3: TICKER SUBSETTING
09:04:24 | INFO  | ======================================================================
09:04:24 | INFO  | Loaded master: 74,318 rows
09:04:24 | INFO  | Creating subsets for 9 tickers
09:04:24 | INFO  |   ✅ UST10Y: 2376 rows | 2017-01-03 to 2026-07-28
09:04:24 | INFO  |   ✅ SPX: 2376 rows | 2017-01-03 to 2026-07-28
09:04:24 | INFO  |   ✅ COMPQ: 2376 rows | 2017-01-03 to 2026-07-28
09:04:24 | INFO  |   ✅ RUT: 2375 rows | 2017-01-03 to 2026-07-28
09:04:24 | INFO  |   ✅ VIX: 2376 rows | 2017-01-03 to 2026-07-28
09:04:24 | INFO  |   ✅ USD: 2376 rows | 2017-01-03 to 2026-07-28
09:04:24 | INFO  |   ✅ GOLD: 2374 rows | 2017-01-03 to 2026-07-28
09:04:24 | INFO  |   ✅ AAPL: 2374 rows | 2017-01-03 to 2026-07-28
09:04:24 | INFO  |   ✅ BITCOIN: 745 rows | 2023-08-01 to 2026-07-28
09:04:24 | INFO  | ✅ Ticker subsetting complete
09:04:24 | INFO  | 
======================================================================
09:04:24 | INFO  | STAGE 4: ENRICHMENT
09:04:24 | INFO  | ======================================================================
09:04:24 | INFO  | Enriching 9 tickers
09:04:24 | INFO  | 
──────────────────────────────────────────────────────────────────────
09:04:24 | INFO  | Enriching: SPX
09:04:24 | INFO  | ──────────────────────────────────────────────────────────────────────
09:04:24 | INFO  |   Loaded 2376 rows from SPX.csv
09:04:24 | INFO  |   Yahoo ticker: ^GSPC
09:04:24 | INFO  |   OHLC prefix: GSPC
09:04:24 | INFO  |   Vol prefix: VIX
09:04:24 | INFO  |   Downloading ^GSPC OHLC...
09:04:26 | INFO  |     Downloaded 2402 days (2017-01-03 to 2026-07-27)
09:04:26 | INFO  |   Downloading ^VIX volatility...
09:04:26 | INFO  |     Downloaded 2404 days (2017-01-03 to 2026-07-28)
09:04:26 | WARNING |   ⚠️  28 trading days missing from original CSV
09:04:26 | INFO  |   ✓ Enrichment complete: 2402 rows
09:04:26 | INFO  |   ✅ Saved: SPX_enriched.csv (2402 rows)
09:04:26 | WARNING |   ⚠️  28 rows need manual update
09:04:26 | INFO  | 
──────────────────────────────────────────────────────────────────────
09:04:26 | INFO  | Enriching: GOLD
09:04:26 | INFO  | ──────────────────────────────────────────────────────────────────────
09:04:26 | INFO  |   Loaded 2374 rows from GOLD.csv
09:04:26 | INFO  |   Yahoo ticker: GC=F
09:04:26 | INFO  |   OHLC prefix: GC
09:04:26 | INFO  |   Vol prefix: GVZ
09:04:26 | INFO  |   Downloading GC=F OHLC...
09:04:26 | INFO  |     Downloaded 2405 days (2017-01-03 to 2026-07-28)
09:04:26 | INFO  |   Downloading ^GVZ volatility...
09:04:27 | INFO  |     Downloaded 2402 days (2017-01-03 to 2026-07-27)
09:04:27 | WARNING |   ⚠️  32 trading days missing from original CSV
09:04:27 | INFO  |   ✓ Enrichment complete: 2405 rows
09:04:27 | INFO  |   ✅ Saved: GOLD_enriched.csv (2405 rows)
09:04:27 | WARNING |   ⚠️  32 rows need manual update
09:04:27 | INFO  | 
──────────────────────────────────────────────────────────────────────
09:04:27 | INFO  | Enriching: UST10Y
09:04:27 | INFO  | ──────────────────────────────────────────────────────────────────────
09:04:27 | INFO  |   Loaded 2376 rows from UST10Y.csv
09:04:27 | INFO  |   Yahoo ticker: ^TNX
09:04:27 | INFO  |   OHLC prefix: TNX
09:04:27 | INFO  |   Vol prefix: VIX
09:04:27 | INFO  |   Downloading ^TNX OHLC...
09:04:28 | INFO  |     Downloaded 2403 days (2017-01-03 to 2026-07-28)
09:04:28 | INFO  |   Downloading ^VIX volatility...
09:04:28 | INFO  |     Downloaded 2404 days (2017-01-03 to 2026-07-28)
09:04:28 | WARNING |   ⚠️  28 trading days missing from original CSV
09:04:28 | INFO  |   ✓ Enrichment complete: 2403 rows
09:04:28 | INFO  |   ✅ Saved: UST10Y_enriched.csv (2403 rows)
09:04:28 | WARNING |   ⚠️  28 rows need manual update
09:04:28 | INFO  | 
──────────────────────────────────────────────────────────────────────
09:04:28 | INFO  | Enriching: COMPQ
09:04:28 | INFO  | ──────────────────────────────────────────────────────────────────────
09:04:28 | INFO  |   Loaded 2376 rows from COMPQ.csv
09:04:28 | INFO  |   Yahoo ticker: ^IXIC
09:04:28 | INFO  |   OHLC prefix: IXIC
09:04:28 | INFO  |   Vol prefix: VIX
09:04:28 | INFO  |   Downloading ^IXIC OHLC...
09:04:28 | INFO  |     Downloaded 2402 days (2017-01-03 to 2026-07-27)
09:04:28 | INFO  |   Downloading ^VIX volatility...
09:04:28 | INFO  |     Downloaded 2404 days (2017-01-03 to 2026-07-28)
09:04:28 | WARNING |   ⚠️  28 trading days missing from original CSV
09:04:28 | INFO  |   ✓ Enrichment complete: 2402 rows
09:04:28 | INFO  |   ✅ Saved: COMPQ_enriched.csv (2402 rows)
09:04:28 | WARNING |   ⚠️  28 rows need manual update
09:04:28 | INFO  | 
──────────────────────────────────────────────────────────────────────
09:04:28 | INFO  | Enriching: RUT
09:04:28 | INFO  | ──────────────────────────────────────────────────────────────────────
09:04:28 | INFO  |   Loaded 2375 rows from RUT.csv
09:04:28 | INFO  |   Yahoo ticker: ^RUT
09:04:28 | INFO  |   OHLC prefix: RUT
09:04:28 | INFO  |   Vol prefix: VIX
09:04:28 | INFO  |   Downloading ^RUT OHLC...
09:04:29 | INFO  |     Downloaded 2402 days (2017-01-03 to 2026-07-27)
09:04:29 | INFO  |   Downloading ^VIX volatility...
09:04:29 | INFO  |     Downloaded 2404 days (2017-01-03 to 2026-07-28)
09:04:29 | WARNING |   ⚠️  29 trading days missing from original CSV
09:04:29 | INFO  |   ✓ Enrichment complete: 2402 rows
09:04:29 | INFO  |   ✅ Saved: RUT_enriched.csv (2402 rows)
09:04:29 | WARNING |   ⚠️  29 rows need manual update
09:04:29 | INFO  | 
──────────────────────────────────────────────────────────────────────
09:04:29 | INFO  | Enriching: VIX
09:04:29 | INFO  | ──────────────────────────────────────────────────────────────────────
09:04:29 | INFO  |   Loaded 2376 rows from VIX.csv
09:04:29 | INFO  |   Yahoo ticker: ^VIX
09:04:29 | INFO  |   OHLC prefix: VIX
09:04:29 | INFO  |   Vol prefix: VIXI
09:04:29 | INFO  |   Downloading ^VIX OHLC...
09:04:29 | INFO  |     Downloaded 2404 days (2017-01-03 to 2026-07-28)
09:04:29 | INFO  |   Downloading ^VIX volatility...
09:04:29 | INFO  |     Downloaded 2404 days (2017-01-03 to 2026-07-28)
09:04:29 | WARNING |   ⚠️  29 trading days missing from original CSV
09:04:29 | INFO  |   ✓ Enrichment complete: 2404 rows
09:04:29 | INFO  |   ✅ Saved: VIX_enriched.csv (2404 rows)
09:04:29 | WARNING |   ⚠️  29 rows need manual update
09:04:29 | INFO  | 
──────────────────────────────────────────────────────────────────────
09:04:29 | INFO  | Enriching: USD
09:04:29 | INFO  | ──────────────────────────────────────────────────────────────────────
09:04:29 | INFO  |   Loaded 2376 rows from USD.csv
09:04:29 | INFO  |   Yahoo ticker: DX-Y.NYB
09:04:29 | INFO  |   OHLC prefix: DX
09:04:29 | INFO  |   Vol prefix: VIX
09:04:29 | INFO  |   Downloading DX-Y.NYB OHLC...
09:04:30 | INFO  |     Downloaded 2405 days (2017-01-03 to 2026-07-28)
09:04:30 | INFO  |   Downloading ^VIX volatility...
09:04:30 | INFO  |     Downloaded 2404 days (2017-01-03 to 2026-07-28)
09:04:30 | WARNING |   ⚠️  30 trading days missing from original CSV
09:04:30 | INFO  |   ✓ Enrichment complete: 2405 rows
09:04:30 | INFO  |   ✅ Saved: USD_enriched.csv (2405 rows)
09:04:30 | WARNING |   ⚠️  30 rows need manual update
09:04:30 | INFO  | 
──────────────────────────────────────────────────────────────────────
09:04:30 | INFO  | Enriching: AAPL
09:04:30 | INFO  | ──────────────────────────────────────────────────────────────────────
09:04:30 | INFO  |   Loaded 2374 rows from AAPL.csv
09:04:30 | INFO  |   Yahoo ticker: AAPL
09:04:30 | INFO  |   OHLC prefix: AAPL
09:04:30 | INFO  |   Vol prefix: VIX
09:04:30 | INFO  |   Downloading AAPL OHLC...
09:04:30 | INFO  |     Downloaded 2403 days (2017-01-03 to 2026-07-27)
09:04:30 | INFO  |   Downloading ^VIX volatility...
09:04:30 | INFO  |     Downloaded 2404 days (2017-01-03 to 2026-07-28)
09:04:30 | WARNING |   ⚠️  30 trading days missing from original CSV
09:04:30 | INFO  |   ✓ Enrichment complete: 2403 rows
09:04:30 | INFO  |   ✅ Saved: AAPL_enriched.csv (2403 rows)
09:04:30 | WARNING |   ⚠️  30 rows need manual update
09:04:30 | INFO  | 
──────────────────────────────────────────────────────────────────────
09:04:30 | INFO  | Enriching: BITCOIN
09:04:30 | INFO  | ──────────────────────────────────────────────────────────────────────
09:04:30 | INFO  |   Loaded 745 rows from BITCOIN.csv
09:04:30 | INFO  |   ⚠️  Row count changed (3494 → 745) - re-enriching
09:04:30 | INFO  |   Yahoo ticker: BTC-USD
09:04:30 | INFO  |   OHLC prefix: BTC
09:04:30 | INFO  |   Vol prefix: VIX
09:04:30 | INFO  |   Downloading BTC-USD OHLC...
09:04:30 | INFO  |     Downloaded 3495 days (2017-01-02 to 2026-07-28)
09:04:30 | INFO  |   Downloading ^VIX volatility...
09:04:31 | INFO  |     Downloaded 2404 days (2017-01-03 to 2026-07-28)
09:04:31 | WARNING |   ⚠️  2750 trading days missing from original CSV
09:04:31 | INFO  |   ✓ Enrichment complete: 3495 rows
09:04:31 | INFO  |   ✅ Saved: BITCOIN_enriched.csv (3495 rows)
09:04:31 | WARNING |   ⚠️  2750 rows need manual update
09:04:31 | INFO  | 
======================================================================
09:04:31 | INFO  | ✅ Enrichment complete:
09:04:31 | INFO  |    Success: 9
09:04:31 | INFO  |    Skipped (up-to-date): 0
09:04:31 | INFO  |    Errors:  0
09:04:31 | INFO  | ======================================================================
09:04:31 | INFO  | 
======================================================================
09:04:31 | INFO  | ✅ PIPELINE COMPLETE
09:04:31 | INFO  | ======================================================================
