09:13:15 | INFO  | ======================================================================
09:13:15 | INFO  | ETL PIPELINE START
09:13:15 | INFO  | ======================================================================
09:13:15 | INFO  | 
📋 PIPELINE PLAN:
09:13:15 | INFO  |    HTML Files: 43 new / 43 total
09:13:15 | INFO  |    Master needs propagation: False
09:13:15 | INFO  | 
======================================================================
09:13:15 | INFO  | STAGE 1: HTML PARSING
09:13:15 | INFO  | ======================================================================
09:13:15 | INFO  | 
Processing: JULY 23, 2026.html
09:13:15 | INFO  |   ✅ Saved: RR_07-23-2026.csv (38 rows)
09:13:15 | INFO  | 
Processing: AUGUST 4, 2026.html
09:13:15 | INFO  |   ✅ Saved: RR_08-04-2026.csv (37 rows)
09:13:15 | INFO  | 
Processing: JUNE 8, 2026.html
09:13:16 | INFO  |   ✅ Saved: RR_06-08-2026.csv (37 rows)
09:13:16 | INFO  | 
Processing: JULY 15, 2026.html
09:13:16 | INFO  |   ✅ Saved: RR_07-15-2026.csv (37 rows)
09:13:16 | INFO  | 
Processing: JUNE 22, 2026.html
09:13:16 | INFO  |   ✅ Saved: RR_06-22-2026.csv (37 rows)
09:13:16 | INFO  | 
Processing: JUNE 10, 2026.html
09:13:16 | INFO  |   ✅ Saved: RR_06-10-2026.csv (36 rows)
09:13:16 | INFO  | 
Processing: JULY 30, 2026.html
09:13:16 | INFO  |   ✅ Saved: RR_07-30-2026.csv (38 rows)
09:13:16 | INFO  | 
Processing: JULY 28, 2026.html
09:13:16 | INFO  |   ✅ Saved: RR_07-28-2026.csv (38 rows)
09:13:16 | INFO  | 
Processing: JULY 17, 2026.html
09:13:16 | INFO  |   ✅ Saved: RR_07-17-2026.csv (38 rows)
09:13:16 | INFO  | 
Processing: JULY 14, 2026.html
09:13:16 | INFO  |   ✅ Saved: RR_07-14-2026.csv (37 rows)
09:13:16 | INFO  | 
Processing: JUNE 23, 2026.html
09:13:16 | INFO  |   ✅ Saved: RR_06-23-2026.csv (37 rows)
09:13:16 | INFO  | 
Processing: JULY 21, 2026.html
09:13:16 | INFO  |   ✅ Saved: RR_07-21-2026.csv (38 rows)
09:13:16 | INFO  | 
Processing: JULY 29, 2026.html
09:13:17 | INFO  |   ✅ Saved: RR_07-29-2026.csv (38 rows)
09:13:17 | INFO  | 
Processing: JULY 7, 2026.html
09:13:17 | INFO  |   ✅ Saved: RR_07-07-2026.csv (37 rows)
09:13:17 | INFO  | 
Processing: JUNE 9, 2026.html
09:13:17 | INFO  |   ✅ Saved: RR_06-09-2026.csv (36 rows)
09:13:17 | INFO  | 
Processing: JULY 20, 2026.html
09:13:17 | INFO  |   ✅ Saved: RR_07-20-2026.csv (38 rows)
09:13:17 | INFO  | 
Processing: JULY 2, 2026.html
09:13:17 | INFO  |   ✅ Saved: RR_07-02-2026.csv (38 rows)
09:13:17 | INFO  | 
Processing: JUNE 5, 2026.html
09:13:17 | INFO  |   ✅ Saved: RR_06-05-2026.csv (37 rows)
09:13:17 | INFO  | 
Processing: JULY 22, 2026.html
09:13:17 | INFO  |   ✅ Saved: RR_07-22-2026.csv (38 rows)
09:13:17 | INFO  | 
Processing: JUNE 11, 2026.html
09:13:17 | INFO  |   ✅ Saved: RR_06-11-2026.csv (36 rows)
09:13:17 | INFO  | 
Processing: AUGUST 3, 2026.html
09:13:17 | INFO  |   ✅ Saved: RR_08-03-2026.csv (37 rows)
09:13:17 | INFO  | 
Processing: JULY 10, 2026.html
09:13:17 | INFO  |   ✅ Saved: RR_07-10-2026.csv (37 rows)
09:13:17 | INFO  | 
Processing: JULY 9, 2026.html
09:13:18 | INFO  |   ✅ Saved: RR_07-09-2026.csv (37 rows)
09:13:18 | INFO  | 
Processing: JUNE 4, 2026.html
09:13:18 | INFO  |   ✅ Saved: RR_06-04-2026.csv (37 rows)
09:13:18 | INFO  | 
Processing: JUNE 15, 2026.html
09:13:18 | INFO  |   ✅ Saved: RR_06-15-2026.csv (36 rows)
09:13:18 | INFO  | 
Processing: JULY 27, 2026.html
09:13:18 | INFO  |   ✅ Saved: RR_07-27-2026.csv (38 rows)
09:13:18 | INFO  | 
Processing: JUNE 16, 2026.html
09:13:18 | INFO  |   ✅ Saved: RR_06-16-2026.csv (36 rows)
09:13:18 | INFO  | 
Processing: JUNE 29, 2026.html
09:13:18 | INFO  |   ✅ Saved: RR_06-29-2026.csv (38 rows)
09:13:18 | INFO  | 
Processing: JULY 31, 2026.html
09:13:18 | INFO  |   ✅ Saved: RR_07-31-2026.csv (37 rows)
09:13:18 | INFO  | 
Processing: JUNE 12, 2026.html
09:13:18 | INFO  |   ✅ Saved: RR_06-12-2026.csv (36 rows)
09:13:18 | INFO  | 
Processing: JULY 24, 2026.html
09:13:18 | INFO  |   ✅ Saved: RR_07-24-2026.csv (38 rows)
09:13:18 | INFO  | 
Processing: JUNE 30, 2026.html
09:13:18 | INFO  |   ✅ Saved: RR_06-30-2026.csv (38 rows)
09:13:18 | INFO  | 
Processing: JULY 16, 2026.html
09:13:19 | INFO  |   ✅ Saved: RR_07-16-2026.csv (37 rows)
09:13:19 | INFO  | 
Processing: JULY 6, 2026.html
09:13:19 | INFO  |   ✅ Saved: RR_07-06-2026.csv (37 rows)
09:13:19 | INFO  | 
Processing: JUNE 24, 2026.html
09:13:19 | INFO  |   ✅ Saved: RR_06-24-2026.csv (37 rows)
09:13:19 | INFO  | 
Processing: JUNE 17, 2026.html
09:13:19 | INFO  |   ✅ Saved: RR_06-17-2026.csv (36 rows)
09:13:19 | INFO  | 
Processing: AUGUST 5, 2026.html
09:13:19 | INFO  |   ✅ Saved: RR_08-05-2026.csv (37 rows)
09:13:19 | INFO  | 
Processing: JULY 13, 2026.html
09:13:19 | INFO  |   ✅ Saved: RR_07-13-2026.csv (37 rows)
09:13:19 | INFO  | 
Processing: JUNE 26, 2026.html
09:13:19 | INFO  |   ✅ Saved: RR_06-26-2026.csv (38 rows)
09:13:19 | INFO  | 
Processing: JUNE 18, 2026.html
09:13:19 | INFO  |   ✅ Saved: RR_06-18-2026.csv (37 rows)
09:13:19 | INFO  | 
Processing: JUNE 25, 2026.html
09:13:19 | INFO  |   ✅ Saved: RR_06-25-2026.csv (38 rows)
09:13:19 | INFO  | 
Processing: JULY 8, 2026.html
09:13:19 | INFO  |   ✅ Saved: RR_07-08-2026.csv (37 rows)
09:13:19 | INFO  | 
Processing: JULY 1, 2026.html
09:13:20 | INFO  |   ✅ Saved: RR_07-01-2026.csv (38 rows)
09:13:20 | INFO  | 
✅ HTML parsing complete: 43 success, 0 errors
09:13:20 | INFO  | 
======================================================================
09:13:20 | INFO  | STAGE 2: MASTER AGGREGATION
09:13:20 | INFO  | ======================================================================
09:13:20 | INFO  | ✅ Backed up master to: risk_ranges_master_backup_20260805_091320.csv
09:13:20 | INFO  | Loaded existing master: 74,505 rows
09:13:20 | INFO  |   Loaded: RR_07-23-2026.csv (38 rows)
09:13:20 | INFO  |   Loaded: RR_08-04-2026.csv (37 rows)
09:13:20 | INFO  |   Loaded: RR_06-08-2026.csv (37 rows)
09:13:20 | INFO  |   Loaded: RR_07-15-2026.csv (37 rows)
09:13:20 | INFO  |   Loaded: RR_06-22-2026.csv (37 rows)
09:13:20 | INFO  |   Loaded: RR_06-10-2026.csv (36 rows)
09:13:20 | INFO  |   Loaded: RR_07-30-2026.csv (38 rows)
09:13:20 | INFO  |   Loaded: RR_07-28-2026.csv (38 rows)
09:13:20 | INFO  |   Loaded: RR_07-17-2026.csv (38 rows)
09:13:20 | INFO  |   Loaded: RR_07-14-2026.csv (37 rows)
09:13:20 | INFO  |   Loaded: RR_06-23-2026.csv (37 rows)
09:13:20 | INFO  |   Loaded: RR_07-21-2026.csv (38 rows)
09:13:20 | INFO  |   Loaded: RR_07-29-2026.csv (38 rows)
09:13:20 | INFO  |   Loaded: RR_07-07-2026.csv (37 rows)
09:13:20 | INFO  |   Loaded: RR_06-09-2026.csv (36 rows)
09:13:20 | INFO  |   Loaded: RR_07-20-2026.csv (38 rows)
09:13:20 | INFO  |   Loaded: RR_07-02-2026.csv (38 rows)
09:13:20 | INFO  |   Loaded: RR_06-05-2026.csv (37 rows)
09:13:20 | INFO  |   Loaded: RR_07-22-2026.csv (38 rows)
09:13:20 | INFO  |   Loaded: RR_06-11-2026.csv (36 rows)
09:13:20 | INFO  |   Loaded: RR_08-03-2026.csv (37 rows)
09:13:20 | INFO  |   Loaded: RR_07-10-2026.csv (37 rows)
09:13:20 | INFO  |   Loaded: RR_07-09-2026.csv (37 rows)
09:13:20 | INFO  |   Loaded: RR_06-04-2026.csv (37 rows)
09:13:20 | INFO  |   Loaded: RR_06-15-2026.csv (36 rows)
09:13:20 | INFO  |   Loaded: RR_07-27-2026.csv (38 rows)
09:13:20 | INFO  |   Loaded: RR_06-16-2026.csv (36 rows)
09:13:20 | INFO  |   Loaded: RR_06-29-2026.csv (38 rows)
09:13:20 | INFO  |   Loaded: RR_07-31-2026.csv (37 rows)
09:13:20 | INFO  |   Loaded: RR_06-12-2026.csv (36 rows)
09:13:20 | INFO  |   Loaded: RR_07-24-2026.csv (38 rows)
09:13:20 | INFO  |   Loaded: RR_06-30-2026.csv (38 rows)
09:13:20 | INFO  |   Loaded: RR_07-16-2026.csv (37 rows)
09:13:20 | INFO  |   Loaded: RR_07-06-2026.csv (37 rows)
09:13:20 | INFO  |   Loaded: RR_06-24-2026.csv (37 rows)
09:13:20 | INFO  |   Loaded: RR_06-17-2026.csv (36 rows)
09:13:20 | INFO  |   Loaded: RR_08-05-2026.csv (37 rows)
09:13:20 | INFO  |   Loaded: RR_07-13-2026.csv (37 rows)
09:13:20 | INFO  |   Loaded: RR_06-26-2026.csv (38 rows)
09:13:20 | INFO  |   Loaded: RR_06-18-2026.csv (37 rows)
09:13:20 | INFO  |   Loaded: RR_06-25-2026.csv (38 rows)
09:13:20 | INFO  |   Loaded: RR_07-08-2026.csv (37 rows)
09:13:20 | INFO  |   Loaded: RR_07-01-2026.csv (38 rows)
09:13:20 | INFO  | Combined new data: 1600 rows
09:13:20 | INFO  | Removed 1563 duplicate entries
09:13:20 | INFO  | ✅ Saved master CSV: 74,542 total rows
09:13:20 | INFO  |    Date range: 2017-01-03 to 2026-08-05
09:13:20 | INFO  | 
======================================================================
09:13:20 | INFO  | STAGE 3: TICKER SUBSETTING
09:13:20 | INFO  | ======================================================================
09:13:20 | INFO  | Loaded master: 74,542 rows
09:13:20 | INFO  | Creating subsets for 9 tickers
09:13:20 | INFO  |   ✅ UST10Y: 2382 rows | 2017-01-03 to 2026-08-05
09:13:20 | INFO  |   ✅ SPX: 2382 rows | 2017-01-03 to 2026-08-05
09:13:20 | INFO  |   ✅ COMPQ: 2382 rows | 2017-01-03 to 2026-08-05
09:13:20 | INFO  |   ✅ RUT: 2381 rows | 2017-01-03 to 2026-08-05
09:13:20 | INFO  |   ✅ VIX: 2382 rows | 2017-01-03 to 2026-08-05
09:13:20 | INFO  |   ✅ USD: 2382 rows | 2017-01-03 to 2026-08-05
09:13:20 | INFO  |   ✅ GOLD: 2380 rows | 2017-01-03 to 2026-08-05
09:13:20 | INFO  |   ✅ AAPL: 2380 rows | 2017-01-03 to 2026-08-05
09:13:20 | INFO  |   ✅ BITCOIN: 751 rows | 2023-08-01 to 2026-08-05
09:13:20 | INFO  | ✅ Ticker subsetting complete
09:13:20 | INFO  | 
======================================================================
09:13:20 | INFO  | STAGE 4: ENRICHMENT
09:13:20 | INFO  | ======================================================================
09:13:20 | INFO  | Enriching 9 tickers
09:13:20 | INFO  | 
──────────────────────────────────────────────────────────────────────
09:13:20 | INFO  | Enriching: SPX
09:13:20 | INFO  | ──────────────────────────────────────────────────────────────────────
09:13:20 | INFO  |   Loaded 2382 rows from SPX.csv
09:13:20 | INFO  |   Yahoo ticker: ^GSPC
09:13:20 | INFO  |   OHLC prefix: GSPC
09:13:20 | INFO  |   Vol prefix: VIX
09:13:20 | INFO  |   Downloading ^GSPC OHLC...
09:13:21 | INFO  |     Downloaded 2409 days (2017-01-03 to 2026-08-04)
09:13:21 | INFO  |   Downloading ^VIX volatility...
09:13:21 | INFO  |     Downloaded 2411 days (2017-01-03 to 2026-08-05)
09:13:21 | WARNING |   ⚠️  28 trading days missing from original CSV
09:13:21 | INFO  |   ✓ Enrichment complete: 2409 rows
09:13:21 | INFO  |   ✅ Saved: SPX_enriched.csv (2409 rows)
09:13:21 | WARNING |   ⚠️  28 rows need manual update
09:13:21 | INFO  | 
──────────────────────────────────────────────────────────────────────
09:13:21 | INFO  | Enriching: GOLD
09:13:21 | INFO  | ──────────────────────────────────────────────────────────────────────
09:13:21 | INFO  |   Loaded 2380 rows from GOLD.csv
09:13:21 | INFO  |   Yahoo ticker: GC=F
09:13:21 | INFO  |   OHLC prefix: GC
09:13:21 | INFO  |   Vol prefix: GVZ
09:13:21 | INFO  |   Downloading GC=F OHLC...
09:13:21 | INFO  |     Downloaded 2411 days (2017-01-03 to 2026-08-05)
09:13:21 | INFO  |   Downloading ^GVZ volatility...
09:13:22 | INFO  |     Downloaded 2409 days (2017-01-03 to 2026-08-04)
09:13:22 | WARNING |   ⚠️  32 trading days missing from original CSV
09:13:22 | INFO  |   ✓ Enrichment complete: 2411 rows
09:13:22 | INFO  |   ✅ Saved: GOLD_enriched.csv (2411 rows)
09:13:22 | WARNING |   ⚠️  32 rows need manual update
09:13:22 | INFO  | 
──────────────────────────────────────────────────────────────────────
09:13:22 | INFO  | Enriching: UST10Y
09:13:22 | INFO  | ──────────────────────────────────────────────────────────────────────
09:13:22 | INFO  |   Loaded 2382 rows from UST10Y.csv
09:13:22 | INFO  |   Yahoo ticker: ^TNX
09:13:22 | INFO  |   OHLC prefix: TNX
09:13:22 | INFO  |   Vol prefix: VIX
09:13:22 | INFO  |   Downloading ^TNX OHLC...
09:13:22 | INFO  |     Downloaded 2410 days (2017-01-03 to 2026-08-05)
09:13:22 | INFO  |   Downloading ^VIX volatility...
09:13:22 | INFO  |     Downloaded 2411 days (2017-01-03 to 2026-08-05)
09:13:22 | WARNING |   ⚠️  28 trading days missing from original CSV
09:13:22 | INFO  |   ✓ Enrichment complete: 2410 rows
09:13:22 | INFO  |   ✅ Saved: UST10Y_enriched.csv (2410 rows)
09:13:22 | WARNING |   ⚠️  28 rows need manual update
09:13:22 | INFO  | 
──────────────────────────────────────────────────────────────────────
09:13:22 | INFO  | Enriching: COMPQ
09:13:22 | INFO  | ──────────────────────────────────────────────────────────────────────
09:13:22 | INFO  |   Loaded 2382 rows from COMPQ.csv
09:13:22 | INFO  |   Yahoo ticker: ^IXIC
09:13:22 | INFO  |   OHLC prefix: IXIC
09:13:22 | INFO  |   Vol prefix: VIX
09:13:22 | INFO  |   Downloading ^IXIC OHLC...
09:13:22 | INFO  |     Downloaded 2409 days (2017-01-03 to 2026-08-04)
09:13:22 | INFO  |   Downloading ^VIX volatility...
09:13:23 | INFO  |     Downloaded 2411 days (2017-01-03 to 2026-08-05)
09:13:23 | WARNING |   ⚠️  28 trading days missing from original CSV
09:13:23 | INFO  |   ✓ Enrichment complete: 2409 rows
09:13:23 | INFO  |   ✅ Saved: COMPQ_enriched.csv (2409 rows)
09:13:23 | WARNING |   ⚠️  28 rows need manual update
09:13:23 | INFO  | 
──────────────────────────────────────────────────────────────────────
09:13:23 | INFO  | Enriching: RUT
09:13:23 | INFO  | ──────────────────────────────────────────────────────────────────────
09:13:23 | INFO  |   Loaded 2381 rows from RUT.csv
09:13:23 | INFO  |   Yahoo ticker: ^RUT
09:13:23 | INFO  |   OHLC prefix: RUT
09:13:23 | INFO  |   Vol prefix: VIX
09:13:23 | INFO  |   Downloading ^RUT OHLC...
09:13:23 | INFO  |     Downloaded 2409 days (2017-01-03 to 2026-08-04)
09:13:23 | INFO  |   Downloading ^VIX volatility...
09:13:23 | INFO  |     Downloaded 2411 days (2017-01-03 to 2026-08-05)
09:13:23 | WARNING |   ⚠️  29 trading days missing from original CSV
09:13:23 | INFO  |   ✓ Enrichment complete: 2409 rows
09:13:23 | INFO  |   ✅ Saved: RUT_enriched.csv (2409 rows)
09:13:23 | WARNING |   ⚠️  29 rows need manual update
09:13:23 | INFO  | 
──────────────────────────────────────────────────────────────────────
09:13:23 | INFO  | Enriching: VIX
09:13:23 | INFO  | ──────────────────────────────────────────────────────────────────────
09:13:23 | INFO  |   Loaded 2382 rows from VIX.csv
09:13:23 | INFO  |   Yahoo ticker: ^VIX
09:13:23 | INFO  |   OHLC prefix: VIX
09:13:23 | INFO  |   Vol prefix: VIXI
09:13:23 | INFO  |   Downloading ^VIX OHLC...
09:13:23 | INFO  |     Downloaded 2411 days (2017-01-03 to 2026-08-05)
09:13:23 | INFO  |   Downloading ^VIX volatility...
09:13:23 | INFO  |     Downloaded 2411 days (2017-01-03 to 2026-08-05)
09:13:23 | WARNING |   ⚠️  29 trading days missing from original CSV
09:13:23 | INFO  |   ✓ Enrichment complete: 2411 rows
09:13:23 | INFO  |   ✅ Saved: VIX_enriched.csv (2411 rows)
09:13:23 | WARNING |   ⚠️  29 rows need manual update
09:13:23 | INFO  | 
──────────────────────────────────────────────────────────────────────
09:13:23 | INFO  | Enriching: USD
09:13:23 | INFO  | ──────────────────────────────────────────────────────────────────────
09:13:23 | INFO  |   Loaded 2382 rows from USD.csv
09:13:23 | INFO  |   Yahoo ticker: DX-Y.NYB
09:13:23 | INFO  |   OHLC prefix: DX
09:13:23 | INFO  |   Vol prefix: VIX
09:13:23 | INFO  |   Downloading DX-Y.NYB OHLC...
09:13:24 | INFO  |     Downloaded 2412 days (2017-01-03 to 2026-08-05)
09:13:24 | INFO  |   Downloading ^VIX volatility...
09:13:24 | INFO  |     Downloaded 2411 days (2017-01-03 to 2026-08-05)
09:13:24 | WARNING |   ⚠️  30 trading days missing from original CSV
09:13:24 | INFO  |   ✓ Enrichment complete: 2412 rows
09:13:24 | INFO  |   ✅ Saved: USD_enriched.csv (2412 rows)
09:13:24 | WARNING |   ⚠️  30 rows need manual update
09:13:24 | INFO  | 
──────────────────────────────────────────────────────────────────────
09:13:24 | INFO  | Enriching: AAPL
09:13:24 | INFO  | ──────────────────────────────────────────────────────────────────────
09:13:24 | INFO  |   Loaded 2380 rows from AAPL.csv
09:13:24 | INFO  |   Yahoo ticker: AAPL
09:13:24 | INFO  |   OHLC prefix: AAPL
09:13:24 | INFO  |   Vol prefix: VIX
09:13:24 | INFO  |   Downloading AAPL OHLC...
09:13:24 | INFO  |     Downloaded 2409 days (2017-01-03 to 2026-08-04)
09:13:24 | INFO  |   Downloading ^VIX volatility...
09:13:24 | INFO  |     Downloaded 2411 days (2017-01-03 to 2026-08-05)
09:13:24 | WARNING |   ⚠️  30 trading days missing from original CSV
09:13:24 | INFO  |   ✓ Enrichment complete: 2409 rows
09:13:24 | INFO  |   ✅ Saved: AAPL_enriched.csv (2409 rows)
09:13:24 | WARNING |   ⚠️  30 rows need manual update
09:13:24 | INFO  | 
──────────────────────────────────────────────────────────────────────
09:13:24 | INFO  | Enriching: BITCOIN
09:13:24 | INFO  | ──────────────────────────────────────────────────────────────────────
09:13:24 | INFO  |   Loaded 751 rows from BITCOIN.csv
09:13:24 | INFO  |   ⚠️  Row count changed (3502 → 751) - re-enriching
09:13:24 | INFO  |   Yahoo ticker: BTC-USD
09:13:24 | INFO  |   OHLC prefix: BTC
09:13:24 | INFO  |   Vol prefix: VIX
09:13:24 | INFO  |   Downloading BTC-USD OHLC...
09:13:25 | INFO  |     Downloaded 3503 days (2017-01-02 to 2026-08-05)
09:13:25 | INFO  |   Downloading ^VIX volatility...
09:13:25 | INFO  |     Downloaded 2411 days (2017-01-03 to 2026-08-05)
09:13:25 | WARNING |   ⚠️  2752 trading days missing from original CSV
09:13:25 | INFO  |   ✓ Enrichment complete: 3503 rows
09:13:25 | INFO  |   ✅ Saved: BITCOIN_enriched.csv (3503 rows)
09:13:25 | WARNING |   ⚠️  2752 rows need manual update
09:13:25 | INFO  | 
======================================================================
09:13:25 | INFO  | ✅ Enrichment complete:
09:13:25 | INFO  |    Success: 9
09:13:25 | INFO  |    Skipped (up-to-date): 0
09:13:25 | INFO  |    Errors:  0
09:13:25 | INFO  | ======================================================================
09:13:25 | INFO  | 
======================================================================
09:13:25 | INFO  | ✅ PIPELINE COMPLETE
09:13:25 | INFO  | ======================================================================
