09:07:36 | INFO  | ======================================================================
09:07:36 | INFO  | ETL PIPELINE START
09:07:36 | INFO  | ======================================================================
09:07:36 | INFO  | 
📋 PIPELINE PLAN:
09:07:36 | INFO  |    HTML Files: 50 new / 50 total
09:07:36 | INFO  |    Master needs propagation: False
09:07:36 | INFO  | 
======================================================================
09:07:36 | INFO  | STAGE 1: HTML PARSING
09:07:36 | INFO  | ======================================================================
09:07:36 | INFO  | 
Processing: JULY 1, 2026.html
09:07:36 | INFO  |   ✅ Saved: RR_07-01-2026.csv (38 rows)
09:07:36 | INFO  | 
Processing: AUGUST 10, 2026.html
09:07:36 | INFO  |   ✅ Saved: RR_08-10-2026.csv (37 rows)
09:07:36 | INFO  | 
Processing: JULY 22, 2026.html
09:07:36 | INFO  |   ✅ Saved: RR_07-22-2026.csv (38 rows)
09:07:36 | INFO  | 
Processing: JUNE 9, 2026.html
09:07:36 | INFO  |   ✅ Saved: RR_06-09-2026.csv (36 rows)
09:07:36 | INFO  | 
Processing: JUNE 4, 2026.html
09:07:36 | INFO  |   ✅ Saved: RR_06-04-2026.csv (37 rows)
09:07:36 | INFO  | 
Processing: JUNE 11, 2026.html
09:07:36 | INFO  |   ✅ Saved: RR_06-11-2026.csv (36 rows)
09:07:36 | INFO  | 
Processing: JUNE 25, 2026.html
09:07:36 | INFO  |   ✅ Saved: RR_06-25-2026.csv (38 rows)
09:07:36 | INFO  | 
Processing: AUGUST 7, 2026.html
09:07:36 | INFO  |   ✅ Saved: RR_08-07-2026.csv (37 rows)
09:07:36 | INFO  | 
Processing: JUNE 17, 2026.html
09:07:36 | INFO  |   ✅ Saved: RR_06-17-2026.csv (36 rows)
09:07:36 | INFO  | 
Processing: JULY 24, 2026.html
09:07:37 | INFO  |   ✅ Saved: RR_07-24-2026.csv (38 rows)
09:07:37 | INFO  | 
Processing: JULY 21, 2026.html
09:07:37 | INFO  |   ✅ Saved: RR_07-21-2026.csv (38 rows)
09:07:37 | INFO  | 
Processing: JUNE 16, 2026.html
09:07:37 | INFO  |   ✅ Saved: RR_06-16-2026.csv (36 rows)
09:07:37 | INFO  | 
Processing: JULY 23, 2026.html
09:07:37 | INFO  |   ✅ Saved: RR_07-23-2026.csv (38 rows)
09:07:37 | INFO  | 
Processing: AUGUST 13, 2026.html
09:07:37 | INFO  |   ✅ Saved: RR_08-13-2026.csv (37 rows)
09:07:37 | INFO  | 
Processing: JUNE 23, 2026.html
09:07:37 | INFO  |   ✅ Saved: RR_06-23-2026.csv (37 rows)
09:07:37 | INFO  | 
Processing: JUNE 12, 2026.html
09:07:37 | INFO  |   ✅ Saved: RR_06-12-2026.csv (36 rows)
09:07:37 | INFO  | 
Processing: JUNE 8, 2026.html
09:07:37 | INFO  |   ✅ Saved: RR_06-08-2026.csv (37 rows)
09:07:37 | INFO  | 
Processing: JULY 6, 2026.html
09:07:37 | INFO  |   ✅ Saved: RR_07-06-2026.csv (37 rows)
09:07:37 | INFO  | 
Processing: JUNE 22, 2026.html
09:07:37 | INFO  |   ✅ Saved: RR_06-22-2026.csv (37 rows)
09:07:37 | INFO  | 
Processing: JUNE 15, 2026.html
09:07:37 | INFO  |   ✅ Saved: RR_06-15-2026.csv (36 rows)
09:07:37 | INFO  | 
Processing: AUGUST 6, 2026.html
09:07:37 | INFO  |   ✅ Saved: RR_08-06-2026.csv (37 rows)
09:07:37 | INFO  | 
Processing: JULY 13, 2026.html
09:07:38 | INFO  |   ✅ Saved: RR_07-13-2026.csv (37 rows)
09:07:38 | INFO  | 
Processing: JUNE 5, 2026.html
09:07:38 | INFO  |   ✅ Saved: RR_06-05-2026.csv (37 rows)
09:07:38 | INFO  | 
Processing: AUGUST 11, 2026.html
09:07:38 | INFO  |   ✅ Saved: RR_08-11-2026.csv (37 rows)
09:07:38 | INFO  | 
Processing: JULY 8, 2026.html
09:07:38 | INFO  |   ✅ Saved: RR_07-08-2026.csv (37 rows)
09:07:38 | INFO  | 
Processing: JUNE 26, 2026.html
09:07:38 | INFO  |   ✅ Saved: RR_06-26-2026.csv (38 rows)
09:07:38 | INFO  | 
Processing: JULY 16, 2026.html
09:07:38 | INFO  |   ✅ Saved: RR_07-16-2026.csv (37 rows)
09:07:38 | INFO  | 
Processing: JULY 31, 2026.html
09:07:38 | INFO  |   ✅ Saved: RR_07-31-2026.csv (37 rows)
09:07:38 | INFO  | 
Processing: JUNE 10, 2026.html
09:07:38 | INFO  |   ✅ Saved: RR_06-10-2026.csv (36 rows)
09:07:38 | INFO  | 
Processing: JULY 2, 2026.html
09:07:38 | INFO  |   ✅ Saved: RR_07-02-2026.csv (38 rows)
09:07:38 | INFO  | 
Processing: AUGUST 3, 2026.html
09:07:38 | INFO  |   ✅ Saved: RR_08-03-2026.csv (37 rows)
09:07:38 | INFO  | 
Processing: JULY 7, 2026.html
09:07:38 | INFO  |   ✅ Saved: RR_07-07-2026.csv (37 rows)
09:07:38 | INFO  | 
Processing: JULY 17, 2026.html
09:07:38 | INFO  |   ✅ Saved: RR_07-17-2026.csv (38 rows)
09:07:38 | INFO  | 
Processing: JULY 20, 2026.html
09:07:39 | INFO  |   ✅ Saved: RR_07-20-2026.csv (38 rows)
09:07:39 | INFO  | 
Processing: JUNE 29, 2026.html
09:07:39 | INFO  |   ✅ Saved: RR_06-29-2026.csv (38 rows)
09:07:39 | INFO  | 
Processing: JULY 30, 2026.html
09:07:39 | INFO  |   ✅ Saved: RR_07-30-2026.csv (38 rows)
09:07:39 | INFO  | 
Processing: AUGUST 4, 2026.html
09:07:39 | INFO  |   ✅ Saved: RR_08-04-2026.csv (37 rows)
09:07:39 | INFO  | 
Processing: JUNE 30, 2026.html
09:07:39 | INFO  |   ✅ Saved: RR_06-30-2026.csv (38 rows)
09:07:39 | INFO  | 
Processing: AUGUST 14, 2026.html
09:07:39 | INFO  |   ✅ Saved: RR_08-14-2026.csv (37 rows)
09:07:39 | INFO  | 
Processing: JUNE 24, 2026.html
09:07:39 | INFO  |   ✅ Saved: RR_06-24-2026.csv (37 rows)
09:07:39 | INFO  | 
Processing: JULY 9, 2026.html
09:07:39 | INFO  |   ✅ Saved: RR_07-09-2026.csv (37 rows)
09:07:39 | INFO  | 
Processing: AUGUST 12, 2026.html
09:07:39 | INFO  |   ✅ Saved: RR_08-12-2026.csv (37 rows)
09:07:39 | INFO  | 
Processing: JUNE 18, 2026.html
09:07:39 | INFO  |   ✅ Saved: RR_06-18-2026.csv (37 rows)
09:07:39 | INFO  | 
Processing: JULY 10, 2026.html
09:07:39 | INFO  |   ✅ Saved: RR_07-10-2026.csv (37 rows)
09:07:39 | INFO  | 
Processing: JULY 29, 2026.html
09:07:39 | INFO  |   ✅ Saved: RR_07-29-2026.csv (38 rows)
09:07:39 | INFO  | 
Processing: JULY 15, 2026.html
09:07:40 | INFO  |   ✅ Saved: RR_07-15-2026.csv (37 rows)
09:07:40 | INFO  | 
Processing: JULY 28, 2026.html
09:07:40 | INFO  |   ✅ Saved: RR_07-28-2026.csv (38 rows)
09:07:40 | INFO  | 
Processing: AUGUST 5, 2026.html
09:07:40 | INFO  |   ✅ Saved: RR_08-05-2026.csv (37 rows)
09:07:40 | INFO  | 
Processing: JULY 14, 2026.html
09:07:40 | INFO  |   ✅ Saved: RR_07-14-2026.csv (37 rows)
09:07:40 | INFO  | 
Processing: JULY 27, 2026.html
09:07:40 | INFO  |   ✅ Saved: RR_07-27-2026.csv (38 rows)
09:07:40 | INFO  | 
✅ HTML parsing complete: 50 success, 0 errors
09:07:40 | INFO  | 
======================================================================
09:07:40 | INFO  | STAGE 2: MASTER AGGREGATION
09:07:40 | INFO  | ======================================================================
09:07:40 | INFO  | ✅ Backed up master to: risk_ranges_master_backup_20260814_090740.csv
09:07:40 | INFO  | Loaded existing master: 74,764 rows
09:07:40 | INFO  |   Loaded: RR_07-01-2026.csv (38 rows)
09:07:40 | INFO  |   Loaded: RR_08-10-2026.csv (37 rows)
09:07:40 | INFO  |   Loaded: RR_07-22-2026.csv (38 rows)
09:07:40 | INFO  |   Loaded: RR_06-09-2026.csv (36 rows)
09:07:40 | INFO  |   Loaded: RR_06-04-2026.csv (37 rows)
09:07:40 | INFO  |   Loaded: RR_06-11-2026.csv (36 rows)
09:07:40 | INFO  |   Loaded: RR_06-25-2026.csv (38 rows)
09:07:40 | INFO  |   Loaded: RR_08-07-2026.csv (37 rows)
09:07:40 | INFO  |   Loaded: RR_06-17-2026.csv (36 rows)
09:07:40 | INFO  |   Loaded: RR_07-24-2026.csv (38 rows)
09:07:40 | INFO  |   Loaded: RR_07-21-2026.csv (38 rows)
09:07:40 | INFO  |   Loaded: RR_06-16-2026.csv (36 rows)
09:07:40 | INFO  |   Loaded: RR_07-23-2026.csv (38 rows)
09:07:40 | INFO  |   Loaded: RR_08-13-2026.csv (37 rows)
09:07:40 | INFO  |   Loaded: RR_06-23-2026.csv (37 rows)
09:07:40 | INFO  |   Loaded: RR_06-12-2026.csv (36 rows)
09:07:40 | INFO  |   Loaded: RR_06-08-2026.csv (37 rows)
09:07:40 | INFO  |   Loaded: RR_07-06-2026.csv (37 rows)
09:07:40 | INFO  |   Loaded: RR_06-22-2026.csv (37 rows)
09:07:40 | INFO  |   Loaded: RR_06-15-2026.csv (36 rows)
09:07:40 | INFO  |   Loaded: RR_08-06-2026.csv (37 rows)
09:07:40 | INFO  |   Loaded: RR_07-13-2026.csv (37 rows)
09:07:40 | INFO  |   Loaded: RR_06-05-2026.csv (37 rows)
09:07:40 | INFO  |   Loaded: RR_08-11-2026.csv (37 rows)
09:07:40 | INFO  |   Loaded: RR_07-08-2026.csv (37 rows)
09:07:40 | INFO  |   Loaded: RR_06-26-2026.csv (38 rows)
09:07:40 | INFO  |   Loaded: RR_07-16-2026.csv (37 rows)
09:07:40 | INFO  |   Loaded: RR_07-31-2026.csv (37 rows)
09:07:40 | INFO  |   Loaded: RR_06-10-2026.csv (36 rows)
09:07:40 | INFO  |   Loaded: RR_07-02-2026.csv (38 rows)
09:07:40 | INFO  |   Loaded: RR_08-03-2026.csv (37 rows)
09:07:40 | INFO  |   Loaded: RR_07-07-2026.csv (37 rows)
09:07:40 | INFO  |   Loaded: RR_07-17-2026.csv (38 rows)
09:07:40 | INFO  |   Loaded: RR_07-20-2026.csv (38 rows)
09:07:40 | INFO  |   Loaded: RR_06-29-2026.csv (38 rows)
09:07:40 | INFO  |   Loaded: RR_07-30-2026.csv (38 rows)
09:07:40 | INFO  |   Loaded: RR_08-04-2026.csv (37 rows)
09:07:40 | INFO  |   Loaded: RR_06-30-2026.csv (38 rows)
09:07:40 | INFO  |   Loaded: RR_08-14-2026.csv (37 rows)
09:07:40 | INFO  |   Loaded: RR_06-24-2026.csv (37 rows)
09:07:40 | INFO  |   Loaded: RR_07-09-2026.csv (37 rows)
09:07:40 | INFO  |   Loaded: RR_08-12-2026.csv (37 rows)
09:07:40 | INFO  |   Loaded: RR_06-18-2026.csv (37 rows)
09:07:40 | INFO  |   Loaded: RR_07-10-2026.csv (37 rows)
09:07:40 | INFO  |   Loaded: RR_07-29-2026.csv (38 rows)
09:07:40 | INFO  |   Loaded: RR_07-15-2026.csv (37 rows)
09:07:40 | INFO  |   Loaded: RR_07-28-2026.csv (38 rows)
09:07:40 | INFO  |   Loaded: RR_08-05-2026.csv (37 rows)
09:07:40 | INFO  |   Loaded: RR_07-14-2026.csv (37 rows)
09:07:40 | INFO  |   Loaded: RR_07-27-2026.csv (38 rows)
09:07:40 | INFO  | Combined new data: 1859 rows
09:07:40 | INFO  | Removed 1822 duplicate entries
09:07:40 | INFO  | ✅ Saved master CSV: 74,801 total rows
09:07:40 | INFO  |    Date range: 2017-01-03 to 2026-08-14
09:07:40 | INFO  | 
======================================================================
09:07:40 | INFO  | STAGE 3: TICKER SUBSETTING
09:07:40 | INFO  | ======================================================================
09:07:40 | INFO  | Loaded master: 74,801 rows
09:07:40 | INFO  | Creating subsets for 9 tickers
09:07:40 | INFO  |   ✅ UST10Y: 2389 rows | 2017-01-03 to 2026-08-14
09:07:40 | INFO  |   ✅ SPX: 2389 rows | 2017-01-03 to 2026-08-14
09:07:40 | INFO  |   ✅ COMPQ: 2389 rows | 2017-01-03 to 2026-08-14
09:07:40 | INFO  |   ✅ RUT: 2388 rows | 2017-01-03 to 2026-08-14
09:07:40 | INFO  |   ✅ VIX: 2389 rows | 2017-01-03 to 2026-08-14
09:07:40 | INFO  |   ✅ USD: 2389 rows | 2017-01-03 to 2026-08-14
09:07:40 | INFO  |   ✅ GOLD: 2387 rows | 2017-01-03 to 2026-08-14
09:07:41 | INFO  |   ✅ AAPL: 2387 rows | 2017-01-03 to 2026-08-14
09:07:41 | INFO  |   ✅ BITCOIN: 758 rows | 2023-08-01 to 2026-08-14
09:07:41 | INFO  | ✅ Ticker subsetting complete
09:07:41 | INFO  | 
======================================================================
09:07:41 | INFO  | STAGE 4: ENRICHMENT
09:07:41 | INFO  | ======================================================================
09:07:41 | INFO  | Enriching 9 tickers
09:07:41 | INFO  | 
──────────────────────────────────────────────────────────────────────
09:07:41 | INFO  | Enriching: SPX
09:07:41 | INFO  | ──────────────────────────────────────────────────────────────────────
09:07:41 | INFO  |   Loaded 2389 rows from SPX.csv
09:07:41 | INFO  |   Yahoo ticker: ^GSPC
09:07:41 | INFO  |   OHLC prefix: GSPC
09:07:41 | INFO  |   Vol prefix: VIX
09:07:41 | INFO  |   Downloading ^GSPC OHLC...
09:07:41 | INFO  |     Downloaded 2416 days (2017-01-03 to 2026-08-13)
09:07:41 | INFO  |   Downloading ^VIX volatility...
09:07:42 | INFO  |     Downloaded 2418 days (2017-01-03 to 2026-08-14)
09:07:42 | WARNING |   ⚠️  28 trading days missing from original CSV
09:07:42 | INFO  |   ✓ Enrichment complete: 2416 rows
09:07:42 | INFO  |   ✅ Saved: SPX_enriched.csv (2416 rows)
09:07:42 | WARNING |   ⚠️  28 rows need manual update
09:07:42 | INFO  | 
──────────────────────────────────────────────────────────────────────
09:07:42 | INFO  | Enriching: GOLD
09:07:42 | INFO  | ──────────────────────────────────────────────────────────────────────
09:07:42 | INFO  |   Loaded 2387 rows from GOLD.csv
09:07:42 | INFO  |   Yahoo ticker: GC=F
09:07:42 | INFO  |   OHLC prefix: GC
09:07:42 | INFO  |   Vol prefix: GVZ
09:07:42 | INFO  |   Downloading GC=F OHLC...
09:07:42 | INFO  |     Downloaded 2418 days (2017-01-03 to 2026-08-14)
09:07:42 | INFO  |   Downloading ^GVZ volatility...
09:07:42 | INFO  |     Downloaded 2416 days (2017-01-03 to 2026-08-13)
09:07:42 | WARNING |   ⚠️  32 trading days missing from original CSV
09:07:42 | INFO  |   ✓ Enrichment complete: 2418 rows
09:07:42 | INFO  |   ✅ Saved: GOLD_enriched.csv (2418 rows)
09:07:42 | WARNING |   ⚠️  32 rows need manual update
09:07:42 | INFO  | 
──────────────────────────────────────────────────────────────────────
09:07:42 | INFO  | Enriching: UST10Y
09:07:42 | INFO  | ──────────────────────────────────────────────────────────────────────
09:07:42 | INFO  |   Loaded 2389 rows from UST10Y.csv
09:07:42 | INFO  |   Yahoo ticker: ^TNX
09:07:42 | INFO  |   OHLC prefix: TNX
09:07:42 | INFO  |   Vol prefix: VIX
09:07:42 | INFO  |   Downloading ^TNX OHLC...
09:07:42 | INFO  |     Downloaded 2417 days (2017-01-03 to 2026-08-14)
09:07:42 | INFO  |   Downloading ^VIX volatility...
09:07:43 | INFO  |     Downloaded 2418 days (2017-01-03 to 2026-08-14)
09:07:43 | WARNING |   ⚠️  28 trading days missing from original CSV
09:07:43 | INFO  |   ✓ Enrichment complete: 2417 rows
09:07:43 | INFO  |   ✅ Saved: UST10Y_enriched.csv (2417 rows)
09:07:43 | WARNING |   ⚠️  28 rows need manual update
09:07:43 | INFO  | 
──────────────────────────────────────────────────────────────────────
09:07:43 | INFO  | Enriching: COMPQ
09:07:43 | INFO  | ──────────────────────────────────────────────────────────────────────
09:07:43 | INFO  |   Loaded 2389 rows from COMPQ.csv
09:07:43 | INFO  |   Yahoo ticker: ^IXIC
09:07:43 | INFO  |   OHLC prefix: IXIC
09:07:43 | INFO  |   Vol prefix: VIX
09:07:43 | INFO  |   Downloading ^IXIC OHLC...
09:07:43 | INFO  |     Downloaded 2416 days (2017-01-03 to 2026-08-13)
09:07:43 | INFO  |   Downloading ^VIX volatility...
09:07:43 | INFO  |     Downloaded 2418 days (2017-01-03 to 2026-08-14)
09:07:43 | WARNING |   ⚠️  28 trading days missing from original CSV
09:07:43 | INFO  |   ✓ Enrichment complete: 2416 rows
09:07:43 | INFO  |   ✅ Saved: COMPQ_enriched.csv (2416 rows)
09:07:43 | WARNING |   ⚠️  28 rows need manual update
09:07:43 | INFO  | 
──────────────────────────────────────────────────────────────────────
09:07:43 | INFO  | Enriching: RUT
09:07:43 | INFO  | ──────────────────────────────────────────────────────────────────────
09:07:43 | INFO  |   Loaded 2388 rows from RUT.csv
09:07:43 | INFO  |   Yahoo ticker: ^RUT
09:07:43 | INFO  |   OHLC prefix: RUT
09:07:43 | INFO  |   Vol prefix: VIX
09:07:43 | INFO  |   Downloading ^RUT OHLC...
09:07:43 | INFO  |     Downloaded 2416 days (2017-01-03 to 2026-08-13)
09:07:43 | INFO  |   Downloading ^VIX volatility...
09:07:44 | INFO  |     Downloaded 2418 days (2017-01-03 to 2026-08-14)
09:07:44 | WARNING |   ⚠️  29 trading days missing from original CSV
09:07:44 | INFO  |   ✓ Enrichment complete: 2416 rows
09:07:44 | INFO  |   ✅ Saved: RUT_enriched.csv (2416 rows)
09:07:44 | WARNING |   ⚠️  29 rows need manual update
09:07:44 | INFO  | 
──────────────────────────────────────────────────────────────────────
09:07:44 | INFO  | Enriching: VIX
09:07:44 | INFO  | ──────────────────────────────────────────────────────────────────────
09:07:44 | INFO  |   Loaded 2389 rows from VIX.csv
09:07:44 | INFO  |   Yahoo ticker: ^VIX
09:07:44 | INFO  |   OHLC prefix: VIX
09:07:44 | INFO  |   Vol prefix: VIXI
09:07:44 | INFO  |   Downloading ^VIX OHLC...
09:07:44 | INFO  |     Downloaded 2418 days (2017-01-03 to 2026-08-14)
09:07:44 | INFO  |   Downloading ^VIX volatility...
09:07:44 | INFO  |     Downloaded 2418 days (2017-01-03 to 2026-08-14)
09:07:44 | WARNING |   ⚠️  29 trading days missing from original CSV
09:07:44 | INFO  |   ✓ Enrichment complete: 2418 rows
09:07:44 | INFO  |   ✅ Saved: VIX_enriched.csv (2418 rows)
09:07:44 | WARNING |   ⚠️  29 rows need manual update
09:07:44 | INFO  | 
──────────────────────────────────────────────────────────────────────
09:07:44 | INFO  | Enriching: USD
09:07:44 | INFO  | ──────────────────────────────────────────────────────────────────────
09:07:44 | INFO  |   Loaded 2389 rows from USD.csv
09:07:44 | INFO  |   Yahoo ticker: DX-Y.NYB
09:07:44 | INFO  |   OHLC prefix: DX
09:07:44 | INFO  |   Vol prefix: VIX
09:07:44 | INFO  |   Downloading DX-Y.NYB OHLC...
09:07:44 | INFO  |     Downloaded 2419 days (2017-01-03 to 2026-08-14)
09:07:44 | INFO  |   Downloading ^VIX volatility...
09:07:45 | INFO  |     Downloaded 2418 days (2017-01-03 to 2026-08-14)
09:07:45 | WARNING |   ⚠️  30 trading days missing from original CSV
09:07:45 | INFO  |   ✓ Enrichment complete: 2419 rows
09:07:45 | INFO  |   ✅ Saved: USD_enriched.csv (2419 rows)
09:07:45 | WARNING |   ⚠️  30 rows need manual update
09:07:45 | INFO  | 
──────────────────────────────────────────────────────────────────────
09:07:45 | INFO  | Enriching: AAPL
09:07:45 | INFO  | ──────────────────────────────────────────────────────────────────────
09:07:45 | INFO  |   Loaded 2387 rows from AAPL.csv
09:07:45 | INFO  |   Yahoo ticker: AAPL
09:07:45 | INFO  |   OHLC prefix: AAPL
09:07:45 | INFO  |   Vol prefix: VIX
09:07:45 | INFO  |   Downloading AAPL OHLC...
09:07:45 | INFO  |     Downloaded 2416 days (2017-01-03 to 2026-08-13)
09:07:45 | INFO  |   Downloading ^VIX volatility...
09:07:45 | INFO  |     Downloaded 2418 days (2017-01-03 to 2026-08-14)
09:07:45 | WARNING |   ⚠️  30 trading days missing from original CSV
09:07:45 | INFO  |   ✓ Enrichment complete: 2416 rows
09:07:45 | INFO  |   ✅ Saved: AAPL_enriched.csv (2416 rows)
09:07:45 | WARNING |   ⚠️  30 rows need manual update
09:07:45 | INFO  | 
──────────────────────────────────────────────────────────────────────
09:07:45 | INFO  | Enriching: BITCOIN
09:07:45 | INFO  | ──────────────────────────────────────────────────────────────────────
09:07:45 | INFO  |   Loaded 758 rows from BITCOIN.csv
09:07:45 | INFO  |   ⚠️  Row count changed (3511 → 758) - re-enriching
09:07:45 | INFO  |   Yahoo ticker: BTC-USD
09:07:45 | INFO  |   OHLC prefix: BTC
09:07:45 | INFO  |   Vol prefix: VIX
09:07:45 | INFO  |   Downloading BTC-USD OHLC...
09:07:46 | INFO  |     Downloaded 3512 days (2017-01-02 to 2026-08-14)
09:07:46 | INFO  |   Downloading ^VIX volatility...
09:07:46 | INFO  |     Downloaded 2418 days (2017-01-03 to 2026-08-14)
09:07:46 | WARNING |   ⚠️  2754 trading days missing from original CSV
09:07:46 | INFO  |   ✓ Enrichment complete: 3512 rows
09:07:46 | INFO  |   ✅ Saved: BITCOIN_enriched.csv (3512 rows)
09:07:46 | WARNING |   ⚠️  2754 rows need manual update
09:07:46 | INFO  | 
======================================================================
09:07:46 | INFO  | ✅ Enrichment complete:
09:07:46 | INFO  |    Success: 9
09:07:46 | INFO  |    Skipped (up-to-date): 0
09:07:46 | INFO  |    Errors:  0
09:07:46 | INFO  | ======================================================================
09:07:46 | INFO  | 
======================================================================
09:07:46 | INFO  | ✅ PIPELINE COMPLETE
09:07:46 | INFO  | ======================================================================
