09:18:55 | INFO  | ======================================================================
09:18:55 | INFO  | ETL PIPELINE START
09:18:55 | INFO  | ======================================================================
09:18:55 | INFO  | 
📋 PIPELINE PLAN:
09:18:55 | INFO  |    HTML Files: 1 new / 37 total
09:18:55 | INFO  |    Master needs propagation: False
09:18:55 | INFO  | 
======================================================================
09:18:55 | INFO  | STAGE 1: HTML PARSING
09:18:55 | INFO  | ======================================================================
09:18:55 | INFO  | 
Processing: SEPTEMBER 23, 2026.html
09:18:55 | INFO  |   ✅ Saved: RR_09-23-2026.csv (37 rows)
09:18:55 | INFO  | 
✅ HTML parsing complete: 1 success, 0 errors
09:18:55 | INFO  | 
======================================================================
09:18:55 | INFO  | STAGE 2: MASTER AGGREGATION
09:18:55 | INFO  | ======================================================================
09:18:55 | INFO  | ✅ Backed up master to: risk_ranges_master_backup_20260923_091855.csv
09:18:55 | INFO  | Loaded existing master: 75,761 rows
09:18:55 | INFO  |   Loaded: RR_09-23-2026.csv (37 rows)
09:18:55 | INFO  | Combined new data: 37 rows
09:18:56 | INFO  | ✅ Saved master CSV: 75,798 total rows
09:18:56 | INFO  |    Date range: 2017-01-03 to 2026-09-23
09:18:56 | INFO  | 
======================================================================
09:18:56 | INFO  | STAGE 3: TICKER SUBSETTING
09:18:56 | INFO  | ======================================================================
09:18:56 | INFO  | Loaded master: 75,798 rows
09:18:56 | INFO  | Creating subsets for 9 tickers
09:18:56 | INFO  |   ✅ UST10Y: 2416 rows | 2017-01-03 to 2026-09-23
09:18:56 | INFO  |   ✅ SPX: 2416 rows | 2017-01-03 to 2026-09-23
09:18:56 | INFO  |   ✅ COMPQ: 2416 rows | 2017-01-03 to 2026-09-23
09:18:56 | INFO  |   ✅ RUT: 2415 rows | 2017-01-03 to 2026-09-23
09:18:56 | INFO  |   ✅ VIX: 2416 rows | 2017-01-03 to 2026-09-23
09:18:56 | INFO  |   ✅ USD: 2416 rows | 2017-01-03 to 2026-09-23
09:18:56 | INFO  |   ✅ GOLD: 2414 rows | 2017-01-03 to 2026-09-23
09:18:56 | INFO  |   ✅ AAPL: 2414 rows | 2017-01-03 to 2026-09-23
09:18:56 | INFO  |   ✅ BITCOIN: 785 rows | 2023-08-01 to 2026-09-23
09:18:56 | INFO  | ✅ Ticker subsetting complete
09:18:56 | INFO  | 
======================================================================
09:18:56 | INFO  | STAGE 4: ENRICHMENT
09:18:56 | INFO  | ======================================================================
09:18:56 | INFO  | Enriching 9 tickers
09:18:56 | INFO  | 
──────────────────────────────────────────────────────────────────────
09:18:56 | INFO  | Enriching: SPX
09:18:56 | INFO  | ──────────────────────────────────────────────────────────────────────
09:18:56 | INFO  |   Loaded 2416 rows from SPX.csv
09:18:56 | INFO  |   Yahoo ticker: ^GSPC
09:18:56 | INFO  |   OHLC prefix: GSPC
09:18:56 | INFO  |   Vol prefix: VIX
09:18:56 | INFO  |   Downloading ^GSPC OHLC...
09:18:56 | INFO  |     Downloaded 2443 days (2017-01-03 to 2026-09-22)
09:18:56 | INFO  |   Downloading ^VIX volatility...
09:18:57 | INFO  |     Downloaded 2445 days (2017-01-03 to 2026-09-23)
09:18:57 | WARNING |   ⚠️  28 trading days missing from original CSV
09:18:57 | INFO  |   ✓ Enrichment complete: 2443 rows
09:18:57 | INFO  |   ✅ Saved: SPX_enriched.csv (2443 rows)
09:18:57 | WARNING |   ⚠️  28 rows need manual update
09:18:57 | INFO  | 
──────────────────────────────────────────────────────────────────────
09:18:57 | INFO  | Enriching: GOLD
09:18:57 | INFO  | ──────────────────────────────────────────────────────────────────────
09:18:57 | INFO  |   Loaded 2414 rows from GOLD.csv
09:18:57 | INFO  |   Yahoo ticker: GC=F
09:18:57 | INFO  |   OHLC prefix: GC
09:18:57 | INFO  |   Vol prefix: GVZ
09:18:57 | INFO  |   Downloading GC=F OHLC...
09:18:57 | INFO  |     Downloaded 2446 days (2017-01-03 to 2026-09-23)
09:18:57 | INFO  |   Downloading ^GVZ volatility...
09:18:57 | INFO  |     Downloaded 2442 days (2017-01-03 to 2026-09-21)
09:18:57 | WARNING |   ⚠️  33 trading days missing from original CSV
09:18:57 | INFO  |   ✓ Enrichment complete: 2446 rows
09:18:57 | INFO  |   ✅ Saved: GOLD_enriched.csv (2446 rows)
09:18:57 | WARNING |   ⚠️  33 rows need manual update
09:18:57 | INFO  | 
──────────────────────────────────────────────────────────────────────
09:18:57 | INFO  | Enriching: UST10Y
09:18:57 | INFO  | ──────────────────────────────────────────────────────────────────────
09:18:57 | INFO  |   Loaded 2416 rows from UST10Y.csv
09:18:57 | INFO  |   Yahoo ticker: ^TNX
09:18:57 | INFO  |   OHLC prefix: TNX
09:18:57 | INFO  |   Vol prefix: VIX
09:18:57 | INFO  |   Downloading ^TNX OHLC...
09:18:57 | INFO  |     Downloaded 2443 days (2017-01-03 to 2026-09-23)
09:18:57 | INFO  |   Downloading ^VIX volatility...
09:18:57 | INFO  |     Downloaded 2445 days (2017-01-03 to 2026-09-23)
09:18:57 | WARNING |   ⚠️  28 trading days missing from original CSV
09:18:57 | INFO  |   ✓ Enrichment complete: 2443 rows
09:18:57 | INFO  |   ✅ Saved: UST10Y_enriched.csv (2443 rows)
09:18:57 | WARNING |   ⚠️  28 rows need manual update
09:18:57 | INFO  | 
──────────────────────────────────────────────────────────────────────
09:18:57 | INFO  | Enriching: COMPQ
09:18:57 | INFO  | ──────────────────────────────────────────────────────────────────────
09:18:57 | INFO  |   Loaded 2416 rows from COMPQ.csv
09:18:57 | INFO  |   Yahoo ticker: ^IXIC
09:18:57 | INFO  |   OHLC prefix: IXIC
09:18:57 | INFO  |   Vol prefix: VIX
09:18:57 | INFO  |   Downloading ^IXIC OHLC...
09:18:58 | INFO  |     Downloaded 2443 days (2017-01-03 to 2026-09-22)
09:18:58 | INFO  |   Downloading ^VIX volatility...
09:18:58 | INFO  |     Downloaded 2445 days (2017-01-03 to 2026-09-23)
09:18:58 | WARNING |   ⚠️  28 trading days missing from original CSV
09:18:58 | INFO  |   ✓ Enrichment complete: 2443 rows
09:18:58 | INFO  |   ✅ Saved: COMPQ_enriched.csv (2443 rows)
09:18:58 | WARNING |   ⚠️  28 rows need manual update
09:18:58 | INFO  | 
──────────────────────────────────────────────────────────────────────
09:18:58 | INFO  | Enriching: RUT
09:18:58 | INFO  | ──────────────────────────────────────────────────────────────────────
09:18:58 | INFO  |   Loaded 2415 rows from RUT.csv
09:18:58 | INFO  |   Yahoo ticker: ^RUT
09:18:58 | INFO  |   OHLC prefix: RUT
09:18:58 | INFO  |   Vol prefix: VIX
09:18:58 | INFO  |   Downloading ^RUT OHLC...
09:18:58 | INFO  |     Downloaded 2442 days (2017-01-03 to 2026-09-21)
09:18:58 | INFO  |   Downloading ^VIX volatility...
09:18:58 | INFO  |     Downloaded 2445 days (2017-01-03 to 2026-09-23)
09:18:58 | WARNING |   ⚠️  29 trading days missing from original CSV
09:18:58 | INFO  |   ✓ Enrichment complete: 2442 rows
09:18:58 | INFO  |   ✅ Saved: RUT_enriched.csv (2442 rows)
09:18:58 | WARNING |   ⚠️  29 rows need manual update
09:18:58 | INFO  | 
──────────────────────────────────────────────────────────────────────
09:18:58 | INFO  | Enriching: VIX
09:18:58 | INFO  | ──────────────────────────────────────────────────────────────────────
09:18:58 | INFO  |   Loaded 2416 rows from VIX.csv
09:18:58 | INFO  |   Yahoo ticker: ^VIX
09:18:58 | INFO  |   OHLC prefix: VIX
09:18:58 | INFO  |   Vol prefix: VIXI
09:18:58 | INFO  |   Downloading ^VIX OHLC...
09:18:58 | INFO  |     Downloaded 2445 days (2017-01-03 to 2026-09-23)
09:18:58 | INFO  |   Downloading ^VIX volatility...
09:18:58 | INFO  |     Downloaded 2445 days (2017-01-03 to 2026-09-23)
09:18:58 | WARNING |   ⚠️  30 trading days missing from original CSV
09:18:58 | INFO  |   ✓ Enrichment complete: 2445 rows
09:18:58 | INFO  |   ✅ Saved: VIX_enriched.csv (2445 rows)
09:18:58 | WARNING |   ⚠️  30 rows need manual update
09:18:58 | INFO  | 
──────────────────────────────────────────────────────────────────────
09:18:58 | INFO  | Enriching: USD
09:18:58 | INFO  | ──────────────────────────────────────────────────────────────────────
09:18:58 | INFO  |   Loaded 2416 rows from USD.csv
09:18:58 | INFO  |   Yahoo ticker: DX-Y.NYB
09:18:58 | INFO  |   OHLC prefix: DX
09:18:58 | INFO  |   Vol prefix: VIX
09:18:58 | INFO  |   Downloading DX-Y.NYB OHLC...
09:18:58 | INFO  |     Downloaded 2445 days (2017-01-03 to 2026-09-23)
09:18:58 | INFO  |   Downloading ^VIX volatility...
09:18:59 | INFO  |     Downloaded 2445 days (2017-01-03 to 2026-09-23)
09:18:59 | WARNING |   ⚠️  30 trading days missing from original CSV
09:18:59 | INFO  |   ✓ Enrichment complete: 2445 rows
09:18:59 | INFO  |   ✅ Saved: USD_enriched.csv (2445 rows)
09:18:59 | WARNING |   ⚠️  30 rows need manual update
09:18:59 | INFO  | 
──────────────────────────────────────────────────────────────────────
09:18:59 | INFO  | Enriching: AAPL
09:18:59 | INFO  | ──────────────────────────────────────────────────────────────────────
09:18:59 | INFO  |   Loaded 2414 rows from AAPL.csv
09:18:59 | INFO  |   Yahoo ticker: AAPL
09:18:59 | INFO  |   OHLC prefix: AAPL
09:18:59 | INFO  |   Vol prefix: VIX
09:18:59 | INFO  |   Downloading AAPL OHLC...
09:18:59 | INFO  |     Downloaded 2443 days (2017-01-03 to 2026-09-22)
09:18:59 | INFO  |   Downloading ^VIX volatility...
09:18:59 | INFO  |     Downloaded 2445 days (2017-01-03 to 2026-09-23)
09:18:59 | WARNING |   ⚠️  30 trading days missing from original CSV
09:18:59 | INFO  |   ✓ Enrichment complete: 2443 rows
09:18:59 | INFO  |   ✅ Saved: AAPL_enriched.csv (2443 rows)
09:18:59 | WARNING |   ⚠️  30 rows need manual update
09:18:59 | INFO  | 
──────────────────────────────────────────────────────────────────────
09:18:59 | INFO  | Enriching: BITCOIN
09:18:59 | INFO  | ──────────────────────────────────────────────────────────────────────
09:18:59 | INFO  |   Loaded 785 rows from BITCOIN.csv
09:18:59 | INFO  |   ⚠️  Row count changed (3551 → 785) - re-enriching
09:18:59 | INFO  |   Yahoo ticker: BTC-USD
09:18:59 | INFO  |   OHLC prefix: BTC
09:18:59 | INFO  |   Vol prefix: VIX
09:18:59 | INFO  |   Downloading BTC-USD OHLC...
09:18:59 | INFO  |     Downloaded 3552 days (2017-01-02 to 2026-09-23)
09:18:59 | INFO  |   Downloading ^VIX volatility...
09:18:59 | INFO  |     Downloaded 2445 days (2017-01-03 to 2026-09-23)
09:18:59 | WARNING |   ⚠️  2767 trading days missing from original CSV
09:18:59 | INFO  |   ✓ Enrichment complete: 3552 rows
09:18:59 | INFO  |   ✅ Saved: BITCOIN_enriched.csv (3552 rows)
09:18:59 | WARNING |   ⚠️  2767 rows need manual update
09:18:59 | INFO  | 
======================================================================
09:18:59 | INFO  | ✅ Enrichment complete:
09:18:59 | INFO  |    Success: 9
09:18:59 | INFO  |    Skipped (up-to-date): 0
09:18:59 | INFO  |    Errors:  0
09:18:59 | INFO  | ======================================================================
09:18:59 | INFO  | 
======================================================================
09:18:59 | INFO  | ✅ PIPELINE COMPLETE
09:18:59 | INFO  | ======================================================================
