19:52:08 | INFO  | ======================================================================
19:52:08 | INFO  | ETL PIPELINE START
19:52:08 | INFO  | ======================================================================
19:52:08 | INFO  | 
📋 PIPELINE PLAN:
19:52:08 | INFO  |    HTML Files: 46 new / 46 total
19:52:08 | INFO  |    Master needs propagation: False
19:52:08 | INFO  | 
======================================================================
19:52:08 | INFO  | STAGE 1: HTML PARSING
19:52:08 | INFO  | ======================================================================
19:52:08 | INFO  | 
Processing: JULY 23, 2026.html
19:52:08 | INFO  |   ✅ Saved: RR_07-23-2026.csv (38 rows)
19:52:08 | INFO  | 
Processing: AUGUST 4, 2026.html
19:52:08 | INFO  |   ✅ Saved: RR_08-04-2026.csv (37 rows)
19:52:08 | INFO  | 
Processing: JUNE 8, 2026.html
19:52:08 | INFO  |   ✅ Saved: RR_06-08-2026.csv (37 rows)
19:52:08 | INFO  | 
Processing: JULY 15, 2026.html
19:52:08 | INFO  |   ✅ Saved: RR_07-15-2026.csv (37 rows)
19:52:08 | INFO  | 
Processing: AUGUST 7, 2026.html
19:52:08 | INFO  |   ✅ Saved: RR_08-07-2026.csv (37 rows)
19:52:08 | INFO  | 
Processing: JUNE 22, 2026.html
19:52:08 | INFO  |   ✅ Saved: RR_06-22-2026.csv (37 rows)
19:52:08 | INFO  | 
Processing: JUNE 10, 2026.html
19:52:08 | INFO  |   ✅ Saved: RR_06-10-2026.csv (36 rows)
19:52:08 | INFO  | 
Processing: JULY 30, 2026.html
19:52:08 | INFO  |   ✅ Saved: RR_07-30-2026.csv (38 rows)
19:52:08 | INFO  | 
Processing: JULY 28, 2026.html
19:52:08 | INFO  |   ✅ Saved: RR_07-28-2026.csv (38 rows)
19:52:08 | INFO  | 
Processing: JULY 17, 2026.html
19:52:09 | INFO  |   ✅ Saved: RR_07-17-2026.csv (38 rows)
19:52:09 | INFO  | 
Processing: JULY 14, 2026.html
19:52:09 | INFO  |   ✅ Saved: RR_07-14-2026.csv (37 rows)
19:52:09 | INFO  | 
Processing: JUNE 23, 2026.html
19:52:09 | INFO  |   ✅ Saved: RR_06-23-2026.csv (37 rows)
19:52:09 | INFO  | 
Processing: JULY 21, 2026.html
19:52:09 | INFO  |   ✅ Saved: RR_07-21-2026.csv (38 rows)
19:52:09 | INFO  | 
Processing: JULY 29, 2026.html
19:52:09 | INFO  |   ✅ Saved: RR_07-29-2026.csv (38 rows)
19:52:09 | INFO  | 
Processing: JULY 7, 2026.html
19:52:09 | INFO  |   ✅ Saved: RR_07-07-2026.csv (37 rows)
19:52:09 | INFO  | 
Processing: JUNE 9, 2026.html
19:52:09 | INFO  |   ✅ Saved: RR_06-09-2026.csv (36 rows)
19:52:09 | INFO  | 
Processing: JULY 20, 2026.html
19:52:09 | INFO  |   ✅ Saved: RR_07-20-2026.csv (38 rows)
19:52:09 | INFO  | 
Processing: AUGUST 6, 2026.html
19:52:09 | INFO  |   ✅ Saved: RR_08-06-2026.csv (37 rows)
19:52:09 | INFO  | 
Processing: JULY 2, 2026.html
19:52:09 | INFO  |   ✅ Saved: RR_07-02-2026.csv (38 rows)
19:52:09 | INFO  | 
Processing: JUNE 5, 2026.html
19:52:10 | INFO  |   ✅ Saved: RR_06-05-2026.csv (37 rows)
19:52:10 | INFO  | 
Processing: JULY 22, 2026.html
19:52:10 | INFO  |   ✅ Saved: RR_07-22-2026.csv (38 rows)
19:52:10 | INFO  | 
Processing: JUNE 11, 2026.html
19:52:10 | INFO  |   ✅ Saved: RR_06-11-2026.csv (36 rows)
19:52:10 | INFO  | 
Processing: AUGUST 3, 2026.html
19:52:10 | INFO  |   ✅ Saved: RR_08-03-2026.csv (37 rows)
19:52:10 | INFO  | 
Processing: JULY 10, 2026.html
19:52:10 | INFO  |   ✅ Saved: RR_07-10-2026.csv (37 rows)
19:52:10 | INFO  | 
Processing: JULY 9, 2026.html
19:52:10 | INFO  |   ✅ Saved: RR_07-09-2026.csv (37 rows)
19:52:10 | INFO  | 
Processing: JUNE 4, 2026.html
19:52:10 | INFO  |   ✅ Saved: RR_06-04-2026.csv (37 rows)
19:52:10 | INFO  | 
Processing: JUNE 15, 2026.html
19:52:10 | INFO  |   ✅ Saved: RR_06-15-2026.csv (36 rows)
19:52:10 | INFO  | 
Processing: JULY 27, 2026.html
19:52:10 | INFO  |   ✅ Saved: RR_07-27-2026.csv (38 rows)
19:52:10 | INFO  | 
Processing: JUNE 16, 2026.html
19:52:10 | INFO  |   ✅ Saved: RR_06-16-2026.csv (36 rows)
19:52:10 | INFO  | 
Processing: JUNE 29, 2026.html
19:52:11 | INFO  |   ✅ Saved: RR_06-29-2026.csv (38 rows)
19:52:11 | INFO  | 
Processing: JULY 31, 2026.html
19:52:11 | INFO  |   ✅ Saved: RR_07-31-2026.csv (37 rows)
19:52:11 | INFO  | 
Processing: JUNE 12, 2026.html
19:52:11 | INFO  |   ✅ Saved: RR_06-12-2026.csv (36 rows)
19:52:11 | INFO  | 
Processing: JULY 24, 2026.html
19:52:11 | INFO  |   ✅ Saved: RR_07-24-2026.csv (38 rows)
19:52:11 | INFO  | 
Processing: JUNE 30, 2026.html
19:52:11 | INFO  |   ✅ Saved: RR_06-30-2026.csv (38 rows)
19:52:11 | INFO  | 
Processing: JULY 16, 2026.html
19:52:11 | INFO  |   ✅ Saved: RR_07-16-2026.csv (37 rows)
19:52:11 | INFO  | 
Processing: JULY 6, 2026.html
19:52:11 | INFO  |   ✅ Saved: RR_07-06-2026.csv (37 rows)
19:52:11 | INFO  | 
Processing: JUNE 24, 2026.html
19:52:11 | INFO  |   ✅ Saved: RR_06-24-2026.csv (37 rows)
19:52:11 | INFO  | 
Processing: JUNE 17, 2026.html
19:52:11 | INFO  |   ✅ Saved: RR_06-17-2026.csv (36 rows)
19:52:11 | INFO  | 
Processing: AUGUST 5, 2026.html
19:52:11 | INFO  |   ✅ Saved: RR_08-05-2026.csv (37 rows)
19:52:11 | INFO  | 
Processing: JULY 13, 2026.html
19:52:12 | INFO  |   ✅ Saved: RR_07-13-2026.csv (37 rows)
19:52:12 | INFO  | 
Processing: AUGUST 10, 2026.html
19:52:12 | INFO  |   ✅ Saved: RR_08-10-2026.csv (37 rows)
19:52:12 | INFO  | 
Processing: JUNE 26, 2026.html
19:52:12 | INFO  |   ✅ Saved: RR_06-26-2026.csv (38 rows)
19:52:12 | INFO  | 
Processing: JUNE 18, 2026.html
19:52:12 | INFO  |   ✅ Saved: RR_06-18-2026.csv (37 rows)
19:52:12 | INFO  | 
Processing: JUNE 25, 2026.html
19:52:12 | INFO  |   ✅ Saved: RR_06-25-2026.csv (38 rows)
19:52:12 | INFO  | 
Processing: JULY 8, 2026.html
19:52:12 | INFO  |   ✅ Saved: RR_07-08-2026.csv (37 rows)
19:52:12 | INFO  | 
Processing: JULY 1, 2026.html
19:52:12 | INFO  |   ✅ Saved: RR_07-01-2026.csv (38 rows)
19:52:12 | INFO  | 
✅ HTML parsing complete: 46 success, 0 errors
19:52:12 | INFO  | 
======================================================================
19:52:12 | INFO  | STAGE 2: MASTER AGGREGATION
19:52:12 | INFO  | ======================================================================
19:52:12 | INFO  | ✅ Backed up master to: risk_ranges_master_backup_20260810_195212.csv
19:52:12 | INFO  | Loaded existing master: 74,616 rows
19:52:12 | INFO  |   Loaded: RR_07-23-2026.csv (38 rows)
19:52:12 | INFO  |   Loaded: RR_08-04-2026.csv (37 rows)
19:52:12 | INFO  |   Loaded: RR_06-08-2026.csv (37 rows)
19:52:12 | INFO  |   Loaded: RR_07-15-2026.csv (37 rows)
19:52:12 | INFO  |   Loaded: RR_08-07-2026.csv (37 rows)
19:52:12 | INFO  |   Loaded: RR_06-22-2026.csv (37 rows)
19:52:12 | INFO  |   Loaded: RR_06-10-2026.csv (36 rows)
19:52:12 | INFO  |   Loaded: RR_07-30-2026.csv (38 rows)
19:52:12 | INFO  |   Loaded: RR_07-28-2026.csv (38 rows)
19:52:12 | INFO  |   Loaded: RR_07-17-2026.csv (38 rows)
19:52:12 | INFO  |   Loaded: RR_07-14-2026.csv (37 rows)
19:52:12 | INFO  |   Loaded: RR_06-23-2026.csv (37 rows)
19:52:12 | INFO  |   Loaded: RR_07-21-2026.csv (38 rows)
19:52:12 | INFO  |   Loaded: RR_07-29-2026.csv (38 rows)
19:52:12 | INFO  |   Loaded: RR_07-07-2026.csv (37 rows)
19:52:12 | INFO  |   Loaded: RR_06-09-2026.csv (36 rows)
19:52:12 | INFO  |   Loaded: RR_07-20-2026.csv (38 rows)
19:52:12 | INFO  |   Loaded: RR_08-06-2026.csv (37 rows)
19:52:12 | INFO  |   Loaded: RR_07-02-2026.csv (38 rows)
19:52:12 | INFO  |   Loaded: RR_06-05-2026.csv (37 rows)
19:52:12 | INFO  |   Loaded: RR_07-22-2026.csv (38 rows)
19:52:12 | INFO  |   Loaded: RR_06-11-2026.csv (36 rows)
19:52:12 | INFO  |   Loaded: RR_08-03-2026.csv (37 rows)
19:52:12 | INFO  |   Loaded: RR_07-10-2026.csv (37 rows)
19:52:12 | INFO  |   Loaded: RR_07-09-2026.csv (37 rows)
19:52:12 | INFO  |   Loaded: RR_06-04-2026.csv (37 rows)
19:52:12 | INFO  |   Loaded: RR_06-15-2026.csv (36 rows)
19:52:12 | INFO  |   Loaded: RR_07-27-2026.csv (38 rows)
19:52:12 | INFO  |   Loaded: RR_06-16-2026.csv (36 rows)
19:52:12 | INFO  |   Loaded: RR_06-29-2026.csv (38 rows)
19:52:12 | INFO  |   Loaded: RR_07-31-2026.csv (37 rows)
19:52:12 | INFO  |   Loaded: RR_06-12-2026.csv (36 rows)
19:52:12 | INFO  |   Loaded: RR_07-24-2026.csv (38 rows)
19:52:12 | INFO  |   Loaded: RR_06-30-2026.csv (38 rows)
19:52:12 | INFO  |   Loaded: RR_07-16-2026.csv (37 rows)
19:52:12 | INFO  |   Loaded: RR_07-06-2026.csv (37 rows)
19:52:12 | INFO  |   Loaded: RR_06-24-2026.csv (37 rows)
19:52:12 | INFO  |   Loaded: RR_06-17-2026.csv (36 rows)
19:52:12 | INFO  |   Loaded: RR_08-05-2026.csv (37 rows)
19:52:12 | INFO  |   Loaded: RR_07-13-2026.csv (37 rows)
19:52:12 | INFO  |   Loaded: RR_08-10-2026.csv (37 rows)
19:52:12 | INFO  |   Loaded: RR_06-26-2026.csv (38 rows)
19:52:12 | INFO  |   Loaded: RR_06-18-2026.csv (37 rows)
19:52:12 | INFO  |   Loaded: RR_06-25-2026.csv (38 rows)
19:52:12 | INFO  |   Loaded: RR_07-08-2026.csv (37 rows)
19:52:12 | INFO  |   Loaded: RR_07-01-2026.csv (38 rows)
19:52:12 | INFO  | Combined new data: 1711 rows
19:52:12 | INFO  | Removed 1674 duplicate entries
19:52:13 | INFO  | ✅ Saved master CSV: 74,653 total rows
19:52:13 | INFO  |    Date range: 2017-01-03 to 2026-08-10
19:52:13 | INFO  | 
======================================================================
19:52:13 | INFO  | STAGE 3: TICKER SUBSETTING
19:52:13 | INFO  | ======================================================================
19:52:13 | INFO  | Loaded master: 74,653 rows
19:52:13 | INFO  | Creating subsets for 9 tickers
19:52:13 | INFO  |   ✅ UST10Y: 2385 rows | 2017-01-03 to 2026-08-10
19:52:13 | INFO  |   ✅ SPX: 2385 rows | 2017-01-03 to 2026-08-10
19:52:13 | INFO  |   ✅ COMPQ: 2385 rows | 2017-01-03 to 2026-08-10
19:52:13 | INFO  |   ✅ RUT: 2384 rows | 2017-01-03 to 2026-08-10
19:52:13 | INFO  |   ✅ VIX: 2385 rows | 2017-01-03 to 2026-08-10
19:52:13 | INFO  |   ✅ USD: 2385 rows | 2017-01-03 to 2026-08-10
19:52:13 | INFO  |   ✅ GOLD: 2383 rows | 2017-01-03 to 2026-08-10
19:52:13 | INFO  |   ✅ AAPL: 2383 rows | 2017-01-03 to 2026-08-10
19:52:13 | INFO  |   ✅ BITCOIN: 754 rows | 2023-08-01 to 2026-08-10
19:52:13 | INFO  | ✅ Ticker subsetting complete
19:52:13 | INFO  | 
======================================================================
19:52:13 | INFO  | STAGE 4: ENRICHMENT
19:52:13 | INFO  | ======================================================================
19:52:13 | INFO  | Enriching 9 tickers
19:52:13 | INFO  | 
──────────────────────────────────────────────────────────────────────
19:52:13 | INFO  | Enriching: SPX
19:52:13 | INFO  | ──────────────────────────────────────────────────────────────────────
19:52:13 | INFO  |   Loaded 2385 rows from SPX.csv
19:52:13 | INFO  |   Yahoo ticker: ^GSPC
19:52:13 | INFO  |   OHLC prefix: GSPC
19:52:13 | INFO  |   Vol prefix: VIX
19:52:13 | INFO  |   Downloading ^GSPC OHLC...
19:52:13 | INFO  |     Downloaded 2413 days (2017-01-03 to 2026-08-10)
19:52:13 | INFO  |   Downloading ^VIX volatility...
19:52:13 | INFO  |     Downloaded 2414 days (2017-01-03 to 2026-08-10)
19:52:13 | WARNING |   ⚠️  28 trading days missing from original CSV
19:52:13 | INFO  |   ✓ Enrichment complete: 2413 rows
19:52:13 | INFO  |   ✅ Saved: SPX_enriched.csv (2413 rows)
19:52:13 | WARNING |   ⚠️  28 rows need manual update
19:52:13 | INFO  | 
──────────────────────────────────────────────────────────────────────
19:52:13 | INFO  | Enriching: GOLD
19:52:13 | INFO  | ──────────────────────────────────────────────────────────────────────
19:52:13 | INFO  |   Loaded 2383 rows from GOLD.csv
19:52:13 | INFO  |   Yahoo ticker: GC=F
19:52:13 | INFO  |   OHLC prefix: GC
19:52:13 | INFO  |   Vol prefix: GVZ
19:52:13 | INFO  |   Downloading GC=F OHLC...
19:52:13 | INFO  |     Downloaded 2414 days (2017-01-03 to 2026-08-10)
19:52:13 | INFO  |   Downloading ^GVZ volatility...
19:52:14 | INFO  |     Downloaded 2413 days (2017-01-03 to 2026-08-10)
19:52:14 | WARNING |   ⚠️  32 trading days missing from original CSV
19:52:14 | INFO  |   ✓ Enrichment complete: 2414 rows
19:52:14 | INFO  |   ✅ Saved: GOLD_enriched.csv (2414 rows)
19:52:14 | WARNING |   ⚠️  32 rows need manual update
19:52:14 | INFO  | 
──────────────────────────────────────────────────────────────────────
19:52:14 | INFO  | Enriching: UST10Y
19:52:14 | INFO  | ──────────────────────────────────────────────────────────────────────
19:52:14 | INFO  |   Loaded 2385 rows from UST10Y.csv
19:52:14 | INFO  |   Yahoo ticker: ^TNX
19:52:14 | INFO  |   OHLC prefix: TNX
19:52:14 | INFO  |   Vol prefix: VIX
19:52:14 | INFO  |   Downloading ^TNX OHLC...
19:52:14 | INFO  |     Downloaded 2413 days (2017-01-03 to 2026-08-10)
19:52:14 | INFO  |   Downloading ^VIX volatility...
19:52:14 | INFO  |     Downloaded 2414 days (2017-01-03 to 2026-08-10)
19:52:14 | WARNING |   ⚠️  28 trading days missing from original CSV
19:52:14 | INFO  |   ✓ Enrichment complete: 2413 rows
19:52:14 | INFO  |   ✅ Saved: UST10Y_enriched.csv (2413 rows)
19:52:14 | WARNING |   ⚠️  28 rows need manual update
19:52:14 | INFO  | 
──────────────────────────────────────────────────────────────────────
19:52:14 | INFO  | Enriching: COMPQ
19:52:14 | INFO  | ──────────────────────────────────────────────────────────────────────
19:52:14 | INFO  |   Loaded 2385 rows from COMPQ.csv
19:52:14 | INFO  |   Yahoo ticker: ^IXIC
19:52:14 | INFO  |   OHLC prefix: IXIC
19:52:14 | INFO  |   Vol prefix: VIX
19:52:14 | INFO  |   Downloading ^IXIC OHLC...
19:52:14 | INFO  |     Downloaded 2413 days (2017-01-03 to 2026-08-10)
19:52:14 | INFO  |   Downloading ^VIX volatility...
19:52:14 | INFO  |     Downloaded 2414 days (2017-01-03 to 2026-08-10)
19:52:14 | WARNING |   ⚠️  28 trading days missing from original CSV
19:52:14 | INFO  |   ✓ Enrichment complete: 2413 rows
19:52:14 | INFO  |   ✅ Saved: COMPQ_enriched.csv (2413 rows)
19:52:14 | WARNING |   ⚠️  28 rows need manual update
19:52:14 | INFO  | 
──────────────────────────────────────────────────────────────────────
19:52:14 | INFO  | Enriching: RUT
19:52:14 | INFO  | ──────────────────────────────────────────────────────────────────────
19:52:14 | INFO  |   Loaded 2384 rows from RUT.csv
19:52:14 | INFO  |   Yahoo ticker: ^RUT
19:52:14 | INFO  |   OHLC prefix: RUT
19:52:14 | INFO  |   Vol prefix: VIX
19:52:14 | INFO  |   Downloading ^RUT OHLC...
19:52:15 | INFO  |     Downloaded 2413 days (2017-01-03 to 2026-08-10)
19:52:15 | INFO  |   Downloading ^VIX volatility...
19:52:15 | INFO  |     Downloaded 2414 days (2017-01-03 to 2026-08-10)
19:52:15 | WARNING |   ⚠️  29 trading days missing from original CSV
19:52:15 | INFO  |   ✓ Enrichment complete: 2413 rows
19:52:15 | INFO  |   ✅ Saved: RUT_enriched.csv (2413 rows)
19:52:15 | WARNING |   ⚠️  29 rows need manual update
19:52:15 | INFO  | 
──────────────────────────────────────────────────────────────────────
19:52:15 | INFO  | Enriching: VIX
19:52:15 | INFO  | ──────────────────────────────────────────────────────────────────────
19:52:15 | INFO  |   Loaded 2385 rows from VIX.csv
19:52:15 | INFO  |   Yahoo ticker: ^VIX
19:52:15 | INFO  |   OHLC prefix: VIX
19:52:15 | INFO  |   Vol prefix: VIXI
19:52:15 | INFO  |   Downloading ^VIX OHLC...
19:52:15 | INFO  |     Downloaded 2414 days (2017-01-03 to 2026-08-10)
19:52:15 | INFO  |   Downloading ^VIX volatility...
19:52:15 | INFO  |     Downloaded 2414 days (2017-01-03 to 2026-08-10)
19:52:15 | WARNING |   ⚠️  29 trading days missing from original CSV
19:52:15 | INFO  |   ✓ Enrichment complete: 2414 rows
19:52:15 | INFO  |   ✅ Saved: VIX_enriched.csv (2414 rows)
19:52:15 | WARNING |   ⚠️  29 rows need manual update
19:52:15 | INFO  | 
──────────────────────────────────────────────────────────────────────
19:52:15 | INFO  | Enriching: USD
19:52:15 | INFO  | ──────────────────────────────────────────────────────────────────────
19:52:15 | INFO  |   Loaded 2385 rows from USD.csv
19:52:15 | INFO  |   Yahoo ticker: DX-Y.NYB
19:52:15 | INFO  |   OHLC prefix: DX
19:52:15 | INFO  |   Vol prefix: VIX
19:52:15 | INFO  |   Downloading DX-Y.NYB OHLC...
19:52:15 | INFO  |     Downloaded 2415 days (2017-01-03 to 2026-08-10)
19:52:15 | INFO  |   Downloading ^VIX volatility...
19:52:16 | INFO  |     Downloaded 2414 days (2017-01-03 to 2026-08-10)
19:52:16 | WARNING |   ⚠️  30 trading days missing from original CSV
19:52:16 | INFO  |   ✓ Enrichment complete: 2415 rows
19:52:16 | INFO  |   ✅ Saved: USD_enriched.csv (2415 rows)
19:52:16 | WARNING |   ⚠️  30 rows need manual update
19:52:16 | INFO  | 
──────────────────────────────────────────────────────────────────────
19:52:16 | INFO  | Enriching: AAPL
19:52:16 | INFO  | ──────────────────────────────────────────────────────────────────────
19:52:16 | INFO  |   Loaded 2383 rows from AAPL.csv
19:52:16 | INFO  |   Yahoo ticker: AAPL
19:52:16 | INFO  |   OHLC prefix: AAPL
19:52:16 | INFO  |   Vol prefix: VIX
19:52:16 | INFO  |   Downloading AAPL OHLC...
19:52:16 | INFO  |     Downloaded 2413 days (2017-01-03 to 2026-08-10)
19:52:16 | INFO  |   Downloading ^VIX volatility...
19:52:16 | INFO  |     Downloaded 2414 days (2017-01-03 to 2026-08-10)
19:52:16 | WARNING |   ⚠️  30 trading days missing from original CSV
19:52:16 | INFO  |   ✓ Enrichment complete: 2413 rows
19:52:16 | INFO  |   ✅ Saved: AAPL_enriched.csv (2413 rows)
19:52:16 | WARNING |   ⚠️  30 rows need manual update
19:52:16 | INFO  | 
──────────────────────────────────────────────────────────────────────
19:52:16 | INFO  | Enriching: BITCOIN
19:52:16 | INFO  | ──────────────────────────────────────────────────────────────────────
19:52:16 | INFO  |   Loaded 754 rows from BITCOIN.csv
19:52:16 | INFO  |   ⚠️  Row count changed (3508 → 754) - re-enriching
19:52:16 | INFO  |   Yahoo ticker: BTC-USD
19:52:16 | INFO  |   OHLC prefix: BTC
19:52:16 | INFO  |   Vol prefix: VIX
19:52:16 | INFO  |   Downloading BTC-USD OHLC...
19:52:16 | INFO  |     Downloaded 3508 days (2017-01-02 to 2026-08-10)
19:52:16 | INFO  |   Downloading ^VIX volatility...
19:52:16 | INFO  |     Downloaded 2414 days (2017-01-03 to 2026-08-10)
19:52:17 | WARNING |   ⚠️  2754 trading days missing from original CSV
19:52:17 | INFO  |   ✓ Enrichment complete: 3508 rows
19:52:17 | INFO  |   ✅ Saved: BITCOIN_enriched.csv (3508 rows)
19:52:17 | WARNING |   ⚠️  2754 rows need manual update
19:52:17 | INFO  | 
======================================================================
19:52:17 | INFO  | ✅ Enrichment complete:
19:52:17 | INFO  |    Success: 9
19:52:17 | INFO  |    Skipped (up-to-date): 0
19:52:17 | INFO  |    Errors:  0
19:52:17 | INFO  | ======================================================================
19:52:17 | INFO  | 
======================================================================
19:52:17 | INFO  | ✅ PIPELINE COMPLETE
19:52:17 | INFO  | ======================================================================
