08:59:49 | INFO  | ======================================================================
08:59:49 | INFO  | ETL PIPELINE START
08:59:49 | INFO  | ======================================================================
08:59:49 | INFO  | 
📋 PIPELINE PLAN:
08:59:49 | INFO  |    HTML Files: 45 new / 45 total
08:59:49 | INFO  |    Master needs propagation: False
08:59:49 | INFO  | 
======================================================================
08:59:49 | INFO  | STAGE 1: HTML PARSING
08:59:49 | INFO  | ======================================================================
08:59:49 | INFO  | 
Processing: JULY 23, 2026.html
08:59:50 | INFO  |   ✅ Saved: RR_07-23-2026.csv (38 rows)
08:59:50 | INFO  | 
Processing: AUGUST 4, 2026.html
08:59:50 | INFO  |   ✅ Saved: RR_08-04-2026.csv (37 rows)
08:59:50 | INFO  | 
Processing: JUNE 8, 2026.html
08:59:50 | INFO  |   ✅ Saved: RR_06-08-2026.csv (37 rows)
08:59:50 | INFO  | 
Processing: JULY 15, 2026.html
08:59:50 | INFO  |   ✅ Saved: RR_07-15-2026.csv (37 rows)
08:59:50 | INFO  | 
Processing: AUGUST 7, 2026.html
08:59:50 | INFO  |   ✅ Saved: RR_08-07-2026.csv (37 rows)
08:59:50 | INFO  | 
Processing: JUNE 22, 2026.html
08:59:50 | INFO  |   ✅ Saved: RR_06-22-2026.csv (37 rows)
08:59:50 | INFO  | 
Processing: JUNE 10, 2026.html
08:59:50 | INFO  |   ✅ Saved: RR_06-10-2026.csv (36 rows)
08:59:50 | INFO  | 
Processing: JULY 30, 2026.html
08:59:50 | INFO  |   ✅ Saved: RR_07-30-2026.csv (38 rows)
08:59:50 | INFO  | 
Processing: JULY 28, 2026.html
08:59:50 | INFO  |   ✅ Saved: RR_07-28-2026.csv (38 rows)
08:59:50 | INFO  | 
Processing: JULY 17, 2026.html
08:59:50 | INFO  |   ✅ Saved: RR_07-17-2026.csv (38 rows)
08:59:50 | INFO  | 
Processing: JULY 14, 2026.html
08:59:50 | INFO  |   ✅ Saved: RR_07-14-2026.csv (37 rows)
08:59:50 | INFO  | 
Processing: JUNE 23, 2026.html
08:59:50 | INFO  |   ✅ Saved: RR_06-23-2026.csv (37 rows)
08:59:50 | INFO  | 
Processing: JULY 21, 2026.html
08:59:51 | INFO  |   ✅ Saved: RR_07-21-2026.csv (38 rows)
08:59:51 | INFO  | 
Processing: JULY 29, 2026.html
08:59:51 | INFO  |   ✅ Saved: RR_07-29-2026.csv (38 rows)
08:59:51 | INFO  | 
Processing: JULY 7, 2026.html
08:59:51 | INFO  |   ✅ Saved: RR_07-07-2026.csv (37 rows)
08:59:51 | INFO  | 
Processing: JUNE 9, 2026.html
08:59:51 | INFO  |   ✅ Saved: RR_06-09-2026.csv (36 rows)
08:59:51 | INFO  | 
Processing: JULY 20, 2026.html
08:59:51 | INFO  |   ✅ Saved: RR_07-20-2026.csv (38 rows)
08:59:51 | INFO  | 
Processing: AUGUST 6, 2026.html
08:59:51 | INFO  |   ✅ Saved: RR_08-06-2026.csv (37 rows)
08:59:51 | INFO  | 
Processing: JULY 2, 2026.html
08:59:51 | INFO  |   ✅ Saved: RR_07-02-2026.csv (38 rows)
08:59:51 | INFO  | 
Processing: JUNE 5, 2026.html
08:59:51 | INFO  |   ✅ Saved: RR_06-05-2026.csv (37 rows)
08:59:51 | INFO  | 
Processing: JULY 22, 2026.html
08:59:51 | INFO  |   ✅ Saved: RR_07-22-2026.csv (38 rows)
08:59:51 | INFO  | 
Processing: JUNE 11, 2026.html
08:59:51 | INFO  |   ✅ Saved: RR_06-11-2026.csv (36 rows)
08:59:51 | INFO  | 
Processing: AUGUST 3, 2026.html
08:59:51 | INFO  |   ✅ Saved: RR_08-03-2026.csv (37 rows)
08:59:51 | INFO  | 
Processing: JULY 10, 2026.html
08:59:52 | INFO  |   ✅ Saved: RR_07-10-2026.csv (37 rows)
08:59:52 | INFO  | 
Processing: JULY 9, 2026.html
08:59:52 | INFO  |   ✅ Saved: RR_07-09-2026.csv (37 rows)
08:59:52 | INFO  | 
Processing: JUNE 4, 2026.html
08:59:52 | INFO  |   ✅ Saved: RR_06-04-2026.csv (37 rows)
08:59:52 | INFO  | 
Processing: JUNE 15, 2026.html
08:59:52 | INFO  |   ✅ Saved: RR_06-15-2026.csv (36 rows)
08:59:52 | INFO  | 
Processing: JULY 27, 2026.html
08:59:52 | INFO  |   ✅ Saved: RR_07-27-2026.csv (38 rows)
08:59:52 | INFO  | 
Processing: JUNE 16, 2026.html
08:59:52 | INFO  |   ✅ Saved: RR_06-16-2026.csv (36 rows)
08:59:52 | INFO  | 
Processing: JUNE 29, 2026.html
08:59:52 | INFO  |   ✅ Saved: RR_06-29-2026.csv (38 rows)
08:59:52 | INFO  | 
Processing: JULY 31, 2026.html
08:59:52 | INFO  |   ✅ Saved: RR_07-31-2026.csv (37 rows)
08:59:52 | INFO  | 
Processing: JUNE 12, 2026.html
08:59:52 | INFO  |   ✅ Saved: RR_06-12-2026.csv (36 rows)
08:59:52 | INFO  | 
Processing: JULY 24, 2026.html
08:59:52 | INFO  |   ✅ Saved: RR_07-24-2026.csv (38 rows)
08:59:52 | INFO  | 
Processing: JUNE 30, 2026.html
08:59:52 | INFO  |   ✅ Saved: RR_06-30-2026.csv (38 rows)
08:59:52 | INFO  | 
Processing: JULY 16, 2026.html
08:59:52 | INFO  |   ✅ Saved: RR_07-16-2026.csv (37 rows)
08:59:52 | INFO  | 
Processing: JULY 6, 2026.html
08:59:53 | INFO  |   ✅ Saved: RR_07-06-2026.csv (37 rows)
08:59:53 | INFO  | 
Processing: JUNE 24, 2026.html
08:59:53 | INFO  |   ✅ Saved: RR_06-24-2026.csv (37 rows)
08:59:53 | INFO  | 
Processing: JUNE 17, 2026.html
08:59:53 | INFO  |   ✅ Saved: RR_06-17-2026.csv (36 rows)
08:59:53 | INFO  | 
Processing: AUGUST 5, 2026.html
08:59:53 | INFO  |   ✅ Saved: RR_08-05-2026.csv (37 rows)
08:59:53 | INFO  | 
Processing: JULY 13, 2026.html
08:59:53 | INFO  |   ✅ Saved: RR_07-13-2026.csv (37 rows)
08:59:53 | INFO  | 
Processing: JUNE 26, 2026.html
08:59:53 | INFO  |   ✅ Saved: RR_06-26-2026.csv (38 rows)
08:59:53 | INFO  | 
Processing: JUNE 18, 2026.html
08:59:53 | INFO  |   ✅ Saved: RR_06-18-2026.csv (37 rows)
08:59:53 | INFO  | 
Processing: JUNE 25, 2026.html
08:59:53 | INFO  |   ✅ Saved: RR_06-25-2026.csv (38 rows)
08:59:53 | INFO  | 
Processing: JULY 8, 2026.html
08:59:53 | INFO  |   ✅ Saved: RR_07-08-2026.csv (37 rows)
08:59:53 | INFO  | 
Processing: JULY 1, 2026.html
08:59:53 | INFO  |   ✅ Saved: RR_07-01-2026.csv (38 rows)
08:59:53 | INFO  | 
✅ HTML parsing complete: 45 success, 0 errors
08:59:53 | INFO  | 
======================================================================
08:59:53 | INFO  | STAGE 2: MASTER AGGREGATION
08:59:53 | INFO  | ======================================================================
08:59:53 | INFO  | ✅ Backed up master to: risk_ranges_master_backup_20260807_085953.csv
08:59:53 | INFO  | Loaded existing master: 74,579 rows
08:59:53 | INFO  |   Loaded: RR_07-23-2026.csv (38 rows)
08:59:53 | INFO  |   Loaded: RR_08-04-2026.csv (37 rows)
08:59:53 | INFO  |   Loaded: RR_06-08-2026.csv (37 rows)
08:59:53 | INFO  |   Loaded: RR_07-15-2026.csv (37 rows)
08:59:53 | INFO  |   Loaded: RR_08-07-2026.csv (37 rows)
08:59:53 | INFO  |   Loaded: RR_06-22-2026.csv (37 rows)
08:59:53 | INFO  |   Loaded: RR_06-10-2026.csv (36 rows)
08:59:53 | INFO  |   Loaded: RR_07-30-2026.csv (38 rows)
08:59:53 | INFO  |   Loaded: RR_07-28-2026.csv (38 rows)
08:59:53 | INFO  |   Loaded: RR_07-17-2026.csv (38 rows)
08:59:53 | INFO  |   Loaded: RR_07-14-2026.csv (37 rows)
08:59:53 | INFO  |   Loaded: RR_06-23-2026.csv (37 rows)
08:59:53 | INFO  |   Loaded: RR_07-21-2026.csv (38 rows)
08:59:53 | INFO  |   Loaded: RR_07-29-2026.csv (38 rows)
08:59:53 | INFO  |   Loaded: RR_07-07-2026.csv (37 rows)
08:59:53 | INFO  |   Loaded: RR_06-09-2026.csv (36 rows)
08:59:53 | INFO  |   Loaded: RR_07-20-2026.csv (38 rows)
08:59:53 | INFO  |   Loaded: RR_08-06-2026.csv (37 rows)
08:59:53 | INFO  |   Loaded: RR_07-02-2026.csv (38 rows)
08:59:53 | INFO  |   Loaded: RR_06-05-2026.csv (37 rows)
08:59:53 | INFO  |   Loaded: RR_07-22-2026.csv (38 rows)
08:59:53 | INFO  |   Loaded: RR_06-11-2026.csv (36 rows)
08:59:53 | INFO  |   Loaded: RR_08-03-2026.csv (37 rows)
08:59:53 | INFO  |   Loaded: RR_07-10-2026.csv (37 rows)
08:59:53 | INFO  |   Loaded: RR_07-09-2026.csv (37 rows)
08:59:53 | INFO  |   Loaded: RR_06-04-2026.csv (37 rows)
08:59:53 | INFO  |   Loaded: RR_06-15-2026.csv (36 rows)
08:59:53 | INFO  |   Loaded: RR_07-27-2026.csv (38 rows)
08:59:53 | INFO  |   Loaded: RR_06-16-2026.csv (36 rows)
08:59:53 | INFO  |   Loaded: RR_06-29-2026.csv (38 rows)
08:59:53 | INFO  |   Loaded: RR_07-31-2026.csv (37 rows)
08:59:53 | INFO  |   Loaded: RR_06-12-2026.csv (36 rows)
08:59:53 | INFO  |   Loaded: RR_07-24-2026.csv (38 rows)
08:59:53 | INFO  |   Loaded: RR_06-30-2026.csv (38 rows)
08:59:53 | INFO  |   Loaded: RR_07-16-2026.csv (37 rows)
08:59:53 | INFO  |   Loaded: RR_07-06-2026.csv (37 rows)
08:59:53 | INFO  |   Loaded: RR_06-24-2026.csv (37 rows)
08:59:53 | INFO  |   Loaded: RR_06-17-2026.csv (36 rows)
08:59:53 | INFO  |   Loaded: RR_08-05-2026.csv (37 rows)
08:59:53 | INFO  |   Loaded: RR_07-13-2026.csv (37 rows)
08:59:53 | INFO  |   Loaded: RR_06-26-2026.csv (38 rows)
08:59:53 | INFO  |   Loaded: RR_06-18-2026.csv (37 rows)
08:59:53 | INFO  |   Loaded: RR_06-25-2026.csv (38 rows)
08:59:53 | INFO  |   Loaded: RR_07-08-2026.csv (37 rows)
08:59:53 | INFO  |   Loaded: RR_07-01-2026.csv (38 rows)
08:59:53 | INFO  | Combined new data: 1674 rows
08:59:53 | INFO  | Removed 1637 duplicate entries
08:59:54 | INFO  | ✅ Saved master CSV: 74,616 total rows
08:59:54 | INFO  |    Date range: 2017-01-03 to 2026-08-07
08:59:54 | INFO  | 
======================================================================
08:59:54 | INFO  | STAGE 3: TICKER SUBSETTING
08:59:54 | INFO  | ======================================================================
08:59:54 | INFO  | Loaded master: 74,616 rows
08:59:54 | INFO  | Creating subsets for 9 tickers
08:59:54 | INFO  |   ✅ UST10Y: 2384 rows | 2017-01-03 to 2026-08-07
08:59:54 | INFO  |   ✅ SPX: 2384 rows | 2017-01-03 to 2026-08-07
08:59:54 | INFO  |   ✅ COMPQ: 2384 rows | 2017-01-03 to 2026-08-07
08:59:54 | INFO  |   ✅ RUT: 2383 rows | 2017-01-03 to 2026-08-07
08:59:54 | INFO  |   ✅ VIX: 2384 rows | 2017-01-03 to 2026-08-07
08:59:54 | INFO  |   ✅ USD: 2384 rows | 2017-01-03 to 2026-08-07
08:59:54 | INFO  |   ✅ GOLD: 2382 rows | 2017-01-03 to 2026-08-07
08:59:54 | INFO  |   ✅ AAPL: 2382 rows | 2017-01-03 to 2026-08-07
08:59:54 | INFO  |   ✅ BITCOIN: 753 rows | 2023-08-01 to 2026-08-07
08:59:54 | INFO  | ✅ Ticker subsetting complete
08:59:54 | INFO  | 
======================================================================
08:59:54 | INFO  | STAGE 4: ENRICHMENT
08:59:54 | INFO  | ======================================================================
08:59:54 | INFO  | Enriching 9 tickers
08:59:54 | INFO  | 
──────────────────────────────────────────────────────────────────────
08:59:54 | INFO  | Enriching: SPX
08:59:54 | INFO  | ──────────────────────────────────────────────────────────────────────
08:59:54 | INFO  |   Loaded 2384 rows from SPX.csv
08:59:54 | INFO  |   Yahoo ticker: ^GSPC
08:59:54 | INFO  |   OHLC prefix: GSPC
08:59:54 | INFO  |   Vol prefix: VIX
08:59:54 | INFO  |   Downloading ^GSPC OHLC...
08:59:55 | INFO  |     Downloaded 2411 days (2017-01-03 to 2026-08-06)
08:59:55 | INFO  |   Downloading ^VIX volatility...
08:59:55 | INFO  |     Downloaded 2413 days (2017-01-03 to 2026-08-07)
08:59:55 | WARNING |   ⚠️  28 trading days missing from original CSV
08:59:55 | INFO  |   ✓ Enrichment complete: 2411 rows
08:59:55 | INFO  |   ✅ Saved: SPX_enriched.csv (2411 rows)
08:59:55 | WARNING |   ⚠️  28 rows need manual update
08:59:55 | INFO  | 
──────────────────────────────────────────────────────────────────────
08:59:55 | INFO  | Enriching: GOLD
08:59:55 | INFO  | ──────────────────────────────────────────────────────────────────────
08:59:55 | INFO  |   Loaded 2382 rows from GOLD.csv
08:59:55 | INFO  |   Yahoo ticker: GC=F
08:59:55 | INFO  |   OHLC prefix: GC
08:59:55 | INFO  |   Vol prefix: GVZ
08:59:55 | INFO  |   Downloading GC=F OHLC...
08:59:55 | INFO  |     Downloaded 2413 days (2017-01-03 to 2026-08-07)
08:59:55 | INFO  |   Downloading ^GVZ volatility...
08:59:55 | INFO  |     Downloaded 2411 days (2017-01-03 to 2026-08-06)
08:59:55 | WARNING |   ⚠️  32 trading days missing from original CSV
08:59:55 | INFO  |   ✓ Enrichment complete: 2413 rows
08:59:55 | INFO  |   ✅ Saved: GOLD_enriched.csv (2413 rows)
08:59:55 | WARNING |   ⚠️  32 rows need manual update
08:59:55 | INFO  | 
──────────────────────────────────────────────────────────────────────
08:59:55 | INFO  | Enriching: UST10Y
08:59:55 | INFO  | ──────────────────────────────────────────────────────────────────────
08:59:55 | INFO  |   Loaded 2384 rows from UST10Y.csv
08:59:55 | INFO  |   Yahoo ticker: ^TNX
08:59:55 | INFO  |   OHLC prefix: TNX
08:59:55 | INFO  |   Vol prefix: VIX
08:59:55 | INFO  |   Downloading ^TNX OHLC...
08:59:56 | INFO  |     Downloaded 2412 days (2017-01-03 to 2026-08-07)
08:59:56 | INFO  |   Downloading ^VIX volatility...
08:59:56 | INFO  |     Downloaded 2413 days (2017-01-03 to 2026-08-07)
08:59:56 | WARNING |   ⚠️  28 trading days missing from original CSV
08:59:56 | INFO  |   ✓ Enrichment complete: 2412 rows
08:59:56 | INFO  |   ✅ Saved: UST10Y_enriched.csv (2412 rows)
08:59:56 | WARNING |   ⚠️  28 rows need manual update
08:59:56 | INFO  | 
──────────────────────────────────────────────────────────────────────
08:59:56 | INFO  | Enriching: COMPQ
08:59:56 | INFO  | ──────────────────────────────────────────────────────────────────────
08:59:56 | INFO  |   Loaded 2384 rows from COMPQ.csv
08:59:56 | INFO  |   Yahoo ticker: ^IXIC
08:59:56 | INFO  |   OHLC prefix: IXIC
08:59:56 | INFO  |   Vol prefix: VIX
08:59:56 | INFO  |   Downloading ^IXIC OHLC...
08:59:56 | INFO  |     Downloaded 2411 days (2017-01-03 to 2026-08-06)
08:59:56 | INFO  |   Downloading ^VIX volatility...
08:59:56 | INFO  |     Downloaded 2413 days (2017-01-03 to 2026-08-07)
08:59:56 | WARNING |   ⚠️  28 trading days missing from original CSV
08:59:56 | INFO  |   ✓ Enrichment complete: 2411 rows
08:59:57 | INFO  |   ✅ Saved: COMPQ_enriched.csv (2411 rows)
08:59:57 | WARNING |   ⚠️  28 rows need manual update
08:59:57 | INFO  | 
──────────────────────────────────────────────────────────────────────
08:59:57 | INFO  | Enriching: RUT
08:59:57 | INFO  | ──────────────────────────────────────────────────────────────────────
08:59:57 | INFO  |   Loaded 2383 rows from RUT.csv
08:59:57 | INFO  |   Yahoo ticker: ^RUT
08:59:57 | INFO  |   OHLC prefix: RUT
08:59:57 | INFO  |   Vol prefix: VIX
08:59:57 | INFO  |   Downloading ^RUT OHLC...
08:59:57 | INFO  |     Downloaded 2411 days (2017-01-03 to 2026-08-06)
08:59:57 | INFO  |   Downloading ^VIX volatility...
08:59:57 | INFO  |     Downloaded 2413 days (2017-01-03 to 2026-08-07)
08:59:57 | WARNING |   ⚠️  29 trading days missing from original CSV
08:59:57 | INFO  |   ✓ Enrichment complete: 2411 rows
08:59:57 | INFO  |   ✅ Saved: RUT_enriched.csv (2411 rows)
08:59:57 | WARNING |   ⚠️  29 rows need manual update
08:59:57 | INFO  | 
──────────────────────────────────────────────────────────────────────
08:59:57 | INFO  | Enriching: VIX
08:59:57 | INFO  | ──────────────────────────────────────────────────────────────────────
08:59:57 | INFO  |   Loaded 2384 rows from VIX.csv
08:59:57 | INFO  |   Yahoo ticker: ^VIX
08:59:57 | INFO  |   OHLC prefix: VIX
08:59:57 | INFO  |   Vol prefix: VIXI
08:59:57 | INFO  |   Downloading ^VIX OHLC...
08:59:57 | INFO  |     Downloaded 2413 days (2017-01-03 to 2026-08-07)
08:59:57 | INFO  |   Downloading ^VIX volatility...
08:59:57 | INFO  |     Downloaded 2413 days (2017-01-03 to 2026-08-07)
08:59:57 | WARNING |   ⚠️  29 trading days missing from original CSV
08:59:57 | INFO  |   ✓ Enrichment complete: 2413 rows
08:59:57 | INFO  |   ✅ Saved: VIX_enriched.csv (2413 rows)
08:59:57 | WARNING |   ⚠️  29 rows need manual update
08:59:57 | INFO  | 
──────────────────────────────────────────────────────────────────────
08:59:57 | INFO  | Enriching: USD
08:59:57 | INFO  | ──────────────────────────────────────────────────────────────────────
08:59:57 | INFO  |   Loaded 2384 rows from USD.csv
08:59:57 | INFO  |   Yahoo ticker: DX-Y.NYB
08:59:57 | INFO  |   OHLC prefix: DX
08:59:57 | INFO  |   Vol prefix: VIX
08:59:57 | INFO  |   Downloading DX-Y.NYB OHLC...
08:59:58 | INFO  |     Downloaded 2414 days (2017-01-03 to 2026-08-07)
08:59:58 | INFO  |   Downloading ^VIX volatility...
08:59:58 | INFO  |     Downloaded 2413 days (2017-01-03 to 2026-08-07)
08:59:58 | WARNING |   ⚠️  30 trading days missing from original CSV
08:59:58 | INFO  |   ✓ Enrichment complete: 2414 rows
08:59:58 | INFO  |   ✅ Saved: USD_enriched.csv (2414 rows)
08:59:58 | WARNING |   ⚠️  30 rows need manual update
08:59:58 | INFO  | 
──────────────────────────────────────────────────────────────────────
08:59:58 | INFO  | Enriching: AAPL
08:59:58 | INFO  | ──────────────────────────────────────────────────────────────────────
08:59:58 | INFO  |   Loaded 2382 rows from AAPL.csv
08:59:58 | INFO  |   Yahoo ticker: AAPL
08:59:58 | INFO  |   OHLC prefix: AAPL
08:59:58 | INFO  |   Vol prefix: VIX
08:59:58 | INFO  |   Downloading AAPL OHLC...
08:59:58 | INFO  |     Downloaded 2411 days (2017-01-03 to 2026-08-06)
08:59:58 | INFO  |   Downloading ^VIX volatility...
08:59:59 | INFO  |     Downloaded 2413 days (2017-01-03 to 2026-08-07)
08:59:59 | WARNING |   ⚠️  30 trading days missing from original CSV
08:59:59 | INFO  |   ✓ Enrichment complete: 2411 rows
08:59:59 | INFO  |   ✅ Saved: AAPL_enriched.csv (2411 rows)
08:59:59 | WARNING |   ⚠️  30 rows need manual update
08:59:59 | INFO  | 
──────────────────────────────────────────────────────────────────────
08:59:59 | INFO  | Enriching: BITCOIN
08:59:59 | INFO  | ──────────────────────────────────────────────────────────────────────
08:59:59 | INFO  |   Loaded 753 rows from BITCOIN.csv
08:59:59 | INFO  |   ⚠️  Row count changed (3504 → 753) - re-enriching
08:59:59 | INFO  |   Yahoo ticker: BTC-USD
08:59:59 | INFO  |   OHLC prefix: BTC
08:59:59 | INFO  |   Vol prefix: VIX
08:59:59 | INFO  |   Downloading BTC-USD OHLC...
08:59:59 | INFO  |     Downloaded 3505 days (2017-01-02 to 2026-08-07)
08:59:59 | INFO  |   Downloading ^VIX volatility...
08:59:59 | INFO  |     Downloaded 2413 days (2017-01-03 to 2026-08-07)
08:59:59 | WARNING |   ⚠️  2752 trading days missing from original CSV
08:59:59 | INFO  |   ✓ Enrichment complete: 3505 rows
08:59:59 | INFO  |   ✅ Saved: BITCOIN_enriched.csv (3505 rows)
08:59:59 | WARNING |   ⚠️  2752 rows need manual update
08:59:59 | INFO  | 
======================================================================
08:59:59 | INFO  | ✅ Enrichment complete:
08:59:59 | INFO  |    Success: 9
08:59:59 | INFO  |    Skipped (up-to-date): 0
08:59:59 | INFO  |    Errors:  0
08:59:59 | INFO  | ======================================================================
08:59:59 | INFO  | 
======================================================================
08:59:59 | INFO  | ✅ PIPELINE COMPLETE
08:59:59 | INFO  | ======================================================================
