11:43:22 | INFO  | ======================================================================
11:43:22 | INFO  | ETL PIPELINE START
11:43:22 | INFO  | ======================================================================
11:43:22 | INFO  | 
📋 PIPELINE PLAN:
11:43:22 | INFO  |    HTML Files: 28 new / 28 total
11:43:22 | INFO  |    Master needs propagation: False
11:43:22 | INFO  | 
======================================================================
11:43:22 | INFO  | STAGE 1: HTML PARSING
11:43:22 | INFO  | ======================================================================
11:43:22 | INFO  | 
Processing: SEPTEMBER 03, 2026.html
11:43:22 | INFO  |   ✅ Saved: RR_09-03-2026.csv (36 rows)
11:43:22 | INFO  | 
Processing: AUGUST 20, 2026.html
11:43:22 | INFO  |   ✅ Saved: RR_08-20-2026.csv (37 rows)
11:43:22 | INFO  | 
Processing: SEPTEMBER 9, 2026.html
11:43:22 | INFO  |   ✅ Saved: RR_09-09-2026.csv (37 rows)
11:43:22 | INFO  | 
Processing: AUGUST 25, 2026.html
11:43:22 | INFO  |   ✅ Saved: RR_08-25-2026.csv (37 rows)
11:43:22 | INFO  | 
Processing: SEPTEMBER 02, 2026.html
11:43:23 | INFO  |   ✅ Saved: RR_09-02-2026.csv (37 rows)
11:43:23 | INFO  | 
Processing: AUGUST 6, 2026.html
11:43:23 | INFO  |   ✅ Saved: RR_08-06-2026.csv (37 rows)
11:43:23 | INFO  | 
Processing: AUGUST 17, 2026.html
11:43:23 | INFO  |   ✅ Saved: RR_08-17-2026.csv (37 rows)
11:43:23 | INFO  | 
Processing: AUGUST 18, 2026.html
11:43:23 | INFO  |   ✅ Saved: RR_08-18-2026.csv (37 rows)
11:43:23 | INFO  | 
Processing: AUGUST 11, 2026.html
11:43:23 | INFO  |   ✅ Saved: RR_08-11-2026.csv (37 rows)
11:43:23 | INFO  | 
Processing: AUGUST 14, 2026.html
11:43:23 | INFO  |   ✅ Saved: RR_08-14-2026.csv (37 rows)
11:43:23 | INFO  | 
Processing: AUGUST 7, 2026.html
11:43:23 | INFO  |   ✅ Saved: RR_08-07-2026.csv (37 rows)
11:43:23 | INFO  | 
Processing: AUGUST 10, 2026.html
11:43:23 | INFO  |   ✅ Saved: RR_08-10-2026.csv (37 rows)
11:43:23 | INFO  | 
Processing: AUGUST 24, 2026.html
11:43:23 | INFO  |   ✅ Saved: RR_08-24-2026.csv (37 rows)
11:43:23 | INFO  | 
Processing: AUGUST 19, 2026.html
11:43:23 | INFO  |   ✅ Saved: RR_08-19-2026.csv (37 rows)
11:43:23 | INFO  | 
Processing: AUGUST 13, 2026.html
11:43:24 | INFO  |   ✅ Saved: RR_08-13-2026.csv (37 rows)
11:43:24 | INFO  | 
Processing: AUGUST 3, 2026.html
11:43:24 | INFO  |   ✅ Saved: RR_08-03-2026.csv (37 rows)
11:43:24 | INFO  | 
Processing: SEPTEMBER 04, 2026.html
11:43:24 | INFO  |   ✅ Saved: RR_09-04-2026.csv (37 rows)
11:43:24 | INFO  | 
Processing: SEPTEMBER 10, 2026.html
11:43:24 | INFO  |   ✅ Saved: RR_09-10-2026.csv (37 rows)
11:43:24 | INFO  | 
Processing: AUGUST 21, 2026.html
11:43:24 | INFO  |   ✅ Saved: RR_08-21-2026.csv (37 rows)
11:43:24 | INFO  | 
Processing: AUGUST 4, 2026.html
11:43:24 | INFO  |   ✅ Saved: RR_08-04-2026.csv (37 rows)
11:43:24 | INFO  | 
Processing: AUGUST 27, 2026.html
11:43:24 | INFO  |   ✅ Saved: RR_08-27-2026.csv (37 rows)
11:43:24 | INFO  | 
Processing: AUGUST 5, 2026.html
11:43:24 | INFO  |   ✅ Saved: RR_08-05-2026.csv (37 rows)
11:43:24 | INFO  | 
Processing: AUGUST 12, 2026.html
11:43:24 | INFO  |   ✅ Saved: RR_08-12-2026.csv (37 rows)
11:43:24 | INFO  | 
Processing: SEPTEMBER 01, 2026.html
11:43:24 | INFO  |   ✅ Saved: RR_09-01-2026.csv (37 rows)
11:43:24 | INFO  | 
Processing: SEPTEMBER 8, 2026.html
11:43:25 | INFO  |   ✅ Saved: RR_09-08-2026.csv (37 rows)
11:43:25 | INFO  | 
Processing: AUGUST 26, 2026.html
11:43:25 | INFO  |   ✅ Saved: RR_08-26-2026.csv (37 rows)
11:43:25 | INFO  | 
Processing: AUGUST 31, 2026.html
11:43:25 | INFO  |   ✅ Saved: RR_08-31-2026.csv (37 rows)
11:43:25 | INFO  | 
Processing: AUGUST 28, 2026.html
11:43:25 | INFO  |   ✅ Saved: RR_08-28-2026.csv (37 rows)
11:43:25 | INFO  | 
✅ HTML parsing complete: 28 success, 0 errors
11:43:25 | INFO  | 
======================================================================
11:43:25 | INFO  | STAGE 2: MASTER AGGREGATION
11:43:25 | INFO  | ======================================================================
11:43:25 | INFO  | ✅ Backed up master to: risk_ranges_master_backup_20260910_114325.csv
11:43:25 | INFO  | Loaded existing master: 75,429 rows
11:43:25 | INFO  |   Loaded: RR_09-03-2026.csv (36 rows)
11:43:25 | INFO  |   Loaded: RR_08-20-2026.csv (37 rows)
11:43:25 | INFO  |   Loaded: RR_09-09-2026.csv (37 rows)
11:43:25 | INFO  |   Loaded: RR_08-25-2026.csv (37 rows)
11:43:25 | INFO  |   Loaded: RR_09-02-2026.csv (37 rows)
11:43:25 | INFO  |   Loaded: RR_08-06-2026.csv (37 rows)
11:43:25 | INFO  |   Loaded: RR_08-17-2026.csv (37 rows)
11:43:25 | INFO  |   Loaded: RR_08-18-2026.csv (37 rows)
11:43:25 | INFO  |   Loaded: RR_08-11-2026.csv (37 rows)
11:43:25 | INFO  |   Loaded: RR_08-14-2026.csv (37 rows)
11:43:25 | INFO  |   Loaded: RR_08-07-2026.csv (37 rows)
11:43:25 | INFO  |   Loaded: RR_08-10-2026.csv (37 rows)
11:43:25 | INFO  |   Loaded: RR_08-24-2026.csv (37 rows)
11:43:25 | INFO  |   Loaded: RR_08-19-2026.csv (37 rows)
11:43:25 | INFO  |   Loaded: RR_08-13-2026.csv (37 rows)
11:43:25 | INFO  |   Loaded: RR_08-03-2026.csv (37 rows)
11:43:25 | INFO  |   Loaded: RR_09-04-2026.csv (37 rows)
11:43:25 | INFO  |   Loaded: RR_09-10-2026.csv (37 rows)
11:43:25 | INFO  |   Loaded: RR_08-21-2026.csv (37 rows)
11:43:25 | INFO  |   Loaded: RR_08-04-2026.csv (37 rows)
11:43:25 | INFO  |   Loaded: RR_08-27-2026.csv (37 rows)
11:43:25 | INFO  |   Loaded: RR_08-05-2026.csv (37 rows)
11:43:25 | INFO  |   Loaded: RR_08-12-2026.csv (37 rows)
11:43:25 | INFO  |   Loaded: RR_09-01-2026.csv (37 rows)
11:43:25 | INFO  |   Loaded: RR_09-08-2026.csv (37 rows)
11:43:25 | INFO  |   Loaded: RR_08-26-2026.csv (37 rows)
11:43:25 | INFO  |   Loaded: RR_08-31-2026.csv (37 rows)
11:43:25 | INFO  |   Loaded: RR_08-28-2026.csv (37 rows)
11:43:25 | INFO  | Combined new data: 1035 rows
11:43:25 | INFO  | Removed 998 duplicate entries
11:43:25 | INFO  | ✅ Saved master CSV: 75,466 total rows
11:43:25 | INFO  |    Date range: 2017-01-03 to 2026-09-10
11:43:25 | INFO  | 
======================================================================
11:43:25 | INFO  | STAGE 3: TICKER SUBSETTING
11:43:25 | INFO  | ======================================================================
11:43:25 | INFO  | Loaded master: 75,466 rows
11:43:25 | INFO  | Creating subsets for 9 tickers
11:43:25 | INFO  |   ✅ UST10Y: 2407 rows | 2017-01-03 to 2026-09-10
11:43:25 | INFO  |   ✅ SPX: 2407 rows | 2017-01-03 to 2026-09-10
11:43:25 | INFO  |   ✅ COMPQ: 2407 rows | 2017-01-03 to 2026-09-10
11:43:25 | INFO  |   ✅ RUT: 2406 rows | 2017-01-03 to 2026-09-10
11:43:25 | INFO  |   ✅ VIX: 2407 rows | 2017-01-03 to 2026-09-10
11:43:25 | INFO  |   ✅ USD: 2407 rows | 2017-01-03 to 2026-09-10
11:43:25 | INFO  |   ✅ GOLD: 2405 rows | 2017-01-03 to 2026-09-10
11:43:25 | INFO  |   ✅ AAPL: 2405 rows | 2017-01-03 to 2026-09-10
11:43:25 | INFO  |   ✅ BITCOIN: 776 rows | 2023-08-01 to 2026-09-10
11:43:25 | INFO  | ✅ Ticker subsetting complete
11:43:25 | INFO  | 
======================================================================
11:43:25 | INFO  | STAGE 4: ENRICHMENT
11:43:25 | INFO  | ======================================================================
11:43:25 | INFO  | Enriching 9 tickers
11:43:25 | INFO  | 
──────────────────────────────────────────────────────────────────────
11:43:25 | INFO  | Enriching: SPX
11:43:25 | INFO  | ──────────────────────────────────────────────────────────────────────
11:43:25 | INFO  |   Loaded 2407 rows from SPX.csv
11:43:25 | INFO  |   Yahoo ticker: ^GSPC
11:43:25 | INFO  |   OHLC prefix: GSPC
11:43:25 | INFO  |   Vol prefix: VIX
11:43:25 | INFO  |   Downloading ^GSPC OHLC...
11:43:26 | INFO  |     Downloaded 2435 days (2017-01-03 to 2026-09-10)
11:43:26 | INFO  |   Downloading ^VIX volatility...
11:43:27 | INFO  |     Downloaded 2437 days (2017-01-03 to 2026-09-10)
11:43:27 | WARNING |   ⚠️  28 trading days missing from original CSV
11:43:27 | INFO  |   ✓ Enrichment complete: 2435 rows
11:43:27 | INFO  |   ✅ Saved: SPX_enriched.csv (2435 rows)
11:43:27 | WARNING |   ⚠️  28 rows need manual update
11:43:27 | INFO  | 
──────────────────────────────────────────────────────────────────────
11:43:27 | INFO  | Enriching: GOLD
11:43:27 | INFO  | ──────────────────────────────────────────────────────────────────────
11:43:27 | INFO  |   Loaded 2405 rows from GOLD.csv
11:43:27 | INFO  |   Yahoo ticker: GC=F
11:43:27 | INFO  |   OHLC prefix: GC
11:43:27 | INFO  |   Vol prefix: GVZ
11:43:27 | INFO  |   Downloading GC=F OHLC...
11:43:27 | INFO  |     Downloaded 2436 days (2017-01-03 to 2026-09-10)
11:43:27 | INFO  |   Downloading ^GVZ volatility...
11:43:27 | INFO  |     Downloaded 2435 days (2017-01-03 to 2026-09-10)
11:43:27 | WARNING |   ⚠️  32 trading days missing from original CSV
11:43:27 | INFO  |   ✓ Enrichment complete: 2436 rows
11:43:27 | INFO  |   ✅ Saved: GOLD_enriched.csv (2436 rows)
11:43:27 | WARNING |   ⚠️  32 rows need manual update
11:43:27 | INFO  | 
──────────────────────────────────────────────────────────────────────
11:43:27 | INFO  | Enriching: UST10Y
11:43:27 | INFO  | ──────────────────────────────────────────────────────────────────────
11:43:27 | INFO  |   Loaded 2407 rows from UST10Y.csv
11:43:27 | INFO  |   Yahoo ticker: ^TNX
11:43:27 | INFO  |   OHLC prefix: TNX
11:43:27 | INFO  |   Vol prefix: VIX
11:43:27 | INFO  |   Downloading ^TNX OHLC...
11:43:28 | INFO  |     Downloaded 2435 days (2017-01-03 to 2026-09-10)
11:43:28 | INFO  |   Downloading ^VIX volatility...
11:43:28 | INFO  |     Downloaded 2437 days (2017-01-03 to 2026-09-10)
11:43:28 | WARNING |   ⚠️  28 trading days missing from original CSV
11:43:28 | INFO  |   ✓ Enrichment complete: 2435 rows
11:43:28 | INFO  |   ✅ Saved: UST10Y_enriched.csv (2435 rows)
11:43:28 | WARNING |   ⚠️  28 rows need manual update
11:43:28 | INFO  | 
──────────────────────────────────────────────────────────────────────
11:43:28 | INFO  | Enriching: COMPQ
11:43:28 | INFO  | ──────────────────────────────────────────────────────────────────────
11:43:28 | INFO  |   Loaded 2407 rows from COMPQ.csv
11:43:28 | INFO  |   Yahoo ticker: ^IXIC
11:43:28 | INFO  |   OHLC prefix: IXIC
11:43:28 | INFO  |   Vol prefix: VIX
11:43:28 | INFO  |   Downloading ^IXIC OHLC...
11:43:29 | INFO  |     Downloaded 2435 days (2017-01-03 to 2026-09-10)
11:43:29 | INFO  |   Downloading ^VIX volatility...
11:43:29 | INFO  |     Downloaded 2437 days (2017-01-03 to 2026-09-10)
11:43:29 | WARNING |   ⚠️  28 trading days missing from original CSV
11:43:29 | INFO  |   ✓ Enrichment complete: 2435 rows
11:43:29 | INFO  |   ✅ Saved: COMPQ_enriched.csv (2435 rows)
11:43:29 | WARNING |   ⚠️  28 rows need manual update
11:43:29 | INFO  | 
──────────────────────────────────────────────────────────────────────
11:43:29 | INFO  | Enriching: RUT
11:43:29 | INFO  | ──────────────────────────────────────────────────────────────────────
11:43:29 | INFO  |   Loaded 2406 rows from RUT.csv
11:43:29 | INFO  |   Yahoo ticker: ^RUT
11:43:29 | INFO  |   OHLC prefix: RUT
11:43:29 | INFO  |   Vol prefix: VIX
11:43:29 | INFO  |   Downloading ^RUT OHLC...
11:43:29 | INFO  |     Downloaded 2435 days (2017-01-03 to 2026-09-10)
11:43:29 | INFO  |   Downloading ^VIX volatility...
11:43:30 | INFO  |     Downloaded 2437 days (2017-01-03 to 2026-09-10)
11:43:30 | WARNING |   ⚠️  29 trading days missing from original CSV
11:43:30 | INFO  |   ✓ Enrichment complete: 2435 rows
11:43:30 | INFO  |   ✅ Saved: RUT_enriched.csv (2435 rows)
11:43:30 | WARNING |   ⚠️  29 rows need manual update
11:43:30 | INFO  | 
──────────────────────────────────────────────────────────────────────
11:43:30 | INFO  | Enriching: VIX
11:43:30 | INFO  | ──────────────────────────────────────────────────────────────────────
11:43:30 | INFO  |   Loaded 2407 rows from VIX.csv
11:43:30 | INFO  |   Yahoo ticker: ^VIX
11:43:30 | INFO  |   OHLC prefix: VIX
11:43:30 | INFO  |   Vol prefix: VIXI
11:43:30 | INFO  |   Downloading ^VIX OHLC...
11:43:30 | INFO  |     Downloaded 2437 days (2017-01-03 to 2026-09-10)
11:43:30 | INFO  |   Downloading ^VIX volatility...
11:43:30 | INFO  |     Downloaded 2437 days (2017-01-03 to 2026-09-10)
11:43:30 | WARNING |   ⚠️  30 trading days missing from original CSV
11:43:30 | INFO  |   ✓ Enrichment complete: 2437 rows
11:43:30 | INFO  |   ✅ Saved: VIX_enriched.csv (2437 rows)
11:43:30 | WARNING |   ⚠️  30 rows need manual update
11:43:30 | INFO  | 
──────────────────────────────────────────────────────────────────────
11:43:30 | INFO  | Enriching: USD
11:43:30 | INFO  | ──────────────────────────────────────────────────────────────────────
11:43:30 | INFO  |   Loaded 2407 rows from USD.csv
11:43:30 | INFO  |   Yahoo ticker: DX-Y.NYB
11:43:30 | INFO  |   OHLC prefix: DX
11:43:30 | INFO  |   Vol prefix: VIX
11:43:30 | INFO  |   Downloading DX-Y.NYB OHLC...
11:43:30 | INFO  |     Downloaded 2437 days (2017-01-03 to 2026-09-10)
11:43:30 | INFO  |   Downloading ^VIX volatility...
11:43:31 | INFO  |     Downloaded 2437 days (2017-01-03 to 2026-09-10)
11:43:31 | WARNING |   ⚠️  30 trading days missing from original CSV
11:43:31 | INFO  |   ✓ Enrichment complete: 2437 rows
11:43:31 | INFO  |   ✅ Saved: USD_enriched.csv (2437 rows)
11:43:31 | WARNING |   ⚠️  30 rows need manual update
11:43:31 | INFO  | 
──────────────────────────────────────────────────────────────────────
11:43:31 | INFO  | Enriching: AAPL
11:43:31 | INFO  | ──────────────────────────────────────────────────────────────────────
11:43:31 | INFO  |   Loaded 2405 rows from AAPL.csv
11:43:31 | INFO  |   Yahoo ticker: AAPL
11:43:31 | INFO  |   OHLC prefix: AAPL
11:43:31 | INFO  |   Vol prefix: VIX
11:43:31 | INFO  |   Downloading AAPL OHLC...
11:43:31 | INFO  |     Downloaded 2435 days (2017-01-03 to 2026-09-10)
11:43:31 | INFO  |   Downloading ^VIX volatility...
11:43:31 | INFO  |     Downloaded 2437 days (2017-01-03 to 2026-09-10)
11:43:31 | WARNING |   ⚠️  30 trading days missing from original CSV
11:43:31 | INFO  |   ✓ Enrichment complete: 2435 rows
11:43:31 | INFO  |   ✅ Saved: AAPL_enriched.csv (2435 rows)
11:43:31 | WARNING |   ⚠️  30 rows need manual update
11:43:31 | INFO  | 
──────────────────────────────────────────────────────────────────────
11:43:31 | INFO  | Enriching: BITCOIN
11:43:31 | INFO  | ──────────────────────────────────────────────────────────────────────
11:43:31 | INFO  |   Loaded 776 rows from BITCOIN.csv
11:43:31 | INFO  |   ⚠️  Row count changed (3538 → 776) - re-enriching
11:43:31 | INFO  |   Yahoo ticker: BTC-USD
11:43:31 | INFO  |   OHLC prefix: BTC
11:43:31 | INFO  |   Vol prefix: VIX
11:43:31 | INFO  |   Downloading BTC-USD OHLC...
11:43:32 | INFO  |     Downloaded 3539 days (2017-01-02 to 2026-09-10)
11:43:32 | INFO  |   Downloading ^VIX volatility...
11:43:32 | INFO  |     Downloaded 2437 days (2017-01-03 to 2026-09-10)
11:43:32 | WARNING |   ⚠️  2763 trading days missing from original CSV
11:43:32 | INFO  |   ✓ Enrichment complete: 3539 rows
11:43:32 | INFO  |   ✅ Saved: BITCOIN_enriched.csv (3539 rows)
11:43:32 | WARNING |   ⚠️  2763 rows need manual update
11:43:32 | INFO  | 
======================================================================
11:43:32 | INFO  | ✅ Enrichment complete:
11:43:32 | INFO  |    Success: 9
11:43:32 | INFO  |    Skipped (up-to-date): 0
11:43:32 | INFO  |    Errors:  0
11:43:32 | INFO  | ======================================================================
11:43:32 | INFO  | 
======================================================================
11:43:32 | INFO  | ✅ PIPELINE COMPLETE
11:43:32 | INFO  | ======================================================================
