12:58:41 | INFO  | ======================================================================
12:58:41 | INFO  | ETL PIPELINE START
12:58:41 | INFO  | ======================================================================
12:58:41 | INFO  | 
📋 PIPELINE PLAN:
12:58:41 | INFO  |    HTML Files: 27 new / 27 total
12:58:41 | INFO  |    Master needs propagation: False
12:58:41 | INFO  | 
======================================================================
12:58:41 | INFO  | STAGE 1: HTML PARSING
12:58:41 | INFO  | ======================================================================
12:58:41 | INFO  | 
Processing: SEPTEMBER 03, 2026.html
12:58:41 | INFO  |   ✅ Saved: RR_09-03-2026.csv (36 rows)
12:58:41 | INFO  | 
Processing: AUGUST 20, 2026.html
12:58:41 | INFO  |   ✅ Saved: RR_08-20-2026.csv (37 rows)
12:58:41 | INFO  | 
Processing: SEPTEMBER 9, 2026.html
12:58:41 | INFO  |   ✅ Saved: RR_09-09-2026.csv (37 rows)
12:58:41 | INFO  | 
Processing: AUGUST 25, 2026.html
12:58:42 | INFO  |   ✅ Saved: RR_08-25-2026.csv (37 rows)
12:58:42 | INFO  | 
Processing: SEPTEMBER 02, 2026.html
12:58:42 | INFO  |   ✅ Saved: RR_09-02-2026.csv (37 rows)
12:58:42 | INFO  | 
Processing: AUGUST 6, 2026.html
12:58:42 | INFO  |   ✅ Saved: RR_08-06-2026.csv (37 rows)
12:58:42 | INFO  | 
Processing: AUGUST 17, 2026.html
12:58:42 | INFO  |   ✅ Saved: RR_08-17-2026.csv (37 rows)
12:58:42 | INFO  | 
Processing: AUGUST 18, 2026.html
12:58:42 | INFO  |   ✅ Saved: RR_08-18-2026.csv (37 rows)
12:58:42 | INFO  | 
Processing: AUGUST 11, 2026.html
12:58:42 | INFO  |   ✅ Saved: RR_08-11-2026.csv (37 rows)
12:58:42 | INFO  | 
Processing: AUGUST 14, 2026.html
12:58:42 | INFO  |   ✅ Saved: RR_08-14-2026.csv (37 rows)
12:58:42 | INFO  | 
Processing: AUGUST 7, 2026.html
12:58:42 | INFO  |   ✅ Saved: RR_08-07-2026.csv (37 rows)
12:58:42 | INFO  | 
Processing: AUGUST 10, 2026.html
12:58:42 | INFO  |   ✅ Saved: RR_08-10-2026.csv (37 rows)
12:58:42 | INFO  | 
Processing: AUGUST 24, 2026.html
12:58:43 | INFO  |   ✅ Saved: RR_08-24-2026.csv (37 rows)
12:58:43 | INFO  | 
Processing: AUGUST 19, 2026.html
12:58:43 | INFO  |   ✅ Saved: RR_08-19-2026.csv (37 rows)
12:58:43 | INFO  | 
Processing: AUGUST 13, 2026.html
12:58:43 | INFO  |   ✅ Saved: RR_08-13-2026.csv (37 rows)
12:58:43 | INFO  | 
Processing: AUGUST 3, 2026.html
12:58:43 | INFO  |   ✅ Saved: RR_08-03-2026.csv (37 rows)
12:58:43 | INFO  | 
Processing: SEPTEMBER 04, 2026.html
12:58:43 | INFO  |   ✅ Saved: RR_09-04-2026.csv (37 rows)
12:58:43 | INFO  | 
Processing: AUGUST 21, 2026.html
12:58:43 | INFO  |   ✅ Saved: RR_08-21-2026.csv (37 rows)
12:58:43 | INFO  | 
Processing: AUGUST 4, 2026.html
12:58:43 | INFO  |   ✅ Saved: RR_08-04-2026.csv (37 rows)
12:58:43 | INFO  | 
Processing: AUGUST 27, 2026.html
12:58:43 | INFO  |   ✅ Saved: RR_08-27-2026.csv (37 rows)
12:58:43 | INFO  | 
Processing: AUGUST 5, 2026.html
12:58:43 | INFO  |   ✅ Saved: RR_08-05-2026.csv (37 rows)
12:58:43 | INFO  | 
Processing: AUGUST 12, 2026.html
12:58:43 | INFO  |   ✅ Saved: RR_08-12-2026.csv (37 rows)
12:58:43 | INFO  | 
Processing: SEPTEMBER 01, 2026.html
12:58:43 | INFO  |   ✅ Saved: RR_09-01-2026.csv (37 rows)
12:58:43 | INFO  | 
Processing: SEPTEMBER 8, 2026.html
12:58:44 | INFO  |   ✅ Saved: RR_09-08-2026.csv (37 rows)
12:58:44 | INFO  | 
Processing: AUGUST 26, 2026.html
12:58:44 | INFO  |   ✅ Saved: RR_08-26-2026.csv (37 rows)
12:58:44 | INFO  | 
Processing: AUGUST 31, 2026.html
12:58:44 | INFO  |   ✅ Saved: RR_08-31-2026.csv (37 rows)
12:58:44 | INFO  | 
Processing: AUGUST 28, 2026.html
12:58:44 | INFO  |   ✅ Saved: RR_08-28-2026.csv (37 rows)
12:58:44 | INFO  | 
✅ HTML parsing complete: 27 success, 0 errors
12:58:44 | INFO  | 
======================================================================
12:58:44 | INFO  | STAGE 2: MASTER AGGREGATION
12:58:44 | INFO  | ======================================================================
12:58:44 | INFO  | ✅ Backed up master to: risk_ranges_master_backup_20260909_125844.csv
12:58:44 | INFO  | Loaded existing master: 75,429 rows
12:58:44 | INFO  |   Loaded: RR_09-03-2026.csv (36 rows)
12:58:44 | INFO  |   Loaded: RR_08-20-2026.csv (37 rows)
12:58:44 | INFO  |   Loaded: RR_09-09-2026.csv (37 rows)
12:58:44 | INFO  |   Loaded: RR_08-25-2026.csv (37 rows)
12:58:44 | INFO  |   Loaded: RR_09-02-2026.csv (37 rows)
12:58:44 | INFO  |   Loaded: RR_08-06-2026.csv (37 rows)
12:58:44 | INFO  |   Loaded: RR_08-17-2026.csv (37 rows)
12:58:44 | INFO  |   Loaded: RR_08-18-2026.csv (37 rows)
12:58:44 | INFO  |   Loaded: RR_08-11-2026.csv (37 rows)
12:58:44 | INFO  |   Loaded: RR_08-14-2026.csv (37 rows)
12:58:44 | INFO  |   Loaded: RR_08-07-2026.csv (37 rows)
12:58:44 | INFO  |   Loaded: RR_08-10-2026.csv (37 rows)
12:58:44 | INFO  |   Loaded: RR_08-24-2026.csv (37 rows)
12:58:44 | INFO  |   Loaded: RR_08-19-2026.csv (37 rows)
12:58:44 | INFO  |   Loaded: RR_08-13-2026.csv (37 rows)
12:58:44 | INFO  |   Loaded: RR_08-03-2026.csv (37 rows)
12:58:44 | INFO  |   Loaded: RR_09-04-2026.csv (37 rows)
12:58:44 | INFO  |   Loaded: RR_08-21-2026.csv (37 rows)
12:58:44 | INFO  |   Loaded: RR_08-04-2026.csv (37 rows)
12:58:44 | INFO  |   Loaded: RR_08-27-2026.csv (37 rows)
12:58:44 | INFO  |   Loaded: RR_08-05-2026.csv (37 rows)
12:58:44 | INFO  |   Loaded: RR_08-12-2026.csv (37 rows)
12:58:44 | INFO  |   Loaded: RR_09-01-2026.csv (37 rows)
12:58:44 | INFO  |   Loaded: RR_09-08-2026.csv (37 rows)
12:58:44 | INFO  |   Loaded: RR_08-26-2026.csv (37 rows)
12:58:44 | INFO  |   Loaded: RR_08-31-2026.csv (37 rows)
12:58:44 | INFO  |   Loaded: RR_08-28-2026.csv (37 rows)
12:58:44 | INFO  | Combined new data: 998 rows
12:58:44 | INFO  | Removed 998 duplicate entries
12:58:44 | INFO  | ✅ Saved master CSV: 75,429 total rows
12:58:44 | INFO  |    Date range: 2017-01-03 to 2026-09-09
12:58:44 | INFO  | 
======================================================================
12:58:44 | INFO  | STAGE 3: TICKER SUBSETTING
12:58:44 | INFO  | ======================================================================
12:58:44 | INFO  | Loaded master: 75,429 rows
12:58:44 | INFO  | Creating subsets for 9 tickers
12:58:44 | INFO  |   ✅ UST10Y: 2406 rows | 2017-01-03 to 2026-09-09
12:58:44 | INFO  |   ✅ SPX: 2406 rows | 2017-01-03 to 2026-09-09
12:58:44 | INFO  |   ✅ COMPQ: 2406 rows | 2017-01-03 to 2026-09-09
12:58:44 | INFO  |   ✅ RUT: 2405 rows | 2017-01-03 to 2026-09-09
12:58:44 | INFO  |   ✅ VIX: 2406 rows | 2017-01-03 to 2026-09-09
12:58:45 | INFO  |   ✅ USD: 2406 rows | 2017-01-03 to 2026-09-09
12:58:45 | INFO  |   ✅ GOLD: 2404 rows | 2017-01-03 to 2026-09-09
12:58:45 | INFO  |   ✅ AAPL: 2404 rows | 2017-01-03 to 2026-09-09
12:58:45 | INFO  |   ✅ BITCOIN: 775 rows | 2023-08-01 to 2026-09-09
12:58:45 | INFO  | ✅ Ticker subsetting complete
12:58:45 | INFO  | 
======================================================================
12:58:45 | INFO  | STAGE 4: ENRICHMENT
12:58:45 | INFO  | ======================================================================
12:58:45 | INFO  | Enriching 9 tickers
12:58:45 | INFO  | 
──────────────────────────────────────────────────────────────────────
12:58:45 | INFO  | Enriching: SPX
12:58:45 | INFO  | ──────────────────────────────────────────────────────────────────────
12:58:45 | INFO  |   Loaded 2406 rows from SPX.csv
12:58:45 | INFO  |   Yahoo ticker: ^GSPC
12:58:45 | INFO  |   OHLC prefix: GSPC
12:58:45 | INFO  |   Vol prefix: VIX
12:58:45 | INFO  |   Downloading ^GSPC OHLC...
12:58:45 | INFO  |     Downloaded 2434 days (2017-01-03 to 2026-09-09)
12:58:45 | INFO  |   Downloading ^VIX volatility...
12:58:45 | INFO  |     Downloaded 2436 days (2017-01-03 to 2026-09-09)
12:58:45 | WARNING |   ⚠️  28 trading days missing from original CSV
12:58:45 | INFO  |   ✓ Enrichment complete: 2434 rows
12:58:45 | INFO  |   ✅ Saved: SPX_enriched.csv (2434 rows)
12:58:45 | WARNING |   ⚠️  28 rows need manual update
12:58:45 | INFO  | 
──────────────────────────────────────────────────────────────────────
12:58:45 | INFO  | Enriching: GOLD
12:58:45 | INFO  | ──────────────────────────────────────────────────────────────────────
12:58:45 | INFO  |   Loaded 2404 rows from GOLD.csv
12:58:45 | INFO  |   Yahoo ticker: GC=F
12:58:45 | INFO  |   OHLC prefix: GC
12:58:45 | INFO  |   Vol prefix: GVZ
12:58:45 | INFO  |   Downloading GC=F OHLC...
12:58:45 | INFO  |     Downloaded 2435 days (2017-01-03 to 2026-09-09)
12:58:45 | INFO  |   Downloading ^GVZ volatility...
12:58:46 | INFO  |     Downloaded 2434 days (2017-01-03 to 2026-09-09)
12:58:46 | WARNING |   ⚠️  32 trading days missing from original CSV
12:58:46 | INFO  |   ✓ Enrichment complete: 2435 rows
12:58:46 | INFO  |   ✅ Saved: GOLD_enriched.csv (2435 rows)
12:58:46 | WARNING |   ⚠️  32 rows need manual update
12:58:46 | INFO  | 
──────────────────────────────────────────────────────────────────────
12:58:46 | INFO  | Enriching: UST10Y
12:58:46 | INFO  | ──────────────────────────────────────────────────────────────────────
12:58:46 | INFO  |   Loaded 2406 rows from UST10Y.csv
12:58:46 | INFO  |   Yahoo ticker: ^TNX
12:58:46 | INFO  |   OHLC prefix: TNX
12:58:46 | INFO  |   Vol prefix: VIX
12:58:46 | INFO  |   Downloading ^TNX OHLC...
12:58:46 | INFO  |     Downloaded 2434 days (2017-01-03 to 2026-09-09)
12:58:46 | INFO  |   Downloading ^VIX volatility...
12:58:46 | INFO  |     Downloaded 2436 days (2017-01-03 to 2026-09-09)
12:58:46 | WARNING |   ⚠️  28 trading days missing from original CSV
12:58:46 | INFO  |   ✓ Enrichment complete: 2434 rows
12:58:46 | INFO  |   ✅ Saved: UST10Y_enriched.csv (2434 rows)
12:58:46 | WARNING |   ⚠️  28 rows need manual update
12:58:46 | INFO  | 
──────────────────────────────────────────────────────────────────────
12:58:46 | INFO  | Enriching: COMPQ
12:58:46 | INFO  | ──────────────────────────────────────────────────────────────────────
12:58:46 | INFO  |   Loaded 2406 rows from COMPQ.csv
12:58:46 | INFO  |   Yahoo ticker: ^IXIC
12:58:46 | INFO  |   OHLC prefix: IXIC
12:58:46 | INFO  |   Vol prefix: VIX
12:58:46 | INFO  |   Downloading ^IXIC OHLC...
12:58:46 | INFO  |     Downloaded 2434 days (2017-01-03 to 2026-09-09)
12:58:46 | INFO  |   Downloading ^VIX volatility...
12:58:47 | INFO  |     Downloaded 2436 days (2017-01-03 to 2026-09-09)
12:58:47 | WARNING |   ⚠️  28 trading days missing from original CSV
12:58:47 | INFO  |   ✓ Enrichment complete: 2434 rows
12:58:47 | INFO  |   ✅ Saved: COMPQ_enriched.csv (2434 rows)
12:58:47 | WARNING |   ⚠️  28 rows need manual update
12:58:47 | INFO  | 
──────────────────────────────────────────────────────────────────────
12:58:47 | INFO  | Enriching: RUT
12:58:47 | INFO  | ──────────────────────────────────────────────────────────────────────
12:58:47 | INFO  |   Loaded 2405 rows from RUT.csv
12:58:47 | INFO  |   Yahoo ticker: ^RUT
12:58:47 | INFO  |   OHLC prefix: RUT
12:58:47 | INFO  |   Vol prefix: VIX
12:58:47 | INFO  |   Downloading ^RUT OHLC...
12:58:47 | INFO  |     Downloaded 2434 days (2017-01-03 to 2026-09-09)
12:58:47 | INFO  |   Downloading ^VIX volatility...
12:58:47 | INFO  |     Downloaded 2436 days (2017-01-03 to 2026-09-09)
12:58:47 | WARNING |   ⚠️  29 trading days missing from original CSV
12:58:47 | INFO  |   ✓ Enrichment complete: 2434 rows
12:58:47 | INFO  |   ✅ Saved: RUT_enriched.csv (2434 rows)
12:58:47 | WARNING |   ⚠️  29 rows need manual update
12:58:47 | INFO  | 
──────────────────────────────────────────────────────────────────────
12:58:47 | INFO  | Enriching: VIX
12:58:47 | INFO  | ──────────────────────────────────────────────────────────────────────
12:58:47 | INFO  |   Loaded 2406 rows from VIX.csv
12:58:47 | INFO  |   Yahoo ticker: ^VIX
12:58:47 | INFO  |   OHLC prefix: VIX
12:58:47 | INFO  |   Vol prefix: VIXI
12:58:47 | INFO  |   Downloading ^VIX OHLC...
12:58:47 | INFO  |     Downloaded 2436 days (2017-01-03 to 2026-09-09)
12:58:47 | INFO  |   Downloading ^VIX volatility...
12:58:47 | INFO  |     Downloaded 2436 days (2017-01-03 to 2026-09-09)
12:58:47 | WARNING |   ⚠️  30 trading days missing from original CSV
12:58:47 | INFO  |   ✓ Enrichment complete: 2436 rows
12:58:47 | INFO  |   ✅ Saved: VIX_enriched.csv (2436 rows)
12:58:47 | WARNING |   ⚠️  30 rows need manual update
12:58:47 | INFO  | 
──────────────────────────────────────────────────────────────────────
12:58:47 | INFO  | Enriching: USD
12:58:47 | INFO  | ──────────────────────────────────────────────────────────────────────
12:58:47 | INFO  |   Loaded 2406 rows from USD.csv
12:58:47 | INFO  |   Yahoo ticker: DX-Y.NYB
12:58:47 | INFO  |   OHLC prefix: DX
12:58:47 | INFO  |   Vol prefix: VIX
12:58:47 | INFO  |   Downloading DX-Y.NYB OHLC...
12:58:47 | INFO  |     Downloaded 2436 days (2017-01-03 to 2026-09-09)
12:58:47 | INFO  |   Downloading ^VIX volatility...
12:58:48 | INFO  |     Downloaded 2436 days (2017-01-03 to 2026-09-09)
12:58:48 | WARNING |   ⚠️  30 trading days missing from original CSV
12:58:48 | INFO  |   ✓ Enrichment complete: 2436 rows
12:58:48 | INFO  |   ✅ Saved: USD_enriched.csv (2436 rows)
12:58:48 | WARNING |   ⚠️  30 rows need manual update
12:58:48 | INFO  | 
──────────────────────────────────────────────────────────────────────
12:58:48 | INFO  | Enriching: AAPL
12:58:48 | INFO  | ──────────────────────────────────────────────────────────────────────
12:58:48 | INFO  |   Loaded 2404 rows from AAPL.csv
12:58:48 | INFO  |   Yahoo ticker: AAPL
12:58:48 | INFO  |   OHLC prefix: AAPL
12:58:48 | INFO  |   Vol prefix: VIX
12:58:48 | INFO  |   Downloading AAPL OHLC...
12:58:48 | INFO  |     Downloaded 2434 days (2017-01-03 to 2026-09-09)
12:58:48 | INFO  |   Downloading ^VIX volatility...
12:58:48 | INFO  |     Downloaded 2436 days (2017-01-03 to 2026-09-09)
12:58:48 | WARNING |   ⚠️  30 trading days missing from original CSV
12:58:48 | INFO  |   ✓ Enrichment complete: 2434 rows
12:58:48 | INFO  |   ✅ Saved: AAPL_enriched.csv (2434 rows)
12:58:48 | WARNING |   ⚠️  30 rows need manual update
12:58:48 | INFO  | 
──────────────────────────────────────────────────────────────────────
12:58:48 | INFO  | Enriching: BITCOIN
12:58:48 | INFO  | ──────────────────────────────────────────────────────────────────────
12:58:48 | INFO  |   Loaded 775 rows from BITCOIN.csv
12:58:48 | INFO  |   ⚠️  Row count changed (3538 → 775) - re-enriching
12:58:48 | INFO  |   Yahoo ticker: BTC-USD
12:58:48 | INFO  |   OHLC prefix: BTC
12:58:48 | INFO  |   Vol prefix: VIX
12:58:48 | INFO  |   Downloading BTC-USD OHLC...
12:58:48 | INFO  |     Downloaded 3538 days (2017-01-02 to 2026-09-09)
12:58:48 | INFO  |   Downloading ^VIX volatility...
12:58:48 | INFO  |     Downloaded 2436 days (2017-01-03 to 2026-09-09)
12:58:48 | WARNING |   ⚠️  2763 trading days missing from original CSV
12:58:48 | INFO  |   ✓ Enrichment complete: 3538 rows
12:58:48 | INFO  |   ✅ Saved: BITCOIN_enriched.csv (3538 rows)
12:58:48 | WARNING |   ⚠️  2763 rows need manual update
12:58:48 | INFO  | 
======================================================================
12:58:48 | INFO  | ✅ Enrichment complete:
12:58:48 | INFO  |    Success: 9
12:58:48 | INFO  |    Skipped (up-to-date): 0
12:58:48 | INFO  |    Errors:  0
12:58:48 | INFO  | ======================================================================
12:58:48 | INFO  | 
======================================================================
12:58:48 | INFO  | ✅ PIPELINE COMPLETE
12:58:48 | INFO  | ======================================================================
