12:59:54 | INFO  | ======================================================================
12:59:54 | INFO  | ETL PIPELINE START
12:59:54 | INFO  | ======================================================================
12:59:54 | INFO  | 
📋 PIPELINE PLAN:
12:59:54 | INFO  |    HTML Files: 26 new / 26 total
12:59:54 | INFO  |    Master needs propagation: False
12:59:54 | INFO  | 
======================================================================
12:59:54 | INFO  | STAGE 1: HTML PARSING
12:59:54 | INFO  | ======================================================================
12:59:54 | INFO  | 
Processing: SEPTEMBER 03, 2026.html
12:59:55 | INFO  |   ✅ Saved: RR_09-03-2026.csv (36 rows)
12:59:55 | INFO  | 
Processing: AUGUST 20, 2026.html
12:59:55 | INFO  |   ✅ Saved: RR_08-20-2026.csv (37 rows)
12:59:55 | INFO  | 
Processing: AUGUST 25, 2026.html
12:59:55 | INFO  |   ✅ Saved: RR_08-25-2026.csv (37 rows)
12:59:55 | INFO  | 
Processing: SEPTEMBER 02, 2026.html
12:59:55 | INFO  |   ✅ Saved: RR_09-02-2026.csv (37 rows)
12:59:55 | INFO  | 
Processing: AUGUST 6, 2026.html
12:59:55 | INFO  |   ✅ Saved: RR_08-06-2026.csv (37 rows)
12:59:55 | INFO  | 
Processing: AUGUST 17, 2026.html
12:59:55 | INFO  |   ✅ Saved: RR_08-17-2026.csv (37 rows)
12:59:55 | INFO  | 
Processing: AUGUST 18, 2026.html
12:59:55 | INFO  |   ✅ Saved: RR_08-18-2026.csv (37 rows)
12:59:55 | INFO  | 
Processing: AUGUST 11, 2026.html
12:59:55 | INFO  |   ✅ Saved: RR_08-11-2026.csv (37 rows)
12:59:55 | INFO  | 
Processing: AUGUST 14, 2026.html
12:59:55 | INFO  |   ✅ Saved: RR_08-14-2026.csv (37 rows)
12:59:55 | INFO  | 
Processing: AUGUST 7, 2026.html
12:59:56 | INFO  |   ✅ Saved: RR_08-07-2026.csv (37 rows)
12:59:56 | INFO  | 
Processing: AUGUST 10, 2026.html
12:59:56 | INFO  |   ✅ Saved: RR_08-10-2026.csv (37 rows)
12:59:56 | INFO  | 
Processing: AUGUST 24, 2026.html
12:59:56 | INFO  |   ✅ Saved: RR_08-24-2026.csv (37 rows)
12:59:56 | INFO  | 
Processing: AUGUST 19, 2026.html
12:59:56 | INFO  |   ✅ Saved: RR_08-19-2026.csv (37 rows)
12:59:56 | INFO  | 
Processing: AUGUST 13, 2026.html
12:59:56 | INFO  |   ✅ Saved: RR_08-13-2026.csv (37 rows)
12:59:56 | INFO  | 
Processing: AUGUST 3, 2026.html
12:59:56 | INFO  |   ✅ Saved: RR_08-03-2026.csv (37 rows)
12:59:56 | INFO  | 
Processing: SEPTEMBER 04, 2026.html
12:59:56 | INFO  |   ✅ Saved: RR_09-04-2026.csv (37 rows)
12:59:56 | INFO  | 
Processing: AUGUST 21, 2026.html
12:59:56 | INFO  |   ✅ Saved: RR_08-21-2026.csv (37 rows)
12:59:56 | INFO  | 
Processing: AUGUST 4, 2026.html
12:59:56 | INFO  |   ✅ Saved: RR_08-04-2026.csv (37 rows)
12:59:56 | INFO  | 
Processing: AUGUST 27, 2026.html
12:59:56 | INFO  |   ✅ Saved: RR_08-27-2026.csv (37 rows)
12:59:56 | INFO  | 
Processing: AUGUST 5, 2026.html
12:59:57 | INFO  |   ✅ Saved: RR_08-05-2026.csv (37 rows)
12:59:57 | INFO  | 
Processing: AUGUST 12, 2026.html
12:59:57 | INFO  |   ✅ Saved: RR_08-12-2026.csv (37 rows)
12:59:57 | INFO  | 
Processing: SEPTEMBER 01, 2026.html
12:59:57 | INFO  |   ✅ Saved: RR_09-01-2026.csv (37 rows)
12:59:57 | INFO  | 
Processing: SEPTEMBER 8, 2026.html
12:59:57 | INFO  |   ✅ Saved: RR_09-08-2026.csv (37 rows)
12:59:57 | INFO  | 
Processing: AUGUST 26, 2026.html
12:59:57 | INFO  |   ✅ Saved: RR_08-26-2026.csv (37 rows)
12:59:57 | INFO  | 
Processing: AUGUST 31, 2026.html
12:59:57 | INFO  |   ✅ Saved: RR_08-31-2026.csv (37 rows)
12:59:57 | INFO  | 
Processing: AUGUST 28, 2026.html
12:59:57 | INFO  |   ✅ Saved: RR_08-28-2026.csv (37 rows)
12:59:57 | INFO  | 
✅ HTML parsing complete: 26 success, 0 errors
12:59:57 | INFO  | 
======================================================================
12:59:57 | INFO  | STAGE 2: MASTER AGGREGATION
12:59:57 | INFO  | ======================================================================
12:59:57 | INFO  | ✅ Backed up master to: risk_ranges_master_backup_20260908_125957.csv
12:59:57 | INFO  | Loaded existing master: 75,392 rows
12:59:57 | INFO  |   Loaded: RR_09-03-2026.csv (36 rows)
12:59:57 | INFO  |   Loaded: RR_08-20-2026.csv (37 rows)
12:59:57 | INFO  |   Loaded: RR_08-25-2026.csv (37 rows)
12:59:57 | INFO  |   Loaded: RR_09-02-2026.csv (37 rows)
12:59:57 | INFO  |   Loaded: RR_08-06-2026.csv (37 rows)
12:59:57 | INFO  |   Loaded: RR_08-17-2026.csv (37 rows)
12:59:57 | INFO  |   Loaded: RR_08-18-2026.csv (37 rows)
12:59:57 | INFO  |   Loaded: RR_08-11-2026.csv (37 rows)
12:59:57 | INFO  |   Loaded: RR_08-14-2026.csv (37 rows)
12:59:57 | INFO  |   Loaded: RR_08-07-2026.csv (37 rows)
12:59:57 | INFO  |   Loaded: RR_08-10-2026.csv (37 rows)
12:59:57 | INFO  |   Loaded: RR_08-24-2026.csv (37 rows)
12:59:57 | INFO  |   Loaded: RR_08-19-2026.csv (37 rows)
12:59:57 | INFO  |   Loaded: RR_08-13-2026.csv (37 rows)
12:59:57 | INFO  |   Loaded: RR_08-03-2026.csv (37 rows)
12:59:57 | INFO  |   Loaded: RR_09-04-2026.csv (37 rows)
12:59:57 | INFO  |   Loaded: RR_08-21-2026.csv (37 rows)
12:59:57 | INFO  |   Loaded: RR_08-04-2026.csv (37 rows)
12:59:57 | INFO  |   Loaded: RR_08-27-2026.csv (37 rows)
12:59:57 | INFO  |   Loaded: RR_08-05-2026.csv (37 rows)
12:59:57 | INFO  |   Loaded: RR_08-12-2026.csv (37 rows)
12:59:57 | INFO  |   Loaded: RR_09-01-2026.csv (37 rows)
12:59:57 | INFO  |   Loaded: RR_09-08-2026.csv (37 rows)
12:59:57 | INFO  |   Loaded: RR_08-26-2026.csv (37 rows)
12:59:57 | INFO  |   Loaded: RR_08-31-2026.csv (37 rows)
12:59:57 | INFO  |   Loaded: RR_08-28-2026.csv (37 rows)
12:59:57 | INFO  | Combined new data: 961 rows
12:59:57 | INFO  | Removed 961 duplicate entries
12:59:58 | INFO  | ✅ Saved master CSV: 75,392 total rows
12:59:58 | INFO  |    Date range: 2017-01-03 to 2026-09-08
12:59:58 | INFO  | 
======================================================================
12:59:58 | INFO  | STAGE 3: TICKER SUBSETTING
12:59:58 | INFO  | ======================================================================
12:59:58 | INFO  | Loaded master: 75,392 rows
12:59:58 | INFO  | Creating subsets for 9 tickers
12:59:58 | INFO  |   ✅ UST10Y: 2405 rows | 2017-01-03 to 2026-09-08
12:59:58 | INFO  |   ✅ SPX: 2405 rows | 2017-01-03 to 2026-09-08
12:59:58 | INFO  |   ✅ COMPQ: 2405 rows | 2017-01-03 to 2026-09-08
12:59:58 | INFO  |   ✅ RUT: 2404 rows | 2017-01-03 to 2026-09-08
12:59:58 | INFO  |   ✅ VIX: 2405 rows | 2017-01-03 to 2026-09-08
12:59:58 | INFO  |   ✅ USD: 2405 rows | 2017-01-03 to 2026-09-08
12:59:58 | INFO  |   ✅ GOLD: 2403 rows | 2017-01-03 to 2026-09-08
12:59:58 | INFO  |   ✅ AAPL: 2403 rows | 2017-01-03 to 2026-09-08
12:59:58 | INFO  |   ✅ BITCOIN: 774 rows | 2023-08-01 to 2026-09-08
12:59:58 | INFO  | ✅ Ticker subsetting complete
12:59:58 | INFO  | 
======================================================================
12:59:58 | INFO  | STAGE 4: ENRICHMENT
12:59:58 | INFO  | ======================================================================
12:59:58 | INFO  | Enriching 9 tickers
12:59:58 | INFO  | 
──────────────────────────────────────────────────────────────────────
12:59:58 | INFO  | Enriching: SPX
12:59:58 | INFO  | ──────────────────────────────────────────────────────────────────────
12:59:58 | INFO  |   Loaded 2405 rows from SPX.csv
12:59:58 | INFO  |   Yahoo ticker: ^GSPC
12:59:58 | INFO  |   OHLC prefix: GSPC
12:59:58 | INFO  |   Vol prefix: VIX
12:59:58 | INFO  |   Downloading ^GSPC OHLC...
12:59:58 | INFO  |     Downloaded 2433 days (2017-01-03 to 2026-09-08)
12:59:58 | INFO  |   Downloading ^VIX volatility...
12:59:59 | INFO  |     Downloaded 2435 days (2017-01-03 to 2026-09-08)
12:59:59 | WARNING |   ⚠️  28 trading days missing from original CSV
12:59:59 | INFO  |   ✓ Enrichment complete: 2433 rows
12:59:59 | INFO  |   ✅ Saved: SPX_enriched.csv (2433 rows)
12:59:59 | WARNING |   ⚠️  28 rows need manual update
12:59:59 | INFO  | 
──────────────────────────────────────────────────────────────────────
12:59:59 | INFO  | Enriching: GOLD
12:59:59 | INFO  | ──────────────────────────────────────────────────────────────────────
12:59:59 | INFO  |   Loaded 2403 rows from GOLD.csv
12:59:59 | INFO  |   Yahoo ticker: GC=F
12:59:59 | INFO  |   OHLC prefix: GC
12:59:59 | INFO  |   Vol prefix: GVZ
12:59:59 | INFO  |   Downloading GC=F OHLC...
12:59:59 | INFO  |     Downloaded 2434 days (2017-01-03 to 2026-09-08)
12:59:59 | INFO  |   Downloading ^GVZ volatility...
12:59:59 | INFO  |     Downloaded 2433 days (2017-01-03 to 2026-09-08)
12:59:59 | WARNING |   ⚠️  32 trading days missing from original CSV
12:59:59 | INFO  |   ✓ Enrichment complete: 2434 rows
12:59:59 | INFO  |   ✅ Saved: GOLD_enriched.csv (2434 rows)
12:59:59 | WARNING |   ⚠️  32 rows need manual update
12:59:59 | INFO  | 
──────────────────────────────────────────────────────────────────────
12:59:59 | INFO  | Enriching: UST10Y
12:59:59 | INFO  | ──────────────────────────────────────────────────────────────────────
12:59:59 | INFO  |   Loaded 2405 rows from UST10Y.csv
12:59:59 | INFO  |   Yahoo ticker: ^TNX
12:59:59 | INFO  |   OHLC prefix: TNX
12:59:59 | INFO  |   Vol prefix: VIX
12:59:59 | INFO  |   Downloading ^TNX OHLC...
12:59:59 | INFO  |     Downloaded 2433 days (2017-01-03 to 2026-09-08)
12:59:59 | INFO  |   Downloading ^VIX volatility...
12:59:59 | INFO  |     Downloaded 2435 days (2017-01-03 to 2026-09-08)
12:59:59 | WARNING |   ⚠️  28 trading days missing from original CSV
13:00:00 | INFO  |   ✓ Enrichment complete: 2433 rows
13:00:00 | INFO  |   ✅ Saved: UST10Y_enriched.csv (2433 rows)
13:00:00 | WARNING |   ⚠️  28 rows need manual update
13:00:00 | INFO  | 
──────────────────────────────────────────────────────────────────────
13:00:00 | INFO  | Enriching: COMPQ
13:00:00 | INFO  | ──────────────────────────────────────────────────────────────────────
13:00:00 | INFO  |   Loaded 2405 rows from COMPQ.csv
13:00:00 | INFO  |   Yahoo ticker: ^IXIC
13:00:00 | INFO  |   OHLC prefix: IXIC
13:00:00 | INFO  |   Vol prefix: VIX
13:00:00 | INFO  |   Downloading ^IXIC OHLC...
13:00:00 | INFO  |     Downloaded 2433 days (2017-01-03 to 2026-09-08)
13:00:00 | INFO  |   Downloading ^VIX volatility...
13:00:00 | INFO  |     Downloaded 2435 days (2017-01-03 to 2026-09-08)
13:00:00 | WARNING |   ⚠️  28 trading days missing from original CSV
13:00:00 | INFO  |   ✓ Enrichment complete: 2433 rows
13:00:00 | INFO  |   ✅ Saved: COMPQ_enriched.csv (2433 rows)
13:00:00 | WARNING |   ⚠️  28 rows need manual update
13:00:00 | INFO  | 
──────────────────────────────────────────────────────────────────────
13:00:00 | INFO  | Enriching: RUT
13:00:00 | INFO  | ──────────────────────────────────────────────────────────────────────
13:00:00 | INFO  |   Loaded 2404 rows from RUT.csv
13:00:00 | INFO  |   Yahoo ticker: ^RUT
13:00:00 | INFO  |   OHLC prefix: RUT
13:00:00 | INFO  |   Vol prefix: VIX
13:00:00 | INFO  |   Downloading ^RUT OHLC...
13:00:00 | INFO  |     Downloaded 2433 days (2017-01-03 to 2026-09-08)
13:00:00 | INFO  |   Downloading ^VIX volatility...
13:00:00 | INFO  |     Downloaded 2435 days (2017-01-03 to 2026-09-08)
13:00:00 | WARNING |   ⚠️  29 trading days missing from original CSV
13:00:00 | INFO  |   ✓ Enrichment complete: 2433 rows
13:00:00 | INFO  |   ✅ Saved: RUT_enriched.csv (2433 rows)
13:00:00 | WARNING |   ⚠️  29 rows need manual update
13:00:00 | INFO  | 
──────────────────────────────────────────────────────────────────────
13:00:00 | INFO  | Enriching: VIX
13:00:00 | INFO  | ──────────────────────────────────────────────────────────────────────
13:00:00 | INFO  |   Loaded 2405 rows from VIX.csv
13:00:00 | INFO  |   Yahoo ticker: ^VIX
13:00:00 | INFO  |   OHLC prefix: VIX
13:00:00 | INFO  |   Vol prefix: VIXI
13:00:00 | INFO  |   Downloading ^VIX OHLC...
13:00:00 | INFO  |     Downloaded 2435 days (2017-01-03 to 2026-09-08)
13:00:00 | INFO  |   Downloading ^VIX volatility...
13:00:00 | INFO  |     Downloaded 2435 days (2017-01-03 to 2026-09-08)
13:00:00 | WARNING |   ⚠️  30 trading days missing from original CSV
13:00:01 | INFO  |   ✓ Enrichment complete: 2435 rows
13:00:01 | INFO  |   ✅ Saved: VIX_enriched.csv (2435 rows)
13:00:01 | WARNING |   ⚠️  30 rows need manual update
13:00:01 | INFO  | 
──────────────────────────────────────────────────────────────────────
13:00:01 | INFO  | Enriching: USD
13:00:01 | INFO  | ──────────────────────────────────────────────────────────────────────
13:00:01 | INFO  |   Loaded 2405 rows from USD.csv
13:00:01 | INFO  |   Yahoo ticker: DX-Y.NYB
13:00:01 | INFO  |   OHLC prefix: DX
13:00:01 | INFO  |   Vol prefix: VIX
13:00:01 | INFO  |   Downloading DX-Y.NYB OHLC...
13:00:01 | INFO  |     Downloaded 2435 days (2017-01-03 to 2026-09-08)
13:00:01 | INFO  |   Downloading ^VIX volatility...
13:00:01 | INFO  |     Downloaded 2435 days (2017-01-03 to 2026-09-08)
13:00:01 | WARNING |   ⚠️  30 trading days missing from original CSV
13:00:01 | INFO  |   ✓ Enrichment complete: 2435 rows
13:00:01 | INFO  |   ✅ Saved: USD_enriched.csv (2435 rows)
13:00:01 | WARNING |   ⚠️  30 rows need manual update
13:00:01 | INFO  | 
──────────────────────────────────────────────────────────────────────
13:00:01 | INFO  | Enriching: AAPL
13:00:01 | INFO  | ──────────────────────────────────────────────────────────────────────
13:00:01 | INFO  |   Loaded 2403 rows from AAPL.csv
13:00:01 | INFO  |   Yahoo ticker: AAPL
13:00:01 | INFO  |   OHLC prefix: AAPL
13:00:01 | INFO  |   Vol prefix: VIX
13:00:01 | INFO  |   Downloading AAPL OHLC...
13:00:01 | INFO  |     Downloaded 2433 days (2017-01-03 to 2026-09-08)
13:00:01 | INFO  |   Downloading ^VIX volatility...
13:00:01 | INFO  |     Downloaded 2435 days (2017-01-03 to 2026-09-08)
13:00:01 | WARNING |   ⚠️  30 trading days missing from original CSV
13:00:01 | INFO  |   ✓ Enrichment complete: 2433 rows
13:00:01 | INFO  |   ✅ Saved: AAPL_enriched.csv (2433 rows)
13:00:01 | WARNING |   ⚠️  30 rows need manual update
13:00:01 | INFO  | 
──────────────────────────────────────────────────────────────────────
13:00:01 | INFO  | Enriching: BITCOIN
13:00:01 | INFO  | ──────────────────────────────────────────────────────────────────────
13:00:01 | INFO  |   Loaded 774 rows from BITCOIN.csv
13:00:01 | INFO  |   ⚠️  Row count changed (3537 → 774) - re-enriching
13:00:01 | INFO  |   Yahoo ticker: BTC-USD
13:00:01 | INFO  |   OHLC prefix: BTC
13:00:01 | INFO  |   Vol prefix: VIX
13:00:01 | INFO  |   Downloading BTC-USD OHLC...
13:00:02 | INFO  |     Downloaded 3537 days (2017-01-02 to 2026-09-08)
13:00:02 | INFO  |   Downloading ^VIX volatility...
13:00:02 | INFO  |     Downloaded 2435 days (2017-01-03 to 2026-09-08)
13:00:02 | WARNING |   ⚠️  2763 trading days missing from original CSV
13:00:02 | INFO  |   ✓ Enrichment complete: 3537 rows
13:00:02 | INFO  |   ✅ Saved: BITCOIN_enriched.csv (3537 rows)
13:00:02 | WARNING |   ⚠️  2763 rows need manual update
13:00:02 | INFO  | 
======================================================================
13:00:02 | INFO  | ✅ Enrichment complete:
13:00:02 | INFO  |    Success: 9
13:00:02 | INFO  |    Skipped (up-to-date): 0
13:00:02 | INFO  |    Errors:  0
13:00:02 | INFO  | ======================================================================
13:00:02 | INFO  | 
======================================================================
13:00:02 | INFO  | ✅ PIPELINE COMPLETE
13:00:02 | INFO  | ======================================================================
