19:02:17 | INFO  | ======================================================================
19:02:17 | INFO  | ETL PIPELINE START
19:02:17 | INFO  | ======================================================================
19:02:17 | INFO  | 
📋 PIPELINE PLAN:
19:02:17 | INFO  |    HTML Files: 35 new / 35 total
19:02:17 | INFO  |    Master needs propagation: False
19:02:17 | INFO  | 
======================================================================
19:02:17 | INFO  | STAGE 1: HTML PARSING
19:02:17 | INFO  | ======================================================================
19:02:17 | INFO  | 
Processing: JULY 23, 2026.html
19:02:18 | INFO  |   ✅ Saved: RR_07-23-2026.csv (38 rows)
19:02:18 | INFO  | 
Processing: JUNE 8, 2026.html
19:02:18 | INFO  |   ✅ Saved: RR_06-08-2026.csv (37 rows)
19:02:18 | INFO  | 
Processing: JULY 15, 2026.html
19:02:18 | INFO  |   ✅ Saved: RR_07-15-2026.csv (37 rows)
19:02:18 | INFO  | 
Processing: JUNE 22, 2026.html
19:02:18 | INFO  |   ✅ Saved: RR_06-22-2026.csv (37 rows)
19:02:18 | INFO  | 
Processing: JUNE 10, 2026.html
19:02:18 | INFO  |   ✅ Saved: RR_06-10-2026.csv (36 rows)
19:02:18 | INFO  | 
Processing: JULY 17, 2026.html
19:02:18 | INFO  |   ✅ Saved: RR_07-17-2026.csv (38 rows)
19:02:18 | INFO  | 
Processing: JULY 14, 2026.html
19:02:18 | INFO  |   ✅ Saved: RR_07-14-2026.csv (37 rows)
19:02:18 | INFO  | 
Processing: JUNE 23, 2026.html
19:02:18 | INFO  |   ✅ Saved: RR_06-23-2026.csv (37 rows)
19:02:18 | INFO  | 
Processing: JULY 21, 2026.html
19:02:18 | INFO  |   ✅ Saved: RR_07-21-2026.csv (38 rows)
19:02:18 | INFO  | 
Processing: JULY 7, 2026.html
19:02:18 | INFO  |   ✅ Saved: RR_07-07-2026.csv (37 rows)
19:02:18 | INFO  | 
Processing: JUNE 9, 2026.html
19:02:19 | INFO  |   ✅ Saved: RR_06-09-2026.csv (36 rows)
19:02:19 | INFO  | 
Processing: JULY 20, 2026.html
19:02:19 | INFO  |   ✅ Saved: RR_07-20-2026.csv (38 rows)
19:02:19 | INFO  | 
Processing: JULY 2, 2026.html
19:02:19 | INFO  |   ✅ Saved: RR_07-02-2026.csv (38 rows)
19:02:19 | INFO  | 
Processing: JUNE 5, 2026.html
19:02:19 | INFO  |   ✅ Saved: RR_06-05-2026.csv (37 rows)
19:02:19 | INFO  | 
Processing: JULY 22, 2026.html
19:02:19 | INFO  |   ✅ Saved: RR_07-22-2026.csv (38 rows)
19:02:19 | INFO  | 
Processing: JUNE 11, 2026.html
19:02:19 | INFO  |   ✅ Saved: RR_06-11-2026.csv (36 rows)
19:02:19 | INFO  | 
Processing: JULY 10, 2026.html
19:02:19 | INFO  |   ✅ Saved: RR_07-10-2026.csv (37 rows)
19:02:19 | INFO  | 
Processing: JULY 9, 2026.html
19:02:19 | INFO  |   ✅ Saved: RR_07-09-2026.csv (37 rows)
19:02:19 | INFO  | 
Processing: JUNE 4, 2026.html
19:02:19 | INFO  |   ✅ Saved: RR_06-04-2026.csv (37 rows)
19:02:19 | INFO  | 
Processing: JUNE 15, 2026.html
19:02:19 | INFO  |   ✅ Saved: RR_06-15-2026.csv (36 rows)
19:02:19 | INFO  | 
Processing: JUNE 16, 2026.html
19:02:20 | INFO  |   ✅ Saved: RR_06-16-2026.csv (36 rows)
19:02:20 | INFO  | 
Processing: JUNE 29, 2026.html
19:02:20 | INFO  |   ✅ Saved: RR_06-29-2026.csv (38 rows)
19:02:20 | INFO  | 
Processing: JUNE 12, 2026.html
19:02:20 | INFO  |   ✅ Saved: RR_06-12-2026.csv (36 rows)
19:02:20 | INFO  | 
Processing: JULY 24, 2026.html
19:02:20 | INFO  |   ✅ Saved: RR_07-24-2026.csv (38 rows)
19:02:20 | INFO  | 
Processing: JUNE 30, 2026.html
19:02:20 | INFO  |   ✅ Saved: RR_06-30-2026.csv (38 rows)
19:02:20 | INFO  | 
Processing: JULY 16, 2026.html
19:02:20 | INFO  |   ✅ Saved: RR_07-16-2026.csv (37 rows)
19:02:20 | INFO  | 
Processing: JULY 6, 2026.html
19:02:20 | INFO  |   ✅ Saved: RR_07-06-2026.csv (37 rows)
19:02:20 | INFO  | 
Processing: JUNE 24, 2026.html
19:02:20 | INFO  |   ✅ Saved: RR_06-24-2026.csv (37 rows)
19:02:20 | INFO  | 
Processing: JUNE 17, 2026.html
19:02:20 | INFO  |   ✅ Saved: RR_06-17-2026.csv (36 rows)
19:02:20 | INFO  | 
Processing: JULY 13, 2026.html
19:02:20 | INFO  |   ✅ Saved: RR_07-13-2026.csv (37 rows)
19:02:20 | INFO  | 
Processing: JUNE 26, 2026.html
19:02:21 | INFO  |   ✅ Saved: RR_06-26-2026.csv (38 rows)
19:02:21 | INFO  | 
Processing: JUNE 18, 2026.html
19:02:21 | INFO  |   ✅ Saved: RR_06-18-2026.csv (37 rows)
19:02:21 | INFO  | 
Processing: JUNE 25, 2026.html
19:02:21 | INFO  |   ✅ Saved: RR_06-25-2026.csv (38 rows)
19:02:21 | INFO  | 
Processing: JULY 8, 2026.html
19:02:21 | INFO  |   ✅ Saved: RR_07-08-2026.csv (37 rows)
19:02:21 | INFO  | 
Processing: JULY 1, 2026.html
19:02:21 | INFO  |   ✅ Saved: RR_07-01-2026.csv (38 rows)
19:02:21 | INFO  | 
✅ HTML parsing complete: 35 success, 0 errors
19:02:21 | INFO  | 
======================================================================
19:02:21 | INFO  | STAGE 2: MASTER AGGREGATION
19:02:21 | INFO  | ======================================================================
19:02:21 | INFO  | ✅ Backed up master to: risk_ranges_master_backup_20260726_190221.csv
19:02:21 | INFO  | Loaded existing master: 74,204 rows
19:02:21 | INFO  |   Loaded: RR_07-23-2026.csv (38 rows)
19:02:21 | INFO  |   Loaded: RR_06-08-2026.csv (37 rows)
19:02:21 | INFO  |   Loaded: RR_07-15-2026.csv (37 rows)
19:02:21 | INFO  |   Loaded: RR_06-22-2026.csv (37 rows)
19:02:21 | INFO  |   Loaded: RR_06-10-2026.csv (36 rows)
19:02:21 | INFO  |   Loaded: RR_07-17-2026.csv (38 rows)
19:02:21 | INFO  |   Loaded: RR_07-14-2026.csv (37 rows)
19:02:21 | INFO  |   Loaded: RR_06-23-2026.csv (37 rows)
19:02:21 | INFO  |   Loaded: RR_07-21-2026.csv (38 rows)
19:02:21 | INFO  |   Loaded: RR_07-07-2026.csv (37 rows)
19:02:21 | INFO  |   Loaded: RR_06-09-2026.csv (36 rows)
19:02:21 | INFO  |   Loaded: RR_07-20-2026.csv (38 rows)
19:02:21 | INFO  |   Loaded: RR_07-02-2026.csv (38 rows)
19:02:21 | INFO  |   Loaded: RR_06-05-2026.csv (37 rows)
19:02:21 | INFO  |   Loaded: RR_07-22-2026.csv (38 rows)
19:02:21 | INFO  |   Loaded: RR_06-11-2026.csv (36 rows)
19:02:21 | INFO  |   Loaded: RR_07-10-2026.csv (37 rows)
19:02:21 | INFO  |   Loaded: RR_07-09-2026.csv (37 rows)
19:02:21 | INFO  |   Loaded: RR_06-04-2026.csv (37 rows)
19:02:21 | INFO  |   Loaded: RR_06-15-2026.csv (36 rows)
19:02:21 | INFO  |   Loaded: RR_06-16-2026.csv (36 rows)
19:02:21 | INFO  |   Loaded: RR_06-29-2026.csv (38 rows)
19:02:21 | INFO  |   Loaded: RR_06-12-2026.csv (36 rows)
19:02:21 | INFO  |   Loaded: RR_07-24-2026.csv (38 rows)
19:02:21 | INFO  |   Loaded: RR_06-30-2026.csv (38 rows)
19:02:21 | INFO  |   Loaded: RR_07-16-2026.csv (37 rows)
19:02:21 | INFO  |   Loaded: RR_07-06-2026.csv (37 rows)
19:02:21 | INFO  |   Loaded: RR_06-24-2026.csv (37 rows)
19:02:21 | INFO  |   Loaded: RR_06-17-2026.csv (36 rows)
19:02:21 | INFO  |   Loaded: RR_07-13-2026.csv (37 rows)
19:02:21 | INFO  |   Loaded: RR_06-26-2026.csv (38 rows)
19:02:21 | INFO  |   Loaded: RR_06-18-2026.csv (37 rows)
19:02:21 | INFO  |   Loaded: RR_06-25-2026.csv (38 rows)
19:02:21 | INFO  |   Loaded: RR_07-08-2026.csv (37 rows)
19:02:21 | INFO  |   Loaded: RR_07-01-2026.csv (38 rows)
19:02:21 | INFO  | Combined new data: 1300 rows
19:02:21 | INFO  | Removed 1262 duplicate entries
19:02:21 | INFO  | ✅ Saved master CSV: 74,242 total rows
19:02:21 | INFO  |    Date range: 2017-01-03 to 2026-07-24
19:02:21 | INFO  | 
======================================================================
19:02:21 | INFO  | STAGE 3: TICKER SUBSETTING
19:02:21 | INFO  | ======================================================================
19:02:21 | INFO  | Loaded master: 74,242 rows
19:02:21 | INFO  | Creating subsets for 9 tickers
19:02:21 | INFO  |   ✅ UST10Y: 2374 rows | 2017-01-03 to 2026-07-24
19:02:21 | INFO  |   ✅ SPX: 2374 rows | 2017-01-03 to 2026-07-24
19:02:21 | INFO  |   ✅ COMPQ: 2374 rows | 2017-01-03 to 2026-07-24
19:02:22 | INFO  |   ✅ RUT: 2373 rows | 2017-01-03 to 2026-07-24
19:02:22 | INFO  |   ✅ VIX: 2374 rows | 2017-01-03 to 2026-07-24
19:02:22 | INFO  |   ✅ USD: 2374 rows | 2017-01-03 to 2026-07-24
19:02:22 | INFO  |   ✅ GOLD: 2372 rows | 2017-01-03 to 2026-07-24
19:02:22 | INFO  |   ✅ AAPL: 2372 rows | 2017-01-03 to 2026-07-24
19:02:22 | INFO  |   ✅ BITCOIN: 743 rows | 2023-08-01 to 2026-07-24
19:02:22 | INFO  | ✅ Ticker subsetting complete
19:02:22 | INFO  | 
======================================================================
19:02:22 | INFO  | STAGE 4: ENRICHMENT
19:02:22 | INFO  | ======================================================================
19:02:22 | INFO  | Enriching 9 tickers
19:02:22 | INFO  | 
──────────────────────────────────────────────────────────────────────
19:02:22 | INFO  | Enriching: SPX
19:02:22 | INFO  | ──────────────────────────────────────────────────────────────────────
19:02:22 | INFO  |   Loaded 2374 rows from SPX.csv
19:02:22 | INFO  |   Yahoo ticker: ^GSPC
19:02:22 | INFO  |   OHLC prefix: GSPC
19:02:22 | INFO  |   Vol prefix: VIX
19:02:22 | INFO  |   Downloading ^GSPC OHLC...
19:02:22 | INFO  |     Downloaded 2402 days (2017-01-03 to 2026-07-24)
19:02:22 | INFO  |   Downloading ^VIX volatility...
19:02:22 | INFO  |     Downloaded 2402 days (2017-01-03 to 2026-07-23)
19:02:22 | WARNING |   ⚠️  28 trading days missing from original CSV
19:02:22 | INFO  |   ✓ Enrichment complete: 2402 rows
19:02:22 | INFO  |   ✅ Saved: SPX_enriched.csv (2402 rows)
19:02:22 | WARNING |   ⚠️  28 rows need manual update
19:02:22 | INFO  | 
──────────────────────────────────────────────────────────────────────
19:02:22 | INFO  | Enriching: GOLD
19:02:22 | INFO  | ──────────────────────────────────────────────────────────────────────
19:02:22 | INFO  |   Loaded 2372 rows from GOLD.csv
19:02:22 | INFO  |   Yahoo ticker: GC=F
19:02:22 | INFO  |   OHLC prefix: GC
19:02:22 | INFO  |   Vol prefix: GVZ
19:02:22 | INFO  |   Downloading GC=F OHLC...
19:02:22 | INFO  |     Downloaded 2404 days (2017-01-03 to 2026-07-26)
19:02:22 | INFO  |   Downloading ^GVZ volatility...
19:02:22 | INFO  |     Downloaded 2401 days (2017-01-03 to 2026-07-23)
19:02:22 | WARNING |   ⚠️  33 trading days missing from original CSV
19:02:22 | INFO  |   ✓ Enrichment complete: 2404 rows
19:02:22 | INFO  |   ✅ Saved: GOLD_enriched.csv (2404 rows)
19:02:22 | WARNING |   ⚠️  33 rows need manual update
19:02:22 | INFO  | 
──────────────────────────────────────────────────────────────────────
19:02:22 | INFO  | Enriching: UST10Y
19:02:22 | INFO  | ──────────────────────────────────────────────────────────────────────
19:02:23 | INFO  |   Loaded 2374 rows from UST10Y.csv
19:02:23 | INFO  |   Yahoo ticker: ^TNX
19:02:23 | INFO  |   OHLC prefix: TNX
19:02:23 | INFO  |   Vol prefix: VIX
19:02:23 | INFO  |   Downloading ^TNX OHLC...
19:02:23 | INFO  |     Downloaded 2401 days (2017-01-03 to 2026-07-23)
19:02:23 | INFO  |   Downloading ^VIX volatility...
19:02:23 | INFO  |     Downloaded 2402 days (2017-01-03 to 2026-07-23)
19:02:23 | WARNING |   ⚠️  28 trading days missing from original CSV
19:02:23 | INFO  |   ✓ Enrichment complete: 2401 rows
19:02:23 | INFO  |   ✅ Saved: UST10Y_enriched.csv (2401 rows)
19:02:23 | WARNING |   ⚠️  28 rows need manual update
19:02:23 | INFO  | 
──────────────────────────────────────────────────────────────────────
19:02:23 | INFO  | Enriching: COMPQ
19:02:23 | INFO  | ──────────────────────────────────────────────────────────────────────
19:02:23 | INFO  |   Loaded 2374 rows from COMPQ.csv
19:02:23 | INFO  |   Yahoo ticker: ^IXIC
19:02:23 | INFO  |   OHLC prefix: IXIC
19:02:23 | INFO  |   Vol prefix: VIX
19:02:23 | INFO  |   Downloading ^IXIC OHLC...
19:02:23 | INFO  |     Downloaded 2402 days (2017-01-03 to 2026-07-24)
19:02:23 | INFO  |   Downloading ^VIX volatility...
19:02:23 | INFO  |     Downloaded 2402 days (2017-01-03 to 2026-07-23)
19:02:23 | WARNING |   ⚠️  28 trading days missing from original CSV
19:02:23 | INFO  |   ✓ Enrichment complete: 2402 rows
19:02:23 | INFO  |   ✅ Saved: COMPQ_enriched.csv (2402 rows)
19:02:23 | WARNING |   ⚠️  28 rows need manual update
19:02:23 | INFO  | 
──────────────────────────────────────────────────────────────────────
19:02:23 | INFO  | Enriching: RUT
19:02:23 | INFO  | ──────────────────────────────────────────────────────────────────────
19:02:23 | INFO  |   Loaded 2373 rows from RUT.csv
19:02:23 | INFO  |   Yahoo ticker: ^RUT
19:02:23 | INFO  |   OHLC prefix: RUT
19:02:23 | INFO  |   Vol prefix: VIX
19:02:23 | INFO  |   Downloading ^RUT OHLC...
19:02:23 | INFO  |     Downloaded 2401 days (2017-01-03 to 2026-07-23)
19:02:23 | INFO  |   Downloading ^VIX volatility...
19:02:23 | INFO  |     Downloaded 2402 days (2017-01-03 to 2026-07-23)
19:02:24 | WARNING |   ⚠️  29 trading days missing from original CSV
19:02:24 | INFO  |   ✓ Enrichment complete: 2401 rows
19:02:24 | INFO  |   ✅ Saved: RUT_enriched.csv (2401 rows)
19:02:24 | WARNING |   ⚠️  29 rows need manual update
19:02:24 | INFO  | 
──────────────────────────────────────────────────────────────────────
19:02:24 | INFO  | Enriching: VIX
19:02:24 | INFO  | ──────────────────────────────────────────────────────────────────────
19:02:24 | INFO  |   Loaded 2374 rows from VIX.csv
19:02:24 | INFO  |   Yahoo ticker: ^VIX
19:02:24 | INFO  |   OHLC prefix: VIX
19:02:24 | INFO  |   Vol prefix: VIXI
19:02:24 | INFO  |   Downloading ^VIX OHLC...
19:02:24 | INFO  |     Downloaded 2402 days (2017-01-03 to 2026-07-23)
19:02:24 | INFO  |   Downloading ^VIX volatility...
19:02:24 | INFO  |     Downloaded 2402 days (2017-01-03 to 2026-07-23)
19:02:24 | WARNING |   ⚠️  29 trading days missing from original CSV
19:02:24 | INFO  |   ✓ Enrichment complete: 2402 rows
19:02:24 | INFO  |   ✅ Saved: VIX_enriched.csv (2402 rows)
19:02:24 | WARNING |   ⚠️  29 rows need manual update
19:02:24 | INFO  | 
──────────────────────────────────────────────────────────────────────
19:02:24 | INFO  | Enriching: USD
19:02:24 | INFO  | ──────────────────────────────────────────────────────────────────────
19:02:24 | INFO  |   Loaded 2374 rows from USD.csv
19:02:24 | INFO  |   Yahoo ticker: DX-Y.NYB
19:02:24 | INFO  |   OHLC prefix: DX
19:02:24 | INFO  |   Vol prefix: VIX
19:02:24 | INFO  |   Downloading DX-Y.NYB OHLC...
19:02:24 | INFO  |     Downloaded 2404 days (2017-01-03 to 2026-07-26)
19:02:24 | INFO  |   Downloading ^VIX volatility...
19:02:24 | INFO  |     Downloaded 2402 days (2017-01-03 to 2026-07-23)
19:02:24 | WARNING |   ⚠️  31 trading days missing from original CSV
19:02:24 | INFO  |   ✓ Enrichment complete: 2404 rows
19:02:24 | INFO  |   ✅ Saved: USD_enriched.csv (2404 rows)
19:02:24 | WARNING |   ⚠️  31 rows need manual update
19:02:24 | INFO  | 
──────────────────────────────────────────────────────────────────────
19:02:24 | INFO  | Enriching: AAPL
19:02:24 | INFO  | ──────────────────────────────────────────────────────────────────────
19:02:24 | INFO  |   Loaded 2372 rows from AAPL.csv
19:02:24 | INFO  |   Yahoo ticker: AAPL
19:02:24 | INFO  |   OHLC prefix: AAPL
19:02:24 | INFO  |   Vol prefix: VIX
19:02:24 | INFO  |   Downloading AAPL OHLC...
19:02:24 | INFO  |     Downloaded 2402 days (2017-01-03 to 2026-07-24)
19:02:24 | INFO  |   Downloading ^VIX volatility...
19:02:25 | INFO  |     Downloaded 2402 days (2017-01-03 to 2026-07-23)
19:02:25 | WARNING |   ⚠️  30 trading days missing from original CSV
19:02:25 | INFO  |   ✓ Enrichment complete: 2402 rows
19:02:25 | INFO  |   ✅ Saved: AAPL_enriched.csv (2402 rows)
19:02:25 | WARNING |   ⚠️  30 rows need manual update
19:02:25 | INFO  | 
──────────────────────────────────────────────────────────────────────
19:02:25 | INFO  | Enriching: BITCOIN
19:02:25 | INFO  | ──────────────────────────────────────────────────────────────────────
19:02:25 | INFO  |   Loaded 743 rows from BITCOIN.csv
19:02:25 | INFO  |   ⚠️  Row count changed (3493 → 743) - re-enriching
19:02:25 | INFO  |   Yahoo ticker: BTC-USD
19:02:25 | INFO  |   OHLC prefix: BTC
19:02:25 | INFO  |   Vol prefix: VIX
19:02:25 | INFO  |   Downloading BTC-USD OHLC...
19:02:25 | INFO  |     Downloaded 3493 days (2017-01-02 to 2026-07-26)
19:02:25 | INFO  |   Downloading ^VIX volatility...
19:02:25 | INFO  |     Downloaded 2402 days (2017-01-03 to 2026-07-23)
19:02:25 | WARNING |   ⚠️  2750 trading days missing from original CSV
19:02:25 | INFO  |   ✓ Enrichment complete: 3493 rows
19:02:25 | INFO  |   ✅ Saved: BITCOIN_enriched.csv (3493 rows)
19:02:25 | WARNING |   ⚠️  2750 rows need manual update
19:02:25 | INFO  | 
======================================================================
19:02:25 | INFO  | ✅ Enrichment complete:
19:02:25 | INFO  |    Success: 9
19:02:25 | INFO  |    Skipped (up-to-date): 0
19:02:25 | INFO  |    Errors:  0
19:02:25 | INFO  | ======================================================================
19:02:25 | INFO  | 
======================================================================
19:02:25 | INFO  | ✅ PIPELINE COMPLETE
19:02:25 | INFO  | ======================================================================
