09:45:26 | INFO  | ======================================================================
09:45:26 | INFO  | ETL PIPELINE START
09:45:26 | INFO  | ======================================================================
09:45:26 | INFO  | 
📋 PIPELINE PLAN:
09:45:26 | INFO  |    HTML Files: 56 new / 56 total
09:45:26 | INFO  |    Master needs propagation: False
09:45:26 | INFO  | 
======================================================================
09:45:26 | INFO  | STAGE 1: HTML PARSING
09:45:26 | INFO  | ======================================================================
09:45:26 | INFO  | 
Processing: AUGUST 19, 2026.html
09:45:26 | INFO  |   ✅ Saved: RR_08-19-2026.csv (37 rows)
09:45:26 | INFO  | 
Processing: JULY 1, 2026.html
09:45:26 | INFO  |   ✅ Saved: RR_07-01-2026.csv (38 rows)
09:45:26 | INFO  | 
Processing: AUGUST 24, 2026.html
09:45:26 | INFO  |   ✅ Saved: RR_08-24-2026.csv (37 rows)
09:45:26 | INFO  | 
Processing: AUGUST 10, 2026.html
09:45:26 | INFO  |   ✅ Saved: RR_08-10-2026.csv (37 rows)
09:45:26 | INFO  | 
Processing: JULY 22, 2026.html
09:45:26 | INFO  |   ✅ Saved: RR_07-22-2026.csv (38 rows)
09:45:26 | INFO  | 
Processing: AUGUST 21, 2026.html
09:45:27 | INFO  |   ✅ Saved: RR_08-21-2026.csv (37 rows)
09:45:27 | INFO  | 
Processing: JUNE 9, 2026.html
09:45:27 | INFO  |   ✅ Saved: RR_06-09-2026.csv (36 rows)
09:45:27 | INFO  | 
Processing: JUNE 4, 2026.html
09:45:27 | INFO  |   ✅ Saved: RR_06-04-2026.csv (37 rows)
09:45:27 | INFO  | 
Processing: JUNE 11, 2026.html
09:45:27 | INFO  |   ✅ Saved: RR_06-11-2026.csv (36 rows)
09:45:27 | INFO  | 
Processing: JUNE 25, 2026.html
09:45:27 | INFO  |   ✅ Saved: RR_06-25-2026.csv (38 rows)
09:45:27 | INFO  | 
Processing: AUGUST 7, 2026.html
09:45:27 | INFO  |   ✅ Saved: RR_08-07-2026.csv (37 rows)
09:45:27 | INFO  | 
Processing: JUNE 17, 2026.html
09:45:27 | INFO  |   ✅ Saved: RR_06-17-2026.csv (36 rows)
09:45:27 | INFO  | 
Processing: JULY 24, 2026.html
09:45:27 | INFO  |   ✅ Saved: RR_07-24-2026.csv (38 rows)
09:45:27 | INFO  | 
Processing: JULY 21, 2026.html
09:45:27 | INFO  |   ✅ Saved: RR_07-21-2026.csv (38 rows)
09:45:27 | INFO  | 
Processing: AUGUST 17, 2026.html
09:45:27 | INFO  |   ✅ Saved: RR_08-17-2026.csv (37 rows)
09:45:27 | INFO  | 
Processing: AUGUST 20, 2026.html
09:45:27 | INFO  |   ✅ Saved: RR_08-20-2026.csv (37 rows)
09:45:27 | INFO  | 
Processing: JUNE 16, 2026.html
09:45:27 | INFO  |   ✅ Saved: RR_06-16-2026.csv (36 rows)
09:45:27 | INFO  | 
Processing: JULY 23, 2026.html
09:45:27 | INFO  |   ✅ Saved: RR_07-23-2026.csv (38 rows)
09:45:27 | INFO  | 
Processing: AUGUST 13, 2026.html
09:45:27 | INFO  |   ✅ Saved: RR_08-13-2026.csv (37 rows)
09:45:27 | INFO  | 
Processing: JUNE 23, 2026.html
09:45:28 | INFO  |   ✅ Saved: RR_06-23-2026.csv (37 rows)
09:45:28 | INFO  | 
Processing: JUNE 12, 2026.html
09:45:28 | INFO  |   ✅ Saved: RR_06-12-2026.csv (36 rows)
09:45:28 | INFO  | 
Processing: JUNE 8, 2026.html
09:45:28 | INFO  |   ✅ Saved: RR_06-08-2026.csv (37 rows)
09:45:28 | INFO  | 
Processing: JULY 6, 2026.html
09:45:28 | INFO  |   ✅ Saved: RR_07-06-2026.csv (37 rows)
09:45:28 | INFO  | 
Processing: JUNE 22, 2026.html
09:45:28 | INFO  |   ✅ Saved: RR_06-22-2026.csv (37 rows)
09:45:28 | INFO  | 
Processing: JUNE 15, 2026.html
09:45:28 | INFO  |   ✅ Saved: RR_06-15-2026.csv (36 rows)
09:45:28 | INFO  | 
Processing: AUGUST 6, 2026.html
09:45:28 | INFO  |   ✅ Saved: RR_08-06-2026.csv (37 rows)
09:45:28 | INFO  | 
Processing: JULY 13, 2026.html
09:45:28 | INFO  |   ✅ Saved: RR_07-13-2026.csv (37 rows)
09:45:28 | INFO  | 
Processing: JUNE 5, 2026.html
09:45:28 | INFO  |   ✅ Saved: RR_06-05-2026.csv (37 rows)
09:45:28 | INFO  | 
Processing: AUGUST 11, 2026.html
09:45:28 | INFO  |   ✅ Saved: RR_08-11-2026.csv (37 rows)
09:45:28 | INFO  | 
Processing: JULY 8, 2026.html
09:45:28 | INFO  |   ✅ Saved: RR_07-08-2026.csv (37 rows)
09:45:28 | INFO  | 
Processing: JUNE 26, 2026.html
09:45:28 | INFO  |   ✅ Saved: RR_06-26-2026.csv (38 rows)
09:45:28 | INFO  | 
Processing: JULY 16, 2026.html
09:45:28 | INFO  |   ✅ Saved: RR_07-16-2026.csv (37 rows)
09:45:28 | INFO  | 
Processing: JULY 31, 2026.html
09:45:28 | INFO  |   ✅ Saved: RR_07-31-2026.csv (37 rows)
09:45:28 | INFO  | 
Processing: JUNE 10, 2026.html
09:45:29 | INFO  |   ✅ Saved: RR_06-10-2026.csv (36 rows)
09:45:29 | INFO  | 
Processing: JULY 2, 2026.html
09:45:29 | INFO  |   ✅ Saved: RR_07-02-2026.csv (38 rows)
09:45:29 | INFO  | 
Processing: AUGUST 3, 2026.html
09:45:29 | INFO  |   ✅ Saved: RR_08-03-2026.csv (37 rows)
09:45:29 | INFO  | 
Processing: JULY 7, 2026.html
09:45:29 | INFO  |   ✅ Saved: RR_07-07-2026.csv (37 rows)
09:45:29 | INFO  | 
Processing: AUGUST 18, 2026.html
09:45:29 | INFO  |   ✅ Saved: RR_08-18-2026.csv (37 rows)
09:45:29 | INFO  | 
Processing: JULY 17, 2026.html
09:45:29 | INFO  |   ✅ Saved: RR_07-17-2026.csv (38 rows)
09:45:29 | INFO  | 
Processing: JULY 20, 2026.html
09:45:29 | INFO  |   ✅ Saved: RR_07-20-2026.csv (38 rows)
09:45:29 | INFO  | 
Processing: JUNE 29, 2026.html
09:45:29 | INFO  |   ✅ Saved: RR_06-29-2026.csv (38 rows)
09:45:29 | INFO  | 
Processing: JULY 30, 2026.html
09:45:29 | INFO  |   ✅ Saved: RR_07-30-2026.csv (38 rows)
09:45:29 | INFO  | 
Processing: AUGUST 4, 2026.html
09:45:29 | INFO  |   ✅ Saved: RR_08-04-2026.csv (37 rows)
09:45:29 | INFO  | 
Processing: JUNE 30, 2026.html
09:45:29 | INFO  |   ✅ Saved: RR_06-30-2026.csv (38 rows)
09:45:29 | INFO  | 
Processing: AUGUST 14, 2026.html
09:45:29 | INFO  |   ✅ Saved: RR_08-14-2026.csv (37 rows)
09:45:29 | INFO  | 
Processing: JUNE 24, 2026.html
09:45:29 | INFO  |   ✅ Saved: RR_06-24-2026.csv (37 rows)
09:45:29 | INFO  | 
Processing: JULY 9, 2026.html
09:45:30 | INFO  |   ✅ Saved: RR_07-09-2026.csv (37 rows)
09:45:30 | INFO  | 
Processing: AUGUST 12, 2026.html
09:45:30 | INFO  |   ✅ Saved: RR_08-12-2026.csv (37 rows)
09:45:30 | INFO  | 
Processing: JUNE 18, 2026.html
09:45:30 | INFO  |   ✅ Saved: RR_06-18-2026.csv (37 rows)
09:45:30 | INFO  | 
Processing: JULY 10, 2026.html
09:45:30 | INFO  |   ✅ Saved: RR_07-10-2026.csv (37 rows)
09:45:30 | INFO  | 
Processing: JULY 29, 2026.html
09:45:30 | INFO  |   ✅ Saved: RR_07-29-2026.csv (38 rows)
09:45:30 | INFO  | 
Processing: JULY 15, 2026.html
09:45:30 | INFO  |   ✅ Saved: RR_07-15-2026.csv (37 rows)
09:45:30 | INFO  | 
Processing: JULY 28, 2026.html
09:45:30 | INFO  |   ✅ Saved: RR_07-28-2026.csv (38 rows)
09:45:30 | INFO  | 
Processing: AUGUST 5, 2026.html
09:45:30 | INFO  |   ✅ Saved: RR_08-05-2026.csv (37 rows)
09:45:30 | INFO  | 
Processing: JULY 14, 2026.html
09:45:30 | INFO  |   ✅ Saved: RR_07-14-2026.csv (37 rows)
09:45:30 | INFO  | 
Processing: JULY 27, 2026.html
09:45:30 | INFO  |   ✅ Saved: RR_07-27-2026.csv (38 rows)
09:45:30 | INFO  | 
✅ HTML parsing complete: 56 success, 0 errors
09:45:30 | INFO  | 
======================================================================
09:45:30 | INFO  | STAGE 2: MASTER AGGREGATION
09:45:30 | INFO  | ======================================================================
09:45:30 | INFO  | ✅ Backed up master to: risk_ranges_master_backup_20260824_094530.csv
09:45:30 | INFO  | Loaded existing master: 75,023 rows
09:45:30 | INFO  |   Loaded: RR_08-19-2026.csv (37 rows)
09:45:30 | INFO  |   Loaded: RR_07-01-2026.csv (38 rows)
09:45:30 | INFO  |   Loaded: RR_08-24-2026.csv (37 rows)
09:45:30 | INFO  |   Loaded: RR_08-10-2026.csv (37 rows)
09:45:30 | INFO  |   Loaded: RR_07-22-2026.csv (38 rows)
09:45:30 | INFO  |   Loaded: RR_08-21-2026.csv (37 rows)
09:45:30 | INFO  |   Loaded: RR_06-09-2026.csv (36 rows)
09:45:30 | INFO  |   Loaded: RR_06-04-2026.csv (37 rows)
09:45:30 | INFO  |   Loaded: RR_06-11-2026.csv (36 rows)
09:45:30 | INFO  |   Loaded: RR_06-25-2026.csv (38 rows)
09:45:30 | INFO  |   Loaded: RR_08-07-2026.csv (37 rows)
09:45:30 | INFO  |   Loaded: RR_06-17-2026.csv (36 rows)
09:45:30 | INFO  |   Loaded: RR_07-24-2026.csv (38 rows)
09:45:30 | INFO  |   Loaded: RR_07-21-2026.csv (38 rows)
09:45:30 | INFO  |   Loaded: RR_08-17-2026.csv (37 rows)
09:45:30 | INFO  |   Loaded: RR_08-20-2026.csv (37 rows)
09:45:30 | INFO  |   Loaded: RR_06-16-2026.csv (36 rows)
09:45:30 | INFO  |   Loaded: RR_07-23-2026.csv (38 rows)
09:45:30 | INFO  |   Loaded: RR_08-13-2026.csv (37 rows)
09:45:30 | INFO  |   Loaded: RR_06-23-2026.csv (37 rows)
09:45:30 | INFO  |   Loaded: RR_06-12-2026.csv (36 rows)
09:45:30 | INFO  |   Loaded: RR_06-08-2026.csv (37 rows)
09:45:30 | INFO  |   Loaded: RR_07-06-2026.csv (37 rows)
09:45:30 | INFO  |   Loaded: RR_06-22-2026.csv (37 rows)
09:45:30 | INFO  |   Loaded: RR_06-15-2026.csv (36 rows)
09:45:30 | INFO  |   Loaded: RR_08-06-2026.csv (37 rows)
09:45:30 | INFO  |   Loaded: RR_07-13-2026.csv (37 rows)
09:45:30 | INFO  |   Loaded: RR_06-05-2026.csv (37 rows)
09:45:30 | INFO  |   Loaded: RR_08-11-2026.csv (37 rows)
09:45:30 | INFO  |   Loaded: RR_07-08-2026.csv (37 rows)
09:45:30 | INFO  |   Loaded: RR_06-26-2026.csv (38 rows)
09:45:30 | INFO  |   Loaded: RR_07-16-2026.csv (37 rows)
09:45:30 | INFO  |   Loaded: RR_07-31-2026.csv (37 rows)
09:45:30 | INFO  |   Loaded: RR_06-10-2026.csv (36 rows)
09:45:30 | INFO  |   Loaded: RR_07-02-2026.csv (38 rows)
09:45:30 | INFO  |   Loaded: RR_08-03-2026.csv (37 rows)
09:45:30 | INFO  |   Loaded: RR_07-07-2026.csv (37 rows)
09:45:30 | INFO  |   Loaded: RR_08-18-2026.csv (37 rows)
09:45:30 | INFO  |   Loaded: RR_07-17-2026.csv (38 rows)
09:45:30 | INFO  |   Loaded: RR_07-20-2026.csv (38 rows)
09:45:30 | INFO  |   Loaded: RR_06-29-2026.csv (38 rows)
09:45:30 | INFO  |   Loaded: RR_07-30-2026.csv (38 rows)
09:45:30 | INFO  |   Loaded: RR_08-04-2026.csv (37 rows)
09:45:30 | INFO  |   Loaded: RR_06-30-2026.csv (38 rows)
09:45:30 | INFO  |   Loaded: RR_08-14-2026.csv (37 rows)
09:45:30 | INFO  |   Loaded: RR_06-24-2026.csv (37 rows)
09:45:30 | INFO  |   Loaded: RR_07-09-2026.csv (37 rows)
09:45:30 | INFO  |   Loaded: RR_08-12-2026.csv (37 rows)
09:45:30 | INFO  |   Loaded: RR_06-18-2026.csv (37 rows)
09:45:30 | INFO  |   Loaded: RR_07-10-2026.csv (37 rows)
09:45:30 | INFO  |   Loaded: RR_07-29-2026.csv (38 rows)
09:45:30 | INFO  |   Loaded: RR_07-15-2026.csv (37 rows)
09:45:30 | INFO  |   Loaded: RR_07-28-2026.csv (38 rows)
09:45:30 | INFO  |   Loaded: RR_08-05-2026.csv (37 rows)
09:45:30 | INFO  |   Loaded: RR_07-14-2026.csv (37 rows)
09:45:30 | INFO  |   Loaded: RR_07-27-2026.csv (38 rows)
09:45:30 | INFO  | Combined new data: 2081 rows
09:45:30 | INFO  | Removed 2081 duplicate entries
09:45:31 | INFO  | ✅ Saved master CSV: 75,023 total rows
09:45:31 | INFO  |    Date range: 2017-01-03 to 2026-08-24
09:45:31 | INFO  | 
======================================================================
09:45:31 | INFO  | STAGE 3: TICKER SUBSETTING
09:45:31 | INFO  | ======================================================================
09:45:31 | INFO  | Loaded master: 75,023 rows
09:45:31 | INFO  | Creating subsets for 9 tickers
09:45:31 | INFO  |   ✅ UST10Y: 2395 rows | 2017-01-03 to 2026-08-24
09:45:31 | INFO  |   ✅ SPX: 2395 rows | 2017-01-03 to 2026-08-24
09:45:31 | INFO  |   ✅ COMPQ: 2395 rows | 2017-01-03 to 2026-08-24
09:45:31 | INFO  |   ✅ RUT: 2394 rows | 2017-01-03 to 2026-08-24
09:45:31 | INFO  |   ✅ VIX: 2395 rows | 2017-01-03 to 2026-08-24
09:45:31 | INFO  |   ✅ USD: 2395 rows | 2017-01-03 to 2026-08-24
09:45:31 | INFO  |   ✅ GOLD: 2393 rows | 2017-01-03 to 2026-08-24
09:45:31 | INFO  |   ✅ AAPL: 2393 rows | 2017-01-03 to 2026-08-24
09:45:31 | INFO  |   ✅ BITCOIN: 764 rows | 2023-08-01 to 2026-08-24
09:45:31 | INFO  | ✅ Ticker subsetting complete
09:45:31 | INFO  | 
======================================================================
09:45:31 | INFO  | STAGE 4: ENRICHMENT
09:45:31 | INFO  | ======================================================================
09:45:31 | INFO  | Enriching 9 tickers
09:45:31 | INFO  | 
──────────────────────────────────────────────────────────────────────
09:45:31 | INFO  | Enriching: SPX
09:45:31 | INFO  | ──────────────────────────────────────────────────────────────────────
09:45:31 | INFO  |   Loaded 2395 rows from SPX.csv
09:45:31 | INFO  |   Yahoo ticker: ^GSPC
09:45:31 | INFO  |   OHLC prefix: GSPC
09:45:31 | INFO  |   Vol prefix: VIX
09:45:31 | INFO  |   Downloading ^GSPC OHLC...
09:45:31 | INFO  |     Downloaded 2423 days (2017-01-03 to 2026-08-24)
09:45:31 | INFO  |   Downloading ^VIX volatility...
09:45:32 | INFO  |     Downloaded 2424 days (2017-01-03 to 2026-08-24)
09:45:32 | WARNING |   ⚠️  28 trading days missing from original CSV
09:45:32 | INFO  |   ✓ Enrichment complete: 2423 rows
09:45:32 | INFO  |   ✅ Saved: SPX_enriched.csv (2423 rows)
09:45:32 | WARNING |   ⚠️  28 rows need manual update
09:45:32 | INFO  | 
──────────────────────────────────────────────────────────────────────
09:45:32 | INFO  | Enriching: GOLD
09:45:32 | INFO  | ──────────────────────────────────────────────────────────────────────
09:45:32 | INFO  |   Loaded 2393 rows from GOLD.csv
09:45:32 | INFO  |   Yahoo ticker: GC=F
09:45:32 | INFO  |   OHLC prefix: GC
09:45:32 | INFO  |   Vol prefix: GVZ
09:45:32 | INFO  |   Downloading GC=F OHLC...
09:45:32 | INFO  |     Downloaded 2424 days (2017-01-03 to 2026-08-24)
09:45:32 | INFO  |   Downloading ^GVZ volatility...
09:45:32 | INFO  |     Downloaded 2422 days (2017-01-03 to 2026-08-21)
09:45:32 | WARNING |   ⚠️  32 trading days missing from original CSV
09:45:32 | INFO  |   ✓ Enrichment complete: 2424 rows
09:45:32 | INFO  |   ✅ Saved: GOLD_enriched.csv (2424 rows)
09:45:32 | WARNING |   ⚠️  32 rows need manual update
09:45:32 | INFO  | 
──────────────────────────────────────────────────────────────────────
09:45:32 | INFO  | Enriching: UST10Y
09:45:32 | INFO  | ──────────────────────────────────────────────────────────────────────
09:45:32 | INFO  |   Loaded 2395 rows from UST10Y.csv
09:45:32 | INFO  |   Yahoo ticker: ^TNX
09:45:32 | INFO  |   OHLC prefix: TNX
09:45:32 | INFO  |   Vol prefix: VIX
09:45:32 | INFO  |   Downloading ^TNX OHLC...
09:45:33 | INFO  |     Downloaded 2423 days (2017-01-03 to 2026-08-24)
09:45:33 | INFO  |   Downloading ^VIX volatility...
09:45:33 | INFO  |     Downloaded 2424 days (2017-01-03 to 2026-08-24)
09:45:33 | WARNING |   ⚠️  28 trading days missing from original CSV
09:45:33 | INFO  |   ✓ Enrichment complete: 2423 rows
09:45:33 | INFO  |   ✅ Saved: UST10Y_enriched.csv (2423 rows)
09:45:33 | WARNING |   ⚠️  28 rows need manual update
09:45:33 | INFO  | 
──────────────────────────────────────────────────────────────────────
09:45:33 | INFO  | Enriching: COMPQ
09:45:33 | INFO  | ──────────────────────────────────────────────────────────────────────
09:45:33 | INFO  |   Loaded 2395 rows from COMPQ.csv
09:45:33 | INFO  |   Yahoo ticker: ^IXIC
09:45:33 | INFO  |   OHLC prefix: IXIC
09:45:33 | INFO  |   Vol prefix: VIX
09:45:33 | INFO  |   Downloading ^IXIC OHLC...
09:45:33 | INFO  |     Downloaded 2423 days (2017-01-03 to 2026-08-24)
09:45:33 | INFO  |   Downloading ^VIX volatility...
09:45:33 | INFO  |     Downloaded 2424 days (2017-01-03 to 2026-08-24)
09:45:33 | WARNING |   ⚠️  28 trading days missing from original CSV
09:45:33 | INFO  |   ✓ Enrichment complete: 2423 rows
09:45:33 | INFO  |   ✅ Saved: COMPQ_enriched.csv (2423 rows)
09:45:33 | WARNING |   ⚠️  28 rows need manual update
09:45:33 | INFO  | 
──────────────────────────────────────────────────────────────────────
09:45:33 | INFO  | Enriching: RUT
09:45:33 | INFO  | ──────────────────────────────────────────────────────────────────────
09:45:33 | INFO  |   Loaded 2394 rows from RUT.csv
09:45:33 | INFO  |   Yahoo ticker: ^RUT
09:45:33 | INFO  |   OHLC prefix: RUT
09:45:33 | INFO  |   Vol prefix: VIX
09:45:33 | INFO  |   Downloading ^RUT OHLC...
09:45:34 | INFO  |     Downloaded 2423 days (2017-01-03 to 2026-08-24)
09:45:34 | INFO  |   Downloading ^VIX volatility...
09:45:34 | INFO  |     Downloaded 2424 days (2017-01-03 to 2026-08-24)
09:45:34 | WARNING |   ⚠️  29 trading days missing from original CSV
09:45:34 | INFO  |   ✓ Enrichment complete: 2423 rows
09:45:34 | INFO  |   ✅ Saved: RUT_enriched.csv (2423 rows)
09:45:34 | WARNING |   ⚠️  29 rows need manual update
09:45:34 | INFO  | 
──────────────────────────────────────────────────────────────────────
09:45:34 | INFO  | Enriching: VIX
09:45:34 | INFO  | ──────────────────────────────────────────────────────────────────────
09:45:34 | INFO  |   Loaded 2395 rows from VIX.csv
09:45:34 | INFO  |   Yahoo ticker: ^VIX
09:45:34 | INFO  |   OHLC prefix: VIX
09:45:34 | INFO  |   Vol prefix: VIXI
09:45:34 | INFO  |   Downloading ^VIX OHLC...
09:45:34 | INFO  |     Downloaded 2424 days (2017-01-03 to 2026-08-24)
09:45:34 | INFO  |   Downloading ^VIX volatility...
09:45:34 | INFO  |     Downloaded 2424 days (2017-01-03 to 2026-08-24)
09:45:34 | WARNING |   ⚠️  29 trading days missing from original CSV
09:45:34 | INFO  |   ✓ Enrichment complete: 2424 rows
09:45:34 | INFO  |   ✅ Saved: VIX_enriched.csv (2424 rows)
09:45:34 | WARNING |   ⚠️  29 rows need manual update
09:45:34 | INFO  | 
──────────────────────────────────────────────────────────────────────
09:45:34 | INFO  | Enriching: USD
09:45:34 | INFO  | ──────────────────────────────────────────────────────────────────────
09:45:34 | INFO  |   Loaded 2395 rows from USD.csv
09:45:34 | INFO  |   Yahoo ticker: DX-Y.NYB
09:45:34 | INFO  |   OHLC prefix: DX
09:45:34 | INFO  |   Vol prefix: VIX
09:45:34 | INFO  |   Downloading DX-Y.NYB OHLC...
09:45:35 | INFO  |     Downloaded 2425 days (2017-01-03 to 2026-08-24)
09:45:35 | INFO  |   Downloading ^VIX volatility...
09:45:35 | INFO  |     Downloaded 2424 days (2017-01-03 to 2026-08-24)
09:45:35 | WARNING |   ⚠️  30 trading days missing from original CSV
09:45:35 | INFO  |   ✓ Enrichment complete: 2425 rows
09:45:35 | INFO  |   ✅ Saved: USD_enriched.csv (2425 rows)
09:45:35 | WARNING |   ⚠️  30 rows need manual update
09:45:35 | INFO  | 
──────────────────────────────────────────────────────────────────────
09:45:35 | INFO  | Enriching: AAPL
09:45:35 | INFO  | ──────────────────────────────────────────────────────────────────────
09:45:35 | INFO  |   Loaded 2393 rows from AAPL.csv
09:45:35 | INFO  |   Yahoo ticker: AAPL
09:45:35 | INFO  |   OHLC prefix: AAPL
09:45:35 | INFO  |   Vol prefix: VIX
09:45:35 | INFO  |   Downloading AAPL OHLC...
09:45:35 | INFO  |     Downloaded 2423 days (2017-01-03 to 2026-08-24)
09:45:35 | INFO  |   Downloading ^VIX volatility...
09:45:35 | INFO  |     Downloaded 2424 days (2017-01-03 to 2026-08-24)
09:45:35 | WARNING |   ⚠️  30 trading days missing from original CSV
09:45:35 | INFO  |   ✓ Enrichment complete: 2423 rows
09:45:35 | INFO  |   ✅ Saved: AAPL_enriched.csv (2423 rows)
09:45:35 | WARNING |   ⚠️  30 rows need manual update
09:45:35 | INFO  | 
──────────────────────────────────────────────────────────────────────
09:45:35 | INFO  | Enriching: BITCOIN
09:45:35 | INFO  | ──────────────────────────────────────────────────────────────────────
09:45:35 | INFO  |   Loaded 764 rows from BITCOIN.csv
09:45:35 | INFO  |   ⚠️  Row count changed (3522 → 764) - re-enriching
09:45:35 | INFO  |   Yahoo ticker: BTC-USD
09:45:35 | INFO  |   OHLC prefix: BTC
09:45:35 | INFO  |   Vol prefix: VIX
09:45:35 | INFO  |   Downloading BTC-USD OHLC...
09:45:36 | INFO  |     Downloaded 3522 days (2017-01-02 to 2026-08-24)
09:45:36 | INFO  |   Downloading ^VIX volatility...
09:45:36 | INFO  |     Downloaded 2424 days (2017-01-03 to 2026-08-24)
09:45:36 | WARNING |   ⚠️  2758 trading days missing from original CSV
09:45:36 | INFO  |   ✓ Enrichment complete: 3522 rows
09:45:36 | INFO  |   ✅ Saved: BITCOIN_enriched.csv (3522 rows)
09:45:36 | WARNING |   ⚠️  2758 rows need manual update
09:45:36 | INFO  | 
======================================================================
09:45:36 | INFO  | ✅ Enrichment complete:
09:45:36 | INFO  |    Success: 9
09:45:36 | INFO  |    Skipped (up-to-date): 0
09:45:36 | INFO  |    Errors:  0
09:45:36 | INFO  | ======================================================================
09:45:36 | INFO  | 
======================================================================
09:45:36 | INFO  | ✅ PIPELINE COMPLETE
09:45:36 | INFO  | ======================================================================
