11:11:50 | INFO  | ======================================================================
11:11:50 | INFO  | ETL PIPELINE START
11:11:50 | INFO  | ======================================================================
11:11:50 | INFO  | 
📋 PIPELINE PLAN:
11:11:50 | INFO  |    HTML Files: 44 new / 44 total
11:11:50 | INFO  |    Master needs propagation: False
11:11:50 | INFO  | 
======================================================================
11:11:50 | INFO  | STAGE 1: HTML PARSING
11:11:50 | INFO  | ======================================================================
11:11:50 | INFO  | 
Processing: JUNE 8, 2026.html
11:11:50 | INFO  |   ✅ Saved: RR_06-08-2026.csv (37 rows)
11:11:50 | INFO  | 
Processing: JULY 15, 2026.html
11:11:50 | INFO  |   ✅ Saved: RR_07-15-2026.csv (37 rows)
11:11:50 | INFO  | 
Processing: JULY 7, 2026.html
11:11:51 | INFO  |   ✅ Saved: RR_07-07-2026.csv (37 rows)
11:11:51 | INFO  | 
Processing: JULY 9, 2026.html
11:11:51 | INFO  |   ✅ Saved: RR_07-09-2026.csv (37 rows)
11:11:51 | INFO  | 
Processing: JUNE 29, 2026.html
11:11:51 | INFO  |   ✅ Saved: RR_06-29-2026.csv (38 rows)
11:11:51 | INFO  | 
Processing: JUNE 9, 2026.html
11:11:51 | INFO  |   ✅ Saved: RR_06-09-2026.csv (36 rows)
11:11:51 | INFO  | 
Processing: JUNE 17, 2026.html
11:11:51 | INFO  |   ✅ Saved: RR_06-17-2026.csv (36 rows)
11:11:51 | INFO  | 
Processing: JUNE 26, 2026.html
11:11:51 | INFO  |   ✅ Saved: RR_06-26-2026.csv (38 rows)
11:11:51 | INFO  | 
Processing: JULY 27, 2026.html
11:11:51 | INFO  |   ✅ Saved: RR_07-27-2026.csv (38 rows)
11:11:51 | INFO  | 
Processing: JULY 17, 2026.html
11:11:51 | INFO  |   ✅ Saved: RR_07-17-2026.csv (38 rows)
11:11:51 | INFO  | 
Processing: AUGUST 5, 2026.html
11:11:51 | INFO  |   ✅ Saved: RR_08-05-2026.csv (37 rows)
11:11:51 | INFO  | 
Processing: JUNE 4, 2026.html
11:11:51 | INFO  |   ✅ Saved: RR_06-04-2026.csv (37 rows)
11:11:51 | INFO  | 
Processing: JULY 2, 2026.html
11:11:52 | INFO  |   ✅ Saved: RR_07-02-2026.csv (38 rows)
11:11:52 | INFO  | 
Processing: JULY 30, 2026.html
11:11:52 | INFO  |   ✅ Saved: RR_07-30-2026.csv (38 rows)
11:11:52 | INFO  | 
Processing: JULY 13, 2026.html
11:11:52 | INFO  |   ✅ Saved: RR_07-13-2026.csv (37 rows)
11:11:52 | INFO  | 
Processing: JULY 8, 2026.html
11:11:52 | INFO  |   ✅ Saved: RR_07-08-2026.csv (37 rows)
11:11:52 | INFO  | 
Processing: JULY 1, 2026.html
11:11:52 | INFO  |   ✅ Saved: RR_07-01-2026.csv (38 rows)
11:11:52 | INFO  | 
Processing: JULY 14, 2026.html
11:11:52 | INFO  |   ✅ Saved: RR_07-14-2026.csv (37 rows)
11:11:52 | INFO  | 
Processing: JUNE 22, 2026.html
11:11:52 | INFO  |   ✅ Saved: RR_06-22-2026.csv (37 rows)
11:11:52 | INFO  | 
Processing: JULY 16, 2026.html
11:11:52 | INFO  |   ✅ Saved: RR_07-16-2026.csv (37 rows)
11:11:52 | INFO  | 
Processing: JULY 20, 2026.html
11:11:52 | INFO  |   ✅ Saved: RR_07-20-2026.csv (38 rows)
11:11:52 | INFO  | 
Processing: JUNE 11, 2026.html
11:11:52 | INFO  |   ✅ Saved: RR_06-11-2026.csv (36 rows)
11:11:52 | INFO  | 
Processing: JUNE 18, 2026.html
11:11:52 | INFO  |   ✅ Saved: RR_06-18-2026.csv (37 rows)
11:11:52 | INFO  | 
Processing: JULY 24, 2026.html
11:11:53 | INFO  |   ✅ Saved: RR_07-24-2026.csv (38 rows)
11:11:53 | INFO  | 
Processing: JULY 23, 2026.html
11:11:53 | INFO  |   ✅ Saved: RR_07-23-2026.csv (38 rows)
11:11:53 | INFO  | 
Processing: AUGUST 3, 2026.html
11:11:53 | INFO  |   ✅ Saved: RR_08-03-2026.csv (37 rows)
11:11:53 | INFO  | 
Processing: JUNE 25, 2026.html
11:11:53 | INFO  |   ✅ Saved: RR_06-25-2026.csv (38 rows)
11:11:53 | INFO  | 
Processing: JULY 10, 2026.html
11:11:53 | INFO  |   ✅ Saved: RR_07-10-2026.csv (37 rows)
11:11:53 | INFO  | 
Processing: JUNE 5, 2026.html
11:11:53 | INFO  |   ✅ Saved: RR_06-05-2026.csv (37 rows)
11:11:53 | INFO  | 
Processing: JUNE 23, 2026.html
11:11:53 | INFO  |   ✅ Saved: RR_06-23-2026.csv (37 rows)
11:11:53 | INFO  | 
Processing: JUNE 16, 2026.html
11:11:53 | INFO  |   ✅ Saved: RR_06-16-2026.csv (36 rows)
11:11:53 | INFO  | 
Processing: JUNE 15, 2026.html
11:11:53 | INFO  |   ✅ Saved: RR_06-15-2026.csv (36 rows)
11:11:53 | INFO  | 
Processing: JULY 22, 2026.html
11:11:53 | INFO  |   ✅ Saved: RR_07-22-2026.csv (38 rows)
11:11:53 | INFO  | 
Processing: JUNE 24, 2026.html
11:11:53 | INFO  |   ✅ Saved: RR_06-24-2026.csv (37 rows)
11:11:53 | INFO  | 
Processing: JULY 21, 2026.html
11:11:54 | INFO  |   ✅ Saved: RR_07-21-2026.csv (38 rows)
11:11:54 | INFO  | 
Processing: JULY 6, 2026.html
11:11:54 | INFO  |   ✅ Saved: RR_07-06-2026.csv (37 rows)
11:11:54 | INFO  | 
Processing: JUNE 12, 2026.html
11:11:54 | INFO  |   ✅ Saved: RR_06-12-2026.csv (36 rows)
11:11:54 | INFO  | 
Processing: JUNE 10, 2026.html
11:11:54 | INFO  |   ✅ Saved: RR_06-10-2026.csv (36 rows)
11:11:54 | INFO  | 
Processing: AUGUST 6, 2026.html
11:11:54 | INFO  |   ✅ Saved: RR_08-06-2026.csv (37 rows)
11:11:54 | INFO  | 
Processing: JULY 28, 2026.html
11:11:54 | INFO  |   ✅ Saved: RR_07-28-2026.csv (38 rows)
11:11:54 | INFO  | 
Processing: JULY 31, 2026.html
11:11:54 | INFO  |   ✅ Saved: RR_07-31-2026.csv (37 rows)
11:11:54 | INFO  | 
Processing: JUNE 30, 2026.html
11:11:54 | INFO  |   ✅ Saved: RR_06-30-2026.csv (38 rows)
11:11:54 | INFO  | 
Processing: JULY 29, 2026.html
11:11:54 | INFO  |   ✅ Saved: RR_07-29-2026.csv (38 rows)
11:11:54 | INFO  | 
Processing: AUGUST 4, 2026.html
11:11:54 | INFO  |   ✅ Saved: RR_08-04-2026.csv (37 rows)
11:11:54 | INFO  | 
✅ HTML parsing complete: 44 success, 0 errors
11:11:54 | INFO  | 
======================================================================
11:11:54 | INFO  | STAGE 2: MASTER AGGREGATION
11:11:54 | INFO  | ======================================================================
11:11:54 | INFO  | ✅ Backed up master to: risk_ranges_master_backup_20260806_111154.csv
11:11:54 | INFO  | Loaded existing master: 74,579 rows
11:11:54 | INFO  |   Loaded: RR_06-08-2026.csv (37 rows)
11:11:54 | INFO  |   Loaded: RR_07-15-2026.csv (37 rows)
11:11:54 | INFO  |   Loaded: RR_07-07-2026.csv (37 rows)
11:11:54 | INFO  |   Loaded: RR_07-09-2026.csv (37 rows)
11:11:54 | INFO  |   Loaded: RR_06-29-2026.csv (38 rows)
11:11:54 | INFO  |   Loaded: RR_06-09-2026.csv (36 rows)
11:11:54 | INFO  |   Loaded: RR_06-17-2026.csv (36 rows)
11:11:54 | INFO  |   Loaded: RR_06-26-2026.csv (38 rows)
11:11:54 | INFO  |   Loaded: RR_07-27-2026.csv (38 rows)
11:11:54 | INFO  |   Loaded: RR_07-17-2026.csv (38 rows)
11:11:54 | INFO  |   Loaded: RR_08-05-2026.csv (37 rows)
11:11:54 | INFO  |   Loaded: RR_06-04-2026.csv (37 rows)
11:11:54 | INFO  |   Loaded: RR_07-02-2026.csv (38 rows)
11:11:54 | INFO  |   Loaded: RR_07-30-2026.csv (38 rows)
11:11:54 | INFO  |   Loaded: RR_07-13-2026.csv (37 rows)
11:11:54 | INFO  |   Loaded: RR_07-08-2026.csv (37 rows)
11:11:54 | INFO  |   Loaded: RR_07-01-2026.csv (38 rows)
11:11:54 | INFO  |   Loaded: RR_07-14-2026.csv (37 rows)
11:11:54 | INFO  |   Loaded: RR_06-22-2026.csv (37 rows)
11:11:54 | INFO  |   Loaded: RR_07-16-2026.csv (37 rows)
11:11:54 | INFO  |   Loaded: RR_07-20-2026.csv (38 rows)
11:11:54 | INFO  |   Loaded: RR_06-11-2026.csv (36 rows)
11:11:54 | INFO  |   Loaded: RR_06-18-2026.csv (37 rows)
11:11:54 | INFO  |   Loaded: RR_07-24-2026.csv (38 rows)
11:11:54 | INFO  |   Loaded: RR_07-23-2026.csv (38 rows)
11:11:54 | INFO  |   Loaded: RR_08-03-2026.csv (37 rows)
11:11:54 | INFO  |   Loaded: RR_06-25-2026.csv (38 rows)
11:11:54 | INFO  |   Loaded: RR_07-10-2026.csv (37 rows)
11:11:54 | INFO  |   Loaded: RR_06-05-2026.csv (37 rows)
11:11:54 | INFO  |   Loaded: RR_06-23-2026.csv (37 rows)
11:11:54 | INFO  |   Loaded: RR_06-16-2026.csv (36 rows)
11:11:54 | INFO  |   Loaded: RR_06-15-2026.csv (36 rows)
11:11:54 | INFO  |   Loaded: RR_07-22-2026.csv (38 rows)
11:11:54 | INFO  |   Loaded: RR_06-24-2026.csv (37 rows)
11:11:54 | INFO  |   Loaded: RR_07-21-2026.csv (38 rows)
11:11:54 | INFO  |   Loaded: RR_07-06-2026.csv (37 rows)
11:11:54 | INFO  |   Loaded: RR_06-12-2026.csv (36 rows)
11:11:54 | INFO  |   Loaded: RR_06-10-2026.csv (36 rows)
11:11:54 | INFO  |   Loaded: RR_08-06-2026.csv (37 rows)
11:11:54 | INFO  |   Loaded: RR_07-28-2026.csv (38 rows)
11:11:54 | INFO  |   Loaded: RR_07-31-2026.csv (37 rows)
11:11:54 | INFO  |   Loaded: RR_06-30-2026.csv (38 rows)
11:11:54 | INFO  |   Loaded: RR_07-29-2026.csv (38 rows)
11:11:54 | INFO  |   Loaded: RR_08-04-2026.csv (37 rows)
11:11:54 | INFO  | Combined new data: 1637 rows
11:11:54 | INFO  | Removed 1637 duplicate entries
11:11:55 | INFO  | ✅ Saved master CSV: 74,579 total rows
11:11:55 | INFO  |    Date range: 2017-01-03 to 2026-08-06
11:11:55 | INFO  | 
======================================================================
11:11:55 | INFO  | STAGE 3: TICKER SUBSETTING
11:11:55 | INFO  | ======================================================================
11:11:55 | INFO  | Loaded master: 74,579 rows
11:11:55 | INFO  | Creating subsets for 9 tickers
11:11:55 | INFO  |   ✅ UST10Y: 2383 rows | 2017-01-03 to 2026-08-06
11:11:55 | INFO  |   ✅ SPX: 2383 rows | 2017-01-03 to 2026-08-06
11:11:55 | INFO  |   ✅ COMPQ: 2383 rows | 2017-01-03 to 2026-08-06
11:11:55 | INFO  |   ✅ RUT: 2382 rows | 2017-01-03 to 2026-08-06
11:11:55 | INFO  |   ✅ VIX: 2383 rows | 2017-01-03 to 2026-08-06
11:11:55 | INFO  |   ✅ USD: 2383 rows | 2017-01-03 to 2026-08-06
11:11:55 | INFO  |   ✅ GOLD: 2381 rows | 2017-01-03 to 2026-08-06
11:11:55 | INFO  |   ✅ AAPL: 2381 rows | 2017-01-03 to 2026-08-06
11:11:55 | INFO  |   ✅ BITCOIN: 752 rows | 2023-08-01 to 2026-08-06
11:11:55 | INFO  | ✅ Ticker subsetting complete
11:11:55 | INFO  | 
======================================================================
11:11:55 | INFO  | STAGE 4: ENRICHMENT
11:11:55 | INFO  | ======================================================================
11:11:55 | INFO  | Enriching 9 tickers
11:11:55 | INFO  | 
──────────────────────────────────────────────────────────────────────
11:11:55 | INFO  | Enriching: SPX
11:11:55 | INFO  | ──────────────────────────────────────────────────────────────────────
11:11:55 | INFO  |   Loaded 2383 rows from SPX.csv
11:11:55 | INFO  |   Yahoo ticker: ^GSPC
11:11:55 | INFO  |   OHLC prefix: GSPC
11:11:55 | INFO  |   Vol prefix: VIX
11:11:55 | INFO  |   Downloading ^GSPC OHLC...
11:11:56 | INFO  |     Downloaded 2411 days (2017-01-03 to 2026-08-06)
11:11:56 | INFO  |   Downloading ^VIX volatility...
11:11:56 | INFO  |     Downloaded 2412 days (2017-01-03 to 2026-08-06)
11:11:56 | WARNING |   ⚠️  28 trading days missing from original CSV
11:11:56 | INFO  |   ✓ Enrichment complete: 2411 rows
11:11:56 | INFO  |   ✅ Saved: SPX_enriched.csv (2411 rows)
11:11:56 | WARNING |   ⚠️  28 rows need manual update
11:11:56 | INFO  | 
──────────────────────────────────────────────────────────────────────
11:11:56 | INFO  | Enriching: GOLD
11:11:56 | INFO  | ──────────────────────────────────────────────────────────────────────
11:11:56 | INFO  |   Loaded 2381 rows from GOLD.csv
11:11:56 | INFO  |   Yahoo ticker: GC=F
11:11:56 | INFO  |   OHLC prefix: GC
11:11:56 | INFO  |   Vol prefix: GVZ
11:11:56 | INFO  |   Downloading GC=F OHLC...
11:11:57 | INFO  |     Downloaded 2412 days (2017-01-03 to 2026-08-06)
11:11:57 | INFO  |   Downloading ^GVZ volatility...
11:11:57 | INFO  |     Downloaded 2411 days (2017-01-03 to 2026-08-06)
11:11:57 | WARNING |   ⚠️  32 trading days missing from original CSV
11:11:57 | INFO  |   ✓ Enrichment complete: 2412 rows
11:11:57 | INFO  |   ✅ Saved: GOLD_enriched.csv (2412 rows)
11:11:57 | WARNING |   ⚠️  32 rows need manual update
11:11:57 | INFO  | 
──────────────────────────────────────────────────────────────────────
11:11:57 | INFO  | Enriching: UST10Y
11:11:57 | INFO  | ──────────────────────────────────────────────────────────────────────
11:11:57 | INFO  |   Loaded 2383 rows from UST10Y.csv
11:11:57 | INFO  |   Yahoo ticker: ^TNX
11:11:57 | INFO  |   OHLC prefix: TNX
11:11:57 | INFO  |   Vol prefix: VIX
11:11:57 | INFO  |   Downloading ^TNX OHLC...
11:11:58 | INFO  |     Downloaded 2411 days (2017-01-03 to 2026-08-06)
11:11:58 | INFO  |   Downloading ^VIX volatility...
11:11:58 | INFO  |     Downloaded 2412 days (2017-01-03 to 2026-08-06)
11:11:58 | WARNING |   ⚠️  28 trading days missing from original CSV
11:11:58 | INFO  |   ✓ Enrichment complete: 2411 rows
11:11:58 | INFO  |   ✅ Saved: UST10Y_enriched.csv (2411 rows)
11:11:58 | WARNING |   ⚠️  28 rows need manual update
11:11:58 | INFO  | 
──────────────────────────────────────────────────────────────────────
11:11:58 | INFO  | Enriching: COMPQ
11:11:58 | INFO  | ──────────────────────────────────────────────────────────────────────
11:11:58 | INFO  |   Loaded 2383 rows from COMPQ.csv
11:11:58 | INFO  |   Yahoo ticker: ^IXIC
11:11:58 | INFO  |   OHLC prefix: IXIC
11:11:58 | INFO  |   Vol prefix: VIX
11:11:58 | INFO  |   Downloading ^IXIC OHLC...
11:11:59 | INFO  |     Downloaded 2411 days (2017-01-03 to 2026-08-06)
11:11:59 | INFO  |   Downloading ^VIX volatility...
11:11:59 | INFO  |     Downloaded 2412 days (2017-01-03 to 2026-08-06)
11:11:59 | WARNING |   ⚠️  28 trading days missing from original CSV
11:11:59 | INFO  |   ✓ Enrichment complete: 2411 rows
11:11:59 | INFO  |   ✅ Saved: COMPQ_enriched.csv (2411 rows)
11:11:59 | WARNING |   ⚠️  28 rows need manual update
11:11:59 | INFO  | 
──────────────────────────────────────────────────────────────────────
11:11:59 | INFO  | Enriching: RUT
11:11:59 | INFO  | ──────────────────────────────────────────────────────────────────────
11:11:59 | INFO  |   Loaded 2382 rows from RUT.csv
11:11:59 | INFO  |   Yahoo ticker: ^RUT
11:11:59 | INFO  |   OHLC prefix: RUT
11:11:59 | INFO  |   Vol prefix: VIX
11:11:59 | INFO  |   Downloading ^RUT OHLC...
11:12:00 | INFO  |     Downloaded 2411 days (2017-01-03 to 2026-08-06)
11:12:00 | INFO  |   Downloading ^VIX volatility...
11:12:00 | INFO  |     Downloaded 2412 days (2017-01-03 to 2026-08-06)
11:12:00 | WARNING |   ⚠️  29 trading days missing from original CSV
11:12:00 | INFO  |   ✓ Enrichment complete: 2411 rows
11:12:00 | INFO  |   ✅ Saved: RUT_enriched.csv (2411 rows)
11:12:00 | WARNING |   ⚠️  29 rows need manual update
11:12:00 | INFO  | 
──────────────────────────────────────────────────────────────────────
11:12:00 | INFO  | Enriching: VIX
11:12:00 | INFO  | ──────────────────────────────────────────────────────────────────────
11:12:00 | INFO  |   Loaded 2383 rows from VIX.csv
11:12:00 | INFO  |   Yahoo ticker: ^VIX
11:12:00 | INFO  |   OHLC prefix: VIX
11:12:00 | INFO  |   Vol prefix: VIXI
11:12:00 | INFO  |   Downloading ^VIX OHLC...
11:12:01 | INFO  |     Downloaded 2412 days (2017-01-03 to 2026-08-06)
11:12:01 | INFO  |   Downloading ^VIX volatility...
11:12:01 | INFO  |     Downloaded 2412 days (2017-01-03 to 2026-08-06)
11:12:01 | WARNING |   ⚠️  29 trading days missing from original CSV
11:12:01 | INFO  |   ✓ Enrichment complete: 2412 rows
11:12:01 | INFO  |   ✅ Saved: VIX_enriched.csv (2412 rows)
11:12:01 | WARNING |   ⚠️  29 rows need manual update
11:12:01 | INFO  | 
──────────────────────────────────────────────────────────────────────
11:12:01 | INFO  | Enriching: USD
11:12:01 | INFO  | ──────────────────────────────────────────────────────────────────────
11:12:01 | INFO  |   Loaded 2383 rows from USD.csv
11:12:01 | INFO  |   Yahoo ticker: DX-Y.NYB
11:12:01 | INFO  |   OHLC prefix: DX
11:12:01 | INFO  |   Vol prefix: VIX
11:12:01 | INFO  |   Downloading DX-Y.NYB OHLC...
11:12:02 | INFO  |     Downloaded 2413 days (2017-01-03 to 2026-08-06)
11:12:02 | INFO  |   Downloading ^VIX volatility...
11:12:02 | INFO  |     Downloaded 2412 days (2017-01-03 to 2026-08-06)
11:12:02 | WARNING |   ⚠️  30 trading days missing from original CSV
11:12:02 | INFO  |   ✓ Enrichment complete: 2413 rows
11:12:02 | INFO  |   ✅ Saved: USD_enriched.csv (2413 rows)
11:12:02 | WARNING |   ⚠️  30 rows need manual update
11:12:02 | INFO  | 
──────────────────────────────────────────────────────────────────────
11:12:02 | INFO  | Enriching: AAPL
11:12:02 | INFO  | ──────────────────────────────────────────────────────────────────────
11:12:02 | INFO  |   Loaded 2381 rows from AAPL.csv
11:12:02 | INFO  |   Yahoo ticker: AAPL
11:12:02 | INFO  |   OHLC prefix: AAPL
11:12:02 | INFO  |   Vol prefix: VIX
11:12:02 | INFO  |   Downloading AAPL OHLC...
11:12:03 | INFO  |     Downloaded 2411 days (2017-01-03 to 2026-08-06)
11:12:03 | INFO  |   Downloading ^VIX volatility...
11:12:03 | INFO  |     Downloaded 2412 days (2017-01-03 to 2026-08-06)
11:12:03 | WARNING |   ⚠️  30 trading days missing from original CSV
11:12:03 | INFO  |   ✓ Enrichment complete: 2411 rows
11:12:03 | INFO  |   ✅ Saved: AAPL_enriched.csv (2411 rows)
11:12:03 | WARNING |   ⚠️  30 rows need manual update
11:12:03 | INFO  | 
──────────────────────────────────────────────────────────────────────
11:12:03 | INFO  | Enriching: BITCOIN
11:12:03 | INFO  | ──────────────────────────────────────────────────────────────────────
11:12:03 | INFO  |   Loaded 752 rows from BITCOIN.csv
11:12:03 | INFO  |   ⚠️  Row count changed (3504 → 752) - re-enriching
11:12:03 | INFO  |   Yahoo ticker: BTC-USD
11:12:03 | INFO  |   OHLC prefix: BTC
11:12:03 | INFO  |   Vol prefix: VIX
11:12:03 | INFO  |   Downloading BTC-USD OHLC...
11:12:04 | INFO  |     Downloaded 3504 days (2017-01-02 to 2026-08-06)
11:12:04 | INFO  |   Downloading ^VIX volatility...
11:12:04 | INFO  |     Downloaded 2412 days (2017-01-03 to 2026-08-06)
11:12:04 | WARNING |   ⚠️  2752 trading days missing from original CSV
11:12:04 | INFO  |   ✓ Enrichment complete: 3504 rows
11:12:04 | INFO  |   ✅ Saved: BITCOIN_enriched.csv (3504 rows)
11:12:04 | WARNING |   ⚠️  2752 rows need manual update
11:12:04 | INFO  | 
======================================================================
11:12:04 | INFO  | ✅ Enrichment complete:
11:12:04 | INFO  |    Success: 9
11:12:04 | INFO  |    Skipped (up-to-date): 0
11:12:04 | INFO  |    Errors:  0
11:12:04 | INFO  | ======================================================================
11:12:04 | INFO  | 
======================================================================
11:12:04 | INFO  | ✅ PIPELINE COMPLETE
11:12:04 | INFO  | ======================================================================
