09:10:54 | INFO  | ======================================================================
09:10:54 | INFO  | ETL PIPELINE START
09:10:54 | INFO  | ======================================================================
09:10:54 | INFO  | 
📋 PIPELINE PLAN:
09:10:54 | INFO  |    HTML Files: 41 new / 41 total
09:10:54 | INFO  |    Master needs propagation: False
09:10:54 | INFO  | 
======================================================================
09:10:54 | INFO  | STAGE 1: HTML PARSING
09:10:54 | INFO  | ======================================================================
09:10:54 | INFO  | 
Processing: JULY 23, 2026.html
09:10:55 | INFO  |   ✅ Saved: RR_07-23-2026.csv (38 rows)
09:10:55 | INFO  | 
Processing: JUNE 8, 2026.html
09:10:55 | INFO  |   ✅ Saved: RR_06-08-2026.csv (37 rows)
09:10:55 | INFO  | 
Processing: JULY 15, 2026.html
09:10:55 | INFO  |   ✅ Saved: RR_07-15-2026.csv (37 rows)
09:10:55 | INFO  | 
Processing: JUNE 22, 2026.html
09:10:55 | INFO  |   ✅ Saved: RR_06-22-2026.csv (37 rows)
09:10:55 | INFO  | 
Processing: JUNE 10, 2026.html
09:10:55 | INFO  |   ✅ Saved: RR_06-10-2026.csv (36 rows)
09:10:55 | INFO  | 
Processing: JULY 30, 2026.html
09:10:55 | INFO  |   ✅ Saved: RR_07-30-2026.csv (38 rows)
09:10:55 | INFO  | 
Processing: JULY 28, 2026.html
09:10:55 | INFO  |   ✅ Saved: RR_07-28-2026.csv (38 rows)
09:10:55 | INFO  | 
Processing: JULY 17, 2026.html
09:10:55 | INFO  |   ✅ Saved: RR_07-17-2026.csv (38 rows)
09:10:55 | INFO  | 
Processing: JULY 14, 2026.html
09:10:55 | INFO  |   ✅ Saved: RR_07-14-2026.csv (37 rows)
09:10:55 | INFO  | 
Processing: JUNE 23, 2026.html
09:10:55 | INFO  |   ✅ Saved: RR_06-23-2026.csv (37 rows)
09:10:55 | INFO  | 
Processing: JULY 21, 2026.html
09:10:56 | INFO  |   ✅ Saved: RR_07-21-2026.csv (38 rows)
09:10:56 | INFO  | 
Processing: JULY 29, 2026.html
09:10:56 | INFO  |   ✅ Saved: RR_07-29-2026.csv (38 rows)
09:10:56 | INFO  | 
Processing: JULY 7, 2026.html
09:10:56 | INFO  |   ✅ Saved: RR_07-07-2026.csv (37 rows)
09:10:56 | INFO  | 
Processing: JUNE 9, 2026.html
09:10:56 | INFO  |   ✅ Saved: RR_06-09-2026.csv (36 rows)
09:10:56 | INFO  | 
Processing: JULY 20, 2026.html
09:10:56 | INFO  |   ✅ Saved: RR_07-20-2026.csv (38 rows)
09:10:56 | INFO  | 
Processing: JULY 2, 2026.html
09:10:56 | INFO  |   ✅ Saved: RR_07-02-2026.csv (38 rows)
09:10:56 | INFO  | 
Processing: JUNE 5, 2026.html
09:10:56 | INFO  |   ✅ Saved: RR_06-05-2026.csv (37 rows)
09:10:56 | INFO  | 
Processing: JULY 22, 2026.html
09:10:56 | INFO  |   ✅ Saved: RR_07-22-2026.csv (38 rows)
09:10:56 | INFO  | 
Processing: JUNE 11, 2026.html
09:10:56 | INFO  |   ✅ Saved: RR_06-11-2026.csv (36 rows)
09:10:56 | INFO  | 
Processing: AUGUST 3, 2026.html
09:10:56 | INFO  |   ✅ Saved: RR_08-03-2026.csv (37 rows)
09:10:56 | INFO  | 
Processing: JULY 10, 2026.html
09:10:57 | INFO  |   ✅ Saved: RR_07-10-2026.csv (37 rows)
09:10:57 | INFO  | 
Processing: JULY 9, 2026.html
09:10:57 | INFO  |   ✅ Saved: RR_07-09-2026.csv (37 rows)
09:10:57 | INFO  | 
Processing: JUNE 4, 2026.html
09:10:57 | INFO  |   ✅ Saved: RR_06-04-2026.csv (37 rows)
09:10:57 | INFO  | 
Processing: JUNE 15, 2026.html
09:10:57 | INFO  |   ✅ Saved: RR_06-15-2026.csv (36 rows)
09:10:57 | INFO  | 
Processing: JULY 27, 2026.html
09:10:57 | INFO  |   ✅ Saved: RR_07-27-2026.csv (38 rows)
09:10:57 | INFO  | 
Processing: JUNE 16, 2026.html
09:10:57 | INFO  |   ✅ Saved: RR_06-16-2026.csv (36 rows)
09:10:57 | INFO  | 
Processing: JUNE 29, 2026.html
09:10:57 | INFO  |   ✅ Saved: RR_06-29-2026.csv (38 rows)
09:10:57 | INFO  | 
Processing: JULY 31, 2026.html
09:10:57 | INFO  |   ✅ Saved: RR_07-31-2026.csv (37 rows)
09:10:57 | INFO  | 
Processing: JUNE 12, 2026.html
09:10:57 | INFO  |   ✅ Saved: RR_06-12-2026.csv (36 rows)
09:10:57 | INFO  | 
Processing: JULY 24, 2026.html
09:10:57 | INFO  |   ✅ Saved: RR_07-24-2026.csv (38 rows)
09:10:57 | INFO  | 
Processing: JUNE 30, 2026.html
09:10:58 | INFO  |   ✅ Saved: RR_06-30-2026.csv (38 rows)
09:10:58 | INFO  | 
Processing: JULY 16, 2026.html
09:10:58 | INFO  |   ✅ Saved: RR_07-16-2026.csv (37 rows)
09:10:58 | INFO  | 
Processing: JULY 6, 2026.html
09:10:58 | INFO  |   ✅ Saved: RR_07-06-2026.csv (37 rows)
09:10:58 | INFO  | 
Processing: JUNE 24, 2026.html
09:10:58 | INFO  |   ✅ Saved: RR_06-24-2026.csv (37 rows)
09:10:58 | INFO  | 
Processing: JUNE 17, 2026.html
09:10:58 | INFO  |   ✅ Saved: RR_06-17-2026.csv (36 rows)
09:10:58 | INFO  | 
Processing: JULY 13, 2026.html
09:10:58 | INFO  |   ✅ Saved: RR_07-13-2026.csv (37 rows)
09:10:58 | INFO  | 
Processing: JUNE 26, 2026.html
09:10:58 | INFO  |   ✅ Saved: RR_06-26-2026.csv (38 rows)
09:10:58 | INFO  | 
Processing: JUNE 18, 2026.html
09:10:58 | INFO  |   ✅ Saved: RR_06-18-2026.csv (37 rows)
09:10:58 | INFO  | 
Processing: JUNE 25, 2026.html
09:10:58 | INFO  |   ✅ Saved: RR_06-25-2026.csv (38 rows)
09:10:58 | INFO  | 
Processing: JULY 8, 2026.html
09:10:58 | INFO  |   ✅ Saved: RR_07-08-2026.csv (37 rows)
09:10:58 | INFO  | 
Processing: JULY 1, 2026.html
09:10:59 | INFO  |   ✅ Saved: RR_07-01-2026.csv (38 rows)
09:10:59 | INFO  | 
✅ HTML parsing complete: 41 success, 0 errors
09:10:59 | INFO  | 
======================================================================
09:10:59 | INFO  | STAGE 2: MASTER AGGREGATION
09:10:59 | INFO  | ======================================================================
09:10:59 | INFO  | ✅ Backed up master to: risk_ranges_master_backup_20260803_091059.csv
09:10:59 | INFO  | Loaded existing master: 74,431 rows
09:10:59 | INFO  |   Loaded: RR_07-23-2026.csv (38 rows)
09:10:59 | INFO  |   Loaded: RR_06-08-2026.csv (37 rows)
09:10:59 | INFO  |   Loaded: RR_07-15-2026.csv (37 rows)
09:10:59 | INFO  |   Loaded: RR_06-22-2026.csv (37 rows)
09:10:59 | INFO  |   Loaded: RR_06-10-2026.csv (36 rows)
09:10:59 | INFO  |   Loaded: RR_07-30-2026.csv (38 rows)
09:10:59 | INFO  |   Loaded: RR_07-28-2026.csv (38 rows)
09:10:59 | INFO  |   Loaded: RR_07-17-2026.csv (38 rows)
09:10:59 | INFO  |   Loaded: RR_07-14-2026.csv (37 rows)
09:10:59 | INFO  |   Loaded: RR_06-23-2026.csv (37 rows)
09:10:59 | INFO  |   Loaded: RR_07-21-2026.csv (38 rows)
09:10:59 | INFO  |   Loaded: RR_07-29-2026.csv (38 rows)
09:10:59 | INFO  |   Loaded: RR_07-07-2026.csv (37 rows)
09:10:59 | INFO  |   Loaded: RR_06-09-2026.csv (36 rows)
09:10:59 | INFO  |   Loaded: RR_07-20-2026.csv (38 rows)
09:10:59 | INFO  |   Loaded: RR_07-02-2026.csv (38 rows)
09:10:59 | INFO  |   Loaded: RR_06-05-2026.csv (37 rows)
09:10:59 | INFO  |   Loaded: RR_07-22-2026.csv (38 rows)
09:10:59 | INFO  |   Loaded: RR_06-11-2026.csv (36 rows)
09:10:59 | INFO  |   Loaded: RR_08-03-2026.csv (37 rows)
09:10:59 | INFO  |   Loaded: RR_07-10-2026.csv (37 rows)
09:10:59 | INFO  |   Loaded: RR_07-09-2026.csv (37 rows)
09:10:59 | INFO  |   Loaded: RR_06-04-2026.csv (37 rows)
09:10:59 | INFO  |   Loaded: RR_06-15-2026.csv (36 rows)
09:10:59 | INFO  |   Loaded: RR_07-27-2026.csv (38 rows)
09:10:59 | INFO  |   Loaded: RR_06-16-2026.csv (36 rows)
09:10:59 | INFO  |   Loaded: RR_06-29-2026.csv (38 rows)
09:10:59 | INFO  |   Loaded: RR_07-31-2026.csv (37 rows)
09:10:59 | INFO  |   Loaded: RR_06-12-2026.csv (36 rows)
09:10:59 | INFO  |   Loaded: RR_07-24-2026.csv (38 rows)
09:10:59 | INFO  |   Loaded: RR_06-30-2026.csv (38 rows)
09:10:59 | INFO  |   Loaded: RR_07-16-2026.csv (37 rows)
09:10:59 | INFO  |   Loaded: RR_07-06-2026.csv (37 rows)
09:10:59 | INFO  |   Loaded: RR_06-24-2026.csv (37 rows)
09:10:59 | INFO  |   Loaded: RR_06-17-2026.csv (36 rows)
09:10:59 | INFO  |   Loaded: RR_07-13-2026.csv (37 rows)
09:10:59 | INFO  |   Loaded: RR_06-26-2026.csv (38 rows)
09:10:59 | INFO  |   Loaded: RR_06-18-2026.csv (37 rows)
09:10:59 | INFO  |   Loaded: RR_06-25-2026.csv (38 rows)
09:10:59 | INFO  |   Loaded: RR_07-08-2026.csv (37 rows)
09:10:59 | INFO  |   Loaded: RR_07-01-2026.csv (38 rows)
09:10:59 | INFO  | Combined new data: 1526 rows
09:10:59 | INFO  | Removed 1489 duplicate entries
09:10:59 | INFO  | ✅ Saved master CSV: 74,468 total rows
09:10:59 | INFO  |    Date range: 2017-01-03 to 2026-08-03
09:10:59 | INFO  | 
======================================================================
09:10:59 | INFO  | STAGE 3: TICKER SUBSETTING
09:10:59 | INFO  | ======================================================================
09:10:59 | INFO  | Loaded master: 74,468 rows
09:10:59 | INFO  | Creating subsets for 9 tickers
09:10:59 | INFO  |   ✅ UST10Y: 2380 rows | 2017-01-03 to 2026-08-03
09:10:59 | INFO  |   ✅ SPX: 2380 rows | 2017-01-03 to 2026-08-03
09:10:59 | INFO  |   ✅ COMPQ: 2380 rows | 2017-01-03 to 2026-08-03
09:10:59 | INFO  |   ✅ RUT: 2379 rows | 2017-01-03 to 2026-08-03
09:10:59 | INFO  |   ✅ VIX: 2380 rows | 2017-01-03 to 2026-08-03
09:10:59 | INFO  |   ✅ USD: 2380 rows | 2017-01-03 to 2026-08-03
09:10:59 | INFO  |   ✅ GOLD: 2378 rows | 2017-01-03 to 2026-08-03
09:10:59 | INFO  |   ✅ AAPL: 2378 rows | 2017-01-03 to 2026-08-03
09:10:59 | INFO  |   ✅ BITCOIN: 749 rows | 2023-08-01 to 2026-08-03
09:10:59 | INFO  | ✅ Ticker subsetting complete
09:10:59 | INFO  | 
======================================================================
09:10:59 | INFO  | STAGE 4: ENRICHMENT
09:10:59 | INFO  | ======================================================================
09:10:59 | INFO  | Enriching 9 tickers
09:10:59 | INFO  | 
──────────────────────────────────────────────────────────────────────
09:10:59 | INFO  | Enriching: SPX
09:10:59 | INFO  | ──────────────────────────────────────────────────────────────────────
09:10:59 | INFO  |   Loaded 2380 rows from SPX.csv
09:10:59 | INFO  |   Yahoo ticker: ^GSPC
09:10:59 | INFO  |   OHLC prefix: GSPC
09:10:59 | INFO  |   Vol prefix: VIX
09:10:59 | INFO  |   Downloading ^GSPC OHLC...
09:11:00 | INFO  |     Downloaded 2407 days (2017-01-03 to 2026-07-31)
09:11:00 | INFO  |   Downloading ^VIX volatility...
09:11:00 | INFO  |     Downloaded 2409 days (2017-01-03 to 2026-08-03)
09:11:00 | WARNING |   ⚠️  28 trading days missing from original CSV
09:11:00 | INFO  |   ✓ Enrichment complete: 2407 rows
09:11:00 | INFO  |   ✅ Saved: SPX_enriched.csv (2407 rows)
09:11:00 | WARNING |   ⚠️  28 rows need manual update
09:11:00 | INFO  | 
──────────────────────────────────────────────────────────────────────
09:11:00 | INFO  | Enriching: GOLD
09:11:00 | INFO  | ──────────────────────────────────────────────────────────────────────
09:11:00 | INFO  |   Loaded 2378 rows from GOLD.csv
09:11:00 | INFO  |   Yahoo ticker: GC=F
09:11:00 | INFO  |   OHLC prefix: GC
09:11:00 | INFO  |   Vol prefix: GVZ
09:11:00 | INFO  |   Downloading GC=F OHLC...
09:11:01 | INFO  |     Downloaded 2409 days (2017-01-03 to 2026-08-03)
09:11:01 | INFO  |   Downloading ^GVZ volatility...
09:11:01 | INFO  |     Downloaded 2407 days (2017-01-03 to 2026-07-31)
09:11:01 | WARNING |   ⚠️  32 trading days missing from original CSV
09:11:01 | INFO  |   ✓ Enrichment complete: 2409 rows
09:11:01 | INFO  |   ✅ Saved: GOLD_enriched.csv (2409 rows)
09:11:01 | WARNING |   ⚠️  32 rows need manual update
09:11:01 | INFO  | 
──────────────────────────────────────────────────────────────────────
09:11:01 | INFO  | Enriching: UST10Y
09:11:01 | INFO  | ──────────────────────────────────────────────────────────────────────
09:11:01 | INFO  |   Loaded 2380 rows from UST10Y.csv
09:11:01 | INFO  |   Yahoo ticker: ^TNX
09:11:01 | INFO  |   OHLC prefix: TNX
09:11:01 | INFO  |   Vol prefix: VIX
09:11:01 | INFO  |   Downloading ^TNX OHLC...
09:11:02 | INFO  |     Downloaded 2408 days (2017-01-03 to 2026-08-03)
09:11:02 | INFO  |   Downloading ^VIX volatility...
09:11:02 | INFO  |     Downloaded 2409 days (2017-01-03 to 2026-08-03)
09:11:02 | WARNING |   ⚠️  28 trading days missing from original CSV
09:11:02 | INFO  |   ✓ Enrichment complete: 2408 rows
09:11:02 | INFO  |   ✅ Saved: UST10Y_enriched.csv (2408 rows)
09:11:02 | WARNING |   ⚠️  28 rows need manual update
09:11:02 | INFO  | 
──────────────────────────────────────────────────────────────────────
09:11:02 | INFO  | Enriching: COMPQ
09:11:02 | INFO  | ──────────────────────────────────────────────────────────────────────
09:11:02 | INFO  |   Loaded 2380 rows from COMPQ.csv
09:11:02 | INFO  |   Yahoo ticker: ^IXIC
09:11:02 | INFO  |   OHLC prefix: IXIC
09:11:02 | INFO  |   Vol prefix: VIX
09:11:02 | INFO  |   Downloading ^IXIC OHLC...
09:11:03 | INFO  |     Downloaded 2407 days (2017-01-03 to 2026-07-31)
09:11:03 | INFO  |   Downloading ^VIX volatility...
09:11:03 | INFO  |     Downloaded 2409 days (2017-01-03 to 2026-08-03)
09:11:03 | WARNING |   ⚠️  28 trading days missing from original CSV
09:11:03 | INFO  |   ✓ Enrichment complete: 2407 rows
09:11:03 | INFO  |   ✅ Saved: COMPQ_enriched.csv (2407 rows)
09:11:03 | WARNING |   ⚠️  28 rows need manual update
09:11:03 | INFO  | 
──────────────────────────────────────────────────────────────────────
09:11:03 | INFO  | Enriching: RUT
09:11:03 | INFO  | ──────────────────────────────────────────────────────────────────────
09:11:03 | INFO  |   Loaded 2379 rows from RUT.csv
09:11:03 | INFO  |   Yahoo ticker: ^RUT
09:11:03 | INFO  |   OHLC prefix: RUT
09:11:03 | INFO  |   Vol prefix: VIX
09:11:03 | INFO  |   Downloading ^RUT OHLC...
09:11:03 | INFO  |     Downloaded 2407 days (2017-01-03 to 2026-07-31)
09:11:03 | INFO  |   Downloading ^VIX volatility...
09:11:04 | INFO  |     Downloaded 2409 days (2017-01-03 to 2026-08-03)
09:11:04 | WARNING |   ⚠️  29 trading days missing from original CSV
09:11:04 | INFO  |   ✓ Enrichment complete: 2407 rows
09:11:04 | INFO  |   ✅ Saved: RUT_enriched.csv (2407 rows)
09:11:04 | WARNING |   ⚠️  29 rows need manual update
09:11:04 | INFO  | 
──────────────────────────────────────────────────────────────────────
09:11:04 | INFO  | Enriching: VIX
09:11:04 | INFO  | ──────────────────────────────────────────────────────────────────────
09:11:04 | INFO  |   Loaded 2380 rows from VIX.csv
09:11:04 | INFO  |   Yahoo ticker: ^VIX
09:11:04 | INFO  |   OHLC prefix: VIX
09:11:04 | INFO  |   Vol prefix: VIXI
09:11:04 | INFO  |   Downloading ^VIX OHLC...
09:11:04 | INFO  |     Downloaded 2409 days (2017-01-03 to 2026-08-03)
09:11:04 | INFO  |   Downloading ^VIX volatility...
09:11:04 | INFO  |     Downloaded 2409 days (2017-01-03 to 2026-08-03)
09:11:04 | WARNING |   ⚠️  29 trading days missing from original CSV
09:11:04 | INFO  |   ✓ Enrichment complete: 2409 rows
09:11:04 | INFO  |   ✅ Saved: VIX_enriched.csv (2409 rows)
09:11:04 | WARNING |   ⚠️  29 rows need manual update
09:11:04 | INFO  | 
──────────────────────────────────────────────────────────────────────
09:11:04 | INFO  | Enriching: USD
09:11:04 | INFO  | ──────────────────────────────────────────────────────────────────────
09:11:04 | INFO  |   Loaded 2380 rows from USD.csv
09:11:05 | INFO  |   Yahoo ticker: DX-Y.NYB
09:11:05 | INFO  |   OHLC prefix: DX
09:11:05 | INFO  |   Vol prefix: VIX
09:11:05 | INFO  |   Downloading DX-Y.NYB OHLC...
09:11:05 | INFO  |     Downloaded 2410 days (2017-01-03 to 2026-08-03)
09:11:05 | INFO  |   Downloading ^VIX volatility...
09:11:05 | INFO  |     Downloaded 2409 days (2017-01-03 to 2026-08-03)
09:11:05 | WARNING |   ⚠️  30 trading days missing from original CSV
09:11:05 | INFO  |   ✓ Enrichment complete: 2410 rows
09:11:05 | INFO  |   ✅ Saved: USD_enriched.csv (2410 rows)
09:11:05 | WARNING |   ⚠️  30 rows need manual update
09:11:05 | INFO  | 
──────────────────────────────────────────────────────────────────────
09:11:05 | INFO  | Enriching: AAPL
09:11:05 | INFO  | ──────────────────────────────────────────────────────────────────────
09:11:05 | INFO  |   Loaded 2378 rows from AAPL.csv
09:11:05 | INFO  |   Yahoo ticker: AAPL
09:11:05 | INFO  |   OHLC prefix: AAPL
09:11:05 | INFO  |   Vol prefix: VIX
09:11:05 | INFO  |   Downloading AAPL OHLC...
09:11:06 | INFO  |     Downloaded 2407 days (2017-01-03 to 2026-07-31)
09:11:06 | INFO  |   Downloading ^VIX volatility...
09:11:06 | INFO  |     Downloaded 2409 days (2017-01-03 to 2026-08-03)
09:11:06 | WARNING |   ⚠️  30 trading days missing from original CSV
09:11:06 | INFO  |   ✓ Enrichment complete: 2407 rows
09:11:06 | INFO  |   ✅ Saved: AAPL_enriched.csv (2407 rows)
09:11:06 | WARNING |   ⚠️  30 rows need manual update
09:11:06 | INFO  | 
──────────────────────────────────────────────────────────────────────
09:11:06 | INFO  | Enriching: BITCOIN
09:11:06 | INFO  | ──────────────────────────────────────────────────────────────────────
09:11:06 | INFO  |   Loaded 749 rows from BITCOIN.csv
09:11:06 | INFO  |   ⚠️  Row count changed (3498 → 749) - re-enriching
09:11:06 | INFO  |   Yahoo ticker: BTC-USD
09:11:06 | INFO  |   OHLC prefix: BTC
09:11:06 | INFO  |   Vol prefix: VIX
09:11:06 | INFO  |   Downloading BTC-USD OHLC...
09:11:07 | INFO  |     Downloaded 3501 days (2017-01-02 to 2026-08-03)
09:11:07 | INFO  |   Downloading ^VIX volatility...
09:11:07 | INFO  |     Downloaded 2409 days (2017-01-03 to 2026-08-03)
09:11:07 | WARNING |   ⚠️  2752 trading days missing from original CSV
09:11:07 | INFO  |   ✓ Enrichment complete: 3501 rows
09:11:07 | INFO  |   ✅ Saved: BITCOIN_enriched.csv (3501 rows)
09:11:07 | WARNING |   ⚠️  2752 rows need manual update
09:11:07 | INFO  | 
======================================================================
09:11:07 | INFO  | ✅ Enrichment complete:
09:11:07 | INFO  |    Success: 9
09:11:07 | INFO  |    Skipped (up-to-date): 0
09:11:07 | INFO  |    Errors:  0
09:11:07 | INFO  | ======================================================================
09:11:07 | INFO  | 
======================================================================
09:11:07 | INFO  | ✅ PIPELINE COMPLETE
09:11:07 | INFO  | ======================================================================
