09:41:27 | INFO  | ======================================================================
09:41:27 | INFO  | ETL PIPELINE START
09:41:27 | INFO  | ======================================================================
09:41:27 | INFO  | 
📋 PIPELINE PLAN:
09:41:27 | INFO  |    HTML Files: 40 new / 40 total
09:41:27 | INFO  |    Master needs propagation: False
09:41:27 | INFO  | 
======================================================================
09:41:27 | INFO  | STAGE 1: HTML PARSING
09:41:27 | INFO  | ======================================================================
09:41:27 | INFO  | 
Processing: JULY 23, 2026.html
09:41:27 | INFO  |   ✅ Saved: RR_07-23-2026.csv (38 rows)
09:41:27 | INFO  | 
Processing: JUNE 8, 2026.html
09:41:28 | INFO  |   ✅ Saved: RR_06-08-2026.csv (37 rows)
09:41:28 | INFO  | 
Processing: JULY 15, 2026.html
09:41:28 | INFO  |   ✅ Saved: RR_07-15-2026.csv (37 rows)
09:41:28 | INFO  | 
Processing: JUNE 22, 2026.html
09:41:28 | INFO  |   ✅ Saved: RR_06-22-2026.csv (37 rows)
09:41:28 | INFO  | 
Processing: JUNE 10, 2026.html
09:41:28 | INFO  |   ✅ Saved: RR_06-10-2026.csv (36 rows)
09:41:28 | INFO  | 
Processing: JULY 30, 2026.html
09:41:28 | INFO  |   ✅ Saved: RR_07-30-2026.csv (38 rows)
09:41:28 | INFO  | 
Processing: JULY 28, 2026.html
09:41:28 | INFO  |   ✅ Saved: RR_07-28-2026.csv (38 rows)
09:41:28 | INFO  | 
Processing: JULY 17, 2026.html
09:41:28 | INFO  |   ✅ Saved: RR_07-17-2026.csv (38 rows)
09:41:28 | INFO  | 
Processing: JULY 14, 2026.html
09:41:28 | INFO  |   ✅ Saved: RR_07-14-2026.csv (37 rows)
09:41:28 | INFO  | 
Processing: JUNE 23, 2026.html
09:41:28 | INFO  |   ✅ Saved: RR_06-23-2026.csv (37 rows)
09:41:28 | INFO  | 
Processing: JULY 21, 2026.html
09:41:28 | INFO  |   ✅ Saved: RR_07-21-2026.csv (38 rows)
09:41:28 | INFO  | 
Processing: JULY 29, 2026.html
09:41:29 | INFO  |   ✅ Saved: RR_07-29-2026.csv (38 rows)
09:41:29 | INFO  | 
Processing: JULY 7, 2026.html
09:41:29 | INFO  |   ✅ Saved: RR_07-07-2026.csv (37 rows)
09:41:29 | INFO  | 
Processing: JUNE 9, 2026.html
09:41:29 | INFO  |   ✅ Saved: RR_06-09-2026.csv (36 rows)
09:41:29 | INFO  | 
Processing: JULY 20, 2026.html
09:41:29 | INFO  |   ✅ Saved: RR_07-20-2026.csv (38 rows)
09:41:29 | INFO  | 
Processing: JULY 2, 2026.html
09:41:29 | INFO  |   ✅ Saved: RR_07-02-2026.csv (38 rows)
09:41:29 | INFO  | 
Processing: JUNE 5, 2026.html
09:41:29 | INFO  |   ✅ Saved: RR_06-05-2026.csv (37 rows)
09:41:29 | INFO  | 
Processing: JULY 22, 2026.html
09:41:29 | INFO  |   ✅ Saved: RR_07-22-2026.csv (38 rows)
09:41:29 | INFO  | 
Processing: JUNE 11, 2026.html
09:41:29 | INFO  |   ✅ Saved: RR_06-11-2026.csv (36 rows)
09:41:29 | INFO  | 
Processing: JULY 10, 2026.html
09:41:29 | INFO  |   ✅ Saved: RR_07-10-2026.csv (37 rows)
09:41:29 | INFO  | 
Processing: JULY 9, 2026.html
09:41:29 | INFO  |   ✅ Saved: RR_07-09-2026.csv (37 rows)
09:41:29 | INFO  | 
Processing: JUNE 4, 2026.html
09:41:30 | INFO  |   ✅ Saved: RR_06-04-2026.csv (37 rows)
09:41:30 | INFO  | 
Processing: JUNE 15, 2026.html
09:41:30 | INFO  |   ✅ Saved: RR_06-15-2026.csv (36 rows)
09:41:30 | INFO  | 
Processing: JULY 27, 2026.html
09:41:30 | INFO  |   ✅ Saved: RR_07-27-2026.csv (38 rows)
09:41:30 | INFO  | 
Processing: JUNE 16, 2026.html
09:41:30 | INFO  |   ✅ Saved: RR_06-16-2026.csv (36 rows)
09:41:30 | INFO  | 
Processing: JUNE 29, 2026.html
09:41:30 | INFO  |   ✅ Saved: RR_06-29-2026.csv (38 rows)
09:41:30 | INFO  | 
Processing: JULY 31, 2026.html
09:41:30 | INFO  |   ✅ Saved: RR_07-31-2026.csv (37 rows)
09:41:30 | INFO  | 
Processing: JUNE 12, 2026.html
09:41:30 | INFO  |   ✅ Saved: RR_06-12-2026.csv (36 rows)
09:41:30 | INFO  | 
Processing: JULY 24, 2026.html
09:41:30 | INFO  |   ✅ Saved: RR_07-24-2026.csv (38 rows)
09:41:30 | INFO  | 
Processing: JUNE 30, 2026.html
09:41:30 | INFO  |   ✅ Saved: RR_06-30-2026.csv (38 rows)
09:41:30 | INFO  | 
Processing: JULY 16, 2026.html
09:41:30 | INFO  |   ✅ Saved: RR_07-16-2026.csv (37 rows)
09:41:30 | INFO  | 
Processing: JULY 6, 2026.html
09:41:30 | INFO  |   ✅ Saved: RR_07-06-2026.csv (37 rows)
09:41:30 | INFO  | 
Processing: JUNE 24, 2026.html
09:41:30 | INFO  |   ✅ Saved: RR_06-24-2026.csv (37 rows)
09:41:30 | INFO  | 
Processing: JUNE 17, 2026.html
09:41:30 | INFO  |   ✅ Saved: RR_06-17-2026.csv (36 rows)
09:41:30 | INFO  | 
Processing: JULY 13, 2026.html
09:41:31 | INFO  |   ✅ Saved: RR_07-13-2026.csv (37 rows)
09:41:31 | INFO  | 
Processing: JUNE 26, 2026.html
09:41:31 | INFO  |   ✅ Saved: RR_06-26-2026.csv (38 rows)
09:41:31 | INFO  | 
Processing: JUNE 18, 2026.html
09:41:31 | INFO  |   ✅ Saved: RR_06-18-2026.csv (37 rows)
09:41:31 | INFO  | 
Processing: JUNE 25, 2026.html
09:41:31 | INFO  |   ✅ Saved: RR_06-25-2026.csv (38 rows)
09:41:31 | INFO  | 
Processing: JULY 8, 2026.html
09:41:31 | INFO  |   ✅ Saved: RR_07-08-2026.csv (37 rows)
09:41:31 | INFO  | 
Processing: JULY 1, 2026.html
09:41:31 | INFO  |   ✅ Saved: RR_07-01-2026.csv (38 rows)
09:41:31 | INFO  | 
✅ HTML parsing complete: 40 success, 0 errors
09:41:31 | INFO  | 
======================================================================
09:41:31 | INFO  | STAGE 2: MASTER AGGREGATION
09:41:31 | INFO  | ======================================================================
09:41:31 | INFO  | ✅ Backed up master to: risk_ranges_master_backup_20260731_094131.csv
09:41:31 | INFO  | Loaded existing master: 74,394 rows
09:41:31 | INFO  |   Loaded: RR_07-23-2026.csv (38 rows)
09:41:31 | INFO  |   Loaded: RR_06-08-2026.csv (37 rows)
09:41:31 | INFO  |   Loaded: RR_07-15-2026.csv (37 rows)
09:41:31 | INFO  |   Loaded: RR_06-22-2026.csv (37 rows)
09:41:31 | INFO  |   Loaded: RR_06-10-2026.csv (36 rows)
09:41:31 | INFO  |   Loaded: RR_07-30-2026.csv (38 rows)
09:41:31 | INFO  |   Loaded: RR_07-28-2026.csv (38 rows)
09:41:31 | INFO  |   Loaded: RR_07-17-2026.csv (38 rows)
09:41:31 | INFO  |   Loaded: RR_07-14-2026.csv (37 rows)
09:41:31 | INFO  |   Loaded: RR_06-23-2026.csv (37 rows)
09:41:31 | INFO  |   Loaded: RR_07-21-2026.csv (38 rows)
09:41:31 | INFO  |   Loaded: RR_07-29-2026.csv (38 rows)
09:41:31 | INFO  |   Loaded: RR_07-07-2026.csv (37 rows)
09:41:31 | INFO  |   Loaded: RR_06-09-2026.csv (36 rows)
09:41:31 | INFO  |   Loaded: RR_07-20-2026.csv (38 rows)
09:41:31 | INFO  |   Loaded: RR_07-02-2026.csv (38 rows)
09:41:31 | INFO  |   Loaded: RR_06-05-2026.csv (37 rows)
09:41:31 | INFO  |   Loaded: RR_07-22-2026.csv (38 rows)
09:41:31 | INFO  |   Loaded: RR_06-11-2026.csv (36 rows)
09:41:31 | INFO  |   Loaded: RR_07-10-2026.csv (37 rows)
09:41:31 | INFO  |   Loaded: RR_07-09-2026.csv (37 rows)
09:41:31 | INFO  |   Loaded: RR_06-04-2026.csv (37 rows)
09:41:31 | INFO  |   Loaded: RR_06-15-2026.csv (36 rows)
09:41:31 | INFO  |   Loaded: RR_07-27-2026.csv (38 rows)
09:41:31 | INFO  |   Loaded: RR_06-16-2026.csv (36 rows)
09:41:31 | INFO  |   Loaded: RR_06-29-2026.csv (38 rows)
09:41:31 | INFO  |   Loaded: RR_07-31-2026.csv (37 rows)
09:41:31 | INFO  |   Loaded: RR_06-12-2026.csv (36 rows)
09:41:31 | INFO  |   Loaded: RR_07-24-2026.csv (38 rows)
09:41:31 | INFO  |   Loaded: RR_06-30-2026.csv (38 rows)
09:41:31 | INFO  |   Loaded: RR_07-16-2026.csv (37 rows)
09:41:31 | INFO  |   Loaded: RR_07-06-2026.csv (37 rows)
09:41:31 | INFO  |   Loaded: RR_06-24-2026.csv (37 rows)
09:41:31 | INFO  |   Loaded: RR_06-17-2026.csv (36 rows)
09:41:31 | INFO  |   Loaded: RR_07-13-2026.csv (37 rows)
09:41:31 | INFO  |   Loaded: RR_06-26-2026.csv (38 rows)
09:41:31 | INFO  |   Loaded: RR_06-18-2026.csv (37 rows)
09:41:31 | INFO  |   Loaded: RR_06-25-2026.csv (38 rows)
09:41:31 | INFO  |   Loaded: RR_07-08-2026.csv (37 rows)
09:41:31 | INFO  |   Loaded: RR_07-01-2026.csv (38 rows)
09:41:31 | INFO  | Combined new data: 1489 rows
09:41:31 | INFO  | Removed 1452 duplicate entries
09:41:31 | INFO  | ✅ Saved master CSV: 74,431 total rows
09:41:31 | INFO  |    Date range: 2017-01-03 to 2026-07-31
09:41:31 | INFO  | 
======================================================================
09:41:31 | INFO  | STAGE 3: TICKER SUBSETTING
09:41:31 | INFO  | ======================================================================
09:41:31 | INFO  | Loaded master: 74,431 rows
09:41:31 | INFO  | Creating subsets for 9 tickers
09:41:31 | INFO  |   ✅ UST10Y: 2379 rows | 2017-01-03 to 2026-07-31
09:41:31 | INFO  |   ✅ SPX: 2379 rows | 2017-01-03 to 2026-07-31
09:41:32 | INFO  |   ✅ COMPQ: 2379 rows | 2017-01-03 to 2026-07-31
09:41:32 | INFO  |   ✅ RUT: 2378 rows | 2017-01-03 to 2026-07-31
09:41:32 | INFO  |   ✅ VIX: 2379 rows | 2017-01-03 to 2026-07-31
09:41:32 | INFO  |   ✅ USD: 2379 rows | 2017-01-03 to 2026-07-31
09:41:32 | INFO  |   ✅ GOLD: 2377 rows | 2017-01-03 to 2026-07-31
09:41:32 | INFO  |   ✅ AAPL: 2377 rows | 2017-01-03 to 2026-07-31
09:41:32 | INFO  |   ✅ BITCOIN: 748 rows | 2023-08-01 to 2026-07-31
09:41:32 | INFO  | ✅ Ticker subsetting complete
09:41:32 | INFO  | 
======================================================================
09:41:32 | INFO  | STAGE 4: ENRICHMENT
09:41:32 | INFO  | ======================================================================
09:41:32 | INFO  | Enriching 9 tickers
09:41:32 | INFO  | 
──────────────────────────────────────────────────────────────────────
09:41:32 | INFO  | Enriching: SPX
09:41:32 | INFO  | ──────────────────────────────────────────────────────────────────────
09:41:32 | INFO  |   Loaded 2379 rows from SPX.csv
09:41:32 | INFO  |   Yahoo ticker: ^GSPC
09:41:32 | INFO  |   OHLC prefix: GSPC
09:41:32 | INFO  |   Vol prefix: VIX
09:41:32 | INFO  |   Downloading ^GSPC OHLC...
09:41:32 | INFO  |     Downloaded 2407 days (2017-01-03 to 2026-07-31)
09:41:32 | INFO  |   Downloading ^VIX volatility...
09:41:32 | INFO  |     Downloaded 2408 days (2017-01-03 to 2026-07-31)
09:41:32 | WARNING |   ⚠️  28 trading days missing from original CSV
09:41:32 | INFO  |   ✓ Enrichment complete: 2407 rows
09:41:32 | INFO  |   ✅ Saved: SPX_enriched.csv (2407 rows)
09:41:32 | WARNING |   ⚠️  28 rows need manual update
09:41:32 | INFO  | 
──────────────────────────────────────────────────────────────────────
09:41:32 | INFO  | Enriching: GOLD
09:41:32 | INFO  | ──────────────────────────────────────────────────────────────────────
09:41:32 | INFO  |   Loaded 2377 rows from GOLD.csv
09:41:32 | INFO  |   Yahoo ticker: GC=F
09:41:32 | INFO  |   OHLC prefix: GC
09:41:32 | INFO  |   Vol prefix: GVZ
09:41:32 | INFO  |   Downloading GC=F OHLC...
09:41:32 | INFO  |     Downloaded 2408 days (2017-01-03 to 2026-07-31)
09:41:32 | INFO  |   Downloading ^GVZ volatility...
09:41:32 | INFO  |     Downloaded 2406 days (2017-01-03 to 2026-07-30)
09:41:32 | WARNING |   ⚠️  32 trading days missing from original CSV
09:41:33 | INFO  |   ✓ Enrichment complete: 2408 rows
09:41:33 | INFO  |   ✅ Saved: GOLD_enriched.csv (2408 rows)
09:41:33 | WARNING |   ⚠️  32 rows need manual update
09:41:33 | INFO  | 
──────────────────────────────────────────────────────────────────────
09:41:33 | INFO  | Enriching: UST10Y
09:41:33 | INFO  | ──────────────────────────────────────────────────────────────────────
09:41:33 | INFO  |   Loaded 2379 rows from UST10Y.csv
09:41:33 | INFO  |   Yahoo ticker: ^TNX
09:41:33 | INFO  |   OHLC prefix: TNX
09:41:33 | INFO  |   Vol prefix: VIX
09:41:33 | INFO  |   Downloading ^TNX OHLC...
09:41:33 | INFO  |     Downloaded 2407 days (2017-01-03 to 2026-07-31)
09:41:33 | INFO  |   Downloading ^VIX volatility...
09:41:33 | INFO  |     Downloaded 2408 days (2017-01-03 to 2026-07-31)
09:41:33 | WARNING |   ⚠️  28 trading days missing from original CSV
09:41:33 | INFO  |   ✓ Enrichment complete: 2407 rows
09:41:33 | INFO  |   ✅ Saved: UST10Y_enriched.csv (2407 rows)
09:41:33 | WARNING |   ⚠️  28 rows need manual update
09:41:33 | INFO  | 
──────────────────────────────────────────────────────────────────────
09:41:33 | INFO  | Enriching: COMPQ
09:41:33 | INFO  | ──────────────────────────────────────────────────────────────────────
09:41:33 | INFO  |   Loaded 2379 rows from COMPQ.csv
09:41:33 | INFO  |   Yahoo ticker: ^IXIC
09:41:33 | INFO  |   OHLC prefix: IXIC
09:41:33 | INFO  |   Vol prefix: VIX
09:41:33 | INFO  |   Downloading ^IXIC OHLC...
09:41:33 | INFO  |     Downloaded 2407 days (2017-01-03 to 2026-07-31)
09:41:33 | INFO  |   Downloading ^VIX volatility...
09:41:33 | INFO  |     Downloaded 2408 days (2017-01-03 to 2026-07-31)
09:41:33 | WARNING |   ⚠️  28 trading days missing from original CSV
09:41:33 | INFO  |   ✓ Enrichment complete: 2407 rows
09:41:34 | INFO  |   ✅ Saved: COMPQ_enriched.csv (2407 rows)
09:41:34 | WARNING |   ⚠️  28 rows need manual update
09:41:34 | INFO  | 
──────────────────────────────────────────────────────────────────────
09:41:34 | INFO  | Enriching: RUT
09:41:34 | INFO  | ──────────────────────────────────────────────────────────────────────
09:41:34 | INFO  |   Loaded 2378 rows from RUT.csv
09:41:34 | INFO  |   Yahoo ticker: ^RUT
09:41:34 | INFO  |   OHLC prefix: RUT
09:41:34 | INFO  |   Vol prefix: VIX
09:41:34 | INFO  |   Downloading ^RUT OHLC...
09:41:34 | INFO  |     Downloaded 2406 days (2017-01-03 to 2026-07-30)
09:41:34 | INFO  |   Downloading ^VIX volatility...
09:41:34 | INFO  |     Downloaded 2408 days (2017-01-03 to 2026-07-31)
09:41:34 | WARNING |   ⚠️  29 trading days missing from original CSV
09:41:34 | INFO  |   ✓ Enrichment complete: 2406 rows
09:41:34 | INFO  |   ✅ Saved: RUT_enriched.csv (2406 rows)
09:41:34 | WARNING |   ⚠️  29 rows need manual update
09:41:34 | INFO  | 
──────────────────────────────────────────────────────────────────────
09:41:34 | INFO  | Enriching: VIX
09:41:34 | INFO  | ──────────────────────────────────────────────────────────────────────
09:41:34 | INFO  |   Loaded 2379 rows from VIX.csv
09:41:34 | INFO  |   Yahoo ticker: ^VIX
09:41:34 | INFO  |   OHLC prefix: VIX
09:41:34 | INFO  |   Vol prefix: VIXI
09:41:34 | INFO  |   Downloading ^VIX OHLC...
09:41:34 | INFO  |     Downloaded 2408 days (2017-01-03 to 2026-07-31)
09:41:34 | INFO  |   Downloading ^VIX volatility...
09:41:34 | INFO  |     Downloaded 2408 days (2017-01-03 to 2026-07-31)
09:41:34 | WARNING |   ⚠️  29 trading days missing from original CSV
09:41:34 | INFO  |   ✓ Enrichment complete: 2408 rows
09:41:34 | INFO  |   ✅ Saved: VIX_enriched.csv (2408 rows)
09:41:34 | WARNING |   ⚠️  29 rows need manual update
09:41:34 | INFO  | 
──────────────────────────────────────────────────────────────────────
09:41:34 | INFO  | Enriching: USD
09:41:34 | INFO  | ──────────────────────────────────────────────────────────────────────
09:41:34 | INFO  |   Loaded 2379 rows from USD.csv
09:41:34 | INFO  |   Yahoo ticker: DX-Y.NYB
09:41:34 | INFO  |   OHLC prefix: DX
09:41:34 | INFO  |   Vol prefix: VIX
09:41:34 | INFO  |   Downloading DX-Y.NYB OHLC...
09:41:34 | INFO  |     Downloaded 2409 days (2017-01-03 to 2026-07-31)
09:41:34 | INFO  |   Downloading ^VIX volatility...
09:41:34 | INFO  |     Downloaded 2408 days (2017-01-03 to 2026-07-31)
09:41:34 | WARNING |   ⚠️  30 trading days missing from original CSV
09:41:34 | INFO  |   ✓ Enrichment complete: 2409 rows
09:41:35 | INFO  |   ✅ Saved: USD_enriched.csv (2409 rows)
09:41:35 | WARNING |   ⚠️  30 rows need manual update
09:41:35 | INFO  | 
──────────────────────────────────────────────────────────────────────
09:41:35 | INFO  | Enriching: AAPL
09:41:35 | INFO  | ──────────────────────────────────────────────────────────────────────
09:41:35 | INFO  |   Loaded 2377 rows from AAPL.csv
09:41:35 | INFO  |   Yahoo ticker: AAPL
09:41:35 | INFO  |   OHLC prefix: AAPL
09:41:35 | INFO  |   Vol prefix: VIX
09:41:35 | INFO  |   Downloading AAPL OHLC...
09:41:35 | INFO  |     Downloaded 2407 days (2017-01-03 to 2026-07-31)
09:41:35 | INFO  |   Downloading ^VIX volatility...
09:41:35 | INFO  |     Downloaded 2408 days (2017-01-03 to 2026-07-31)
09:41:35 | WARNING |   ⚠️  30 trading days missing from original CSV
09:41:35 | INFO  |   ✓ Enrichment complete: 2407 rows
09:41:35 | INFO  |   ✅ Saved: AAPL_enriched.csv (2407 rows)
09:41:35 | WARNING |   ⚠️  30 rows need manual update
09:41:35 | INFO  | 
──────────────────────────────────────────────────────────────────────
09:41:35 | INFO  | Enriching: BITCOIN
09:41:35 | INFO  | ──────────────────────────────────────────────────────────────────────
09:41:35 | INFO  |   Loaded 748 rows from BITCOIN.csv
09:41:35 | INFO  |   ⚠️  Row count changed (3497 → 748) - re-enriching
09:41:35 | INFO  |   Yahoo ticker: BTC-USD
09:41:35 | INFO  |   OHLC prefix: BTC
09:41:35 | INFO  |   Vol prefix: VIX
09:41:35 | INFO  |   Downloading BTC-USD OHLC...
09:41:36 | INFO  |     Downloaded 3498 days (2017-01-02 to 2026-07-31)
09:41:36 | INFO  |   Downloading ^VIX volatility...
09:41:36 | INFO  |     Downloaded 2408 days (2017-01-03 to 2026-07-31)
09:41:36 | WARNING |   ⚠️  2750 trading days missing from original CSV
09:41:36 | INFO  |   ✓ Enrichment complete: 3498 rows
09:41:36 | INFO  |   ✅ Saved: BITCOIN_enriched.csv (3498 rows)
09:41:36 | WARNING |   ⚠️  2750 rows need manual update
09:41:36 | INFO  | 
======================================================================
09:41:36 | INFO  | ✅ Enrichment complete:
09:41:36 | INFO  |    Success: 9
09:41:36 | INFO  |    Skipped (up-to-date): 0
09:41:36 | INFO  |    Errors:  0
09:41:36 | INFO  | ======================================================================
09:41:36 | INFO  | 
======================================================================
09:41:36 | INFO  | ✅ PIPELINE COMPLETE
09:41:36 | INFO  | ======================================================================
